******************************************************************************
                  TI ARM Linker PC v5.1.6                      
******************************************************************************
>> Linked Tue May 26 00:30:32 2015

OUTPUT FILE NAME:   <LCD_Sample3.out>
ENTRY POINT SYMBOL: "_c_int00"  address: 00001451


MEMORY CONFIGURATION

         name            origin    length      used     unused   attr    fill
----------------------  --------  ---------  --------  --------  ----  --------
  FLASH                 00000000   00100000  00001972  000fe68e  R  X
  SRAM                  20000000   00040000  00020a18  0001f5e8  RW X


SEGMENT ALLOCATION MAP

run origin  load origin   length   init length attrs members
----------  ----------- ---------- ----------- ----- -------
00000000    00000000    00001978   00001978    r-x
  00000000    00000000    00000208   00000208    r-- .intvecs
  00000208    00000208    0000156e   0000156e    r-x .text
  00001778    00001778    000001c4   000001c4    r-- .const
  00001940    00001940    00000038   00000038    r-- .cinit
20000000    20000000    00020a18   00000000    rw-
  20000000    20000000    00020204   00000000    rw- .bss
  20020204    20020204    00000800   00000000    rw- .stack
  20020a04    20020a04    00000014   00000000    rw- .data


SECTION ALLOCATION MAP

 output                                  attributes/
section   page    origin      length       input sections
--------  ----  ----------  ----------   ----------------
.intvecs   0    00000000    00000208     
                  00000000    00000208     tm4c129xnczad_startup_ccs.obj (.intvecs)

.init_array 
*          0    00000000    00000000     UNINITIALIZED

.text      0    00000208    0000156e     
                  00000208    000005c8     pinout.obj (.text)
                  000007d0    00000350     myLib.obj (.text)
                  00000b20    00000328     mx66l51235f.obj (.text)
                  00000e48    000001fc     driverlib.lib : sysctl.obj (.text:SysCtlClockFreqSet)
                  00001044    00000130                   : gpio.obj (.text:GPIOPadConfigSet)
                  00001174    000000b4     main.obj (.text)
                  00001228    0000009c     rtsv7M4_T_le_v4SPD16_eabi.lib : memcpy_t2.obj (.text)
                  000012c4    00000094                                   : auto_init.obj (.text)
                  00001358    0000005e                                   : copy_decompress_rle.obj (.text)
                  000013b6    00000002     --HOLE-- [fill = 0]
                  000013b8    00000050     driverlib.lib : sysctl.obj (.text:SysCtlPeripheralReset)
                  00001408    00000048                   : sysctl.obj (.text:_SysCtlFrequencyGet)
                  00001450    00000048     rtsv7M4_T_le_v4SPD16_eabi.lib : boot.obj (.text)
                  00001498    00000048     driverlib.lib : udma.obj (.text:uDMAChannelAttributeDisable)
                  000014e0    00000044     rtsv7M4_T_le_v4SPD16_eabi.lib : cpy_tbl.obj (.text)
                  00001524    00000044                                   : exit.obj (.text)
                  00001568    00000036     driverlib.lib : lcd.obj (.text:LCDIDDTimingSet)
                  0000159e    00000002     --HOLE-- [fill = 0]
                  000015a0    00000034                   : sysctl.obj (.text:SysCtlPeripheralEnable)
                  000015d4    0000002a                   : gpio.obj (.text:GPIODirModeSet)
                  000015fe    00000022                   : lcd.obj (.text:LCDModeSet)
                  00001620    0000001c                   : sysctl.obj (.text:_SysCtlMemTimingGet)
                  0000163c    00000018                   : gpio.obj (.text:GPIOPinTypeGPIOOutput)
                  00001654    00000018     myLib.obj (.text:WriteCommand)
                  0000166c    00000018     myLib.obj (.text:WriteData)
                  00001684    00000018     rtsv7M4_T_le_v4SPD16_eabi.lib : args_main.obj (.text)
                  0000169c    00000014                                   : _lock.obj (.text)
                  000016b0    00000012     driverlib.lib : gpio.obj (.text:GPIOPinTypeI2C)
                  000016c2    00000012                   : gpio.obj (.text:GPIOPinTypeI2CSCL)
                  000016d4    00000012                   : gpio.obj (.text:GPIOPinTypeLCD)
                  000016e6    00000012                   : gpio.obj (.text:GPIOPinTypeTimer)
                  000016f8    00000012     rtsv7M4_T_le_v4SPD16_eabi.lib : copy_zero_init.obj (.text:decompress:ZI)
                  0000170a    00000002     --HOLE-- [fill = 0]
                  0000170c    00000010     driverlib.lib : udma.obj (.text:uDMAEnable)
                  0000171c    0000000e     rtsv7M4_T_le_v4SPD16_eabi.lib : copy_decompress_none.obj (.text:decompress:none)
                  0000172a    0000000c     driverlib.lib : lcd.obj (.text:LCDIDDCommandWrite)
                  00001736    0000000c                   : lcd.obj (.text:LCDIDDDataWrite)
                  00001742    0000000c     tm4c129xnczad_startup_ccs.obj (.text)
                  0000174e    00000002     --HOLE-- [fill = 0]
                  00001750    0000000c     driverlib.lib : udma.obj (.text:uDMAControlBaseSet)
                  0000175c    00000006                   : gpio.obj (.text:GPIOPinWrite)
                  00001762    00000006                   : sysctl.obj (.text:SysCtlDelay)
                  00001768    00000006     rtsv7M4_T_le_v4SPD16_eabi.lib : copy_decompress_rle.obj (.text:decompress:rle24)
                  0000176e    00000004     driverlib.lib : lcd.obj (.text:LCDDMAConfigSet)
                  00001772    00000004                   : lcd.obj (.text:LCDIDDConfigSet)

.const     0    00001778    000001c4     
                  00001778    00000120     driverlib.lib : sysctl.obj (.const:g_pppui32XTALtoVCO)
                  00001898    0000006c                   : sysctl.obj (.const:g_pui32Xtals)
                  00001904    00000030                   : sysctl.obj (.const:g_sXTALtoMEMTIM)
                  00001934    00000008                   : sysctl.obj (.const)

.cinit     0    00001940    00000038     
                  00001940    0000000f     (.cinit..data.load) [load image, compression = rle]
                  0000194f    00000001     --HOLE-- [fill = 0]
                  00001950    0000000c     (__TI_handler_table)
                  0000195c    00000004     --HOLE-- [fill = 0]
                  00001960    00000008     (.cinit..bss.load) [load image, compression = zero_init]
                  00001968    00000010     (__TI_cinit_table)

.bss       0    20000000    00020204     UNINITIALIZED
                  20000000    0001fe00     main.obj (.bss:buffer$1)
                  2001fe00    00000400     myLib.obj (.bss:pui8DMAControlTable$1)
                  20020200    00000004     (.common:g_ui32MX66L51235FAddr)

.stack     0    20020204    00000800     UNINITIALIZED
                  20020204    00000800     --HOLE--

.data      0    20020a04    00000014     UNINITIALIZED
                  20020a04    00000008     rtsv7M4_T_le_v4SPD16_eabi.lib : _lock.obj (.data)
                  20020a0c    00000008                                   : exit.obj (.data)
                  20020a14    00000004                                   : stkdepth_vars.obj (.data)


LINKER GENERATED COPY TABLES

__TI_cinit_table @ 00001968 records: 2, size/record: 8, table size: 16
	.data: load addr=00001940, load size=0000000f bytes, run addr=20020a04, run size=00000014 bytes, compression=rle
	.bss: load addr=00001960, load size=00000008 bytes, run addr=20000000, run size=00020204 bytes, compression=zero_init


LINKER GENERATED HANDLER TABLE

__TI_handler_table @ 00001950 records: 3, size/record: 4, table size: 12
	index: 0, handler: __TI_decompress_rle24
	index: 1, handler: __TI_decompress_none
	index: 2, handler: __TI_zero_init


GLOBAL SYMBOLS: SORTED ALPHABETICALLY BY Name 

address    name
--------   ----
00001525   C$$EXIT
000015d5   GPIODirModeSet
00001045   GPIOPadConfigSet
0000163d   GPIOPinTypeGPIOOutput
000016b1   GPIOPinTypeI2C
000016c3   GPIOPinTypeI2CSCL
000016d5   GPIOPinTypeLCD
000016e7   GPIOPinTypeTimer
0000175d   GPIOPinWrite
0000176f   LCDDMAConfigSet
0000172b   LCDIDDCommandWrite
00001773   LCDIDDConfigSet
00001737   LCDIDDDataWrite
00001569   LCDIDDTimingSet
000015ff   LCDModeSet
000007d1   LCD_Init
00000c9f   MX66L51235FBlockErase32
00000cf1   MX66L51235FBlockErase64
00000d43   MX66L51235FChipErase
00000b21   MX66L51235FInit
00000d8b   MX66L51235FPageProgram
00000de7   MX66L51235FRead
00000c4d   MX66L51235FSectorErase
00000209   PinoutSet
00001743   ResetISR
UNDEFED    SHT$$INIT_ARRAY$$Base
UNDEFED    SHT$$INIT_ARRAY$$Limit
00000e49   SysCtlClockFreqSet
00001763   SysCtlDelay
000015a1   SysCtlPeripheralEnable
000013b9   SysCtlPeripheralReset
00001655   WriteCommand
0000166d   WriteData
20020a04   __STACK_END
00000800   __STACK_SIZE
20020404   __STACK_TOP
00001968   __TI_CINIT_Base
00001978   __TI_CINIT_Limit
00001950   __TI_Handler_Table_Base
0000195c   __TI_Handler_Table_Limit
00000001   __TI_args_main
000012c5   __TI_auto_init
20020a0c   __TI_cleanup_ptr
0000171d   __TI_decompress_none
00001769   __TI_decompress_rle24
20020a10   __TI_dtors_ptr
00000000   __TI_static_base__
000016f9   __TI_zero_init
00001229   __aeabi_memcpy
00001229   __aeabi_memcpy4
00001229   __aeabi_memcpy8
ffffffff   __binit__
ffffffff   __c_args__
20020204   __stack
00001685   _args_main
00001451   _c_int00
20020a04   _lock
000016ab   _nop
000016a3   _register_lock
0000169d   _register_unlock
20020a08   _unlock
00001529   abort
ffffffff   binit
000014e1   copy_in
00001531   exit
00000000   g_pfnVectors
00001175   main
20020a14   main_func_sp
00001229   memcpy
00001499   uDMAChannelAttributeDisable
00001751   uDMAControlBaseSet
0000170d   uDMAEnable


GLOBAL SYMBOLS: SORTED BY Symbol Address 

address    name
--------   ----
00000000   __TI_static_base__
00000000   g_pfnVectors
00000001   __TI_args_main
00000209   PinoutSet
000007d1   LCD_Init
00000800   __STACK_SIZE
00000b21   MX66L51235FInit
00000c4d   MX66L51235FSectorErase
00000c9f   MX66L51235FBlockErase32
00000cf1   MX66L51235FBlockErase64
00000d43   MX66L51235FChipErase
00000d8b   MX66L51235FPageProgram
00000de7   MX66L51235FRead
00000e49   SysCtlClockFreqSet
00001045   GPIOPadConfigSet
00001175   main
00001229   __aeabi_memcpy
00001229   __aeabi_memcpy4
00001229   __aeabi_memcpy8
00001229   memcpy
000012c5   __TI_auto_init
000013b9   SysCtlPeripheralReset
00001451   _c_int00
00001499   uDMAChannelAttributeDisable
000014e1   copy_in
00001525   C$$EXIT
00001529   abort
00001531   exit
00001569   LCDIDDTimingSet
000015a1   SysCtlPeripheralEnable
000015d5   GPIODirModeSet
000015ff   LCDModeSet
0000163d   GPIOPinTypeGPIOOutput
00001655   WriteCommand
0000166d   WriteData
00001685   _args_main
0000169d   _register_unlock
000016a3   _register_lock
000016ab   _nop
000016b1   GPIOPinTypeI2C
000016c3   GPIOPinTypeI2CSCL
000016d5   GPIOPinTypeLCD
000016e7   GPIOPinTypeTimer
000016f9   __TI_zero_init
0000170d   uDMAEnable
0000171d   __TI_decompress_none
0000172b   LCDIDDCommandWrite
00001737   LCDIDDDataWrite
00001743   ResetISR
00001751   uDMAControlBaseSet
0000175d   GPIOPinWrite
00001763   SysCtlDelay
00001769   __TI_decompress_rle24
0000176f   LCDDMAConfigSet
00001773   LCDIDDConfigSet
00001950   __TI_Handler_Table_Base
0000195c   __TI_Handler_Table_Limit
00001968   __TI_CINIT_Base
00001978   __TI_CINIT_Limit
20020204   __stack
20020404   __STACK_TOP
20020a04   __STACK_END
20020a04   _lock
20020a08   _unlock
20020a0c   __TI_cleanup_ptr
20020a10   __TI_dtors_ptr
20020a14   main_func_sp
ffffffff   __binit__
ffffffff   __c_args__
ffffffff   binit
UNDEFED    SHT$$INIT_ARRAY$$Base
UNDEFED    SHT$$INIT_ARRAY$$Limit

[72 symbols]
