******************************************************************************
                  TI ARM Linker PC v5.1.6                      
******************************************************************************
>> Linked Tue May 26 22:09:55 2015

OUTPUT FILE NAME:   <LCD_Two_Touch_Rect.out>
ENTRY POINT SYMBOL: "_c_int00"  address: 00003815


MEMORY CONFIGURATION

         name            origin    length      used     unused   attr    fill
----------------------  --------  ---------  --------  --------  ----  --------
  FLASH                 00000000   00100000  00003fc8  000fc038  R  X
  SRAM                  20000000   00040000  00000c58  0003f3a8  RW X


SEGMENT ALLOCATION MAP

run origin  load origin   length   init length attrs members
----------  ----------- ---------- ----------- ----- -------
00000000    00000000    00003fc8   00003fc8    r-x
  00000000    00000000    00000208   00000208    r-- .intvecs
  00000208    00000208    00003a9c   00003a9c    r-x .text
  00003ca4    00003ca4    000002e4   000002e4    r-- .const
  00003f88    00003f88    00000040   00000040    r-- .cinit
20000000    20000000    00000c58   00000000    rw-
  20000000    20000000    00000800   00000000    rw- .stack
  20000800    20000800    00000438   00000000    rw- .bss
  20000c38    20000c38    00000020   00000000    rw- .data


SECTION ALLOCATION MAP

 output                                  attributes/
section   page    origin      length       input sections
--------  ----  ----------  ----------   ----------------
.intvecs   0    00000000    00000208     
                  00000000    00000208     tm4c129xnczad_startup_ccs.obj (.intvecs)

.init_array 
*          0    00000000    00000000     UNINITIALIZED

.text      0    00000208    00003a9c     
                  00000208    00000ec0     rtsv7M4_T_le_v4SPD16_eabi.lib : _printfi.obj (.text)
                  000010c8    00000874     myLib.obj (.text)
                  0000193c    000005e8     pinout.obj (.text)
                  00001f24    00000574     touch.obj (.text)
                  00002498    00000328     mx66l51235f.obj (.text)
                  000027c0    000002a4     main.obj (.text)
                  00002a64    000001fc     driverlib.lib : sysctl.obj (.text:SysCtlClockFreqSet)
                  00002c60    000001f4     rtsv7M4_T_le_v4SPD16_eabi.lib : ull_div_t2.obj (.text)
                  00002e54    000001b6                                   : fd_add_t2.obj (.text)
                  0000300a    00000136                                   : fd_div_t2.obj (.text)
                  00003140    00000130     driverlib.lib : gpio.obj (.text:GPIOPadConfigSet)
                  00003270    000000fc     rtsv7M4_T_le_v4SPD16_eabi.lib : fd_mul_t2.obj (.text)
                  0000336c    0000009c                                   : memcpy_t2.obj (.text)
                  00003408    00000094                                   : auto_init.obj (.text)
                  0000349c    00000086                                   : fd_cmp_t2.obj (.text:__aeabi_cdcmple)
                  00003522    00000086                                   : fd_cmp_t2.obj (.text:__aeabi_cdrcmple)
                  000035a8    00000078                                   : memset_t2.obj (.text)
                  00003620    0000005e                                   : copy_decompress_rle.obj (.text)
                  0000367e    0000005a                                   : ltoa.obj (.text)
                  000036d8    00000058     driverlib.lib : timer.obj (.text:TimerControlTrigger)
                  00003730    00000050                   : sysctl.obj (.text:SysCtlPeripheralReset)
                  00003780    0000004c     rtsv7M4_T_le_v4SPD16_eabi.lib : atoi.obj (.text)
                  000037cc    00000048     driverlib.lib : sysctl.obj (.text:_SysCtlFrequencyGet)
                  00003814    00000048     rtsv7M4_T_le_v4SPD16_eabi.lib : boot.obj (.text)
                  0000385c    00000048                                   : fd_toi_t2.obj (.text)
                  000038a4    00000048                                   : vsprintf.obj (.text)
                  000038ec    00000048     driverlib.lib : udma.obj (.text:uDMAChannelAttributeDisable)
                  00003934    00000044     rtsv7M4_T_le_v4SPD16_eabi.lib : cpy_tbl.obj (.text)
                  00003978    00000044                                   : exit.obj (.text)
                  000039bc    00000044                                   : xdtest.obj (.text)
                  00003a00    00000038                                   : fs_tod_t2.obj (.text)
                  00003a38    00000036     driverlib.lib : lcd.obj (.text:LCDIDDTimingSet)
                  00003a6e    00000002     --HOLE-- [fill = 0]
                  00003a70    00000034                   : sysctl.obj (.text:SysCtlPeripheralEnable)
                  00003aa4    0000002e     rtsv7M4_T_le_v4SPD16_eabi.lib : i_tofd_t2.obj (.text)
                  00003ad2    0000002a     driverlib.lib : gpio.obj (.text:GPIODirModeSet)
                  00003afc    00000022                   : lcd.obj (.text:LCDModeSet)
                  00003b1e    00000002     --HOLE-- [fill = 0]
                  00003b20    0000001c                   : sysctl.obj (.text:_SysCtlMemTimingGet)
                  00003b3c    0000001c     rtsv7M4_T_le_v4SPD16_eabi.lib : memccpy.obj (.text)
                  00003b58    00000018     driverlib.lib : gpio.obj (.text:GPIOPinTypeGPIOOutput)
                  00003b70    00000018     myLib.obj (.text:WriteCommand)
                  00003b88    00000018     myLib.obj (.text:WriteData)
                  00003ba0    00000018     rtsv7M4_T_le_v4SPD16_eabi.lib : args_main.obj (.text)
                  00003bb8    00000018                                   : ll_mul_t2.obj (.text)
                  00003bd0    00000014                                   : _lock.obj (.text)
                  00003be4    00000014                                   : strlen.obj (.text)
                  00003bf8    00000012     driverlib.lib : gpio.obj (.text:GPIOPinTypeEthernetLED)
                  00003c0a    00000012                   : gpio.obj (.text:GPIOPinTypeLCD)
                  00003c1c    00000012     rtsv7M4_T_le_v4SPD16_eabi.lib : copy_zero_init.obj (.text:decompress:ZI)
                  00003c2e    00000012                                   : xdclass.obj (.text)
                  00003c40    00000010     driverlib.lib : udma.obj (.text:uDMAEnable)
                  00003c50    0000000e     rtsv7M4_T_le_v4SPD16_eabi.lib : copy_decompress_none.obj (.text:decompress:none)
                  00003c5e    0000000c     driverlib.lib : lcd.obj (.text:LCDIDDCommandWrite)
                  00003c6a    0000000c                   : lcd.obj (.text:LCDIDDDataWrite)
                  00003c76    0000000c     tm4c129xnczad_startup_ccs.obj (.text)
                  00003c82    00000002     --HOLE-- [fill = 0]
                  00003c84    0000000c     driverlib.lib : udma.obj (.text:uDMAControlBaseSet)
                  00003c90    00000006                   : sysctl.obj (.text:SysCtlDelay)
                  00003c96    00000006     rtsv7M4_T_le_v4SPD16_eabi.lib : copy_decompress_rle.obj (.text:decompress:rle24)
                  00003c9c    00000004     driverlib.lib : lcd.obj (.text:LCDDMAConfigSet)
                  00003ca0    00000004                   : lcd.obj (.text:LCDIDDConfigSet)

.const     0    00003ca4    000002e4     
                  00003ca4    00000120     driverlib.lib : sysctl.obj (.const:g_pppui32XTALtoVCO)
                  00003dc4    00000102     rtsv7M4_T_le_v4SPD16_eabi.lib : ctype.obj (.const:.string:_ctypes_)
                  00003ec6    00000002     --HOLE-- [fill = 0]
                  00003ec8    0000006c     driverlib.lib : sysctl.obj (.const:g_pui32Xtals)
                  00003f34    00000030                   : sysctl.obj (.const:g_sXTALtoMEMTIM)
                  00003f64    0000001c     touch.obj (.const)
                  00003f80    00000008     driverlib.lib : sysctl.obj (.const)

.cinit     0    00003f88    00000040     
                  00003f88    00000019     (.cinit..data.load) [load image, compression = rle]
                  00003fa1    00000003     --HOLE-- [fill = 0]
                  00003fa4    0000000c     (__TI_handler_table)
                  00003fb0    00000008     (.cinit..bss.load) [load image, compression = zero_init]
                  00003fb8    00000010     (__TI_cinit_table)

.stack     0    20000000    00000800     UNINITIALIZED
                  20000000    00000800     --HOLE--

.bss       0    20000800    00000438     UNINITIALIZED
                  20000800    00000400     myLib.obj (.bss:pui8DMAControlTable$1)
                  20000c00    00000010     (.common:g_pi16Samples)
                  20000c10    00000004     (.common:g_pfnTSHandler)
                  20000c14    00000004     (.common:g_ui32MX66L51235FAddr)
                  20000c18    00000004     (.common:g_ui32TSState)
                  20000c1c    00000004     (.common:user_X)
                  20000c20    00000004     (.common:user_Y)
                  20000c24    00000004     (.common:x1)
                  20000c28    00000004     (.common:x2)
                  20000c2c    00000004     (.common:y1)
                  20000c30    00000004     (.common:y2)
                  20000c34    00000002     (.common:g_i16TouchX)
                  20000c36    00000002     (.common:g_i16TouchY)

.data      0    20000c38    00000020     UNINITIALIZED
                  20000c38    00000008     main.obj (.data)
                  20000c40    00000008     rtsv7M4_T_le_v4SPD16_eabi.lib : _lock.obj (.data)
                  20000c48    00000008                                   : exit.obj (.data)
                  20000c50    00000004                                   : stkdepth_vars.obj (.data)
                  20000c54    00000004     touch.obj (.data)


LINKER GENERATED COPY TABLES

__TI_cinit_table @ 00003fb8 records: 2, size/record: 8, table size: 16
	.data: load addr=00003f88, load size=00000019 bytes, run addr=20000c38, run size=00000020 bytes, compression=rle
	.bss: load addr=00003fb0, load size=00000008 bytes, run addr=20000800, run size=00000438 bytes, compression=zero_init


LINKER GENERATED HANDLER TABLE

__TI_handler_table @ 00003fa4 records: 3, size/record: 4, table size: 12
	index: 0, handler: __TI_decompress_rle24
	index: 1, handler: __TI_decompress_none
	index: 2, handler: __TI_zero_init


GLOBAL SYMBOLS: SORTED ALPHABETICALLY BY Name 

address    name
--------   ----
00003979   C$$EXIT
000028c7   DrawImage
00002849   DrawRect
00003ad3   GPIODirModeSet
00003141   GPIOPadConfigSet
00003bf9   GPIOPinTypeEthernetLED
00003b59   GPIOPinTypeGPIOOutput
00003c0b   GPIOPinTypeLCD
00003c9d   LCDDMAConfigSet
00003c5f   LCDIDDCommandWrite
00003ca1   LCDIDDConfigSet
00003c6b   LCDIDDDataWrite
00003a39   LCDIDDTimingSet
00003afd   LCDModeSet
000010c9   LCD_Init
00002617   MX66L51235FBlockErase32
00002669   MX66L51235FBlockErase64
000026bb   MX66L51235FChipErase
00002499   MX66L51235FInit
00002703   MX66L51235FPageProgram
0000275f   MX66L51235FRead
000025c5   MX66L51235FSectorErase
0000193d   PinoutSet
0000297f   PointerMessage
0000140d   Port_Init
00003c77   ResetISR
UNDEFED    SHT$$INIT_ARRAY$$Base
UNDEFED    SHT$$INIT_ARRAY$$Limit
00002a65   SysCtlClockFreqSet
00003c91   SysCtlDelay
00003a71   SysCtlPeripheralEnable
00003731   SysCtlPeripheralReset
000036d9   TimerControlTrigger
00002423   TouchScreenCallbackSet
0000233d   TouchScreenInit
000021d5   TouchScreenIntHandler
00001765   Uart_GetCh
00001775   Uart_GetKey
000016b3   Uart_Init
000017f1   Uart_Printf
0000178d   Uart_PutCh
000017b1   Uart_PutStr
00003b71   WriteCommand
00003b89   WriteData
00003c2f   _Dclass
000039bd   _Dtest
20000800   __STACK_END
00000800   __STACK_SIZE
20000200   __STACK_TOP
00003fb8   __TI_CINIT_Base
00003fc8   __TI_CINIT_Limit
00003fa4   __TI_Handler_Table_Base
00003fb0   __TI_Handler_Table_Limit
00000001   __TI_args_main
00003409   __TI_auto_init
20000c48   __TI_cleanup_ptr
00003c51   __TI_decompress_none
00003c97   __TI_decompress_rle24
20000c4c   __TI_dtors_ptr
00000dbf   __TI_printfi
00000000   __TI_static_base__
00003c1d   __TI_zero_init
0000349d   __aeabi_cdcmpeq
0000349d   __aeabi_cdcmple
00003523   __aeabi_cdrcmple
0000385d   __aeabi_d2iz
00002e5f   __aeabi_dadd
0000300b   __aeabi_ddiv
00003271   __aeabi_dmul
00002e55   __aeabi_dsub
00003a01   __aeabi_f2d
00003aa5   __aeabi_i2d
00003bb9   __aeabi_lmul
000035a9   __aeabi_memclr
000035a9   __aeabi_memclr4
000035a9   __aeabi_memclr8
0000336d   __aeabi_memcpy
0000336d   __aeabi_memcpy4
0000336d   __aeabi_memcpy8
000035ab   __aeabi_memset
000035ab   __aeabi_memset4
000035ab   __aeabi_memset8
00002c61   __aeabi_uldivmod
ffffffff   __binit__
ffffffff   __c_args__
20000000   __stack
00003ba1   _args_main
00003815   _c_int00
00003dc4   _ctypes_
20000c40   _lock
00003bdf   _nop
00003bd7   _register_lock
00003bd1   _register_unlock
20000c44   _unlock
0000397d   abort
00003781   atoi
ffffffff   binit
20000c3c   color
00003935   copy_in
00003985   exit
20000c38   flag
20000c54   g_i16TouchMin
20000c34   g_i16TouchX
20000c36   g_i16TouchY
00000000   g_pfnVectors
00003f64   g_pi32TouchParameters
0000367f   ltoa
000027c1   main
20000c50   main_func_sp
00003b3d   memccpy
0000336d   memcpy
000035b1   memset
00003be5   strlen
000038ed   uDMAChannelAttributeDisable
00003c85   uDMAControlBaseSet
00003c41   uDMAEnable
20000c1c   user_X
20000c20   user_Y
000038a5   vsprintf
20000c24   x1
20000c28   x2
20000c2c   y1
20000c30   y2


GLOBAL SYMBOLS: SORTED BY Symbol Address 

address    name
--------   ----
00000000   __TI_static_base__
00000000   g_pfnVectors
00000001   __TI_args_main
00000800   __STACK_SIZE
00000dbf   __TI_printfi
000010c9   LCD_Init
0000140d   Port_Init
000016b3   Uart_Init
00001765   Uart_GetCh
00001775   Uart_GetKey
0000178d   Uart_PutCh
000017b1   Uart_PutStr
000017f1   Uart_Printf
0000193d   PinoutSet
000021d5   TouchScreenIntHandler
0000233d   TouchScreenInit
00002423   TouchScreenCallbackSet
00002499   MX66L51235FInit
000025c5   MX66L51235FSectorErase
00002617   MX66L51235FBlockErase32
00002669   MX66L51235FBlockErase64
000026bb   MX66L51235FChipErase
00002703   MX66L51235FPageProgram
0000275f   MX66L51235FRead
000027c1   main
00002849   DrawRect
000028c7   DrawImage
0000297f   PointerMessage
00002a65   SysCtlClockFreqSet
00002c61   __aeabi_uldivmod
00002e55   __aeabi_dsub
00002e5f   __aeabi_dadd
0000300b   __aeabi_ddiv
00003141   GPIOPadConfigSet
00003271   __aeabi_dmul
0000336d   __aeabi_memcpy
0000336d   __aeabi_memcpy4
0000336d   __aeabi_memcpy8
0000336d   memcpy
00003409   __TI_auto_init
0000349d   __aeabi_cdcmpeq
0000349d   __aeabi_cdcmple
00003523   __aeabi_cdrcmple
000035a9   __aeabi_memclr
000035a9   __aeabi_memclr4
000035a9   __aeabi_memclr8
000035ab   __aeabi_memset
000035ab   __aeabi_memset4
000035ab   __aeabi_memset8
000035b1   memset
0000367f   ltoa
000036d9   TimerControlTrigger
00003731   SysCtlPeripheralReset
00003781   atoi
00003815   _c_int00
0000385d   __aeabi_d2iz
000038a5   vsprintf
000038ed   uDMAChannelAttributeDisable
00003935   copy_in
00003979   C$$EXIT
0000397d   abort
00003985   exit
000039bd   _Dtest
00003a01   __aeabi_f2d
00003a39   LCDIDDTimingSet
00003a71   SysCtlPeripheralEnable
00003aa5   __aeabi_i2d
00003ad3   GPIODirModeSet
00003afd   LCDModeSet
00003b3d   memccpy
00003b59   GPIOPinTypeGPIOOutput
00003b71   WriteCommand
00003b89   WriteData
00003ba1   _args_main
00003bb9   __aeabi_lmul
00003bd1   _register_unlock
00003bd7   _register_lock
00003bdf   _nop
00003be5   strlen
00003bf9   GPIOPinTypeEthernetLED
00003c0b   GPIOPinTypeLCD
00003c1d   __TI_zero_init
00003c2f   _Dclass
00003c41   uDMAEnable
00003c51   __TI_decompress_none
00003c5f   LCDIDDCommandWrite
00003c6b   LCDIDDDataWrite
00003c77   ResetISR
00003c85   uDMAControlBaseSet
00003c91   SysCtlDelay
00003c97   __TI_decompress_rle24
00003c9d   LCDDMAConfigSet
00003ca1   LCDIDDConfigSet
00003dc4   _ctypes_
00003f64   g_pi32TouchParameters
00003fa4   __TI_Handler_Table_Base
00003fb0   __TI_Handler_Table_Limit
00003fb8   __TI_CINIT_Base
00003fc8   __TI_CINIT_Limit
20000000   __stack
20000200   __STACK_TOP
20000800   __STACK_END
20000c1c   user_X
20000c20   user_Y
20000c24   x1
20000c28   x2
20000c2c   y1
20000c30   y2
20000c34   g_i16TouchX
20000c36   g_i16TouchY
20000c38   flag
20000c3c   color
20000c40   _lock
20000c44   _unlock
20000c48   __TI_cleanup_ptr
20000c4c   __TI_dtors_ptr
20000c50   main_func_sp
20000c54   g_i16TouchMin
ffffffff   __binit__
ffffffff   __c_args__
ffffffff   binit
UNDEFED    SHT$$INIT_ARRAY$$Base
UNDEFED    SHT$$INIT_ARRAY$$Limit

[123 symbols]
