******************************************************************************
                  TI ARM Linker PC v5.1.6                      
******************************************************************************
>> Linked Wed Apr 27 19:12:34 2016

OUTPUT FILE NAME:   <temp.out>
ENTRY POINT SYMBOL: "_c_int00"  address: 00001861


MEMORY CONFIGURATION

         name            origin    length      used     unused   attr    fill
----------------------  --------  ---------  --------  --------  ----  --------
  FLASH                 00000000   00100000  00001d58  000fe2a8  R  X
  SRAM                  20000000   00040000  00000c1c  0003f3e4  RW X


SEGMENT ALLOCATION MAP

run origin  load origin   length   init length attrs members
----------  ----------- ---------- ----------- ----- -------
00000000    00000000    00001d58   00001d58    r-x
  00000000    00000000    00000208   00000208    r-- .intvecs
  00000208    00000208    00001954   00001954    r-x .text
  00001b5c    00001b5c    000001c4   000001c4    r-- .const
  00001d20    00001d20    00000038   00000038    r-- .cinit
20000000    20000000    00000c1c   00000000    rw-
  20000000    20000000    00000800   00000000    rw- .stack
  20000800    20000800    00000408   00000000    rw- .bss
  20000c08    20000c08    00000014   00000000    rw- .data


SECTION ALLOCATION MAP

 output                                  attributes/
section   page    origin      length       input sections
--------  ----  ----------  ----------   ----------------
.intvecs   0    00000000    00000208     
                  00000000    00000208     tm4c129xnczad_startup_ccs.obj (.intvecs)

.init_array 
*          0    00000000    00000000     UNINITIALIZED

.text      0    00000208    00001954     
                  00000208    000007a4     myLib.obj (.text)
                  000009ac    000005e8     pinout.obj (.text)
                  00000f94    00000328     mx66l51235f.obj (.text)
                  000012bc    000001fc     driverlib.lib : sysctl.obj (.text:SysCtlClockFreqSet)
                  000014b8    00000130                   : gpio.obj (.text:GPIOPadConfigSet)
                  000015e8    0000009c     rtsv7M4_T_le_v4SPD16_eabi.lib : memcpy_t2.obj (.text)
                  00001684    00000094                                   : auto_init.obj (.text)
                  00001718    0000005e                                   : copy_decompress_rle.obj (.text)
                  00001776    00000002     --HOLE-- [fill = 0]
                  00001778    00000050     driverlib.lib : sysctl.obj (.text:SysCtlPeripheralReset)
                  000017c8    00000050     main.obj (.text)
                  00001818    00000048     driverlib.lib : sysctl.obj (.text:_SysCtlFrequencyGet)
                  00001860    00000048     rtsv7M4_T_le_v4SPD16_eabi.lib : boot.obj (.text)
                  000018a8    00000048     driverlib.lib : udma.obj (.text:uDMAChannelAttributeDisable)
                  000018f0    00000044     rtsv7M4_T_le_v4SPD16_eabi.lib : cpy_tbl.obj (.text)
                  00001934    00000044                                   : exit.obj (.text)
                  00001978    00000036     driverlib.lib : lcd.obj (.text:LCDIDDTimingSet)
                  000019ae    00000002     --HOLE-- [fill = 0]
                  000019b0    00000034                   : sysctl.obj (.text:SysCtlPeripheralEnable)
                  000019e4    0000002a                   : gpio.obj (.text:GPIODirModeSet)
                  00001a0e    00000022                   : lcd.obj (.text:LCDModeSet)
                  00001a30    0000001c                   : sysctl.obj (.text:_SysCtlMemTimingGet)
                  00001a4c    00000018                   : gpio.obj (.text:GPIOPinTypeGPIOOutput)
                  00001a64    00000018     myLib.obj (.text:WriteCommand)
                  00001a7c    00000018     myLib.obj (.text:WriteData)
                  00001a94    00000018     rtsv7M4_T_le_v4SPD16_eabi.lib : args_main.obj (.text)
                  00001aac    00000014                                   : _lock.obj (.text)
                  00001ac0    00000012     driverlib.lib : gpio.obj (.text:GPIOPinTypeEthernetLED)
                  00001ad2    00000012                   : gpio.obj (.text:GPIOPinTypeLCD)
                  00001ae4    00000012     rtsv7M4_T_le_v4SPD16_eabi.lib : copy_zero_init.obj (.text:decompress:ZI)
                  00001af6    00000002     --HOLE-- [fill = 0]
                  00001af8    00000010     driverlib.lib : udma.obj (.text:uDMAEnable)
                  00001b08    0000000e     rtsv7M4_T_le_v4SPD16_eabi.lib : copy_decompress_none.obj (.text:decompress:none)
                  00001b16    0000000c     driverlib.lib : lcd.obj (.text:LCDIDDCommandWrite)
                  00001b22    0000000c                   : lcd.obj (.text:LCDIDDDataWrite)
                  00001b2e    0000000c     tm4c129xnczad_startup_ccs.obj (.text)
                  00001b3a    00000002     --HOLE-- [fill = 0]
                  00001b3c    0000000c     driverlib.lib : udma.obj (.text:uDMAControlBaseSet)
                  00001b48    00000006                   : sysctl.obj (.text:SysCtlDelay)
                  00001b4e    00000006     rtsv7M4_T_le_v4SPD16_eabi.lib : copy_decompress_rle.obj (.text:decompress:rle24)
                  00001b54    00000004     driverlib.lib : lcd.obj (.text:LCDDMAConfigSet)
                  00001b58    00000004                   : lcd.obj (.text:LCDIDDConfigSet)

.const     0    00001b5c    000001c4     
                  00001b5c    00000120     driverlib.lib : sysctl.obj (.const:g_pppui32XTALtoVCO)
                  00001c7c    0000006c                   : sysctl.obj (.const:g_pui32Xtals)
                  00001ce8    00000030                   : sysctl.obj (.const:g_sXTALtoMEMTIM)
                  00001d18    00000008                   : sysctl.obj (.const)

.cinit     0    00001d20    00000038     
                  00001d20    0000000f     (.cinit..data.load) [load image, compression = rle]
                  00001d2f    00000001     --HOLE-- [fill = 0]
                  00001d30    0000000c     (__TI_handler_table)
                  00001d3c    00000004     --HOLE-- [fill = 0]
                  00001d40    00000008     (.cinit..bss.load) [load image, compression = zero_init]
                  00001d48    00000010     (__TI_cinit_table)

.stack     0    20000000    00000800     UNINITIALIZED
                  20000000    00000800     --HOLE--

.bss       0    20000800    00000408     UNINITIALIZED
                  20000800    00000400     myLib.obj (.bss:pui8DMAControlTable$1)
                  20000c00    00000004     (.common:g_ui32MX66L51235FAddr)
                  20000c04    00000004     (.common:g_ui32SysClock)

.data      0    20000c08    00000014     UNINITIALIZED
                  20000c08    00000008     rtsv7M4_T_le_v4SPD16_eabi.lib : _lock.obj (.data)
                  20000c10    00000008                                   : exit.obj (.data)
                  20000c18    00000004                                   : stkdepth_vars.obj (.data)


LINKER GENERATED COPY TABLES

__TI_cinit_table @ 00001d48 records: 2, size/record: 8, table size: 16
	.data: load addr=00001d20, load size=0000000f bytes, run addr=20000c08, run size=00000014 bytes, compression=rle
	.bss: load addr=00001d40, load size=00000008 bytes, run addr=20000800, run size=00000408 bytes, compression=zero_init


LINKER GENERATED HANDLER TABLE

__TI_handler_table @ 00001d30 records: 3, size/record: 4, table size: 12
	index: 0, handler: __TI_decompress_rle24
	index: 1, handler: __TI_decompress_none
	index: 2, handler: __TI_zero_init


GLOBAL SYMBOLS: SORTED ALPHABETICALLY BY Name 

address    name
--------   ----
00001935   C$$EXIT
000005d5   DrawLine
000008b5   DrawRect
000019e5   GPIODirModeSet
000014b9   GPIOPadConfigSet
00001ac1   GPIOPinTypeEthernetLED
00001a4d   GPIOPinTypeGPIOOutput
00001ad3   GPIOPinTypeLCD
00001b55   LCDDMAConfigSet
00001b17   LCDIDDCommandWrite
00001b59   LCDIDDConfigSet
00001b23   LCDIDDDataWrite
00001979   LCDIDDTimingSet
00001a0f   LCDModeSet
00000209   LCD_Init
00001113   MX66L51235FBlockErase32
00001165   MX66L51235FBlockErase64
000011b7   MX66L51235FChipErase
00000f95   MX66L51235FInit
000011ff   MX66L51235FPageProgram
0000125b   MX66L51235FRead
000010c1   MX66L51235FSectorErase
000009ad   PinoutSet
0000053b   PutPixel
00001b2f   ResetISR
UNDEFED    SHT$$INIT_ARRAY$$Base
UNDEFED    SHT$$INIT_ARRAY$$Limit
0000096d   SetFullFrame
000012bd   SysCtlClockFreqSet
00001b49   SysCtlDelay
000019b1   SysCtlPeripheralEnable
00001779   SysCtlPeripheralReset
00001a65   WriteCommand
00001a7d   WriteData
20000800   __STACK_END
00000800   __STACK_SIZE
20000200   __STACK_TOP
00001d48   __TI_CINIT_Base
00001d58   __TI_CINIT_Limit
00001d30   __TI_Handler_Table_Base
00001d3c   __TI_Handler_Table_Limit
00000001   __TI_args_main
00001685   __TI_auto_init
20000c10   __TI_cleanup_ptr
00001b09   __TI_decompress_none
00001b4f   __TI_decompress_rle24
20000c14   __TI_dtors_ptr
00000000   __TI_static_base__
00001ae5   __TI_zero_init
000015e9   __aeabi_memcpy
000015e9   __aeabi_memcpy4
000015e9   __aeabi_memcpy8
ffffffff   __binit__
ffffffff   __c_args__
20000000   __stack
00001a95   _args_main
00001861   _c_int00
20000c08   _lock
00001abb   _nop
00001ab3   _register_lock
00001aad   _register_unlock
20000c0c   _unlock
00001939   abort
ffffffff   binit
000018f1   copy_in
00001941   exit
00000000   g_pfnVectors
20000c04   g_ui32SysClock
000017c9   main
20000c18   main_func_sp
000015e9   memcpy
000018a9   uDMAChannelAttributeDisable
00001b3d   uDMAControlBaseSet
00001af9   uDMAEnable


GLOBAL SYMBOLS: SORTED BY Symbol Address 

address    name
--------   ----
00000000   __TI_static_base__
00000000   g_pfnVectors
00000001   __TI_args_main
00000209   LCD_Init
0000053b   PutPixel
000005d5   DrawLine
00000800   __STACK_SIZE
000008b5   DrawRect
0000096d   SetFullFrame
000009ad   PinoutSet
00000f95   MX66L51235FInit
000010c1   MX66L51235FSectorErase
00001113   MX66L51235FBlockErase32
00001165   MX66L51235FBlockErase64
000011b7   MX66L51235FChipErase
000011ff   MX66L51235FPageProgram
0000125b   MX66L51235FRead
000012bd   SysCtlClockFreqSet
000014b9   GPIOPadConfigSet
000015e9   __aeabi_memcpy
000015e9   __aeabi_memcpy4
000015e9   __aeabi_memcpy8
000015e9   memcpy
00001685   __TI_auto_init
00001779   SysCtlPeripheralReset
000017c9   main
00001861   _c_int00
000018a9   uDMAChannelAttributeDisable
000018f1   copy_in
00001935   C$$EXIT
00001939   abort
00001941   exit
00001979   LCDIDDTimingSet
000019b1   SysCtlPeripheralEnable
000019e5   GPIODirModeSet
00001a0f   LCDModeSet
00001a4d   GPIOPinTypeGPIOOutput
00001a65   WriteCommand
00001a7d   WriteData
00001a95   _args_main
00001aad   _register_unlock
00001ab3   _register_lock
00001abb   _nop
00001ac1   GPIOPinTypeEthernetLED
00001ad3   GPIOPinTypeLCD
00001ae5   __TI_zero_init
00001af9   uDMAEnable
00001b09   __TI_decompress_none
00001b17   LCDIDDCommandWrite
00001b23   LCDIDDDataWrite
00001b2f   ResetISR
00001b3d   uDMAControlBaseSet
00001b49   SysCtlDelay
00001b4f   __TI_decompress_rle24
00001b55   LCDDMAConfigSet
00001b59   LCDIDDConfigSet
00001d30   __TI_Handler_Table_Base
00001d3c   __TI_Handler_Table_Limit
00001d48   __TI_CINIT_Base
00001d58   __TI_CINIT_Limit
20000000   __stack
20000200   __STACK_TOP
20000800   __STACK_END
20000c04   g_ui32SysClock
20000c08   _lock
20000c0c   _unlock
20000c10   __TI_cleanup_ptr
20000c14   __TI_dtors_ptr
20000c18   main_func_sp
ffffffff   __binit__
ffffffff   __c_args__
ffffffff   binit
UNDEFED    SHT$$INIT_ARRAY$$Base
UNDEFED    SHT$$INIT_ARRAY$$Limit

[74 symbols]
