******************************************************************************
                  TI ARM Linker PC v5.2.5                      
******************************************************************************
>> Linked Fri Jun 01 21:09:43 2018

OUTPUT FILE NAME:   <Term_Project.out>
ENTRY POINT SYMBOL: "_c_int00"  address: 00006491


MEMORY CONFIGURATION

         name            origin    length      used     unused   attr    fill
----------------------  --------  ---------  --------  --------  ----  --------
  FLASH                 00000000   00100000  0000709c  000f8f64  R  X
  SRAM                  20000000   00040000  00028508  00017af8  RW X


SEGMENT ALLOCATION MAP

run origin  load origin   length   init length attrs members
----------  ----------- ---------- ----------- ----- -------
00000000    00000000    000070a0   000070a0    r-x
  00000000    00000000    00000208   00000208    r-- .intvecs
  00000208    00000208    000068f0   000068f0    r-x .text
  00006af8    00006af8    0000050c   0000050c    r-- .const
  00007008    00007008    00000098   00000098    r-- .cinit
20000000    20000000    00028508   00000000    rw-
  20000000    20000000    00027b88   00000000    rw- .bss
  20027b88    20027b88    00000800   00000000    rw- .stack
  20028388    20028388    00000180   00000000    rw- .data


SECTION ALLOCATION MAP

 output                                  attributes/
section   page    origin      length       input sections
--------  ----  ----------  ----------   ----------------
.intvecs   0    00000000    00000208     
                  00000000    00000208     tm4c129xnczad_startup_ccs.obj (.intvecs)

.text      0    00000208    000068f0     
                  00000208    00002b50     myLib.obj (.text)
                  00002d58    000010ba     rtsv7M4_T_le_v4SPD16_eabi.lib : _printfi.obj (.text)
                  00003e12    00000002     --HOLE-- [fill = 0]
                  00003e14    000005e8     pinout.obj (.text)
                  000043fc    00000440     Note.obj (.text)
                  0000483c    00000388     main.obj (.text)
                  00004bc4    00000328     mx66l51235f.obj (.text)
                  00004eec    000002b4     play.obj (.text)
                  000051a0    00000210     Bar.obj (.text)
                  000053b0    000001fc     driverlib.lib : sysctl.obj (.text:SysCtlClockFreqSet)
                  000055ac    000001f4     rtsv7M4_T_le_v4SPD16_eabi.lib : ull_div_t2.obj (.text)
                  000057a0    000001b6                                   : fd_add_t2.obj (.text)
                  00005956    00000136                                   : fd_div_t2.obj (.text)
                  00005a8c    00000130     driverlib.lib : gpio.obj (.text:GPIOPadConfigSet)
                  00005bbc    00000130     input.obj (.text)
                  00005cec    00000110     rtsv7M4_T_le_v4SPD16_eabi.lib : xdscale.obj (.text)
                  00005dfc    000000fc                                   : fd_mul_t2.obj (.text)
                  00005ef8    000000be                                   : xdnorm.obj (.text)
                  00005fb6    0000009c                                   : memcpy_t2.obj (.text)
                  00006052    00000086                                   : fd_cmp_t2.obj (.text:__aeabi_cdcmple)
                  000060d8    00000086                                   : fd_cmp_t2.obj (.text:__aeabi_cdrcmple)
                  0000615e    00000002     --HOLE-- [fill = 0]
                  00006160    00000080     driverlib.lib : udma.obj (.text:uDMAChannelTransferSet)
                  000061e0    0000007a     rtsv7M4_T_le_v4SPD16_eabi.lib : memset_t2.obj (.text)
                  0000625a    00000002     --HOLE-- [fill = 0]
                  0000625c    0000006c                                   : autoinit.obj (.text)
                  000062c8    0000006a                                   : copy_decompress_rle.obj (.text)
                  00006332    00000066                                   : xdunscal.obj (.text)
                  00006398    00000056                                   : ltoa.obj (.text)
                  000063ee    00000052                                   : ldexp.obj (.text)
                  00006440    00000050     driverlib.lib : sysctl.obj (.text:SysCtlPeripheralReset)
                  00006490    00000050     rtsv7M4_T_le_v4SPD16_eabi.lib : boot.obj (.text)
                  000064e0    0000004c                                   : atoi.obj (.text)
                  0000652c    0000004c                                   : cpy_tbl.obj (.text)
                  00006578    00000048     driverlib.lib : sysctl.obj (.text:_SysCtlFrequencyGet)
                  000065c0    00000048     rtsv7M4_T_le_v4SPD16_eabi.lib : fd_toi_t2.obj (.text)
                  00006608    00000048                                   : vsprintf.obj (.text)
                  00006650    00000048     driverlib.lib : udma.obj (.text:uDMAChannelAttributeDisable)
                  00006698    00000044     rtsv7M4_T_le_v4SPD16_eabi.lib : exit.obj (.text)
                  000066dc    00000040                                   : signal.obj (.text)
                  0000671c    00000038                                   : fs_tod_t2.obj (.text)
                  00006754    00000036     driverlib.lib : lcd.obj (.text:LCDIDDTimingSet)
                  0000678a    00000002     --HOLE-- [fill = 0]
                  0000678c    00000034                   : sysctl.obj (.text:SysCtlPeripheralEnable)
                  000067c0    00000034     rtsv7M4_T_le_v4SPD16_eabi.lib : feraiseexcept.obj (.text)
                  000067f4    00000030                                   : xdclass.obj (.text)
                  00006824    00000030                                   : xferaise.obj (.text)
                  00006854    0000002e                                   : i_tofd_t2.obj (.text)
                  00006882    0000002e                                   : raise.obj (.text)
                  000068b0    0000002a     driverlib.lib : gpio.obj (.text:GPIODirModeSet)
                  000068da    0000002a     rtsv7M4_T_le_v4SPD16_eabi.lib : frexp.obj (.text)
                  00006904    00000024     driverlib.lib : udma.obj (.text:uDMAChannelControlSet)
                  00006928    00000022                   : lcd.obj (.text:LCDModeSet)
                  0000694a    00000002     --HOLE-- [fill = 0]
                  0000694c    0000001c                   : sysctl.obj (.text:_SysCtlMemTimingGet)
                  00006968    0000001c     rtsv7M4_T_le_v4SPD16_eabi.lib : memccpy.obj (.text)
                  00006984    00000018     driverlib.lib : gpio.obj (.text:GPIOPinTypeGPIOOutput)
                  0000699c    00000018     myLib.obj (.text:WriteCommand)
                  000069b4    00000018     myLib.obj (.text:WriteData)
                  000069cc    00000018     rtsv7M4_T_le_v4SPD16_eabi.lib : args_main.obj (.text)
                  000069e4    00000018     driverlib.lib : udma.obj (.text:uDMAChannelEnable)
                  000069fc    00000016     rtsv7M4_T_le_v4SPD16_eabi.lib : strchr.obj (.text)
                  00006a12    00000002     --HOLE-- [fill = 0]
                  00006a14    00000014                                   : _lock.obj (.text)
                  00006a28    00000014                                   : strlen.obj (.text)
                  00006a3c    00000014     driverlib.lib : udma.obj (.text:uDMAChannelRequest)
                  00006a50    00000012                   : gpio.obj (.text:GPIOPinTypeEthernetLED)
                  00006a62    00000012                   : gpio.obj (.text:GPIOPinTypeLCD)
                  00006a74    00000010     SingleTon.obj (.text)
                  00006a84    00000010     driverlib.lib : udma.obj (.text:uDMAEnable)
                  00006a94    0000000e     rtsv7M4_T_le_v4SPD16_eabi.lib : copy_decompress_none.obj (.text:decompress:none)
                  00006aa2    0000000c     driverlib.lib : lcd.obj (.text:LCDIDDCommandWrite)
                  00006aae    0000000c                   : lcd.obj (.text:LCDIDDDataWrite)
                  00006aba    0000000c     rtsv7M4_T_le_v4SPD16_eabi.lib : copy_zero_init.obj (.text:decompress:ZI)
                  00006ac6    0000000c     tm4c129xnczad_startup_ccs.obj (.text)
                  00006ad2    00000002     --HOLE-- [fill = 0]
                  00006ad4    0000000c     driverlib.lib : udma.obj (.text:uDMAControlBaseSet)
                  00006ae0    00000006                   : sysctl.obj (.text:SysCtlDelay)
                  00006ae6    00000006     rtsv7M4_T_le_v4SPD16_eabi.lib : copy_decompress_rle.obj (.text:decompress:rle24)
                  00006aec    00000004     driverlib.lib : lcd.obj (.text:LCDDMAConfigSet)
                  00006af0    00000004                   : lcd.obj (.text:LCDIDDConfigSet)
                  00006af4    00000004     rtsv7M4_T_le_v4SPD16_eabi.lib : pre_init.obj (.text)

.const     0    00006af8    0000050c     
                  00006af8    000001ac     play.obj (.const:stay_with_me_delay)
                  00006ca4    00000120     driverlib.lib : sysctl.obj (.const:g_pppui32XTALtoVCO)
                  00006dc4    00000101     rtsv7M4_T_le_v4SPD16_eabi.lib : ctype.obj (.const:.string:_ctypes_)
                  00006ec5    00000003     --HOLE-- [fill = 0]
                  00006ec8    0000006c     driverlib.lib : sysctl.obj (.const:g_pui32Xtals)
                  00006f34    00000060     main.obj (.const:$P$T2$3)
                  00006f94    00000038     main.obj (.const)
                  00006fcc    00000030     driverlib.lib : sysctl.obj (.const:g_sXTALtoMEMTIM)
                  00006ffc    00000008                   : sysctl.obj (.const)

.cinit     0    00007008    00000098     
                  00007008    0000006d     (.cinit..data.load) [load image, compression = rle]
                  00007075    00000003     --HOLE-- [fill = 0]
                  00007078    0000000c     (__TI_handler_table)
                  00007084    00000004     --HOLE-- [fill = 0]
                  00007088    00000008     (.cinit..bss.load) [load image, compression = zero_init]
                  00007090    00000010     (__TI_cinit_table)

.init_array 
*          0    00000000    00000000     UNINITIALIZED

.bss       0    20000000    00027b88     UNINITIALIZED
                  20000000    0001fe00     main.obj (.bss:buffer)
                  2001fe00    00002580     myLib.obj (.bss:temp_buffer$4)
                  20022380    00002580     myLib.obj (.bss:temp_buffer$5)
                  20024900    00001540     myLib.obj (.bss:temp_buffer$2)
                  20025e40    00001540     myLib.obj (.bss:temp_buffer$3)
                  20027380    00000400     myLib.obj (.bss:pui8DMAControlTable$1)
                  20027780    00000154     Bar.obj (.bss:st)
                  200278d4    00000154     Note.obj (.bss:st)
                  20027a28    00000154     input.obj (.bss:st)
                  20027b7c    00000004     (.common:cnt)
                  20027b80    00000004     (.common:g_ui32MX66L51235FAddr)
                  20027b84    00000004     (.common:g_ui32SysClock)

.TI.noinit 
*          0    20000000    00000000     UNINITIALIZED

.stack     0    20027b88    00000800     UNINITIALIZED
                  20027b88    00000800     --HOLE--

.data      0    20028388    00000180     UNINITIALIZED
                  20028388    000000b0     rtsv7M4_T_le_v4SPD16_eabi.lib : signal.obj (.data:sigtable)
                  20028438    00000080                                   : xvalues.obj (.data)
                  200284b8    00000017     myLib.obj (.data)
                  200284cf    00000001     --HOLE--
                  200284d0    00000010     Note.obj (.data)
                  200284e0    00000008     play.obj (.data)
                  200284e8    00000008     rtsv7M4_T_le_v4SPD16_eabi.lib : _lock.obj (.data)
                  200284f0    00000008                                   : exit.obj (.data)
                  200284f8    00000008                                   : feraiseexcept.obj (.data)
                  20028500    00000004                                   : errno.obj (.data)
                  20028504    00000004                                   : stkdepth_vars.obj (.data)

.TI.persistent 
*          0    20028388    00000000     UNINITIALIZED


LINKER GENERATED COPY TABLES

__TI_cinit_table @ 00007090 records: 2, size/record: 8, table size: 16
	.data: load addr=00007008, load size=0000006d bytes, run addr=20028388, run size=00000180 bytes, compression=rle
	.bss: load addr=00007088, load size=00000008 bytes, run addr=20000000, run size=00027b88 bytes, compression=zero_init


LINKER GENERATED HANDLER TABLE

__TI_handler_table @ 00007078 records: 3, size/record: 4, table size: 12
	index: 0, handler: __TI_decompress_rle24
	index: 1, handler: __TI_decompress_none
	index: 2, handler: __TI_zero_init


GLOBAL SYMBOLS: SORTED ALPHABETICALLY BY Name 

address   name                       
-------   ----                       
0000445b  AddNote                    
0000240b  BUZZER_clear               
000021ff  BUZZER_init                
000051ed  BarAction                  
0000521f  BarDraw                    
000051a1  BarInit                    
000051e1  BarUpdate                  
00005219  BarUrteil                  
00006699  C$$EXIT                    
00000c6f  CharacterDraw              
00002a85  DIP_init                   
00002435  DelayForPlay               
00002149  DrawCircle                 
00001101  DrawImage                  
00000e2d  DrawLine                   
000020e9  DrawRect                   
00002801  FND_Minor                  
000027d1  FND_clear                  
000024b5  FND_init                   
000068b1  GPIODirModeSet             
00005a8d  GPIOPadConfigSet           
00006a51  GPIOPinTypeEthernetLED     
00006985  GPIOPinTypeGPIOOutput      
00006a63  GPIOPinTypeLCD             
00006a75  Init                       
00005bf7  InputAction                
00005bbd  InputInit                  
00005bef  InputUpdate                
00000209  Interrupt_init             
0000045d  Interrupt_init_dip         
0000515d  KeyboardProcessing         
00006aed  LCDDMAConfigSet            
00006aa3  LCDIDDCommandWrite         
00006af1  LCDIDDConfigSet            
00006aaf  LCDIDDDataWrite            
00006755  LCDIDDTimingSet            
00006929  LCDModeSet                 
000007e9  LCD_Init                   
0000285d  LED_clear                  
000028d1  LED_init                   
00004d43  MX66L51235FBlockErase32    
00004d95  MX66L51235FBlockErase64    
00004de7  MX66L51235FChipErase       
00004bc5  MX66L51235FInit            
00004e2f  MX66L51235FPageProgram     
00004e8b  MX66L51235FRead            
00004cf1  MX66L51235FSectorErase     
000021ef  MoveCircle                 
000044ad  NoteAction                 
00004559  NoteDraw                   
000043fd  NoteInit                   
0000444f  NoteUpdate                 
000029d1  PUSH_init                  
00003e15  PinoutSet                  
00002419  Play                       
00000da9  PutPixel                   
00006ac7  ResetISR                   
00000b2d  RestoreBackground          
UNDEFED   SHT$$INIT_ARRAY$$Base      
UNDEFED   SHT$$INIT_ARRAY$$Limit     
00004f7b  ScoreProcessing            
00001809  Scroll_down                
00001243  Scroll_left                
00001525  Scroll_right               
00001c61  Scroll_up                  
000020a3  SetFullFrame               
00004efd  StayWithMe                 
000053b1  SysCtlClockFreqSet         
00006ae1  SysCtlDelay                
0000678d  SysCtlPeripheralEnable     
00006441  SysCtlPeripheralReset      
00002301  TIMER_init                 
00002bd7  UART_getch                 
00002be7  UART_getkey                
00002b25  UART_init                  
00002c45  UART_printf                
00002bfb  UART_putch                 
00002c25  UART_putstr                
00002473  WDTinitISR                 
000026c9  WRITE_FND                  
00002759  WRITE_FND_DOT              
0000699d  WriteCommand               
000069b5  WriteData                  
000067f5  _Dclass                    
20028438  _Denorm                    
00005ef9  _Dnorm                     
00005ced  _Dscale                    
00006333  _Dunscale                  
20028448  _Eps                       
20028500  _Errno                     
200284f8  _Fenv                      
00006825  _Feraise                   
20028458  _Hugeval                   
20028468  _Inf                       
20028478  _Nan                       
20028498  _Rteps                     
20028488  _Snan                      
200284fc  _Tls_setup__Fenv           
200284a8  _Xbig                      
200284b0  _Zero                      
20028388  __STACK_END                
00000800  __STACK_SIZE               
20027d88  __STACK_TOP                
00007090  __TI_CINIT_Base            
000070a0  __TI_CINIT_Limit           
00007078  __TI_Handler_Table_Base    
00007084  __TI_Handler_Table_Limit   
0000625d  __TI_auto_init             
200284f0  __TI_cleanup_ptr           
00006a95  __TI_decompress_none       
00006ae7  __TI_decompress_rle24      
200284f4  __TI_dtors_ptr             
00003b0d  __TI_printfi               
00000000  __TI_static_base__         
00006abb  __TI_zero_init             
00006053  __aeabi_cdcmpeq            
00006053  __aeabi_cdcmple            
000060d9  __aeabi_cdrcmple           
000065c1  __aeabi_d2iz               
000057ab  __aeabi_dadd               
00005957  __aeabi_ddiv               
00005dfd  __aeabi_dmul               
000057a1  __aeabi_dsub               
0000671d  __aeabi_f2d                
00006855  __aeabi_i2d                
000061e1  __aeabi_memclr             
000061e1  __aeabi_memclr4            
000061e1  __aeabi_memclr8            
00005fb7  __aeabi_memcpy             
00005fb7  __aeabi_memcpy4            
00005fb7  __aeabi_memcpy8            
000061e3  __aeabi_memset             
000061e3  __aeabi_memset4            
000061e3  __aeabi_memset8            
000055ad  __aeabi_uldivmod           
ffffffff  __binit__                  
ffffffff  __c_args__                 
20027b88  __stack                    
000069cd  _args_main                 
00006491  _c_int00                   
00006dc4  _ctypes_                   
200284e8  _lock                      
00006a23  _nop                       
00006a1b  _register_lock             
00006a15  _register_unlock           
00006af5  _system_pre_init           
200284ec  _unlock                    
00004989  _user_interrupt_handler_1  
000049b1  _user_interrupt_handler_2  
000049d3  _user_interrupt_handler_3  
000049f5  _user_interrupt_handler_4  
0000669d  abort                      
000064e1  atoi                       
ffffffff  binit                      
20000000  buffer                     
20027b7c  cnt                        
0000652d  copy_in                    
000023f1  delay                      
000066a5  exit                       
000067c1  feraiseexcept              
000068db  frexp                      
00000000  g_pfnVectors               
20027b84  g_ui32SysClock             
000063ef  ldexp                      
00006399  ltoa                       
0000483d  main                       
20028504  main_func_sp               
00006969  memccpy                    
00005fb7  memcpy                     
000061e9  memset                     
00004eed  noteView                   
00006883  raise                      
000066dd  signal                     
000069fd  strchr                     
00006a29  strlen                     
00006651  uDMAChannelAttributeDisable
00006905  uDMAChannelControlSet      
000069e5  uDMAChannelEnable          
00006a3d  uDMAChannelRequest         
00006161  uDMAChannelTransferSet     
00006ad5  uDMAControlBaseSet         
00006a85  uDMAEnable                 
00006609  vsprintf                   


GLOBAL SYMBOLS: SORTED BY Symbol Address 

address   name                       
-------   ----                       
00000000  __TI_static_base__         
00000000  g_pfnVectors               
00000209  Interrupt_init             
0000045d  Interrupt_init_dip         
000007e9  LCD_Init                   
00000800  __STACK_SIZE               
00000b2d  RestoreBackground          
00000c6f  CharacterDraw              
00000da9  PutPixel                   
00000e2d  DrawLine                   
00001101  DrawImage                  
00001243  Scroll_left                
00001525  Scroll_right               
00001809  Scroll_down                
00001c61  Scroll_up                  
000020a3  SetFullFrame               
000020e9  DrawRect                   
00002149  DrawCircle                 
000021ef  MoveCircle                 
000021ff  BUZZER_init                
00002301  TIMER_init                 
000023f1  delay                      
0000240b  BUZZER_clear               
00002419  Play                       
00002435  DelayForPlay               
00002473  WDTinitISR                 
000024b5  FND_init                   
000026c9  WRITE_FND                  
00002759  WRITE_FND_DOT              
000027d1  FND_clear                  
00002801  FND_Minor                  
0000285d  LED_clear                  
000028d1  LED_init                   
000029d1  PUSH_init                  
00002a85  DIP_init                   
00002b25  UART_init                  
00002bd7  UART_getch                 
00002be7  UART_getkey                
00002bfb  UART_putch                 
00002c25  UART_putstr                
00002c45  UART_printf                
00003b0d  __TI_printfi               
00003e15  PinoutSet                  
000043fd  NoteInit                   
0000444f  NoteUpdate                 
0000445b  AddNote                    
000044ad  NoteAction                 
00004559  NoteDraw                   
0000483d  main                       
00004989  _user_interrupt_handler_1  
000049b1  _user_interrupt_handler_2  
000049d3  _user_interrupt_handler_3  
000049f5  _user_interrupt_handler_4  
00004bc5  MX66L51235FInit            
00004cf1  MX66L51235FSectorErase     
00004d43  MX66L51235FBlockErase32    
00004d95  MX66L51235FBlockErase64    
00004de7  MX66L51235FChipErase       
00004e2f  MX66L51235FPageProgram     
00004e8b  MX66L51235FRead            
00004eed  noteView                   
00004efd  StayWithMe                 
00004f7b  ScoreProcessing            
0000515d  KeyboardProcessing         
000051a1  BarInit                    
000051e1  BarUpdate                  
000051ed  BarAction                  
00005219  BarUrteil                  
0000521f  BarDraw                    
000053b1  SysCtlClockFreqSet         
000055ad  __aeabi_uldivmod           
000057a1  __aeabi_dsub               
000057ab  __aeabi_dadd               
00005957  __aeabi_ddiv               
00005a8d  GPIOPadConfigSet           
00005bbd  InputInit                  
00005bef  InputUpdate                
00005bf7  InputAction                
00005ced  _Dscale                    
00005dfd  __aeabi_dmul               
00005ef9  _Dnorm                     
00005fb7  __aeabi_memcpy             
00005fb7  __aeabi_memcpy4            
00005fb7  __aeabi_memcpy8            
00005fb7  memcpy                     
00006053  __aeabi_cdcmpeq            
00006053  __aeabi_cdcmple            
000060d9  __aeabi_cdrcmple           
00006161  uDMAChannelTransferSet     
000061e1  __aeabi_memclr             
000061e1  __aeabi_memclr4            
000061e1  __aeabi_memclr8            
000061e3  __aeabi_memset             
000061e3  __aeabi_memset4            
000061e3  __aeabi_memset8            
000061e9  memset                     
0000625d  __TI_auto_init             
00006333  _Dunscale                  
00006399  ltoa                       
000063ef  ldexp                      
00006441  SysCtlPeripheralReset      
00006491  _c_int00                   
000064e1  atoi                       
0000652d  copy_in                    
000065c1  __aeabi_d2iz               
00006609  vsprintf                   
00006651  uDMAChannelAttributeDisable
00006699  C$$EXIT                    
0000669d  abort                      
000066a5  exit                       
000066dd  signal                     
0000671d  __aeabi_f2d                
00006755  LCDIDDTimingSet            
0000678d  SysCtlPeripheralEnable     
000067c1  feraiseexcept              
000067f5  _Dclass                    
00006825  _Feraise                   
00006855  __aeabi_i2d                
00006883  raise                      
000068b1  GPIODirModeSet             
000068db  frexp                      
00006905  uDMAChannelControlSet      
00006929  LCDModeSet                 
00006969  memccpy                    
00006985  GPIOPinTypeGPIOOutput      
0000699d  WriteCommand               
000069b5  WriteData                  
000069cd  _args_main                 
000069e5  uDMAChannelEnable          
000069fd  strchr                     
00006a15  _register_unlock           
00006a1b  _register_lock             
00006a23  _nop                       
00006a29  strlen                     
00006a3d  uDMAChannelRequest         
00006a51  GPIOPinTypeEthernetLED     
00006a63  GPIOPinTypeLCD             
00006a75  Init                       
00006a85  uDMAEnable                 
00006a95  __TI_decompress_none       
00006aa3  LCDIDDCommandWrite         
00006aaf  LCDIDDDataWrite            
00006abb  __TI_zero_init             
00006ac7  ResetISR                   
00006ad5  uDMAControlBaseSet         
00006ae1  SysCtlDelay                
00006ae7  __TI_decompress_rle24      
00006aed  LCDDMAConfigSet            
00006af1  LCDIDDConfigSet            
00006af5  _system_pre_init           
00006dc4  _ctypes_                   
00007078  __TI_Handler_Table_Base    
00007084  __TI_Handler_Table_Limit   
00007090  __TI_CINIT_Base            
000070a0  __TI_CINIT_Limit           
20000000  buffer                     
20027b7c  cnt                        
20027b84  g_ui32SysClock             
20027b88  __stack                    
20027d88  __STACK_TOP                
20028388  __STACK_END                
20028438  _Denorm                    
20028448  _Eps                       
20028458  _Hugeval                   
20028468  _Inf                       
20028478  _Nan                       
20028488  _Snan                      
20028498  _Rteps                     
200284a8  _Xbig                      
200284b0  _Zero                      
200284e8  _lock                      
200284ec  _unlock                    
200284f0  __TI_cleanup_ptr           
200284f4  __TI_dtors_ptr             
200284f8  _Fenv                      
200284fc  _Tls_setup__Fenv           
20028500  _Errno                     
20028504  main_func_sp               
ffffffff  __binit__                  
ffffffff  __c_args__                 
ffffffff  binit                      
UNDEFED   SHT$$INIT_ARRAY$$Base      
UNDEFED   SHT$$INIT_ARRAY$$Limit     

[183 symbols]
