******************************************************************************
                  TI ARM Linker PC v5.2.5                      
******************************************************************************
>> Linked Sat Jun 02 23:15:26 2018

OUTPUT FILE NAME:   <Term_Project.out>
ENTRY POINT SYMBOL: "_c_int00"  address: 00006939


MEMORY CONFIGURATION

         name            origin    length      used     unused   attr    fill
----------------------  --------  ---------  --------  --------  ----  --------
  FLASH                 00000000   00100000  00007628  000f89d8  R  X
  SRAM                  20000000   00040000  000283c8  00017c38  RW X


SEGMENT ALLOCATION MAP

run origin  load origin   length   init length attrs members
----------  ----------- ---------- ----------- ----- -------
00000000    00000000    00007628   00007628    r-x
  00000000    00000000    00000208   00000208    r-- .intvecs
  00000208    00000208    00006dac   00006dac    r-x .text
  00006fb4    00006fb4    0000050c   0000050c    r-- .const
  000074c0    000074c0    00000168   00000168    r-- .cinit
20000000    20000000    000283c8   00000000    rw-
  20000000    20000000    00027978   00000000    rw- .bss
  20027978    20027978    00000800   00000000    rw- .stack
  20028178    20028178    00000250   00000000    rw- .data


SECTION ALLOCATION MAP

 output                                  attributes/
section   page    origin      length       input sections
--------  ----  ----------  ----------   ----------------
.intvecs   0    00000000    00000208     
                  00000000    00000208     tm4c129xnczad_startup_ccs.obj (.intvecs)

.text      0    00000208    00006dac     
                  00000208    00002b50     myLib.obj (.text)
                  00002d58    000010ba     rtsv7M4_T_le_v4SPD16_eabi.lib : _printfi.obj (.text)
                  00003e12    00000002     --HOLE-- [fill = 0]
                  00003e14    000005e8     pinout.obj (.text)
                  000043fc    0000049c     Note.obj (.text)
                  00004898    0000038c     main.obj (.text)
                  00004c24    00000328     mx66l51235f.obj (.text)
                  00004f4c    000002c0     play.obj (.text)
                  0000520c    00000234     Bar.obj (.text)
                  00005440    000001fc     driverlib.lib : sysctl.obj (.text:SysCtlClockFreqSet)
                  0000563c    000001f4     rtsv7M4_T_le_v4SPD16_eabi.lib : ull_div_t2.obj (.text)
                  00005830    000001b6                                   : fd_add_t2.obj (.text)
                  000059e6    00000002     --HOLE-- [fill = 0]
                  000059e8    0000018c     score.obj (.text)
                  00005b74    00000160     input.obj (.text)
                  00005cd4    00000136     rtsv7M4_T_le_v4SPD16_eabi.lib : fd_div_t2.obj (.text)
                  00005e0a    00000130     driverlib.lib : gpio.obj (.text:GPIOPadConfigSet)
                  00005f3a    00000002     --HOLE-- [fill = 0]
                  00005f3c    00000128     collision.obj (.text)
                  00006064    00000110     rtsv7M4_T_le_v4SPD16_eabi.lib : xdscale.obj (.text)
                  00006174    000000fc                                   : fd_mul_t2.obj (.text)
                  00006270    000000be                                   : xdnorm.obj (.text)
                  0000632e    0000009c                                   : memcpy_t2.obj (.text)
                  000063ca    00000002     --HOLE-- [fill = 0]
                  000063cc    0000009c     scene.obj (.text)
                  00006468    00000094     music.obj (.text)
                  000064fc    00000086     rtsv7M4_T_le_v4SPD16_eabi.lib : fd_cmp_t2.obj (.text:__aeabi_cdcmple)
                  00006582    00000086                                   : fd_cmp_t2.obj (.text:__aeabi_cdrcmple)
                  00006608    00000080     driverlib.lib : udma.obj (.text:uDMAChannelTransferSet)
                  00006688    0000007a     rtsv7M4_T_le_v4SPD16_eabi.lib : memset_t2.obj (.text)
                  00006702    00000002     --HOLE-- [fill = 0]
                  00006704    0000006c                                   : autoinit.obj (.text)
                  00006770    0000006a                                   : copy_decompress_rle.obj (.text)
                  000067da    00000066                                   : xdunscal.obj (.text)
                  00006840    00000056                                   : ltoa.obj (.text)
                  00006896    00000052                                   : ldexp.obj (.text)
                  000068e8    00000050     driverlib.lib : sysctl.obj (.text:SysCtlPeripheralReset)
                  00006938    00000050     rtsv7M4_T_le_v4SPD16_eabi.lib : boot.obj (.text)
                  00006988    0000004c                                   : atoi.obj (.text)
                  000069d4    0000004c                                   : cpy_tbl.obj (.text)
                  00006a20    00000048     driverlib.lib : sysctl.obj (.text:_SysCtlFrequencyGet)
                  00006a68    00000048     rtsv7M4_T_le_v4SPD16_eabi.lib : fd_toi_t2.obj (.text)
                  00006ab0    00000048                                   : vsprintf.obj (.text)
                  00006af8    00000048     driverlib.lib : udma.obj (.text:uDMAChannelAttributeDisable)
                  00006b40    00000044     rtsv7M4_T_le_v4SPD16_eabi.lib : exit.obj (.text)
                  00006b84    00000040                                   : signal.obj (.text)
                  00006bc4    00000038                                   : fs_tod_t2.obj (.text)
                  00006bfc    00000036     driverlib.lib : lcd.obj (.text:LCDIDDTimingSet)
                  00006c32    00000002     --HOLE-- [fill = 0]
                  00006c34    00000034                   : sysctl.obj (.text:SysCtlPeripheralEnable)
                  00006c68    00000034     rtsv7M4_T_le_v4SPD16_eabi.lib : feraiseexcept.obj (.text)
                  00006c9c    00000030                                   : xdclass.obj (.text)
                  00006ccc    00000030                                   : xferaise.obj (.text)
                  00006cfc    0000002e                                   : i_tofd_t2.obj (.text)
                  00006d2a    0000002e                                   : raise.obj (.text)
                  00006d58    0000002a     driverlib.lib : gpio.obj (.text:GPIODirModeSet)
                  00006d82    0000002a     rtsv7M4_T_le_v4SPD16_eabi.lib : frexp.obj (.text)
                  00006dac    00000024     SingleTon.obj (.text)
                  00006dd0    00000024     driverlib.lib : udma.obj (.text:uDMAChannelControlSet)
                  00006df4    00000022                   : lcd.obj (.text:LCDModeSet)
                  00006e16    00000002     --HOLE-- [fill = 0]
                  00006e18    0000001c                   : sysctl.obj (.text:_SysCtlMemTimingGet)
                  00006e34    0000001c     rtsv7M4_T_le_v4SPD16_eabi.lib : memccpy.obj (.text)
                  00006e50    00000018     driverlib.lib : gpio.obj (.text:GPIOPinTypeGPIOOutput)
                  00006e68    00000018     myLib.obj (.text:WriteCommand)
                  00006e80    00000018     myLib.obj (.text:WriteData)
                  00006e98    00000018     rtsv7M4_T_le_v4SPD16_eabi.lib : args_main.obj (.text)
                  00006eb0    00000018     driverlib.lib : udma.obj (.text:uDMAChannelEnable)
                  00006ec8    00000016     rtsv7M4_T_le_v4SPD16_eabi.lib : strchr.obj (.text)
                  00006ede    00000002     --HOLE-- [fill = 0]
                  00006ee0    00000014                                   : _lock.obj (.text)
                  00006ef4    00000014                                   : strlen.obj (.text)
                  00006f08    00000014     driverlib.lib : udma.obj (.text:uDMAChannelRequest)
                  00006f1c    00000012                   : gpio.obj (.text:GPIOPinTypeEthernetLED)
                  00006f2e    00000012                   : gpio.obj (.text:GPIOPinTypeLCD)
                  00006f40    00000010                   : udma.obj (.text:uDMAEnable)
                  00006f50    0000000e     rtsv7M4_T_le_v4SPD16_eabi.lib : copy_decompress_none.obj (.text:decompress:none)
                  00006f5e    0000000c     driverlib.lib : lcd.obj (.text:LCDIDDCommandWrite)
                  00006f6a    0000000c                   : lcd.obj (.text:LCDIDDDataWrite)
                  00006f76    0000000c     rtsv7M4_T_le_v4SPD16_eabi.lib : copy_zero_init.obj (.text:decompress:ZI)
                  00006f82    0000000c     tm4c129xnczad_startup_ccs.obj (.text)
                  00006f8e    00000002     --HOLE-- [fill = 0]
                  00006f90    0000000c     driverlib.lib : udma.obj (.text:uDMAControlBaseSet)
                  00006f9c    00000006                   : sysctl.obj (.text:SysCtlDelay)
                  00006fa2    00000006     rtsv7M4_T_le_v4SPD16_eabi.lib : copy_decompress_rle.obj (.text:decompress:rle24)
                  00006fa8    00000004     driverlib.lib : lcd.obj (.text:LCDDMAConfigSet)
                  00006fac    00000004                   : lcd.obj (.text:LCDIDDConfigSet)
                  00006fb0    00000004     rtsv7M4_T_le_v4SPD16_eabi.lib : pre_init.obj (.text)

.const     0    00006fb4    0000050c     
                  00006fb4    000001ac     play.obj (.const:stay_with_me_delay)
                  00007160    00000120     driverlib.lib : sysctl.obj (.const:g_pppui32XTALtoVCO)
                  00007280    00000101     rtsv7M4_T_le_v4SPD16_eabi.lib : ctype.obj (.const:.string:_ctypes_)
                  00007381    00000003     --HOLE-- [fill = 0]
                  00007384    0000006c     driverlib.lib : sysctl.obj (.const:g_pui32Xtals)
                  000073f0    00000060     main.obj (.const:$P$T2$3)
                  00007450    00000038     main.obj (.const)
                  00007488    00000030     driverlib.lib : sysctl.obj (.const:g_sXTALtoMEMTIM)
                  000074b8    00000008                   : sysctl.obj (.const)

.cinit     0    000074c0    00000168     
                  000074c0    0000013d     (.cinit..data.load) [load image, compression = rle]
                  000075fd    00000003     --HOLE-- [fill = 0]
                  00007600    0000000c     (__TI_handler_table)
                  0000760c    00000004     --HOLE-- [fill = 0]
                  00007610    00000008     (.cinit..bss.load) [load image, compression = zero_init]
                  00007618    00000010     (__TI_cinit_table)

.init_array 
*          0    00000000    00000000     UNINITIALIZED

.bss       0    20000000    00027978     UNINITIALIZED
                  20000000    0001fe00     main.obj (.bss:buffer)
                  2001fe00    00002580     myLib.obj (.bss:temp_buffer$4)
                  20022380    00002580     myLib.obj (.bss:temp_buffer$5)
                  20024900    00001540     myLib.obj (.bss:temp_buffer$2)
                  20025e40    00001540     myLib.obj (.bss:temp_buffer$3)
                  20027380    00000400     myLib.obj (.bss:pui8DMAControlTable$1)
                  20027780    000001d4     SingleTon.obj (.bss:st)
                  20027954    00000004     (.common:cnt)
                  20027958    00000004     (.common:g_ui32MX66L51235FAddr)
                  2002795c    00000004     (.common:g_ui32SysClock)
                  20027960    00000004     (.common:stb)
                  20027964    00000004     (.common:stc)
                  20027968    00000004     (.common:sti)
                  2002796c    00000004     (.common:stm)
                  20027970    00000004     (.common:stn)
                  20027974    00000004     (.common:sts)

.TI.noinit 
*          0    20000000    00000000     UNINITIALIZED

.stack     0    20027978    00000800     UNINITIALIZED
                  20027978    00000800     --HOLE--

.data      0    20028178    00000250     UNINITIALIZED
                  20028178    000000b0     rtsv7M4_T_le_v4SPD16_eabi.lib : signal.obj (.data:sigtable)
                  20028228    00000080                                   : xvalues.obj (.data)
                  200282a8    00000060     music.obj (.data:schoolBell_Codes)
                  20028308    00000060     music.obj (.data:schoolBell_Delays)
                  20028368    00000017     myLib.obj (.data)
                  2002837f    00000001     --HOLE--
                  20028380    00000010     Note.obj (.data)
                  20028390    00000010     collision.obj (.data)
                  200283a0    00000008     play.obj (.data)
                  200283a8    00000008     rtsv7M4_T_le_v4SPD16_eabi.lib : _lock.obj (.data)
                  200283b0    00000008                                   : exit.obj (.data)
                  200283b8    00000008                                   : feraiseexcept.obj (.data)
                  200283c0    00000004                                   : errno.obj (.data)
                  200283c4    00000004                                   : stkdepth_vars.obj (.data)

.TI.persistent 
*          0    20028178    00000000     UNINITIALIZED


LINKER GENERATED COPY TABLES

__TI_cinit_table @ 00007618 records: 2, size/record: 8, table size: 16
	.data: load addr=000074c0, load size=0000013d bytes, run addr=20028178, run size=00000250 bytes, compression=rle
	.bss: load addr=00007610, load size=00000008 bytes, run addr=20000000, run size=00027978 bytes, compression=zero_init


LINKER GENERATED HANDLER TABLE

__TI_handler_table @ 00007600 records: 3, size/record: 4, table size: 12
	index: 0, handler: __TI_decompress_rle24
	index: 1, handler: __TI_decompress_none
	index: 2, handler: __TI_zero_init


GLOBAL SYMBOLS: SORTED ALPHABETICALLY BY Name 

address   name                       
-------   ----                       
00004463  AddNote                    
0000240b  BUZZER_clear               
000021ff  BUZZER_init                
00005273  BarAction                  
000052ab  BarDraw                    
0000520d  BarInit                    
00005267  BarUpdate                  
00006b41  C$$EXIT                    
00000c6f  CharacterDraw              
00005f3d  CollisionInit              
00005f71  CollisionUpdate            
00005f79  CollisionUrteil            
00002a85  DIP_init                   
00002435  DelayForPlay               
00002149  DrawCircle                 
00001101  DrawImage                  
00000e2d  DrawLine                   
000020e9  DrawRect                   
00002801  FND_Minor                  
000027d1  FND_clear                  
000024b5  FND_init                   
00006d59  GPIODirModeSet             
00005e0b  GPIOPadConfigSet           
00006f1d  GPIOPinTypeEthernetLED     
00006e51  GPIOPinTypeGPIOOutput      
00006f2f  GPIOPinTypeLCD             
00006dad  Init                       
00005bc1  InputAction                
00005b75  InputInit                  
00005bb9  InputUpdate                
00000209  Interrupt_init             
0000045d  Interrupt_init_dip         
000051c9  KeyboardProcessing         
00006fa9  LCDDMAConfigSet            
00006f5f  LCDIDDCommandWrite         
00006fad  LCDIDDConfigSet            
00006f6b  LCDIDDDataWrite            
00006bfd  LCDIDDTimingSet            
00006df5  LCDModeSet                 
000007e9  LCD_Init                   
0000285d  LED_clear                  
000028d1  LED_init                   
000063d9  LoadingScene               
00004da3  MX66L51235FBlockErase32    
00004df5  MX66L51235FBlockErase64    
00004e47  MX66L51235FChipErase       
00004c25  MX66L51235FInit            
00004e8f  MX66L51235FPageProgram     
00004eeb  MX66L51235FRead            
00004d51  MX66L51235FSectorErase     
00006455  MenuScene                  
000021ef  MoveCircle                 
00006469  MusicInit                  
000044c9  NoteAction                 
00004589  NoteDraw                   
000043fd  NoteInit                   
00004457  NoteUpdate                 
000029d1  PUSH_init                  
00003e15  PinoutSet                  
00002419  Play                       
00000da9  PutPixel                   
00006f83  ResetISR                   
00000b2d  RestoreBackground          
UNDEFED   SHT$$INIT_ARRAY$$Base      
UNDEFED   SHT$$INIT_ARRAY$$Limit     
000063cd  SceneInit                  
00006489  ScollBell                  
00005a29  ScoreAction                
000059e9  ScoreInit                  
00005b29  ScoreProcess               
00004fe7  ScoreProcessing            
00005a1d  ScoreUpdate                
00001809  Scroll_down                
00001243  Scroll_left                
00001525  Scroll_right               
00001c61  Scroll_up                  
000020a3  SetFullFrame               
00004f69  StayWithMe                 
00005441  SysCtlClockFreqSet         
00006f9d  SysCtlDelay                
00006c35  SysCtlPeripheralEnable     
000068e9  SysCtlPeripheralReset      
00002301  TIMER_init                 
00002bd7  UART_getch                 
00002be7  UART_getkey                
00002b25  UART_init                  
00002c45  UART_printf                
00002bfb  UART_putch                 
00002c25  UART_putstr                
00002473  WDTinitISR                 
000026c9  WRITE_FND                  
00002759  WRITE_FND_DOT              
00006e69  WriteCommand               
00006e81  WriteData                  
00006c9d  _Dclass                    
20028228  _Denorm                    
00006271  _Dnorm                     
00006065  _Dscale                    
000067db  _Dunscale                  
20028238  _Eps                       
200283c0  _Errno                     
200283b8  _Fenv                      
00006ccd  _Feraise                   
20028248  _Hugeval                   
20028258  _Inf                       
20028268  _Nan                       
20028288  _Rteps                     
20028278  _Snan                      
200283bc  _Tls_setup__Fenv           
20028298  _Xbig                      
200282a0  _Zero                      
20028178  __STACK_END                
00000800  __STACK_SIZE               
20027b78  __STACK_TOP                
00007618  __TI_CINIT_Base            
00007628  __TI_CINIT_Limit           
00007600  __TI_Handler_Table_Base    
0000760c  __TI_Handler_Table_Limit   
00006705  __TI_auto_init             
200283b0  __TI_cleanup_ptr           
00006f51  __TI_decompress_none       
00006fa3  __TI_decompress_rle24      
200283b4  __TI_dtors_ptr             
00003b0d  __TI_printfi               
00000000  __TI_static_base__         
00006f77  __TI_zero_init             
000064fd  __aeabi_cdcmpeq            
000064fd  __aeabi_cdcmple            
00006583  __aeabi_cdrcmple           
00006a69  __aeabi_d2iz               
0000583b  __aeabi_dadd               
00005cd5  __aeabi_ddiv               
00006175  __aeabi_dmul               
00005831  __aeabi_dsub               
00006bc5  __aeabi_f2d                
00006cfd  __aeabi_i2d                
00006689  __aeabi_memclr             
00006689  __aeabi_memclr4            
00006689  __aeabi_memclr8            
0000632f  __aeabi_memcpy             
0000632f  __aeabi_memcpy4            
0000632f  __aeabi_memcpy8            
0000668b  __aeabi_memset             
0000668b  __aeabi_memset4            
0000668b  __aeabi_memset8            
0000563d  __aeabi_uldivmod           
ffffffff  __binit__                  
ffffffff  __c_args__                 
20027978  __stack                    
00006e99  _args_main                 
00006939  _c_int00                   
00007280  _ctypes_                   
200283a8  _lock                      
00006eef  _nop                       
00006ee7  _register_lock             
00006ee1  _register_unlock           
00006fb1  _system_pre_init           
200283ac  _unlock                    
000049e9  _user_interrupt_handler_1  
00004a11  _user_interrupt_handler_2  
00004a33  _user_interrupt_handler_3  
00004a55  _user_interrupt_handler_4  
00006b45  abort                      
00006989  atoi                       
ffffffff  binit                      
20000000  buffer                     
20027954  cnt                        
000069d5  copy_in                    
000023f1  delay                      
00006b4d  exit                       
00006c69  feraiseexcept              
00006d83  frexp                      
00000000  g_pfnVectors               
2002795c  g_ui32SysClock             
00006dc9  getSingleTon               
00006897  ldexp                      
00006841  ltoa                       
00004899  main                       
200283c4  main_func_sp               
00006e35  memccpy                    
0000632f  memcpy                     
00006691  memset                     
00004f4d  noteView                   
00006d2b  raise                      
200282a8  schoolBell_Codes           
20028308  schoolBell_Delays          
00006b85  signal                     
20027960  stb                        
20027964  stc                        
20027968  sti                        
2002796c  stm                        
20027970  stn                        
00006ec9  strchr                     
00006ef5  strlen                     
20027974  sts                        
00006af9  uDMAChannelAttributeDisable
00006dd1  uDMAChannelControlSet      
00006eb1  uDMAChannelEnable          
00006f09  uDMAChannelRequest         
00006609  uDMAChannelTransferSet     
00006f91  uDMAControlBaseSet         
00006f41  uDMAEnable                 
00006ab1  vsprintf                   


GLOBAL SYMBOLS: SORTED BY Symbol Address 

address   name                       
-------   ----                       
00000000  __TI_static_base__         
00000000  g_pfnVectors               
00000209  Interrupt_init             
0000045d  Interrupt_init_dip         
000007e9  LCD_Init                   
00000800  __STACK_SIZE               
00000b2d  RestoreBackground          
00000c6f  CharacterDraw              
00000da9  PutPixel                   
00000e2d  DrawLine                   
00001101  DrawImage                  
00001243  Scroll_left                
00001525  Scroll_right               
00001809  Scroll_down                
00001c61  Scroll_up                  
000020a3  SetFullFrame               
000020e9  DrawRect                   
00002149  DrawCircle                 
000021ef  MoveCircle                 
000021ff  BUZZER_init                
00002301  TIMER_init                 
000023f1  delay                      
0000240b  BUZZER_clear               
00002419  Play                       
00002435  DelayForPlay               
00002473  WDTinitISR                 
000024b5  FND_init                   
000026c9  WRITE_FND                  
00002759  WRITE_FND_DOT              
000027d1  FND_clear                  
00002801  FND_Minor                  
0000285d  LED_clear                  
000028d1  LED_init                   
000029d1  PUSH_init                  
00002a85  DIP_init                   
00002b25  UART_init                  
00002bd7  UART_getch                 
00002be7  UART_getkey                
00002bfb  UART_putch                 
00002c25  UART_putstr                
00002c45  UART_printf                
00003b0d  __TI_printfi               
00003e15  PinoutSet                  
000043fd  NoteInit                   
00004457  NoteUpdate                 
00004463  AddNote                    
000044c9  NoteAction                 
00004589  NoteDraw                   
00004899  main                       
000049e9  _user_interrupt_handler_1  
00004a11  _user_interrupt_handler_2  
00004a33  _user_interrupt_handler_3  
00004a55  _user_interrupt_handler_4  
00004c25  MX66L51235FInit            
00004d51  MX66L51235FSectorErase     
00004da3  MX66L51235FBlockErase32    
00004df5  MX66L51235FBlockErase64    
00004e47  MX66L51235FChipErase       
00004e8f  MX66L51235FPageProgram     
00004eeb  MX66L51235FRead            
00004f4d  noteView                   
00004f69  StayWithMe                 
00004fe7  ScoreProcessing            
000051c9  KeyboardProcessing         
0000520d  BarInit                    
00005267  BarUpdate                  
00005273  BarAction                  
000052ab  BarDraw                    
00005441  SysCtlClockFreqSet         
0000563d  __aeabi_uldivmod           
00005831  __aeabi_dsub               
0000583b  __aeabi_dadd               
000059e9  ScoreInit                  
00005a1d  ScoreUpdate                
00005a29  ScoreAction                
00005b29  ScoreProcess               
00005b75  InputInit                  
00005bb9  InputUpdate                
00005bc1  InputAction                
00005cd5  __aeabi_ddiv               
00005e0b  GPIOPadConfigSet           
00005f3d  CollisionInit              
00005f71  CollisionUpdate            
00005f79  CollisionUrteil            
00006065  _Dscale                    
00006175  __aeabi_dmul               
00006271  _Dnorm                     
0000632f  __aeabi_memcpy             
0000632f  __aeabi_memcpy4            
0000632f  __aeabi_memcpy8            
0000632f  memcpy                     
000063cd  SceneInit                  
000063d9  LoadingScene               
00006455  MenuScene                  
00006469  MusicInit                  
00006489  ScollBell                  
000064fd  __aeabi_cdcmpeq            
000064fd  __aeabi_cdcmple            
00006583  __aeabi_cdrcmple           
00006609  uDMAChannelTransferSet     
00006689  __aeabi_memclr             
00006689  __aeabi_memclr4            
00006689  __aeabi_memclr8            
0000668b  __aeabi_memset             
0000668b  __aeabi_memset4            
0000668b  __aeabi_memset8            
00006691  memset                     
00006705  __TI_auto_init             
000067db  _Dunscale                  
00006841  ltoa                       
00006897  ldexp                      
000068e9  SysCtlPeripheralReset      
00006939  _c_int00                   
00006989  atoi                       
000069d5  copy_in                    
00006a69  __aeabi_d2iz               
00006ab1  vsprintf                   
00006af9  uDMAChannelAttributeDisable
00006b41  C$$EXIT                    
00006b45  abort                      
00006b4d  exit                       
00006b85  signal                     
00006bc5  __aeabi_f2d                
00006bfd  LCDIDDTimingSet            
00006c35  SysCtlPeripheralEnable     
00006c69  feraiseexcept              
00006c9d  _Dclass                    
00006ccd  _Feraise                   
00006cfd  __aeabi_i2d                
00006d2b  raise                      
00006d59  GPIODirModeSet             
00006d83  frexp                      
00006dad  Init                       
00006dc9  getSingleTon               
00006dd1  uDMAChannelControlSet      
00006df5  LCDModeSet                 
00006e35  memccpy                    
00006e51  GPIOPinTypeGPIOOutput      
00006e69  WriteCommand               
00006e81  WriteData                  
00006e99  _args_main                 
00006eb1  uDMAChannelEnable          
00006ec9  strchr                     
00006ee1  _register_unlock           
00006ee7  _register_lock             
00006eef  _nop                       
00006ef5  strlen                     
00006f09  uDMAChannelRequest         
00006f1d  GPIOPinTypeEthernetLED     
00006f2f  GPIOPinTypeLCD             
00006f41  uDMAEnable                 
00006f51  __TI_decompress_none       
00006f5f  LCDIDDCommandWrite         
00006f6b  LCDIDDDataWrite            
00006f77  __TI_zero_init             
00006f83  ResetISR                   
00006f91  uDMAControlBaseSet         
00006f9d  SysCtlDelay                
00006fa3  __TI_decompress_rle24      
00006fa9  LCDDMAConfigSet            
00006fad  LCDIDDConfigSet            
00006fb1  _system_pre_init           
00007280  _ctypes_                   
00007600  __TI_Handler_Table_Base    
0000760c  __TI_Handler_Table_Limit   
00007618  __TI_CINIT_Base            
00007628  __TI_CINIT_Limit           
20000000  buffer                     
20027954  cnt                        
2002795c  g_ui32SysClock             
20027960  stb                        
20027964  stc                        
20027968  sti                        
2002796c  stm                        
20027970  stn                        
20027974  sts                        
20027978  __stack                    
20027b78  __STACK_TOP                
20028178  __STACK_END                
20028228  _Denorm                    
20028238  _Eps                       
20028248  _Hugeval                   
20028258  _Inf                       
20028268  _Nan                       
20028278  _Snan                      
20028288  _Rteps                     
20028298  _Xbig                      
200282a0  _Zero                      
200282a8  schoolBell_Codes           
20028308  schoolBell_Delays          
200283a8  _lock                      
200283ac  _unlock                    
200283b0  __TI_cleanup_ptr           
200283b4  __TI_dtors_ptr             
200283b8  _Fenv                      
200283bc  _Tls_setup__Fenv           
200283c0  _Errno                     
200283c4  main_func_sp               
ffffffff  __binit__                  
ffffffff  __c_args__                 
ffffffff  binit                      
UNDEFED   SHT$$INIT_ARRAY$$Base      
UNDEFED   SHT$$INIT_ARRAY$$Limit     

[203 symbols]
