******************************************************************************
                  TI ARM Linker PC v5.2.5                      
******************************************************************************
>> Linked Tue Jun 26 09:34:52 2018

OUTPUT FILE NAME:   <Term_Project.out>
ENTRY POINT SYMBOL: "_c_int00"  address: 00009e61


MEMORY CONFIGURATION

         name            origin    length      used     unused   attr    fill
----------------------  --------  ---------  --------  --------  ----  --------
  FLASH                 00000000   00100000  0000b5a4  000f4a5c  R  X
  SRAM                  20000000   00040000  00029d34  000162cc  RW X


SEGMENT ALLOCATION MAP

run origin  load origin   length   init length attrs members
----------  ----------- ---------- ----------- ----- -------
00000000    00000000    0000b5a8   0000b5a8    r-x
  00000000    00000000    00000208   00000208    r-- .intvecs
  00000208    00000208    0000a310   0000a310    r-x .text
  0000a518    0000a518    00000efc   00000efc    r-- .const
  0000b418    0000b418    00000190   00000190    r-- .cinit
20000000    20000000    00029d34   00000000    rw-
  20000000    20000000    00028ab0   00000000    rw- .bss
  20028ab0    20028ab0    00001000   00000000    rw- .stack
  20029ab0    20029ab0    00000284   00000000    rw- .data


SECTION ALLOCATION MAP

 output                                  attributes/
section   page    origin      length       input sections
--------  ----  ----------  ----------   ----------------
.intvecs   0    00000000    00000208     
                  00000000    00000208     tm4c129xnczad_startup_ccs.obj (.intvecs)

.text      0    00000208    0000a310     
                  00000208    000035b8     myLib.obj (.text)
                  000037c0    0000157c     scene.obj (.text)
                  00004d3c    000010ba     rtsv7M4_T_le_v4SPD16_eabi.lib : _printfi.obj (.text)
                  00005df6    00000002     --HOLE-- [fill = 0]
                  00005df8    000006e4     main.obj (.text)
                  000064dc    000005e8     pinout.obj (.text)
                  00006ac4    0000058c     ui.obj (.text)
                  00007050    00000570     touch.obj (.text)
                  000075c0    00000508     Note.obj (.text)
                  00007ac8    000003c8     sound.obj (.text)
                  00007e90    00000328     mx66l51235f.obj (.text)
                  000081b8    000002bc     SingleTon.obj (.text)
                  00008474    00000248     score.obj (.text)
                  000086bc    00000234     Bar.obj (.text)
                  000088f0    00000230     buzzer.obj (.text)
                  00008b20    000001fc     driverlib.lib : sysctl.obj (.text:SysCtlClockFreqSet)
                  00008d1c    000001f4     rtsv7M4_T_le_v4SPD16_eabi.lib : ull_div_t2.obj (.text)
                  00008f10    000001b6                                   : fd_add_t2.obj (.text)
                  000090c6    00000002     --HOLE-- [fill = 0]
                  000090c8    00000160     input.obj (.text)
                  00009228    00000136     rtsv7M4_T_le_v4SPD16_eabi.lib : fd_div_t2.obj (.text)
                  0000935e    00000130     driverlib.lib : gpio.obj (.text:GPIOPadConfigSet)
                  0000948e    00000002     --HOLE-- [fill = 0]
                  00009490    0000012c     collision.obj (.text)
                  000095bc    00000110     rtsv7M4_T_le_v4SPD16_eabi.lib : xdscale.obj (.text)
                  000096cc    000000fc                                   : fd_mul_t2.obj (.text)
                  000097c8    000000be                                   : xdnorm.obj (.text)
                  00009886    00000002     --HOLE-- [fill = 0]
                  00009888    000000a8     music.obj (.text)
                  00009930    0000009c     rtsv7M4_T_le_v4SPD16_eabi.lib : memcpy_t2.obj (.text)
                  000099cc    00000086                                   : fd_cmp_t2.obj (.text:__aeabi_cdcmple)
                  00009a52    00000086                                   : fd_cmp_t2.obj (.text:__aeabi_cdrcmple)
                  00009ad8    00000080     driverlib.lib : udma.obj (.text:uDMAChannelTransferSet)
                  00009b58    0000007a     rtsv7M4_T_le_v4SPD16_eabi.lib : memset_t2.obj (.text)
                  00009bd2    00000002     --HOLE-- [fill = 0]
                  00009bd4    0000006c                                   : autoinit.obj (.text)
                  00009c40    0000006a                                   : copy_decompress_rle.obj (.text)
                  00009caa    00000066                                   : xdunscal.obj (.text)
                  00009d10    00000058     driverlib.lib : timer.obj (.text:TimerControlTrigger)
                  00009d68    00000056     rtsv7M4_T_le_v4SPD16_eabi.lib : ltoa.obj (.text)
                  00009dbe    00000052                                   : ldexp.obj (.text)
                  00009e10    00000050     driverlib.lib : sysctl.obj (.text:SysCtlPeripheralReset)
                  00009e60    00000050     rtsv7M4_T_le_v4SPD16_eabi.lib : boot.obj (.text)
                  00009eb0    0000004c                                   : atoi.obj (.text)
                  00009efc    0000004c                                   : cpy_tbl.obj (.text)
                  00009f48    0000004c                                   : rand.obj (.text)
                  00009f94    00000048     driverlib.lib : sysctl.obj (.text:_SysCtlFrequencyGet)
                  00009fdc    00000048     rtsv7M4_T_le_v4SPD16_eabi.lib : fd_toi_t2.obj (.text)
                  0000a024    00000048                                   : vsprintf.obj (.text)
                  0000a06c    00000048     driverlib.lib : udma.obj (.text:uDMAChannelAttributeDisable)
                  0000a0b4    00000044     rtsv7M4_T_le_v4SPD16_eabi.lib : exit.obj (.text)
                  0000a0f8    00000040                                   : signal.obj (.text)
                  0000a138    00000038                                   : fs_tod_t2.obj (.text)
                  0000a170    00000036     driverlib.lib : lcd.obj (.text:LCDIDDTimingSet)
                  0000a1a6    00000002     --HOLE-- [fill = 0]
                  0000a1a8    00000034                   : sysctl.obj (.text:SysCtlPeripheralEnable)
                  0000a1dc    00000034     rtsv7M4_T_le_v4SPD16_eabi.lib : feraiseexcept.obj (.text)
                  0000a210    00000030                                   : xdclass.obj (.text)
                  0000a240    00000030                                   : xferaise.obj (.text)
                  0000a270    0000002e                                   : i_tofd_t2.obj (.text)
                  0000a29e    0000002e                                   : raise.obj (.text)
                  0000a2cc    0000002a     driverlib.lib : gpio.obj (.text:GPIODirModeSet)
                  0000a2f6    0000002a     rtsv7M4_T_le_v4SPD16_eabi.lib : frexp.obj (.text)
                  0000a320    00000024     driverlib.lib : udma.obj (.text:uDMAChannelControlSet)
                  0000a344    00000022                   : lcd.obj (.text:LCDModeSet)
                  0000a366    00000002     --HOLE-- [fill = 0]
                  0000a368    0000001c                   : sysctl.obj (.text:_SysCtlMemTimingGet)
                  0000a384    0000001c     rtsv7M4_T_le_v4SPD16_eabi.lib : memccpy.obj (.text)
                  0000a3a0    00000018     driverlib.lib : gpio.obj (.text:GPIOPinTypeGPIOOutput)
                  0000a3b8    00000018     myLib.obj (.text:WriteCommand)
                  0000a3d0    00000018     myLib.obj (.text:WriteData)
                  0000a3e8    00000018     rtsv7M4_T_le_v4SPD16_eabi.lib : args_main.obj (.text)
                  0000a400    00000018     driverlib.lib : udma.obj (.text:uDMAChannelEnable)
                  0000a418    00000016     rtsv7M4_T_le_v4SPD16_eabi.lib : strchr.obj (.text)
                  0000a42e    00000002     --HOLE-- [fill = 0]
                  0000a430    00000014                                   : _lock.obj (.text)
                  0000a444    00000014                                   : strcpy.obj (.text)
                  0000a458    00000014                                   : strlen.obj (.text)
                  0000a46c    00000014     driverlib.lib : udma.obj (.text:uDMAChannelRequest)
                  0000a480    00000012                   : gpio.obj (.text:GPIOPinTypeEthernetLED)
                  0000a492    00000012                   : gpio.obj (.text:GPIOPinTypeLCD)
                  0000a4a4    00000010                   : udma.obj (.text:uDMAEnable)
                  0000a4b4    0000000e     rtsv7M4_T_le_v4SPD16_eabi.lib : copy_decompress_none.obj (.text:decompress:none)
                  0000a4c2    0000000c     driverlib.lib : lcd.obj (.text:LCDIDDCommandWrite)
                  0000a4ce    0000000c                   : lcd.obj (.text:LCDIDDDataWrite)
                  0000a4da    0000000c     rtsv7M4_T_le_v4SPD16_eabi.lib : copy_zero_init.obj (.text:decompress:ZI)
                  0000a4e6    0000000c     tm4c129xnczad_startup_ccs.obj (.text)
                  0000a4f2    00000002     --HOLE-- [fill = 0]
                  0000a4f4    0000000c     driverlib.lib : udma.obj (.text:uDMAControlBaseSet)
                  0000a500    00000006                   : sysctl.obj (.text:SysCtlDelay)
                  0000a506    00000006     rtsv7M4_T_le_v4SPD16_eabi.lib : copy_decompress_rle.obj (.text:decompress:rle24)
                  0000a50c    00000004     driverlib.lib : lcd.obj (.text:LCDDMAConfigSet)
                  0000a510    00000004                   : lcd.obj (.text:LCDIDDConfigSet)
                  0000a514    00000004     rtsv7M4_T_le_v4SPD16_eabi.lib : pre_init.obj (.text)

.const     0    0000a518    00000efc     
                  0000a518    00000320     buzzer.obj (.const:$P$T6$7)
                  0000a838    00000320     buzzer.obj (.const:$P$T7$8)
                  0000ab58    000001ac     buzzer.obj (.const:$P$T0$1)
                  0000ad04    000001ac     buzzer.obj (.const:$P$T1$2)
                  0000aeb0    00000120     driverlib.lib : sysctl.obj (.const:g_pppui32XTALtoVCO)
                  0000afd0    00000101     rtsv7M4_T_le_v4SPD16_eabi.lib : ctype.obj (.const:.string:_ctypes_)
                  0000b0d1    00000003     --HOLE-- [fill = 0]
                  0000b0d4    000000e0     buzzer.obj (.const:$P$T4$5)
                  0000b1b4    000000e0     buzzer.obj (.const:$P$T5$6)
                  0000b294    0000006c     driverlib.lib : sysctl.obj (.const:g_pui32Xtals)
                  0000b300    00000060     buzzer.obj (.const:$P$T2$3)
                  0000b360    00000060     buzzer.obj (.const:$P$T3$4)
                  0000b3c0    00000030     driverlib.lib : sysctl.obj (.const:g_sXTALtoMEMTIM)
                  0000b3f0    0000001c     touch.obj (.const)
                  0000b40c    00000008     driverlib.lib : sysctl.obj (.const)

.cinit     0    0000b418    00000190     
                  0000b418    00000167     (.cinit..data.load) [load image, compression = rle]
                  0000b57f    00000001     --HOLE-- [fill = 0]
                  0000b580    0000000c     (__TI_handler_table)
                  0000b58c    00000004     --HOLE-- [fill = 0]
                  0000b590    00000008     (.cinit..bss.load) [load image, compression = zero_init]
                  0000b598    00000010     (__TI_cinit_table)

.init_array 
*          0    00000000    00000000     UNINITIALIZED

.bss       0    20000000    00028ab0     UNINITIALIZED
                  20000000    0001fe00     main.obj (.bss:buffer)
                  2001fe00    00002580     myLib.obj (.bss:temp_buffer$4)
                  20022380    00002580     myLib.obj (.bss:temp_buffer$5)
                  20024900    00001540     myLib.obj (.bss:temp_buffer$2)
                  20025e40    00001540     myLib.obj (.bss:temp_buffer$3)
                  20027380    000012d8     SingleTon.obj (.bss:st)
                  20028658    00000400     myLib.obj (.bss:pui8DMAControlTable$1)
                  20028a58    00000010     (.common:g_pi16Samples)
                  20028a68    00000004     (.common:T_flag)
                  20028a6c    00000004     (.common:cnt)
                  20028a70    00000004     (.common:cntt)
                  20028a74    00000004     (.common:g_pfnTSHandler)
                  20028a78    00000004     (.common:g_ui32MX66L51235FAddr)
                  20028a7c    00000004     (.common:g_ui32SysClock)
                  20028a80    00000004     (.common:g_ui32TSState)
                  20028a84    00000004     (.common:stb)
                  20028a88    00000004     (.common:stc)
                  20028a8c    00000004     (.common:sti)
                  20028a90    00000004     (.common:stm)
                  20028a94    00000004     (.common:stn)
                  20028a98    00000004     (.common:sts)
                  20028a9c    00000004     (.common:stsound)
                  20028aa0    00000004     (.common:stui)
                  20028aa4    00000004     (.common:user_X)
                  20028aa8    00000004     (.common:user_Y)
                  20028aac    00000002     (.common:g_i16TouchX)
                  20028aae    00000002     (.common:g_i16TouchY)

.TI.noinit 
*          0    20000000    00000000     UNINITIALIZED

.stack     0    20028ab0    00001000     UNINITIALIZED
                  20028ab0    00001000     --HOLE--

.data      0    20029ab0    00000284     UNINITIALIZED
                  20029ab0    000000b0     rtsv7M4_T_le_v4SPD16_eabi.lib : signal.obj (.data:sigtable)
                  20029b60    00000080                                   : xvalues.obj (.data)
                  20029be0    00000060     music.obj (.data:schoolBell_Codes)
                  20029c40    00000060     music.obj (.data:schoolBell_Delays)
                  20029ca0    00000034     main.obj (.data)
                  20029cd4    00000017     myLib.obj (.data)
                  20029ceb    00000001     --HOLE--
                  20029cec    00000010     Note.obj (.data)
                  20029cfc    00000010     collision.obj (.data)
                  20029d0c    00000008     rtsv7M4_T_le_v4SPD16_eabi.lib : _lock.obj (.data)
                  20029d14    00000008                                   : exit.obj (.data)
                  20029d1c    00000008                                   : feraiseexcept.obj (.data)
                  20029d24    00000004                                   : errno.obj (.data)
                  20029d28    00000004                                   : rand.obj (.data)
                  20029d2c    00000004                                   : stkdepth_vars.obj (.data)
                  20029d30    00000004     touch.obj (.data)

.TI.persistent 
*          0    20029ab0    00000000     UNINITIALIZED


LINKER GENERATED COPY TABLES

__TI_cinit_table @ 0000b598 records: 2, size/record: 8, table size: 16
	.data: load addr=0000b418, load size=00000167 bytes, run addr=20029ab0, run size=00000284 bytes, compression=rle
	.bss: load addr=0000b590, load size=00000008 bytes, run addr=20000000, run size=00028ab0 bytes, compression=zero_init


LINKER GENERATED HANDLER TABLE

__TI_handler_table @ 0000b580 records: 3, size/record: 4, table size: 12
	index: 0, handler: __TI_decompress_rle24
	index: 1, handler: __TI_decompress_none
	index: 2, handler: __TI_zero_init


GLOBAL SYMBOLS: SORTED ALPHABETICALLY BY Name 

address   name                             
-------   ----                             
00003cbd  AboutScene                       
00007679  AddNote                          
00004689  AlphaDraw                        
000026bf  BUZZER_clear                     
000024a7  BUZZER_init                      
00008723  BarAction                        
0000875b  BarDraw                          
000086bd  BarInit                          
00008717  BarUpdate                        
00003139  Bluetooth_GetCh                  
00003159  Bluetooth_GetKey                 
000031d9  Bluetooth_Printf                 
00003171  Bluetooth_PutCh                  
00003199  Bluetooth_PutStr                 
00002fb9  Bluetooth_init                   
000088f1  BuzzerMusicInit                  
00003dcf  BuzzerScene                      
0000a0b5  C$$EXIT                          
00000c6f  CharacterDraw                    
00009491  CollisionInit                    
000094c5  CollisionInit2                   
000094f5  CollisionUpdate                  
000094fd  CollisionUrteil                  
00004319  ComboDraw                        
00002d39  DIP_init                         
000026e9  DelayForPlay                     
00002249  DrawCheck                        
00002149  DrawCircle                       
00001101  DrawImage                        
00000e2d  DrawLine                         
000020e9  DrawRect                         
000021ef  DrawTriangle                     
00002ab5  FND_Minor                        
00002a81  FND_clear                        
00002771  FND_init                         
0000a2cd  GPIODirModeSet                   
0000935f  GPIOPadConfigSet                 
0000a481  GPIOPinTypeEthernetLED           
0000a3a1  GPIOPinTypeGPIOOutput            
0000a493  GPIOPinTypeLCD                   
000081e7  GameOverInit                     
000040b5  GameOverScene                    
0000823d  GamePlayScene                    
000044ed  GradeDraw                        
000081b9  Init                             
00009115  InputAction                      
000090c9  InputInit                        
0000910d  InputUpdate                      
00000209  Interrupt_init                   
0000045d  Interrupt_init_dip               
0000a50d  LCDDMAConfigSet                  
0000a4c3  LCDIDDCommandWrite               
0000a511  LCDIDDConfigSet                  
0000a4cf  LCDIDDDataWrite                  
0000a171  LCDIDDTimingSet                  
0000a345  LCDModeSet                       
000007e9  LCD_Init                         
00002b0d  LED_clear                        
00002b7d  LED_init                         
000038a9  LoadingScene                     
00003f61  MP3Scene                         
0000800f  MX66L51235FBlockErase32          
00008061  MX66L51235FBlockErase64          
000080b3  MX66L51235FChipErase             
00007e91  MX66L51235FInit                  
000080fb  MX66L51235FPageProgram           
00008157  MX66L51235FRead                  
00007fbd  MX66L51235FSectorErase           
0000395d  MenuScene                        
00002353  MoveCircle                       
00002363  MoveRect                         
00009889  MusicInit                        
00006cb3  MusicOptionDraw                  
00006355  MyWDTinitISR                     
000076df  NoteAction                       
000077b9  NoteDraw                         
000075c1  NoteInit                         
0000761b  NoteInit2                        
0000766d  NoteUpdate                       
00003a19  OptionScene                      
00002c85  PUSH_init                        
00006f09  PauseNoDraw                      
00006de1  PauseYesDraw                     
000064dd  PinoutSet                        
000026cd  Play                             
0000480d  PlayAlphaDraw                    
00004b69  PlayComboDraw                    
00003d0f  PlayScene                        
00004999  PlayScoreDraw                    
00006299  PointerMessage                   
000033a9  Port_Init                        
00000da9  PutPixel                         
00003209  RTC_Init                         
0000a4e7  ResetISR                         
00000b2d  RestoreBackground                
UNDEFED   SHT$$INIT_ARRAY$$Base            
UNDEFED   SHT$$INIT_ARRAY$$Limit           
000037c1  SceneInit                        
00008329  SceneUpdate                      
000098bd  ScollBell                        
000084f3  ScoreAction                      
0000415d  ScoreDraw                        
00008475  ScoreInit                        
000084b3  ScoreInit2                       
0000862d  ScoreProcess                     
000084e7  ScoreUpdate                      
00001809  Scroll_down                      
00001243  Scroll_left                      
00001525  Scroll_right                     
00001c61  Scroll_up                        
000020a3  SetFullFrame                     
00007ac9  SoundInit                        
00007ae5  SoundUpdate                      
00008b21  SysCtlClockFreqSet               
0000a501  SysCtlDelay                      
0000a1a9  SysCtlPeripheralEnable           
00009e11  SysCtlPeripheralReset            
000025a5  TIMER_init                       
20028a68  T_flag                           
00009d11  TimerControlTrigger              
0000754b  TouchScreenCallbackSet           
00007465  TouchScreenInit                  
000072fd  TouchScreenIntHandler            
00002e8b  UART_getch                       
00002e9b  UART_getkey                      
00002dd9  UART_init                        
00002ef9  UART_printf                      
00002eaf  UART_putch                       
00002ed9  UART_putstr                      
00006c2d  UIgameGiveUp                     
00006ac5  UIgameOptionInit                 
00006aff  UIgameOptionInit2                
00006b23  UIgameOptionUpdate               
00002727  WDTinitISR                       
00002985  WRITE_FND                        
00002a0d  WRITE_FND_DOT                    
0000a3b9  WriteCommand                     
0000a3d1  WriteData                        
0000a211  _Dclass                          
20029b60  _Denorm                          
000097c9  _Dnorm                           
000095bd  _Dscale                          
00009cab  _Dunscale                        
20029b70  _Eps                             
20029d24  _Errno                           
20029d1c  _Fenv                            
0000a241  _Feraise                         
20029b80  _Hugeval                         
20029b90  _Inf                             
20029ba0  _Nan                             
20029bc0  _Rteps                           
20029bb0  _Snan                            
20029d20  _Tls_setup__Fenv                 
20029bd0  _Xbig                            
20029bd8  _Zero                            
20029ab0  __STACK_END                      
00001000  __STACK_SIZE                     
20028cb0  __STACK_TOP                      
0000b598  __TI_CINIT_Base                  
0000b5a8  __TI_CINIT_Limit                 
0000b580  __TI_Handler_Table_Base          
0000b58c  __TI_Handler_Table_Limit         
00009bd5  __TI_auto_init                   
20029d14  __TI_cleanup_ptr                 
0000a4b5  __TI_decompress_none             
0000a507  __TI_decompress_rle24            
20029d18  __TI_dtors_ptr                   
00005af1  __TI_printfi                     
00000000  __TI_static_base__               
0000a4db  __TI_zero_init                   
000099cd  __aeabi_cdcmpeq                  
000099cd  __aeabi_cdcmple                  
00009a53  __aeabi_cdrcmple                 
00009fdd  __aeabi_d2iz                     
00008f1b  __aeabi_dadd                     
00009229  __aeabi_ddiv                     
000096cd  __aeabi_dmul                     
00008f11  __aeabi_dsub                     
0000a139  __aeabi_f2d                      
0000a271  __aeabi_i2d                      
00009b59  __aeabi_memclr                   
00009b59  __aeabi_memclr4                  
00009b59  __aeabi_memclr8                  
00009931  __aeabi_memcpy                   
00009931  __aeabi_memcpy4                  
00009931  __aeabi_memcpy8                  
00009b5b  __aeabi_memset                   
00009b5b  __aeabi_memset4                  
00009b5b  __aeabi_memset8                  
00008d1d  __aeabi_uldivmod                 
ffffffff  __binit__                        
ffffffff  __c_args__                       
20028ab0  __stack                          
0000a3e9  _args_main                       
00009e61  _c_int00                         
0000afd0  _ctypes_                         
20029d0c  _lock                            
0000a43f  _nop                             
0000a437  _register_lock                   
0000a431  _register_unlock                 
0000a515  _system_pre_init                 
20029d10  _unlock                          
00006315  _user_Bluetooth_Interrupt_Handler
00006163  _user_interrupt_handler_1        
0000618b  _user_interrupt_handler_2        
000061ad  _user_interrupt_handler_3        
000061d5  _user_interrupt_handler_4        
0000a0b9  abort                            
00009eb1  atoi                             
ffffffff  binit                            
20000000  buffer                           
000083bb  checkTouchDown                   
20028a6c  cnt                              
20028a70  cntt                             
20029ca0  colors                           
20029cc4  colors2                          
00009efd  copy_in                          
000026a5  delay                            
0000a0c1  exit                             
0000a1dd  feraiseexcept                    
20029cbc  flag                             
0000a2f7  frexp                            
20029d30  g_i16TouchMin                    
20028aac  g_i16TouchX                      
20028aae  g_i16TouchY                      
00000000  g_pfnVectors                     
0000b3f0  g_pi32TouchParameters            
20028a7c  g_ui32SysClock                   
00008405  getSingleTon                     
20029cb0  i                                
00009dbf  ldexp                            
20029cb4  loX                              
20029cb8  loY                              
00009d69  ltoa                             
00005fe1  main                             
20029d2c  main_func_sp                     
0000a385  memccpy                          
00009931  memcpy                           
00009b61  memset                           
00005df9  prob_1                           
00005e99  prob_2                           
00005f39  prob_3                           
0000a29f  raise                            
00009f5f  rand                             
20029be0  schoolBell_Codes                 
20029c40  schoolBell_Delays                
0000a0f9  signal                           
00009f49  srand                            
20028a84  stb                              
20028a88  stc                              
20028a8c  sti                              
20028a90  stm                              
20028a94  stn                              
0000a419  strchr                           
0000a445  strcpy                           
0000a459  strlen                           
20028a98  sts                              
20028a9c  stsound                          
20028aa0  stui                             
0000a06d  uDMAChannelAttributeDisable      
0000a321  uDMAChannelControlSet            
0000a401  uDMAChannelEnable                
0000a46d  uDMAChannelRequest               
00009ad9  uDMAChannelTransferSet           
0000a4f5  uDMAControlBaseSet               
0000a4a5  uDMAEnable                       
20028aa4  user_X                           
20028aa8  user_Y                           
20029cc0  variable0                        
0000a025  vsprintf                         


GLOBAL SYMBOLS: SORTED BY Symbol Address 

address   name                             
-------   ----                             
00000000  __TI_static_base__               
00000000  g_pfnVectors                     
00000209  Interrupt_init                   
0000045d  Interrupt_init_dip               
000007e9  LCD_Init                         
00000b2d  RestoreBackground                
00000c6f  CharacterDraw                    
00000da9  PutPixel                         
00000e2d  DrawLine                         
00001000  __STACK_SIZE                     
00001101  DrawImage                        
00001243  Scroll_left                      
00001525  Scroll_right                     
00001809  Scroll_down                      
00001c61  Scroll_up                        
000020a3  SetFullFrame                     
000020e9  DrawRect                         
00002149  DrawCircle                       
000021ef  DrawTriangle                     
00002249  DrawCheck                        
00002353  MoveCircle                       
00002363  MoveRect                         
000024a7  BUZZER_init                      
000025a5  TIMER_init                       
000026a5  delay                            
000026bf  BUZZER_clear                     
000026cd  Play                             
000026e9  DelayForPlay                     
00002727  WDTinitISR                       
00002771  FND_init                         
00002985  WRITE_FND                        
00002a0d  WRITE_FND_DOT                    
00002a81  FND_clear                        
00002ab5  FND_Minor                        
00002b0d  LED_clear                        
00002b7d  LED_init                         
00002c85  PUSH_init                        
00002d39  DIP_init                         
00002dd9  UART_init                        
00002e8b  UART_getch                       
00002e9b  UART_getkey                      
00002eaf  UART_putch                       
00002ed9  UART_putstr                      
00002ef9  UART_printf                      
00002fb9  Bluetooth_init                   
00003139  Bluetooth_GetCh                  
00003159  Bluetooth_GetKey                 
00003171  Bluetooth_PutCh                  
00003199  Bluetooth_PutStr                 
000031d9  Bluetooth_Printf                 
00003209  RTC_Init                         
000033a9  Port_Init                        
000037c1  SceneInit                        
000038a9  LoadingScene                     
0000395d  MenuScene                        
00003a19  OptionScene                      
00003cbd  AboutScene                       
00003d0f  PlayScene                        
00003dcf  BuzzerScene                      
00003f61  MP3Scene                         
000040b5  GameOverScene                    
0000415d  ScoreDraw                        
00004319  ComboDraw                        
000044ed  GradeDraw                        
00004689  AlphaDraw                        
0000480d  PlayAlphaDraw                    
00004999  PlayScoreDraw                    
00004b69  PlayComboDraw                    
00005af1  __TI_printfi                     
00005df9  prob_1                           
00005e99  prob_2                           
00005f39  prob_3                           
00005fe1  main                             
00006163  _user_interrupt_handler_1        
0000618b  _user_interrupt_handler_2        
000061ad  _user_interrupt_handler_3        
000061d5  _user_interrupt_handler_4        
00006299  PointerMessage                   
00006315  _user_Bluetooth_Interrupt_Handler
00006355  MyWDTinitISR                     
000064dd  PinoutSet                        
00006ac5  UIgameOptionInit                 
00006aff  UIgameOptionInit2                
00006b23  UIgameOptionUpdate               
00006c2d  UIgameGiveUp                     
00006cb3  MusicOptionDraw                  
00006de1  PauseYesDraw                     
00006f09  PauseNoDraw                      
000072fd  TouchScreenIntHandler            
00007465  TouchScreenInit                  
0000754b  TouchScreenCallbackSet           
000075c1  NoteInit                         
0000761b  NoteInit2                        
0000766d  NoteUpdate                       
00007679  AddNote                          
000076df  NoteAction                       
000077b9  NoteDraw                         
00007ac9  SoundInit                        
00007ae5  SoundUpdate                      
00007e91  MX66L51235FInit                  
00007fbd  MX66L51235FSectorErase           
0000800f  MX66L51235FBlockErase32          
00008061  MX66L51235FBlockErase64          
000080b3  MX66L51235FChipErase             
000080fb  MX66L51235FPageProgram           
00008157  MX66L51235FRead                  
000081b9  Init                             
000081e7  GameOverInit                     
0000823d  GamePlayScene                    
00008329  SceneUpdate                      
000083bb  checkTouchDown                   
00008405  getSingleTon                     
00008475  ScoreInit                        
000084b3  ScoreInit2                       
000084e7  ScoreUpdate                      
000084f3  ScoreAction                      
0000862d  ScoreProcess                     
000086bd  BarInit                          
00008717  BarUpdate                        
00008723  BarAction                        
0000875b  BarDraw                          
000088f1  BuzzerMusicInit                  
00008b21  SysCtlClockFreqSet               
00008d1d  __aeabi_uldivmod                 
00008f11  __aeabi_dsub                     
00008f1b  __aeabi_dadd                     
000090c9  InputInit                        
0000910d  InputUpdate                      
00009115  InputAction                      
00009229  __aeabi_ddiv                     
0000935f  GPIOPadConfigSet                 
00009491  CollisionInit                    
000094c5  CollisionInit2                   
000094f5  CollisionUpdate                  
000094fd  CollisionUrteil                  
000095bd  _Dscale                          
000096cd  __aeabi_dmul                     
000097c9  _Dnorm                           
00009889  MusicInit                        
000098bd  ScollBell                        
00009931  __aeabi_memcpy                   
00009931  __aeabi_memcpy4                  
00009931  __aeabi_memcpy8                  
00009931  memcpy                           
000099cd  __aeabi_cdcmpeq                  
000099cd  __aeabi_cdcmple                  
00009a53  __aeabi_cdrcmple                 
00009ad9  uDMAChannelTransferSet           
00009b59  __aeabi_memclr                   
00009b59  __aeabi_memclr4                  
00009b59  __aeabi_memclr8                  
00009b5b  __aeabi_memset                   
00009b5b  __aeabi_memset4                  
00009b5b  __aeabi_memset8                  
00009b61  memset                           
00009bd5  __TI_auto_init                   
00009cab  _Dunscale                        
00009d11  TimerControlTrigger              
00009d69  ltoa                             
00009dbf  ldexp                            
00009e11  SysCtlPeripheralReset            
00009e61  _c_int00                         
00009eb1  atoi                             
00009efd  copy_in                          
00009f49  srand                            
00009f5f  rand                             
00009fdd  __aeabi_d2iz                     
0000a025  vsprintf                         
0000a06d  uDMAChannelAttributeDisable      
0000a0b5  C$$EXIT                          
0000a0b9  abort                            
0000a0c1  exit                             
0000a0f9  signal                           
0000a139  __aeabi_f2d                      
0000a171  LCDIDDTimingSet                  
0000a1a9  SysCtlPeripheralEnable           
0000a1dd  feraiseexcept                    
0000a211  _Dclass                          
0000a241  _Feraise                         
0000a271  __aeabi_i2d                      
0000a29f  raise                            
0000a2cd  GPIODirModeSet                   
0000a2f7  frexp                            
0000a321  uDMAChannelControlSet            
0000a345  LCDModeSet                       
0000a385  memccpy                          
0000a3a1  GPIOPinTypeGPIOOutput            
0000a3b9  WriteCommand                     
0000a3d1  WriteData                        
0000a3e9  _args_main                       
0000a401  uDMAChannelEnable                
0000a419  strchr                           
0000a431  _register_unlock                 
0000a437  _register_lock                   
0000a43f  _nop                             
0000a445  strcpy                           
0000a459  strlen                           
0000a46d  uDMAChannelRequest               
0000a481  GPIOPinTypeEthernetLED           
0000a493  GPIOPinTypeLCD                   
0000a4a5  uDMAEnable                       
0000a4b5  __TI_decompress_none             
0000a4c3  LCDIDDCommandWrite               
0000a4cf  LCDIDDDataWrite                  
0000a4db  __TI_zero_init                   
0000a4e7  ResetISR                         
0000a4f5  uDMAControlBaseSet               
0000a501  SysCtlDelay                      
0000a507  __TI_decompress_rle24            
0000a50d  LCDDMAConfigSet                  
0000a511  LCDIDDConfigSet                  
0000a515  _system_pre_init                 
0000afd0  _ctypes_                         
0000b3f0  g_pi32TouchParameters            
0000b580  __TI_Handler_Table_Base          
0000b58c  __TI_Handler_Table_Limit         
0000b598  __TI_CINIT_Base                  
0000b5a8  __TI_CINIT_Limit                 
20000000  buffer                           
20028a68  T_flag                           
20028a6c  cnt                              
20028a70  cntt                             
20028a7c  g_ui32SysClock                   
20028a84  stb                              
20028a88  stc                              
20028a8c  sti                              
20028a90  stm                              
20028a94  stn                              
20028a98  sts                              
20028a9c  stsound                          
20028aa0  stui                             
20028aa4  user_X                           
20028aa8  user_Y                           
20028aac  g_i16TouchX                      
20028aae  g_i16TouchY                      
20028ab0  __stack                          
20028cb0  __STACK_TOP                      
20029ab0  __STACK_END                      
20029b60  _Denorm                          
20029b70  _Eps                             
20029b80  _Hugeval                         
20029b90  _Inf                             
20029ba0  _Nan                             
20029bb0  _Snan                            
20029bc0  _Rteps                           
20029bd0  _Xbig                            
20029bd8  _Zero                            
20029be0  schoolBell_Codes                 
20029c40  schoolBell_Delays                
20029ca0  colors                           
20029cb0  i                                
20029cb4  loX                              
20029cb8  loY                              
20029cbc  flag                             
20029cc0  variable0                        
20029cc4  colors2                          
20029d0c  _lock                            
20029d10  _unlock                          
20029d14  __TI_cleanup_ptr                 
20029d18  __TI_dtors_ptr                   
20029d1c  _Fenv                            
20029d20  _Tls_setup__Fenv                 
20029d24  _Errno                           
20029d2c  main_func_sp                     
20029d30  g_i16TouchMin                    
ffffffff  __binit__                        
ffffffff  __c_args__                       
ffffffff  binit                            
UNDEFED   SHT$$INIT_ARRAY$$Base            
UNDEFED   SHT$$INIT_ARRAY$$Limit           

[270 symbols]
