******************************************************************************
                  TI ARM Linker PC v5.2.5                      
******************************************************************************
>> Linked Tue May 29 11:39:30 2018

OUTPUT FILE NAME:   <Term_Project.out>
ENTRY POINT SYMBOL: "_c_int00"  address: 000063a9


MEMORY CONFIGURATION

         name            origin    length      used     unused   attr    fill
----------------------  --------  ---------  --------  --------  ----  --------
  FLASH                 00000000   00100000  00006ff4  000f900c  R  X
  SRAM                  20000000   00040000  00028900  00017700  RW X


SEGMENT ALLOCATION MAP

run origin  load origin   length   init length attrs members
----------  ----------- ---------- ----------- ----- -------
00000000    00000000    00006ff8   00006ff8    r-x
  00000000    00000000    00000208   00000208    r-- .intvecs
  00000208    00000208    000067f8   000067f8    r-x .text
  00006a00    00006a00    0000056c   0000056c    r-- .const
  00006f70    00006f70    00000088   00000088    r-- .cinit
20000000    20000000    00028900   00000000    rw-
  20000000    20000000    00027788   00000000    rw- .bss
  20027788    20027788    00001000   00000000    rw- .stack
  20028788    20028788    00000178   00000000    rw- .data


SECTION ALLOCATION MAP

 output                                  attributes/
section   page    origin      length       input sections
--------  ----  ----------  ----------   ----------------
.intvecs   0    00000000    00000208     
                  00000000    00000208     tm4c129xnczad_startup_ccs.obj (.intvecs)

.text      0    00000208    000067f8     
                  00000208    00002d88     myLib.obj (.text)
                  00002f90    000010ba     rtsv7M4_T_le_v4SPD16_eabi.lib : _printfi.obj (.text)
                  0000404a    00000002     --HOLE-- [fill = 0]
                  0000404c    000005e8     pinout.obj (.text)
                  00004634    00000584     rhythm.obj (.text)
                  00004bb8    00000518     main.obj (.text)
                  000050d0    00000328     mx66l51235f.obj (.text)
                  000053f8    000001fc     driverlib.lib : sysctl.obj (.text:SysCtlClockFreqSet)
                  000055f4    000001f4     rtsv7M4_T_le_v4SPD16_eabi.lib : ull_div_t2.obj (.text)
                  000057e8    000001b6                                   : fd_add_t2.obj (.text)
                  0000599e    00000136                                   : fd_div_t2.obj (.text)
                  00005ad4    00000130     driverlib.lib : gpio.obj (.text:GPIOPadConfigSet)
                  00005c04    00000110     rtsv7M4_T_le_v4SPD16_eabi.lib : xdscale.obj (.text)
                  00005d14    000000fc                                   : fd_mul_t2.obj (.text)
                  00005e10    000000be                                   : xdnorm.obj (.text)
                  00005ece    0000009c                                   : memcpy_t2.obj (.text)
                  00005f6a    00000086                                   : fd_cmp_t2.obj (.text:__aeabi_cdcmple)
                  00005ff0    00000086                                   : fd_cmp_t2.obj (.text:__aeabi_cdrcmple)
                  00006076    00000002     --HOLE-- [fill = 0]
                  00006078    00000080     driverlib.lib : udma.obj (.text:uDMAChannelTransferSet)
                  000060f8    0000007a     rtsv7M4_T_le_v4SPD16_eabi.lib : memset_t2.obj (.text)
                  00006172    00000002     --HOLE-- [fill = 0]
                  00006174    0000006c                                   : autoinit.obj (.text)
                  000061e0    0000006a                                   : copy_decompress_rle.obj (.text)
                  0000624a    00000066                                   : xdunscal.obj (.text)
                  000062b0    00000056                                   : ltoa.obj (.text)
                  00006306    00000052                                   : ldexp.obj (.text)
                  00006358    00000050     driverlib.lib : sysctl.obj (.text:SysCtlPeripheralReset)
                  000063a8    00000050     rtsv7M4_T_le_v4SPD16_eabi.lib : boot.obj (.text)
                  000063f8    0000004c                                   : atoi.obj (.text)
                  00006444    0000004c                                   : cpy_tbl.obj (.text)
                  00006490    00000048     driverlib.lib : sysctl.obj (.text:_SysCtlFrequencyGet)
                  000064d8    00000048     rtsv7M4_T_le_v4SPD16_eabi.lib : fd_toi_t2.obj (.text)
                  00006520    00000048                                   : vsprintf.obj (.text)
                  00006568    00000048     driverlib.lib : udma.obj (.text:uDMAChannelAttributeDisable)
                  000065b0    00000044     rtsv7M4_T_le_v4SPD16_eabi.lib : exit.obj (.text)
                  000065f4    00000040                                   : signal.obj (.text)
                  00006634    00000038                                   : fs_tod_t2.obj (.text)
                  0000666c    00000036     driverlib.lib : lcd.obj (.text:LCDIDDTimingSet)
                  000066a2    00000002     --HOLE-- [fill = 0]
                  000066a4    00000034                   : sysctl.obj (.text:SysCtlPeripheralEnable)
                  000066d8    00000034     rtsv7M4_T_le_v4SPD16_eabi.lib : feraiseexcept.obj (.text)
                  0000670c    00000030                                   : xdclass.obj (.text)
                  0000673c    00000030                                   : xferaise.obj (.text)
                  0000676c    0000002e                                   : i_tofd_t2.obj (.text)
                  0000679a    0000002e                                   : raise.obj (.text)
                  000067c8    0000002a     driverlib.lib : gpio.obj (.text:GPIODirModeSet)
                  000067f2    0000002a     rtsv7M4_T_le_v4SPD16_eabi.lib : frexp.obj (.text)
                  0000681c    00000024     driverlib.lib : udma.obj (.text:uDMAChannelControlSet)
                  00006840    00000022                   : lcd.obj (.text:LCDModeSet)
                  00006862    00000002     --HOLE-- [fill = 0]
                  00006864    0000001c                   : sysctl.obj (.text:_SysCtlMemTimingGet)
                  00006880    0000001c     rtsv7M4_T_le_v4SPD16_eabi.lib : memccpy.obj (.text)
                  0000689c    00000018     driverlib.lib : gpio.obj (.text:GPIOPinTypeGPIOOutput)
                  000068b4    00000018     myLib.obj (.text:WriteCommand)
                  000068cc    00000018     myLib.obj (.text:WriteData)
                  000068e4    00000018     rtsv7M4_T_le_v4SPD16_eabi.lib : args_main.obj (.text)
                  000068fc    00000018     driverlib.lib : udma.obj (.text:uDMAChannelEnable)
                  00006914    00000016     rtsv7M4_T_le_v4SPD16_eabi.lib : strchr.obj (.text)
                  0000692a    00000002     --HOLE-- [fill = 0]
                  0000692c    00000014                                   : _lock.obj (.text)
                  00006940    00000014                                   : strlen.obj (.text)
                  00006954    00000014     driverlib.lib : udma.obj (.text:uDMAChannelRequest)
                  00006968    00000012                   : gpio.obj (.text:GPIOPinTypeEthernetLED)
                  0000697a    00000012                   : gpio.obj (.text:GPIOPinTypeLCD)
                  0000698c    00000010                   : udma.obj (.text:uDMAEnable)
                  0000699c    0000000e     rtsv7M4_T_le_v4SPD16_eabi.lib : copy_decompress_none.obj (.text:decompress:none)
                  000069aa    0000000c     driverlib.lib : lcd.obj (.text:LCDIDDCommandWrite)
                  000069b6    0000000c                   : lcd.obj (.text:LCDIDDDataWrite)
                  000069c2    0000000c     rtsv7M4_T_le_v4SPD16_eabi.lib : copy_zero_init.obj (.text:decompress:ZI)
                  000069ce    0000000c     tm4c129xnczad_startup_ccs.obj (.text)
                  000069da    00000002     --HOLE-- [fill = 0]
                  000069dc    0000000c     driverlib.lib : udma.obj (.text:uDMAControlBaseSet)
                  000069e8    00000006                   : sysctl.obj (.text:SysCtlDelay)
                  000069ee    00000006     rtsv7M4_T_le_v4SPD16_eabi.lib : copy_decompress_rle.obj (.text:decompress:rle24)
                  000069f4    00000004     driverlib.lib : lcd.obj (.text:LCDDMAConfigSet)
                  000069f8    00000004                   : lcd.obj (.text:LCDIDDConfigSet)
                  000069fc    00000004     rtsv7M4_T_le_v4SPD16_eabi.lib : pre_init.obj (.text)

.const     0    00006a00    0000056c     
                  00006a00    000001ac     rhythm.obj (.const:stay_with_me_delay)
                  00006bac    00000120     driverlib.lib : sysctl.obj (.const:g_pppui32XTALtoVCO)
                  00006ccc    00000101     rtsv7M4_T_le_v4SPD16_eabi.lib : ctype.obj (.const:.string:_ctypes_)
                  00006dcd    00000003     --HOLE-- [fill = 0]
                  00006dd0    00000088     main.obj (.const)
                  00006e58    0000006c     driverlib.lib : sysctl.obj (.const:g_pui32Xtals)
                  00006ec4    00000060     main.obj (.const:$P$T2$3)
                  00006f24    00000030     driverlib.lib : sysctl.obj (.const:g_sXTALtoMEMTIM)
                  00006f54    00000010     rhythm.obj (.const)
                  00006f64    00000008     driverlib.lib : sysctl.obj (.const)

.cinit     0    00006f70    00000088     
                  00006f70    00000063     (.cinit..data.load) [load image, compression = rle]
                  00006fd3    00000001     --HOLE-- [fill = 0]
                  00006fd4    0000000c     (__TI_handler_table)
                  00006fe0    00000008     (.cinit..bss.load) [load image, compression = zero_init]
                  00006fe8    00000010     (__TI_cinit_table)

.init_array 
*          0    00000000    00000000     UNINITIALIZED

.bss       0    20000000    00027788     UNINITIALIZED
                  20000000    0001fe00     main.obj (.bss:buffer)
                  2001fe00    00002580     myLib.obj (.bss:temp_buffer$4)
                  20022380    00002580     myLib.obj (.bss:temp_buffer$5)
                  20024900    00001540     myLib.obj (.bss:temp_buffer$2)
                  20025e40    00001540     myLib.obj (.bss:temp_buffer$3)
                  20027380    00000400     myLib.obj (.bss:pui8DMAControlTable$1)
                  20027780    00000004     (.common:g_ui32MX66L51235FAddr)
                  20027784    00000004     (.common:g_ui32SysClock)

.TI.noinit 
*          0    20000000    00000000     UNINITIALIZED

.stack     0    20027788    00001000     UNINITIALIZED
                  20027788    00001000     --HOLE--

.data      0    20028788    00000178     UNINITIALIZED
                  20028788    000000b0     rtsv7M4_T_le_v4SPD16_eabi.lib : signal.obj (.data:sigtable)
                  20028838    00000080                                   : xvalues.obj (.data)
                  200288b8    00000017     myLib.obj (.data)
                  200288cf    00000001     --HOLE--
                  200288d0    0000000c     rhythm.obj (.data)
                  200288dc    00000008     rtsv7M4_T_le_v4SPD16_eabi.lib : _lock.obj (.data)
                  200288e4    00000008                                   : exit.obj (.data)
                  200288ec    00000008                                   : feraiseexcept.obj (.data)
                  200288f4    00000004     main.obj (.data)
                  200288f8    00000004     rtsv7M4_T_le_v4SPD16_eabi.lib : errno.obj (.data)
                  200288fc    00000004                                   : stkdepth_vars.obj (.data)

.TI.persistent 
*          0    20028788    00000000     UNINITIALIZED


LINKER GENERATED COPY TABLES

__TI_cinit_table @ 00006fe8 records: 2, size/record: 8, table size: 16
	.data: load addr=00006f70, load size=00000063 bytes, run addr=20028788, run size=00000178 bytes, compression=rle
	.bss: load addr=00006fe0, load size=00000008 bytes, run addr=20000000, run size=00027788 bytes, compression=zero_init


LINKER GENERATED HANDLER TABLE

__TI_handler_table @ 00006fd4 records: 3, size/record: 4, table size: 12
	index: 0, handler: __TI_decompress_rle24
	index: 1, handler: __TI_decompress_none
	index: 2, handler: __TI_zero_init


GLOBAL SYMBOLS: SORTED ALPHABETICALLY BY Name 

address   name                          
-------   ----                          
00002643  BUZZER_clear                  
00002437  BUZZER_init                   
00000ed9  BarDraw                       
000048b3  BarView                       
000065b1  C$$EXIT                       
00000c6f  CharacterDraw                 
00002cbd  DIP_init                      
0000266d  DelayForPlay                  
00002381  DrawCircle                    
0000133d  DrawImage                     
00001069  DrawLine                      
00002321  DrawRect                      
00002a39  FND_Minor                     
00002a05  FND_clear                     
000026ed  FND_init                      
000067c9  GPIODirModeSet                
00005ad5  GPIOPadConfigSet              
00006969  GPIOPinTypeEthernetLED        
0000689d  GPIOPinTypeGPIOOutput         
0000697b  GPIOPinTypeLCD                
00000209  Interrupt_init                
0000045d  Interrupt_init_dip            
00004b77  KeyboardProcessing            
000069f5  LCDDMAConfigSet               
000069ab  LCDIDDCommandWrite            
000069f9  LCDIDDConfigSet               
000069b7  LCDIDDDataWrite               
0000666d  LCDIDDTimingSet               
00006841  LCDModeSet                    
000007e9  LCD_Init                      
00002a95  LED_clear                     
00002b05  LED_init                      
0000524f  MX66L51235FBlockErase32       
000052a1  MX66L51235FBlockErase64       
000052f3  MX66L51235FChipErase          
000050d1  MX66L51235FInit               
0000533b  MX66L51235FPageProgram        
00005397  MX66L51235FRead               
000051fd  MX66L51235FSectorErase        
00002427  MoveCircle                    
00000db5  NoteDraw                      
00002c0d  PUSH_init                     
0000404d  PinoutSet                     
00002651  Play                          
00000ff1  PutPixel                      
000069cf  ResetISR                      
00000b2d  RestoreBackground             
UNDEFED   SHT$$INIT_ARRAY$$Base         
UNDEFED   SHT$$INIT_ARRAY$$Limit        
00004995  ScoreProcessing               
00001a45  Scroll_down                   
0000147f  Scroll_left                   
00001761  Scroll_right                  
00001e9d  Scroll_up                     
000022dd  SetFullFrame                  
0000490d  StayWithMe                    
000053f9  SysCtlClockFreqSet            
000069e9  SysCtlDelay                   
000066a5  SysCtlPeripheralEnable        
00006359  SysCtlPeripheralReset         
00002539  TIMER_init                    
00002e0f  UART_getch                    
00002e1f  UART_getkey                   
00002d5d  UART_init                     
00002e7d  UART_printf                   
00002e33  UART_putch                    
00002e5d  UART_putstr                   
000026ab  WDTinitISR                    
00002901  WRITE_FND                     
00002991  WRITE_FND_DOT                 
000068b5  WriteCommand                  
000068cd  WriteData                     
0000670d  _Dclass                       
20028838  _Denorm                       
00005e11  _Dnorm                        
00005c05  _Dscale                       
0000624b  _Dunscale                     
20028848  _Eps                          
200288f8  _Errno                        
200288ec  _Fenv                         
0000673d  _Feraise                      
20028858  _Hugeval                      
20028868  _Inf                          
20028878  _Nan                          
20028898  _Rteps                        
20028888  _Snan                         
200288f0  _Tls_setup__Fenv              
200288a8  _Xbig                         
200288b0  _Zero                         
20028788  __STACK_END                   
00001000  __STACK_SIZE                  
20027988  __STACK_TOP                   
00006fe8  __TI_CINIT_Base               
00006ff8  __TI_CINIT_Limit              
00006fd4  __TI_Handler_Table_Base       
00006fe0  __TI_Handler_Table_Limit      
00006175  __TI_auto_init                
200288e4  __TI_cleanup_ptr              
0000699d  __TI_decompress_none          
000069ef  __TI_decompress_rle24         
200288e8  __TI_dtors_ptr                
00003d45  __TI_printfi                  
00000000  __TI_static_base__            
000069c3  __TI_zero_init                
00005f6b  __aeabi_cdcmpeq               
00005f6b  __aeabi_cdcmple               
00005ff1  __aeabi_cdrcmple              
000064d9  __aeabi_d2iz                  
000057f3  __aeabi_dadd                  
0000599f  __aeabi_ddiv                  
00005d15  __aeabi_dmul                  
000057e9  __aeabi_dsub                  
00006635  __aeabi_f2d                   
0000676d  __aeabi_i2d                   
000060f9  __aeabi_memclr                
000060f9  __aeabi_memclr4               
000060f9  __aeabi_memclr8               
00005ecf  __aeabi_memcpy                
00005ecf  __aeabi_memcpy4               
00005ecf  __aeabi_memcpy8               
000060fb  __aeabi_memset                
000060fb  __aeabi_memset4               
000060fb  __aeabi_memset8               
000055f5  __aeabi_uldivmod              
ffffffff  __binit__                     
ffffffff  __c_args__                    
20027788  __stack                       
000068e5  _args_main                    
000063a9  _c_int00                      
00006ccc  _ctypes_                      
200288dc  _lock                         
0000693b  _nop                          
00006933  _register_lock                
0000692d  _register_unlock              
000069fd  _system_pre_init              
200288e0  _unlock                       
00004d47  _user_interrupt_handler_1     
00004d6f  _user_interrupt_handler_2     
00004d91  _user_interrupt_handler_3     
00004db3  _user_interrupt_handler_4     
00004e89  _user_interrupt_handler_dip_a 
00004f5d  _user_interrupt_handler_dip_b 
00004fd1  _user_interrupt_handler_dip_g 
00004fd7  _user_interrupt_handler_dip_q4
00004fd5  _user_interrupt_handler_dip_q5
00004fd3  _user_interrupt_handler_dip_q6
000065b5  abort                         
000063f9  atoi                          
ffffffff  binit                         
20000000  buffer                        
200288f4  cnt                           
00006445  copy_in                       
00002629  delay                         
000065bd  exit                          
000066d9  feraiseexcept                 
000067f3  frexp                         
00000000  g_pfnVectors                  
20027784  g_ui32SysClock                
00004635  imageMove                     
00006307  ldexp                         
000062b1  ltoa                          
00004bb9  main                          
200288fc  main_func_sp                  
00006881  memccpy                       
00005ecf  memcpy                        
00006101  memset                        
000047e7  noteView                      
0000679b  raise                         
000065f5  signal                        
00006915  strchr                        
00006941  strlen                        
00006569  uDMAChannelAttributeDisable   
0000681d  uDMAChannelControlSet         
000068fd  uDMAChannelEnable             
00006955  uDMAChannelRequest            
00006079  uDMAChannelTransferSet        
000069dd  uDMAControlBaseSet            
0000698d  uDMAEnable                    
00006521  vsprintf                      


GLOBAL SYMBOLS: SORTED BY Symbol Address 

address   name                          
-------   ----                          
00000000  __TI_static_base__            
00000000  g_pfnVectors                  
00000209  Interrupt_init                
0000045d  Interrupt_init_dip            
000007e9  LCD_Init                      
00000b2d  RestoreBackground             
00000c6f  CharacterDraw                 
00000db5  NoteDraw                      
00000ed9  BarDraw                       
00000ff1  PutPixel                      
00001000  __STACK_SIZE                  
00001069  DrawLine                      
0000133d  DrawImage                     
0000147f  Scroll_left                   
00001761  Scroll_right                  
00001a45  Scroll_down                   
00001e9d  Scroll_up                     
000022dd  SetFullFrame                  
00002321  DrawRect                      
00002381  DrawCircle                    
00002427  MoveCircle                    
00002437  BUZZER_init                   
00002539  TIMER_init                    
00002629  delay                         
00002643  BUZZER_clear                  
00002651  Play                          
0000266d  DelayForPlay                  
000026ab  WDTinitISR                    
000026ed  FND_init                      
00002901  WRITE_FND                     
00002991  WRITE_FND_DOT                 
00002a05  FND_clear                     
00002a39  FND_Minor                     
00002a95  LED_clear                     
00002b05  LED_init                      
00002c0d  PUSH_init                     
00002cbd  DIP_init                      
00002d5d  UART_init                     
00002e0f  UART_getch                    
00002e1f  UART_getkey                   
00002e33  UART_putch                    
00002e5d  UART_putstr                   
00002e7d  UART_printf                   
00003d45  __TI_printfi                  
0000404d  PinoutSet                     
00004635  imageMove                     
000047e7  noteView                      
000048b3  BarView                       
0000490d  StayWithMe                    
00004995  ScoreProcessing               
00004b77  KeyboardProcessing            
00004bb9  main                          
00004d47  _user_interrupt_handler_1     
00004d6f  _user_interrupt_handler_2     
00004d91  _user_interrupt_handler_3     
00004db3  _user_interrupt_handler_4     
00004e89  _user_interrupt_handler_dip_a 
00004f5d  _user_interrupt_handler_dip_b 
00004fd1  _user_interrupt_handler_dip_g 
00004fd3  _user_interrupt_handler_dip_q6
00004fd5  _user_interrupt_handler_dip_q5
00004fd7  _user_interrupt_handler_dip_q4
000050d1  MX66L51235FInit               
000051fd  MX66L51235FSectorErase        
0000524f  MX66L51235FBlockErase32       
000052a1  MX66L51235FBlockErase64       
000052f3  MX66L51235FChipErase          
0000533b  MX66L51235FPageProgram        
00005397  MX66L51235FRead               
000053f9  SysCtlClockFreqSet            
000055f5  __aeabi_uldivmod              
000057e9  __aeabi_dsub                  
000057f3  __aeabi_dadd                  
0000599f  __aeabi_ddiv                  
00005ad5  GPIOPadConfigSet              
00005c05  _Dscale                       
00005d15  __aeabi_dmul                  
00005e11  _Dnorm                        
00005ecf  __aeabi_memcpy                
00005ecf  __aeabi_memcpy4               
00005ecf  __aeabi_memcpy8               
00005ecf  memcpy                        
00005f6b  __aeabi_cdcmpeq               
00005f6b  __aeabi_cdcmple               
00005ff1  __aeabi_cdrcmple              
00006079  uDMAChannelTransferSet        
000060f9  __aeabi_memclr                
000060f9  __aeabi_memclr4               
000060f9  __aeabi_memclr8               
000060fb  __aeabi_memset                
000060fb  __aeabi_memset4               
000060fb  __aeabi_memset8               
00006101  memset                        
00006175  __TI_auto_init                
0000624b  _Dunscale                     
000062b1  ltoa                          
00006307  ldexp                         
00006359  SysCtlPeripheralReset         
000063a9  _c_int00                      
000063f9  atoi                          
00006445  copy_in                       
000064d9  __aeabi_d2iz                  
00006521  vsprintf                      
00006569  uDMAChannelAttributeDisable   
000065b1  C$$EXIT                       
000065b5  abort                         
000065bd  exit                          
000065f5  signal                        
00006635  __aeabi_f2d                   
0000666d  LCDIDDTimingSet               
000066a5  SysCtlPeripheralEnable        
000066d9  feraiseexcept                 
0000670d  _Dclass                       
0000673d  _Feraise                      
0000676d  __aeabi_i2d                   
0000679b  raise                         
000067c9  GPIODirModeSet                
000067f3  frexp                         
0000681d  uDMAChannelControlSet         
00006841  LCDModeSet                    
00006881  memccpy                       
0000689d  GPIOPinTypeGPIOOutput         
000068b5  WriteCommand                  
000068cd  WriteData                     
000068e5  _args_main                    
000068fd  uDMAChannelEnable             
00006915  strchr                        
0000692d  _register_unlock              
00006933  _register_lock                
0000693b  _nop                          
00006941  strlen                        
00006955  uDMAChannelRequest            
00006969  GPIOPinTypeEthernetLED        
0000697b  GPIOPinTypeLCD                
0000698d  uDMAEnable                    
0000699d  __TI_decompress_none          
000069ab  LCDIDDCommandWrite            
000069b7  LCDIDDDataWrite               
000069c3  __TI_zero_init                
000069cf  ResetISR                      
000069dd  uDMAControlBaseSet            
000069e9  SysCtlDelay                   
000069ef  __TI_decompress_rle24         
000069f5  LCDDMAConfigSet               
000069f9  LCDIDDConfigSet               
000069fd  _system_pre_init              
00006ccc  _ctypes_                      
00006fd4  __TI_Handler_Table_Base       
00006fe0  __TI_Handler_Table_Limit      
00006fe8  __TI_CINIT_Base               
00006ff8  __TI_CINIT_Limit              
20000000  buffer                        
20027784  g_ui32SysClock                
20027788  __stack                       
20027988  __STACK_TOP                   
20028788  __STACK_END                   
20028838  _Denorm                       
20028848  _Eps                          
20028858  _Hugeval                      
20028868  _Inf                          
20028878  _Nan                          
20028888  _Snan                         
20028898  _Rteps                        
200288a8  _Xbig                         
200288b0  _Zero                         
200288dc  _lock                         
200288e0  _unlock                       
200288e4  __TI_cleanup_ptr              
200288e8  __TI_dtors_ptr                
200288ec  _Fenv                         
200288f0  _Tls_setup__Fenv              
200288f4  cnt                           
200288f8  _Errno                        
200288fc  main_func_sp                  
ffffffff  __binit__                     
ffffffff  __c_args__                    
ffffffff  binit                         
UNDEFED   SHT$$INIT_ARRAY$$Base         
UNDEFED   SHT$$INIT_ARRAY$$Limit        

[179 symbols]
