<?xml version="1.0"?>
<link_info>
   <banner>TI ARM Linker PC v5.2.5</banner>
   <copyright>Copyright (c) 1996-2015 Texas Instruments Incorporated</copyright>
   <link_time>0x5b0cbd62</link_time>
   <link_errors>0x0</link_errors>
   <output_file>Term_Project.out</output_file>
   <entry_point>
      <name>_c_int00</name>
      <address>0x63a9</address>
   </entry_point>
   <input_file_list>
      <input_file id="fl-2">
         <path>.\</path>
         <kind>object</kind>
         <file>Module.obj</file>
         <name>Module.obj</name>
      </input_file>
      <input_file id="fl-3">
         <path>.\</path>
         <kind>object</kind>
         <file>main.obj</file>
         <name>main.obj</name>
      </input_file>
      <input_file id="fl-4">
         <path>.\</path>
         <kind>object</kind>
         <file>myLib.obj</file>
         <name>myLib.obj</name>
      </input_file>
      <input_file id="fl-5">
         <path>.\</path>
         <kind>object</kind>
         <file>pinout.obj</file>
         <name>pinout.obj</name>
      </input_file>
      <input_file id="fl-6">
         <path>.\</path>
         <kind>object</kind>
         <file>rhythm.obj</file>
         <name>rhythm.obj</name>
      </input_file>
      <input_file id="fl-7">
         <path>.\</path>
         <kind>object</kind>
         <file>tm4c129xnczad_startup_ccs.obj</file>
         <name>tm4c129xnczad_startup_ccs.obj</name>
      </input_file>
      <input_file id="fl-8">
         <path>.\third_party\fatfs\src\option\</path>
         <kind>object</kind>
         <file>cc932.obj</file>
         <name>cc932.obj</name>
      </input_file>
      <input_file id="fl-9">
         <path>.\third_party\fatfs\src\</path>
         <kind>object</kind>
         <file>ff.obj</file>
         <name>ff.obj</name>
      </input_file>
      <input_file id="fl-a">
         <path>.\third_party\fatfs\port\</path>
         <kind>object</kind>
         <file>mmc-dk-tm4c129x.obj</file>
         <name>mmc-dk-tm4c129x.obj</name>
      </input_file>
      <input_file id="fl-b">
         <path>.\drivers\</path>
         <kind>object</kind>
         <file>mx66l51235f.obj</file>
         <name>mx66l51235f.obj</name>
      </input_file>
      <input_file id="fl-132">
         <path>C:\ti\ccsv6\tools\compiler\ti-cgt-arm_5.2.5\lib\</path>
         <kind>archive</kind>
         <file>rtsv7M4_T_le_v4SPD16_eabi.lib</file>
         <name>boot.obj</name>
      </input_file>
      <input_file id="fl-133">
         <path>C:\ti\ccsv6\tools\compiler\ti-cgt-arm_5.2.5\lib\</path>
         <kind>archive</kind>
         <file>rtsv7M4_T_le_v4SPD16_eabi.lib</file>
         <name>copy_decompress_none.obj</name>
      </input_file>
      <input_file id="fl-134">
         <path>C:\ti\ccsv6\tools\compiler\ti-cgt-arm_5.2.5\lib\</path>
         <kind>archive</kind>
         <file>rtsv7M4_T_le_v4SPD16_eabi.lib</file>
         <name>copy_decompress_rle.obj</name>
      </input_file>
      <input_file id="fl-135">
         <path>C:\ti\ccsv6\tools\compiler\ti-cgt-arm_5.2.5\lib\</path>
         <kind>archive</kind>
         <file>rtsv7M4_T_le_v4SPD16_eabi.lib</file>
         <name>copy_zero_init.obj</name>
      </input_file>
      <input_file id="fl-136">
         <path>C:\ti\ccsv6\tools\compiler\ti-cgt-arm_5.2.5\lib\</path>
         <kind>archive</kind>
         <file>rtsv7M4_T_le_v4SPD16_eabi.lib</file>
         <name>exit.obj</name>
      </input_file>
      <input_file id="fl-137">
         <path>C:\ti\ccsv6\tools\compiler\ti-cgt-arm_5.2.5\lib\</path>
         <kind>archive</kind>
         <file>rtsv7M4_T_le_v4SPD16_eabi.lib</file>
         <name>fd_add_t2.obj</name>
      </input_file>
      <input_file id="fl-138">
         <path>C:\ti\ccsv6\tools\compiler\ti-cgt-arm_5.2.5\lib\</path>
         <kind>archive</kind>
         <file>rtsv7M4_T_le_v4SPD16_eabi.lib</file>
         <name>fd_toi_t2.obj</name>
      </input_file>
      <input_file id="fl-139">
         <path>C:\ti\ccsv6\tools\compiler\ti-cgt-arm_5.2.5\lib\</path>
         <kind>archive</kind>
         <file>rtsv7M4_T_le_v4SPD16_eabi.lib</file>
         <name>fs_tod_t2.obj</name>
      </input_file>
      <input_file id="fl-13a">
         <path>C:\ti\ccsv6\tools\compiler\ti-cgt-arm_5.2.5\lib\</path>
         <kind>archive</kind>
         <file>rtsv7M4_T_le_v4SPD16_eabi.lib</file>
         <name>memcpy_t2.obj</name>
      </input_file>
      <input_file id="fl-13b">
         <path>C:\ti\ccsv6\tools\compiler\ti-cgt-arm_5.2.5\lib\</path>
         <kind>archive</kind>
         <file>rtsv7M4_T_le_v4SPD16_eabi.lib</file>
         <name>memset_t2.obj</name>
      </input_file>
      <input_file id="fl-13c">
         <path>C:\ti\ccsv6\tools\compiler\ti-cgt-arm_5.2.5\lib\</path>
         <kind>archive</kind>
         <file>rtsv7M4_T_le_v4SPD16_eabi.lib</file>
         <name>pre_init.obj</name>
      </input_file>
      <input_file id="fl-13d">
         <path>C:\ti\ccsv6\tools\compiler\ti-cgt-arm_5.2.5\lib\</path>
         <kind>archive</kind>
         <file>rtsv7M4_T_le_v4SPD16_eabi.lib</file>
         <name>stkdepth_vars.obj</name>
      </input_file>
      <input_file id="fl-13e">
         <path>C:\ti\ccsv6\tools\compiler\ti-cgt-arm_5.2.5\lib\</path>
         <kind>archive</kind>
         <file>rtsv7M4_T_le_v4SPD16_eabi.lib</file>
         <name>vsprintf.obj</name>
      </input_file>
      <input_file id="fl-13f">
         <path>C:\ti\ccsv6\tools\compiler\ti-cgt-arm_5.2.5\lib\</path>
         <kind>archive</kind>
         <file>rtsv7M4_T_le_v4SPD16_eabi.lib</file>
         <name>_lock.obj</name>
      </input_file>
      <input_file id="fl-140">
         <path>C:\ti\ccsv6\tools\compiler\ti-cgt-arm_5.2.5\lib\</path>
         <kind>archive</kind>
         <file>rtsv7M4_T_le_v4SPD16_eabi.lib</file>
         <name>_printfi.obj</name>
      </input_file>
      <input_file id="fl-141">
         <path>C:\ti\ccsv6\tools\compiler\ti-cgt-arm_5.2.5\lib\</path>
         <kind>archive</kind>
         <file>rtsv7M4_T_le_v4SPD16_eabi.lib</file>
         <name>args_main.obj</name>
      </input_file>
      <input_file id="fl-142">
         <path>C:\ti\ccsv6\tools\compiler\ti-cgt-arm_5.2.5\lib\</path>
         <kind>archive</kind>
         <file>rtsv7M4_T_le_v4SPD16_eabi.lib</file>
         <name>atoi.obj</name>
      </input_file>
      <input_file id="fl-143">
         <path>C:\ti\ccsv6\tools\compiler\ti-cgt-arm_5.2.5\lib\</path>
         <kind>archive</kind>
         <file>rtsv7M4_T_le_v4SPD16_eabi.lib</file>
         <name>autoinit.obj</name>
      </input_file>
      <input_file id="fl-144">
         <path>C:\ti\ccsv6\tools\compiler\ti-cgt-arm_5.2.5\lib\</path>
         <kind>archive</kind>
         <file>rtsv7M4_T_le_v4SPD16_eabi.lib</file>
         <name>cpy_tbl.obj</name>
      </input_file>
      <input_file id="fl-145">
         <path>C:\ti\ccsv6\tools\compiler\ti-cgt-arm_5.2.5\lib\</path>
         <kind>archive</kind>
         <file>rtsv7M4_T_le_v4SPD16_eabi.lib</file>
         <name>ctype.obj</name>
      </input_file>
      <input_file id="fl-146">
         <path>C:\ti\ccsv6\tools\compiler\ti-cgt-arm_5.2.5\lib\</path>
         <kind>archive</kind>
         <file>rtsv7M4_T_le_v4SPD16_eabi.lib</file>
         <name>fd_cmp_t2.obj</name>
      </input_file>
      <input_file id="fl-147">
         <path>C:\ti\ccsv6\tools\compiler\ti-cgt-arm_5.2.5\lib\</path>
         <kind>archive</kind>
         <file>rtsv7M4_T_le_v4SPD16_eabi.lib</file>
         <name>fd_div_t2.obj</name>
      </input_file>
      <input_file id="fl-148">
         <path>C:\ti\ccsv6\tools\compiler\ti-cgt-arm_5.2.5\lib\</path>
         <kind>archive</kind>
         <file>rtsv7M4_T_le_v4SPD16_eabi.lib</file>
         <name>fd_mul_t2.obj</name>
      </input_file>
      <input_file id="fl-149">
         <path>C:\ti\ccsv6\tools\compiler\ti-cgt-arm_5.2.5\lib\</path>
         <kind>archive</kind>
         <file>rtsv7M4_T_le_v4SPD16_eabi.lib</file>
         <name>frexp.obj</name>
      </input_file>
      <input_file id="fl-14a">
         <path>C:\ti\ccsv6\tools\compiler\ti-cgt-arm_5.2.5\lib\</path>
         <kind>archive</kind>
         <file>rtsv7M4_T_le_v4SPD16_eabi.lib</file>
         <name>i_tofd_t2.obj</name>
      </input_file>
      <input_file id="fl-14b">
         <path>C:\ti\ccsv6\tools\compiler\ti-cgt-arm_5.2.5\lib\</path>
         <kind>archive</kind>
         <file>rtsv7M4_T_le_v4SPD16_eabi.lib</file>
         <name>ldexp.obj</name>
      </input_file>
      <input_file id="fl-14c">
         <path>C:\ti\ccsv6\tools\compiler\ti-cgt-arm_5.2.5\lib\</path>
         <kind>archive</kind>
         <file>rtsv7M4_T_le_v4SPD16_eabi.lib</file>
         <name>ltoa.obj</name>
      </input_file>
      <input_file id="fl-14d">
         <path>C:\ti\ccsv6\tools\compiler\ti-cgt-arm_5.2.5\lib\</path>
         <kind>archive</kind>
         <file>rtsv7M4_T_le_v4SPD16_eabi.lib</file>
         <name>memccpy.obj</name>
      </input_file>
      <input_file id="fl-14e">
         <path>C:\ti\ccsv6\tools\compiler\ti-cgt-arm_5.2.5\lib\</path>
         <kind>archive</kind>
         <file>rtsv7M4_T_le_v4SPD16_eabi.lib</file>
         <name>strchr.obj</name>
      </input_file>
      <input_file id="fl-14f">
         <path>C:\ti\ccsv6\tools\compiler\ti-cgt-arm_5.2.5\lib\</path>
         <kind>archive</kind>
         <file>rtsv7M4_T_le_v4SPD16_eabi.lib</file>
         <name>strlen.obj</name>
      </input_file>
      <input_file id="fl-150">
         <path>C:\ti\ccsv6\tools\compiler\ti-cgt-arm_5.2.5\lib\</path>
         <kind>archive</kind>
         <file>rtsv7M4_T_le_v4SPD16_eabi.lib</file>
         <name>ull_div_t2.obj</name>
      </input_file>
      <input_file id="fl-151">
         <path>C:\ti\ccsv6\tools\compiler\ti-cgt-arm_5.2.5\lib\</path>
         <kind>archive</kind>
         <file>rtsv7M4_T_le_v4SPD16_eabi.lib</file>
         <name>xdclass.obj</name>
      </input_file>
      <input_file id="fl-152">
         <path>C:\ti\ccsv6\tools\compiler\ti-cgt-arm_5.2.5\lib\</path>
         <kind>archive</kind>
         <file>rtsv7M4_T_le_v4SPD16_eabi.lib</file>
         <name>xdscale.obj</name>
      </input_file>
      <input_file id="fl-153">
         <path>C:\ti\ccsv6\tools\compiler\ti-cgt-arm_5.2.5\lib\</path>
         <kind>archive</kind>
         <file>rtsv7M4_T_le_v4SPD16_eabi.lib</file>
         <name>xdunscal.obj</name>
      </input_file>
      <input_file id="fl-154">
         <path>C:\ti\ccsv6\tools\compiler\ti-cgt-arm_5.2.5\lib\</path>
         <kind>archive</kind>
         <file>rtsv7M4_T_le_v4SPD16_eabi.lib</file>
         <name>xferaise.obj</name>
      </input_file>
      <input_file id="fl-155">
         <path>C:\ti\ccsv6\tools\compiler\ti-cgt-arm_5.2.5\lib\</path>
         <kind>archive</kind>
         <file>rtsv7M4_T_le_v4SPD16_eabi.lib</file>
         <name>xvalues.obj</name>
      </input_file>
      <input_file id="fl-156">
         <path>C:\ti\ccsv6\tools\compiler\ti-cgt-arm_5.2.5\lib\</path>
         <kind>archive</kind>
         <file>rtsv7M4_T_le_v4SPD16_eabi.lib</file>
         <name>errno.obj</name>
      </input_file>
      <input_file id="fl-157">
         <path>C:\ti\ccsv6\tools\compiler\ti-cgt-arm_5.2.5\lib\</path>
         <kind>archive</kind>
         <file>rtsv7M4_T_le_v4SPD16_eabi.lib</file>
         <name>feraiseexcept.obj</name>
      </input_file>
      <input_file id="fl-158">
         <path>C:\ti\ccsv6\tools\compiler\ti-cgt-arm_5.2.5\lib\</path>
         <kind>archive</kind>
         <file>rtsv7M4_T_le_v4SPD16_eabi.lib</file>
         <name>raise.obj</name>
      </input_file>
      <input_file id="fl-159">
         <path>C:\ti\ccsv6\tools\compiler\ti-cgt-arm_5.2.5\lib\</path>
         <kind>archive</kind>
         <file>rtsv7M4_T_le_v4SPD16_eabi.lib</file>
         <name>signal.obj</name>
      </input_file>
      <input_file id="fl-15a">
         <path>C:\ti\ccsv6\tools\compiler\ti-cgt-arm_5.2.5\lib\</path>
         <kind>archive</kind>
         <file>rtsv7M4_T_le_v4SPD16_eabi.lib</file>
         <name>xdnorm.obj</name>
      </input_file>
      <input_file id="fl-15b">
         <path>C:\ti\TivaWare_C_Series-2.1.0.12573\driverlib\ccs\Debug\</path>
         <kind>archive</kind>
         <file>driverlib.lib</file>
         <name>udma.obj</name>
      </input_file>
      <input_file id="fl-15c">
         <path>C:\ti\TivaWare_C_Series-2.1.0.12573\driverlib\ccs\Debug\</path>
         <kind>archive</kind>
         <file>driverlib.lib</file>
         <name>sysctl.obj</name>
      </input_file>
      <input_file id="fl-15d">
         <path>C:\ti\TivaWare_C_Series-2.1.0.12573\driverlib\ccs\Debug\</path>
         <kind>archive</kind>
         <file>driverlib.lib</file>
         <name>lcd.obj</name>
      </input_file>
      <input_file id="fl-15e">
         <path>C:\ti\TivaWare_C_Series-2.1.0.12573\driverlib\ccs\Debug\</path>
         <kind>archive</kind>
         <file>driverlib.lib</file>
         <name>interrupt.obj</name>
      </input_file>
      <input_file id="fl-15f">
         <path>C:\ti\TivaWare_C_Series-2.1.0.12573\driverlib\ccs\Debug\</path>
         <kind>archive</kind>
         <file>driverlib.lib</file>
         <name>gpio.obj</name>
      </input_file>
      <input_file id="fl-160">
         <path>C:\ti\TivaWare_C_Series-2.1.0.12573\driverlib\ccs\Debug\</path>
         <kind>archive</kind>
         <file>driverlib.lib</file>
         <name>cpu.obj</name>
      </input_file>
   </input_file_list>
   <object_component_list>
      <object_component id="oc-f">
         <name>.intvecs</name>
         <load_address>0x0</load_address>
         <run_address>0x0</run_address>
         <size>0x208</size>
         <input_file_ref idref="fl-7"/>
      </object_component>
      <object_component id="oc-90">
         <name>.text</name>
         <load_address>0x208</load_address>
         <run_address>0x208</run_address>
         <size>0x2d88</size>
         <input_file_ref idref="fl-4"/>
      </object_component>
      <object_component id="oc-22f">
         <name>.text</name>
         <load_address>0x2f90</load_address>
         <run_address>0x2f90</run_address>
         <size>0x10ba</size>
         <input_file_ref idref="fl-140"/>
      </object_component>
      <object_component id="oc-10a">
         <name>.text</name>
         <load_address>0x404c</load_address>
         <run_address>0x404c</run_address>
         <size>0x5e8</size>
         <input_file_ref idref="fl-5"/>
      </object_component>
      <object_component id="oc-96">
         <name>.text</name>
         <load_address>0x4634</load_address>
         <run_address>0x4634</run_address>
         <size>0x584</size>
         <input_file_ref idref="fl-6"/>
      </object_component>
      <object_component id="oc-30">
         <name>.text</name>
         <load_address>0x4bb8</load_address>
         <run_address>0x4bb8</run_address>
         <size>0x518</size>
         <input_file_ref idref="fl-3"/>
      </object_component>
      <object_component id="oc-167">
         <name>.text</name>
         <load_address>0x50d0</load_address>
         <run_address>0x50d0</run_address>
         <size>0x328</size>
         <input_file_ref idref="fl-b"/>
      </object_component>
      <object_component id="oc-7b">
         <name>.text:SysCtlClockFreqSet</name>
         <load_address>0x53f8</load_address>
         <run_address>0x53f8</run_address>
         <size>0x1fc</size>
         <input_file_ref idref="fl-15c"/>
      </object_component>
      <object_component id="oc-264">
         <name>.text</name>
         <load_address>0x55f4</load_address>
         <run_address>0x55f4</run_address>
         <size>0x1f4</size>
         <input_file_ref idref="fl-150"/>
      </object_component>
      <object_component id="oc-86">
         <name>.text</name>
         <load_address>0x57e8</load_address>
         <run_address>0x57e8</run_address>
         <size>0x1b6</size>
         <input_file_ref idref="fl-137"/>
      </object_component>
      <object_component id="oc-279">
         <name>.text</name>
         <load_address>0x599e</load_address>
         <run_address>0x599e</run_address>
         <size>0x136</size>
         <input_file_ref idref="fl-147"/>
      </object_component>
      <object_component id="oc-143">
         <name>.text:GPIOPadConfigSet</name>
         <load_address>0x5ad4</load_address>
         <run_address>0x5ad4</run_address>
         <size>0x130</size>
         <input_file_ref idref="fl-15f"/>
      </object_component>
      <object_component id="oc-2d9">
         <name>.text</name>
         <load_address>0x5c04</load_address>
         <run_address>0x5c04</run_address>
         <size>0x110</size>
         <input_file_ref idref="fl-152"/>
      </object_component>
      <object_component id="oc-274">
         <name>.text</name>
         <load_address>0x5d14</load_address>
         <run_address>0x5d14</run_address>
         <size>0xfc</size>
         <input_file_ref idref="fl-148"/>
      </object_component>
      <object_component id="oc-2fd">
         <name>.text</name>
         <load_address>0x5e10</load_address>
         <run_address>0x5e10</run_address>
         <size>0xbe</size>
         <input_file_ref idref="fl-15a"/>
      </object_component>
      <object_component id="oc-39">
         <name>.text</name>
         <load_address>0x5ece</load_address>
         <run_address>0x5ece</run_address>
         <size>0x9c</size>
         <input_file_ref idref="fl-13a"/>
      </object_component>
      <object_component id="oc-26f">
         <name>.text:__aeabi_cdcmple</name>
         <load_address>0x5f6a</load_address>
         <run_address>0x5f6a</run_address>
         <size>0x86</size>
         <input_file_ref idref="fl-146"/>
      </object_component>
      <object_component id="oc-27e">
         <name>.text:__aeabi_cdrcmple</name>
         <load_address>0x5ff0</load_address>
         <run_address>0x5ff0</run_address>
         <size>0x86</size>
         <input_file_ref idref="fl-146"/>
      </object_component>
      <object_component id="oc-173">
         <name>.text:uDMAChannelTransferSet</name>
         <load_address>0x6078</load_address>
         <run_address>0x6078</run_address>
         <size>0x80</size>
         <input_file_ref idref="fl-15b"/>
      </object_component>
      <object_component id="oc-52">
         <name>.text</name>
         <load_address>0x60f8</load_address>
         <run_address>0x60f8</run_address>
         <size>0x7a</size>
         <input_file_ref idref="fl-13b"/>
      </object_component>
      <object_component id="oc-64">
         <name>.text</name>
         <load_address>0x6174</load_address>
         <run_address>0x6174</run_address>
         <size>0x6c</size>
         <input_file_ref idref="fl-143"/>
      </object_component>
      <object_component id="oc-45">
         <name>.text</name>
         <load_address>0x61e0</load_address>
         <run_address>0x61e0</run_address>
         <size>0x6a</size>
         <input_file_ref idref="fl-134"/>
      </object_component>
      <object_component id="oc-2d1">
         <name>.text</name>
         <load_address>0x624a</load_address>
         <run_address>0x624a</run_address>
         <size>0x66</size>
         <input_file_ref idref="fl-153"/>
      </object_component>
      <object_component id="oc-283">
         <name>.text</name>
         <load_address>0x62b0</load_address>
         <run_address>0x62b0</run_address>
         <size>0x56</size>
         <input_file_ref idref="fl-14c"/>
      </object_component>
      <object_component id="oc-294">
         <name>.text</name>
         <load_address>0x6306</load_address>
         <run_address>0x6306</run_address>
         <size>0x52</size>
         <input_file_ref idref="fl-14b"/>
      </object_component>
      <object_component id="oc-161">
         <name>.text:SysCtlPeripheralReset</name>
         <load_address>0x6358</load_address>
         <run_address>0x6358</run_address>
         <size>0x50</size>
         <input_file_ref idref="fl-15c"/>
      </object_component>
      <object_component id="oc-24">
         <name>.text</name>
         <load_address>0x63a8</load_address>
         <run_address>0x63a8</run_address>
         <size>0x50</size>
         <input_file_ref idref="fl-132"/>
      </object_component>
      <object_component id="oc-2ac">
         <name>.text</name>
         <load_address>0x63f8</load_address>
         <run_address>0x63f8</run_address>
         <size>0x4c</size>
         <input_file_ref idref="fl-142"/>
      </object_component>
      <object_component id="oc-d1">
         <name>.text</name>
         <load_address>0x6444</load_address>
         <run_address>0x6444</run_address>
         <size>0x4c</size>
         <input_file_ref idref="fl-144"/>
      </object_component>
      <object_component id="oc-ec">
         <name>.text:_SysCtlFrequencyGet</name>
         <load_address>0x6490</load_address>
         <run_address>0x6490</run_address>
         <size>0x48</size>
         <input_file_ref idref="fl-15c"/>
      </object_component>
      <object_component id="oc-8b">
         <name>.text</name>
         <load_address>0x64d8</load_address>
         <run_address>0x64d8</run_address>
         <size>0x48</size>
         <input_file_ref idref="fl-138"/>
      </object_component>
      <object_component id="oc-18d">
         <name>.text</name>
         <load_address>0x6520</load_address>
         <run_address>0x6520</run_address>
         <size>0x48</size>
         <input_file_ref idref="fl-13e"/>
      </object_component>
      <object_component id="oc-15b">
         <name>.text:uDMAChannelAttributeDisable</name>
         <load_address>0x6568</load_address>
         <run_address>0x6568</run_address>
         <size>0x48</size>
         <input_file_ref idref="fl-15b"/>
      </object_component>
      <object_component id="oc-70">
         <name>.text</name>
         <load_address>0x65b0</load_address>
         <run_address>0x65b0</run_address>
         <size>0x44</size>
         <input_file_ref idref="fl-136"/>
      </object_component>
      <object_component id="oc-340">
         <name>.text</name>
         <load_address>0x65f4</load_address>
         <run_address>0x65f4</run_address>
         <size>0x40</size>
         <input_file_ref idref="fl-159"/>
      </object_component>
      <object_component id="oc-81">
         <name>.text</name>
         <load_address>0x6634</load_address>
         <run_address>0x6634</run_address>
         <size>0x38</size>
         <input_file_ref idref="fl-139"/>
      </object_component>
      <object_component id="oc-129">
         <name>.text:LCDIDDTimingSet</name>
         <load_address>0x666c</load_address>
         <run_address>0x666c</run_address>
         <size>0x36</size>
         <input_file_ref idref="fl-15d"/>
      </object_component>
      <object_component id="oc-110">
         <name>.text:SysCtlPeripheralEnable</name>
         <load_address>0x66a4</load_address>
         <run_address>0x66a4</run_address>
         <size>0x34</size>
         <input_file_ref idref="fl-15c"/>
      </object_component>
      <object_component id="oc-30c">
         <name>.text</name>
         <load_address>0x66d8</load_address>
         <run_address>0x66d8</run_address>
         <size>0x34</size>
         <input_file_ref idref="fl-157"/>
      </object_component>
      <object_component id="oc-2a0">
         <name>.text</name>
         <load_address>0x670c</load_address>
         <run_address>0x670c</run_address>
         <size>0x30</size>
         <input_file_ref idref="fl-151"/>
      </object_component>
      <object_component id="oc-2df">
         <name>.text</name>
         <load_address>0x673c</load_address>
         <run_address>0x673c</run_address>
         <size>0x30</size>
         <input_file_ref idref="fl-154"/>
      </object_component>
      <object_component id="oc-289">
         <name>.text</name>
         <load_address>0x676c</load_address>
         <run_address>0x676c</run_address>
         <size>0x2e</size>
         <input_file_ref idref="fl-14a"/>
      </object_component>
      <object_component id="oc-330">
         <name>.text</name>
         <load_address>0x679a</load_address>
         <run_address>0x679a</run_address>
         <size>0x2e</size>
         <input_file_ref idref="fl-158"/>
      </object_component>
      <object_component id="oc-149">
         <name>.text:GPIODirModeSet</name>
         <load_address>0x67c8</load_address>
         <run_address>0x67c8</run_address>
         <size>0x2a</size>
         <input_file_ref idref="fl-15f"/>
      </object_component>
      <object_component id="oc-28e">
         <name>.text</name>
         <load_address>0x67f2</load_address>
         <run_address>0x67f2</run_address>
         <size>0x2a</size>
         <input_file_ref idref="fl-149"/>
      </object_component>
      <object_component id="oc-16d">
         <name>.text:uDMAChannelControlSet</name>
         <load_address>0x681c</load_address>
         <run_address>0x681c</run_address>
         <size>0x24</size>
         <input_file_ref idref="fl-15b"/>
      </object_component>
      <object_component id="oc-117">
         <name>.text:LCDModeSet</name>
         <load_address>0x6840</load_address>
         <run_address>0x6840</run_address>
         <size>0x22</size>
         <input_file_ref idref="fl-15d"/>
      </object_component>
      <object_component id="oc-e6">
         <name>.text:_SysCtlMemTimingGet</name>
         <load_address>0x6864</load_address>
         <run_address>0x6864</run_address>
         <size>0x1c</size>
         <input_file_ref idref="fl-15c"/>
      </object_component>
      <object_component id="oc-2a6">
         <name>.text</name>
         <load_address>0x6880</load_address>
         <run_address>0x6880</run_address>
         <size>0x1c</size>
         <input_file_ref idref="fl-14d"/>
      </object_component>
      <object_component id="oc-13d">
         <name>.text:GPIOPinTypeGPIOOutput</name>
         <load_address>0x689c</load_address>
         <run_address>0x689c</run_address>
         <size>0x18</size>
         <input_file_ref idref="fl-15f"/>
      </object_component>
      <object_component id="oc-12f">
         <name>.text:WriteCommand</name>
         <load_address>0x68b4</load_address>
         <run_address>0x68b4</run_address>
         <size>0x18</size>
         <input_file_ref idref="fl-4"/>
      </object_component>
      <object_component id="oc-136">
         <name>.text:WriteData</name>
         <load_address>0x68cc</load_address>
         <run_address>0x68cc</run_address>
         <size>0x18</size>
         <input_file_ref idref="fl-4"/>
      </object_component>
      <object_component id="oc-6a">
         <name>.text</name>
         <load_address>0x68e4</load_address>
         <run_address>0x68e4</run_address>
         <size>0x18</size>
         <input_file_ref idref="fl-141"/>
      </object_component>
      <object_component id="oc-179">
         <name>.text:uDMAChannelEnable</name>
         <load_address>0x68fc</load_address>
         <run_address>0x68fc</run_address>
         <size>0x18</size>
         <input_file_ref idref="fl-15b"/>
      </object_component>
      <object_component id="oc-29a">
         <name>.text</name>
         <load_address>0x6914</load_address>
         <run_address>0x6914</run_address>
         <size>0x16</size>
         <input_file_ref idref="fl-14e"/>
      </object_component>
      <object_component id="oc-1dd">
         <name>.text</name>
         <load_address>0x692c</load_address>
         <run_address>0x692c</run_address>
         <size>0x14</size>
         <input_file_ref idref="fl-13f"/>
      </object_component>
      <object_component id="oc-269">
         <name>.text</name>
         <load_address>0x6940</load_address>
         <run_address>0x6940</run_address>
         <size>0x14</size>
         <input_file_ref idref="fl-14f"/>
      </object_component>
      <object_component id="oc-17f">
         <name>.text:uDMAChannelRequest</name>
         <load_address>0x6954</load_address>
         <run_address>0x6954</run_address>
         <size>0x14</size>
         <input_file_ref idref="fl-15b"/>
      </object_component>
      <object_component id="oc-1fd">
         <name>.text:GPIOPinTypeEthernetLED</name>
         <load_address>0x6968</load_address>
         <run_address>0x6968</run_address>
         <size>0x12</size>
         <input_file_ref idref="fl-15f"/>
      </object_component>
      <object_component id="oc-203">
         <name>.text:GPIOPinTypeLCD</name>
         <load_address>0x697a</load_address>
         <run_address>0x697a</run_address>
         <size>0x12</size>
         <input_file_ref idref="fl-15f"/>
      </object_component>
      <object_component id="oc-14f">
         <name>.text:uDMAEnable</name>
         <load_address>0x698c</load_address>
         <run_address>0x698c</run_address>
         <size>0x10</size>
         <input_file_ref idref="fl-15b"/>
      </object_component>
      <object_component id="oc-12">
         <name>.text:decompress:none</name>
         <load_address>0x699c</load_address>
         <run_address>0x699c</run_address>
         <size>0xe</size>
         <input_file_ref idref="fl-133"/>
      </object_component>
      <object_component id="oc-210">
         <name>.text:LCDIDDCommandWrite</name>
         <load_address>0x69aa</load_address>
         <run_address>0x69aa</run_address>
         <size>0xc</size>
         <input_file_ref idref="fl-15d"/>
      </object_component>
      <object_component id="oc-216">
         <name>.text:LCDIDDDataWrite</name>
         <load_address>0x69b6</load_address>
         <run_address>0x69b6</run_address>
         <size>0xc</size>
         <input_file_ref idref="fl-15d"/>
      </object_component>
      <object_component id="oc-1e">
         <name>.text:decompress:ZI</name>
         <load_address>0x69c2</load_address>
         <run_address>0x69c2</run_address>
         <size>0xc</size>
         <input_file_ref idref="fl-135"/>
      </object_component>
      <object_component id="oc-2a">
         <name>.text</name>
         <load_address>0x69ce</load_address>
         <run_address>0x69ce</run_address>
         <size>0xc</size>
         <input_file_ref idref="fl-7"/>
      </object_component>
      <object_component id="oc-155">
         <name>.text:uDMAControlBaseSet</name>
         <load_address>0x69dc</load_address>
         <run_address>0x69dc</run_address>
         <size>0xc</size>
         <input_file_ref idref="fl-15b"/>
      </object_component>
      <object_component id="oc-116">
         <name>.text:SysCtlDelay</name>
         <load_address>0x69e8</load_address>
         <run_address>0x69e8</run_address>
         <size>0x6</size>
         <input_file_ref idref="fl-15c"/>
      </object_component>
      <object_component id="oc-18">
         <name>.text:decompress:rle24</name>
         <load_address>0x69ee</load_address>
         <run_address>0x69ee</run_address>
         <size>0x6</size>
         <input_file_ref idref="fl-134"/>
      </object_component>
      <object_component id="oc-11d">
         <name>.text:LCDDMAConfigSet</name>
         <load_address>0x69f4</load_address>
         <run_address>0x69f4</run_address>
         <size>0x4</size>
         <input_file_ref idref="fl-15d"/>
      </object_component>
      <object_component id="oc-123">
         <name>.text:LCDIDDConfigSet</name>
         <load_address>0x69f8</load_address>
         <run_address>0x69f8</run_address>
         <size>0x4</size>
         <input_file_ref idref="fl-15d"/>
      </object_component>
      <object_component id="oc-5e">
         <name>.text</name>
         <load_address>0x69fc</load_address>
         <run_address>0x69fc</run_address>
         <size>0x4</size>
         <input_file_ref idref="fl-13c"/>
      </object_component>
      <object_component id="oc-1a5">
         <name>.const:stay_with_me_delay</name>
         <load_address>0x6a00</load_address>
         <run_address>0x6a00</run_address>
         <size>0x1ac</size>
         <input_file_ref idref="fl-6"/>
      </object_component>
      <object_component id="oc-f5">
         <name>.const:g_pppui32XTALtoVCO</name>
         <load_address>0x6bac</load_address>
         <run_address>0x6bac</run_address>
         <size>0x120</size>
         <input_file_ref idref="fl-15c"/>
      </object_component>
      <object_component id="oc-2ed">
         <name>.const:.string:_ctypes_</name>
         <load_address>0x6ccc</load_address>
         <run_address>0x6ccc</run_address>
         <size>0x101</size>
         <input_file_ref idref="fl-145"/>
      </object_component>
      <object_component id="oc-9f">
         <name>.const</name>
         <load_address>0x6dd0</load_address>
         <run_address>0x6dd0</run_address>
         <size>0x88</size>
         <input_file_ref idref="fl-3"/>
      </object_component>
      <object_component id="oc-f2">
         <name>.const:g_pui32Xtals</name>
         <load_address>0x6e58</load_address>
         <run_address>0x6e58</run_address>
         <size>0x6c</size>
         <input_file_ref idref="fl-15c"/>
      </object_component>
      <object_component id="oc-a2">
         <name>.const:$P$T2$3</name>
         <load_address>0x6ec4</load_address>
         <run_address>0x6ec4</run_address>
         <size>0x60</size>
         <input_file_ref idref="fl-3"/>
      </object_component>
      <object_component id="oc-1eb">
         <name>.const:g_sXTALtoMEMTIM</name>
         <load_address>0x6f24</load_address>
         <run_address>0x6f24</run_address>
         <size>0x30</size>
         <input_file_ref idref="fl-15c"/>
      </object_component>
      <object_component id="oc-19f">
         <name>.const</name>
         <load_address>0x6f54</load_address>
         <run_address>0x6f54</run_address>
         <size>0x10</size>
         <input_file_ref idref="fl-6"/>
      </object_component>
      <object_component id="oc-f8">
         <name>.const</name>
         <load_address>0x6f64</load_address>
         <run_address>0x6f64</run_address>
         <size>0x8</size>
         <input_file_ref idref="fl-15c"/>
      </object_component>
      <object_component id="oc-386">
         <name>.cinit..data.load</name>
         <load_address>0x6f70</load_address>
         <run_address>0x6f70</run_address>
         <size>0x63</size>
      </object_component>
      <object_component id="oc-384">
         <name>__TI_handler_table</name>
         <load_address>0x6fd4</load_address>
         <run_address>0x6fd4</run_address>
         <size>0xc</size>
      </object_component>
      <object_component id="oc-387">
         <name>.cinit..bss.load</name>
         <load_address>0x6fe0</load_address>
         <run_address>0x6fe0</run_address>
         <size>0x8</size>
      </object_component>
      <object_component id="oc-385">
         <name>__TI_cinit_table</name>
         <load_address>0x6fe8</load_address>
         <run_address>0x6fe8</run_address>
         <size>0x10</size>
      </object_component>
      <object_component id="oc-29">
         <name>.stack</name>
         <uninitialized>true</uninitialized>
         <run_address>0x20027788</run_address>
         <size>0x0</size>
         <input_file_ref idref="fl-132"/>
      </object_component>
      <object_component id="oc-388">
         <name>.stack</name>
         <uninitialized>true</uninitialized>
         <run_address>0x20027788</run_address>
         <size>0x0</size>
      </object_component>
      <object_component id="oc-a5">
         <name>.bss:buffer</name>
         <uninitialized>true</uninitialized>
         <run_address>0x20000000</run_address>
         <size>0x1fe00</size>
         <input_file_ref idref="fl-3"/>
      </object_component>
      <object_component id="oc-185">
         <name>.bss:pui8DMAControlTable$1</name>
         <uninitialized>true</uninitialized>
         <run_address>0x20027380</run_address>
         <size>0x400</size>
         <input_file_ref idref="fl-4"/>
      </object_component>
      <object_component id="oc-186">
         <name>.bss:temp_buffer$2</name>
         <uninitialized>true</uninitialized>
         <run_address>0x20024900</run_address>
         <size>0x1540</size>
         <input_file_ref idref="fl-4"/>
      </object_component>
      <object_component id="oc-187">
         <name>.bss:temp_buffer$3</name>
         <uninitialized>true</uninitialized>
         <run_address>0x20025e40</run_address>
         <size>0x1540</size>
         <input_file_ref idref="fl-4"/>
      </object_component>
      <object_component id="oc-188">
         <name>.bss:temp_buffer$4</name>
         <uninitialized>true</uninitialized>
         <run_address>0x2001fe00</run_address>
         <size>0x2580</size>
         <input_file_ref idref="fl-4"/>
      </object_component>
      <object_component id="oc-189">
         <name>.bss:temp_buffer$5</name>
         <uninitialized>true</uninitialized>
         <run_address>0x20022380</run_address>
         <size>0x2580</size>
         <input_file_ref idref="fl-4"/>
      </object_component>
      <object_component id="oc-9c">
         <name>.common:g_ui32SysClock</name>
         <uninitialized>true</uninitialized>
         <run_address>0x20027784</run_address>
         <size>0x4</size>
      </object_component>
      <object_component id="oc-225">
         <name>.common:g_ui32MX66L51235FAddr</name>
         <uninitialized>true</uninitialized>
         <run_address>0x20027780</run_address>
         <size>0x4</size>
      </object_component>
      <object_component id="oc-a8">
         <name>.data</name>
         <load_address>0x200288f4</load_address>
         <run_address>0x200288f4</run_address>
         <size>0x4</size>
         <input_file_ref idref="fl-3"/>
      </object_component>
      <object_component id="oc-18a">
         <name>.data</name>
         <load_address>0x200288b8</load_address>
         <run_address>0x200288b8</run_address>
         <size>0x17</size>
         <input_file_ref idref="fl-4"/>
      </object_component>
      <object_component id="oc-1a2">
         <name>.data</name>
         <load_address>0x200288d0</load_address>
         <run_address>0x200288d0</run_address>
         <size>0xc</size>
         <input_file_ref idref="fl-6"/>
      </object_component>
      <object_component id="oc-de">
         <name>.data</name>
         <load_address>0x200288e4</load_address>
         <run_address>0x200288e4</run_address>
         <size>0x8</size>
         <input_file_ref idref="fl-136"/>
      </object_component>
      <object_component id="oc-76">
         <name>.data</name>
         <load_address>0x200288fc</load_address>
         <run_address>0x200288fc</run_address>
         <size>0x4</size>
         <input_file_ref idref="fl-13d"/>
      </object_component>
      <object_component id="oc-db">
         <name>.data</name>
         <load_address>0x200288dc</load_address>
         <run_address>0x200288dc</run_address>
         <size>0x8</size>
         <input_file_ref idref="fl-13f"/>
      </object_component>
      <object_component id="oc-307">
         <name>.data</name>
         <load_address>0x20028838</load_address>
         <run_address>0x20028838</run_address>
         <size>0x80</size>
         <input_file_ref idref="fl-155"/>
      </object_component>
      <object_component id="oc-312">
         <name>.data</name>
         <load_address>0x200288f8</load_address>
         <run_address>0x200288f8</run_address>
         <size>0x4</size>
         <input_file_ref idref="fl-156"/>
      </object_component>
      <object_component id="oc-336">
         <name>.data</name>
         <load_address>0x200288ec</load_address>
         <run_address>0x200288ec</run_address>
         <size>0x8</size>
         <input_file_ref idref="fl-157"/>
      </object_component>
      <object_component id="oc-351">
         <name>.data:sigtable</name>
         <load_address>0x20028788</load_address>
         <run_address>0x20028788</run_address>
         <size>0xb0</size>
         <input_file_ref idref="fl-159"/>
      </object_component>
      <object_component id="oc-239">
         <name>.debug_info</name>
         <load_address>0x0</load_address>
         <run_address>0x0</run_address>
         <size>0x4b1</size>
         <input_file_ref idref="fl-2"/>
      </object_component>
      <object_component id="oc-1bb">
         <name>.debug_info</name>
         <load_address>0x4b1</load_address>
         <run_address>0x4b1</run_address>
         <size>0xe4</size>
         <input_file_ref idref="fl-2"/>
      </object_component>
      <object_component id="oc-1ac">
         <name>.debug_info</name>
         <load_address>0x595</load_address>
         <run_address>0x595</run_address>
         <size>0x515</size>
         <input_file_ref idref="fl-2"/>
      </object_component>
      <object_component id="oc-195">
         <name>.debug_info</name>
         <load_address>0xaaa</load_address>
         <run_address>0xaaa</run_address>
         <size>0x1a4</size>
         <input_file_ref idref="fl-2"/>
      </object_component>
      <object_component id="oc-1b1">
         <name>.debug_info</name>
         <load_address>0xc4e</load_address>
         <run_address>0xc4e</run_address>
         <size>0x6bd</size>
         <input_file_ref idref="fl-2"/>
      </object_component>
      <object_component id="oc-1b6">
         <name>.debug_info</name>
         <load_address>0x130b</load_address>
         <run_address>0x130b</run_address>
         <size>0xc6</size>
         <input_file_ref idref="fl-2"/>
      </object_component>
      <object_component id="oc-ac">
         <name>.debug_info</name>
         <load_address>0x13d1</load_address>
         <run_address>0x13d1</run_address>
         <size>0x8b</size>
         <input_file_ref idref="fl-2"/>
      </object_component>
      <object_component id="oc-b8">
         <name>.debug_info</name>
         <load_address>0x145c</load_address>
         <run_address>0x145c</run_address>
         <size>0x18b</size>
         <input_file_ref idref="fl-2"/>
      </object_component>
      <object_component id="oc-19a">
         <name>.debug_info</name>
         <load_address>0x15e7</load_address>
         <run_address>0x15e7</run_address>
         <size>0x4e</size>
         <input_file_ref idref="fl-2"/>
      </object_component>
      <object_component id="oc-9d">
         <name>.debug_info</name>
         <load_address>0x1635</load_address>
         <run_address>0x1635</run_address>
         <size>0x708</size>
         <input_file_ref idref="fl-3"/>
      </object_component>
      <object_component id="oc-a9">
         <name>.debug_info</name>
         <load_address>0x1d3d</load_address>
         <run_address>0x1d3d</run_address>
         <size>0xd3</size>
         <input_file_ref idref="fl-3"/>
      </object_component>
      <object_component id="oc-a6">
         <name>.debug_info</name>
         <load_address>0x1e10</load_address>
         <run_address>0x1e10</run_address>
         <size>0xd9</size>
         <input_file_ref idref="fl-3"/>
      </object_component>
      <object_component id="oc-a0">
         <name>.debug_info</name>
         <load_address>0x1ee9</load_address>
         <run_address>0x1ee9</run_address>
         <size>0x152</size>
         <input_file_ref idref="fl-3"/>
      </object_component>
      <object_component id="oc-a3">
         <name>.debug_info</name>
         <load_address>0x203b</load_address>
         <run_address>0x203b</run_address>
         <size>0xda</size>
         <input_file_ref idref="fl-3"/>
      </object_component>
      <object_component id="oc-31">
         <name>.debug_info</name>
         <load_address>0x2115</load_address>
         <run_address>0x2115</run_address>
         <size>0x9b1</size>
         <input_file_ref idref="fl-3"/>
      </object_component>
      <object_component id="oc-194">
         <name>.debug_info</name>
         <load_address>0x2ac6</load_address>
         <run_address>0x2ac6</run_address>
         <size>0x973</size>
         <input_file_ref idref="fl-4"/>
      </object_component>
      <object_component id="oc-18b">
         <name>.debug_info</name>
         <load_address>0x3439</load_address>
         <run_address>0x3439</run_address>
         <size>0xf9</size>
         <input_file_ref idref="fl-4"/>
      </object_component>
      <object_component id="oc-137">
         <name>.debug_info</name>
         <load_address>0x3532</load_address>
         <run_address>0x3532</run_address>
         <size>0x155</size>
         <input_file_ref idref="fl-4"/>
      </object_component>
      <object_component id="oc-130">
         <name>.debug_info</name>
         <load_address>0x3687</load_address>
         <run_address>0x3687</run_address>
         <size>0x15a</size>
         <input_file_ref idref="fl-4"/>
      </object_component>
      <object_component id="oc-91">
         <name>.debug_info</name>
         <load_address>0x37e1</load_address>
         <run_address>0x37e1</run_address>
         <size>0x3f10</size>
         <input_file_ref idref="fl-4"/>
      </object_component>
      <object_component id="oc-10d">
         <name>.debug_info</name>
         <load_address>0x76f1</load_address>
         <run_address>0x76f1</run_address>
         <size>0x43e</size>
         <input_file_ref idref="fl-5"/>
      </object_component>
      <object_component id="oc-1a9">
         <name>.debug_info</name>
         <load_address>0x7b2f</load_address>
         <run_address>0x7b2f</run_address>
         <size>0x52b</size>
         <input_file_ref idref="fl-6"/>
      </object_component>
      <object_component id="oc-1a6">
         <name>.debug_info</name>
         <load_address>0x805a</load_address>
         <run_address>0x805a</run_address>
         <size>0xf2</size>
         <input_file_ref idref="fl-6"/>
      </object_component>
      <object_component id="oc-1a3">
         <name>.debug_info</name>
         <load_address>0x814c</load_address>
         <run_address>0x814c</run_address>
         <size>0x130</size>
         <input_file_ref idref="fl-6"/>
      </object_component>
      <object_component id="oc-1a0">
         <name>.debug_info</name>
         <load_address>0x827c</load_address>
         <run_address>0x827c</run_address>
         <size>0xdc</size>
         <input_file_ref idref="fl-6"/>
      </object_component>
      <object_component id="oc-99">
         <name>.debug_info</name>
         <load_address>0x8358</load_address>
         <run_address>0x8358</run_address>
         <size>0x799</size>
         <input_file_ref idref="fl-6"/>
      </object_component>
      <object_component id="oc-38">
         <name>.debug_info</name>
         <load_address>0x8af1</load_address>
         <run_address>0x8af1</run_address>
         <size>0x38f</size>
         <input_file_ref idref="fl-7"/>
      </object_component>
      <object_component id="oc-10">
         <name>.debug_info</name>
         <load_address>0x8e80</load_address>
         <run_address>0x8e80</run_address>
         <size>0xfa</size>
         <input_file_ref idref="fl-7"/>
      </object_component>
      <object_component id="oc-2d">
         <name>.debug_info</name>
         <load_address>0x8f7a</load_address>
         <run_address>0x8f7a</run_address>
         <size>0x27c</size>
         <input_file_ref idref="fl-7"/>
      </object_component>
      <object_component id="oc-b3">
         <name>.debug_info</name>
         <load_address>0x91f6</load_address>
         <run_address>0x91f6</run_address>
         <size>0x84</size>
         <input_file_ref idref="fl-7"/>
      </object_component>
      <object_component id="oc-226">
         <name>.debug_info</name>
         <load_address>0x927a</load_address>
         <run_address>0x927a</run_address>
         <size>0x122</size>
         <input_file_ref idref="fl-b"/>
      </object_component>
      <object_component id="oc-169">
         <name>.debug_info</name>
         <load_address>0x939c</load_address>
         <run_address>0x939c</run_address>
         <size>0xaba</size>
         <input_file_ref idref="fl-b"/>
      </object_component>
      <object_component id="oc-27">
         <name>.debug_info</name>
         <load_address>0x9e56</load_address>
         <run_address>0x9e56</run_address>
         <size>0x134</size>
         <input_file_ref idref="fl-132"/>
      </object_component>
      <object_component id="oc-44">
         <name>.debug_info</name>
         <load_address>0x9f8a</load_address>
         <run_address>0x9f8a</run_address>
         <size>0x121</size>
         <input_file_ref idref="fl-133"/>
      </object_component>
      <object_component id="oc-13">
         <name>.debug_info</name>
         <load_address>0xa0ab</load_address>
         <run_address>0xa0ab</run_address>
         <size>0x1c0</size>
         <input_file_ref idref="fl-133"/>
      </object_component>
      <object_component id="oc-3f">
         <name>.debug_info</name>
         <load_address>0xa26b</load_address>
         <run_address>0xa26b</run_address>
         <size>0x46</size>
         <input_file_ref idref="fl-133"/>
      </object_component>
      <object_component id="oc-be">
         <name>.debug_info</name>
         <load_address>0xa2b1</load_address>
         <run_address>0xa2b1</run_address>
         <size>0x2c</size>
         <input_file_ref idref="fl-133"/>
      </object_component>
      <object_component id="oc-4c">
         <name>.debug_info</name>
         <load_address>0xa2dd</load_address>
         <run_address>0xa2dd</run_address>
         <size>0x115</size>
         <input_file_ref idref="fl-134"/>
      </object_component>
      <object_component id="oc-47">
         <name>.debug_info</name>
         <load_address>0xa3f2</load_address>
         <run_address>0xa3f2</run_address>
         <size>0x228</size>
         <input_file_ref idref="fl-134"/>
      </object_component>
      <object_component id="oc-1a">
         <name>.debug_info</name>
         <load_address>0xa61a</load_address>
         <run_address>0xa61a</run_address>
         <size>0x192</size>
         <input_file_ref idref="fl-134"/>
      </object_component>
      <object_component id="oc-4d">
         <name>.debug_info</name>
         <load_address>0xa7ac</load_address>
         <run_address>0xa7ac</run_address>
         <size>0x39</size>
         <input_file_ref idref="fl-134"/>
      </object_component>
      <object_component id="oc-c8">
         <name>.debug_info</name>
         <load_address>0xa7e5</load_address>
         <run_address>0xa7e5</run_address>
         <size>0x2c</size>
         <input_file_ref idref="fl-134"/>
      </object_component>
      <object_component id="oc-5d">
         <name>.debug_info</name>
         <load_address>0xa811</load_address>
         <run_address>0xa811</run_address>
         <size>0x110</size>
         <input_file_ref idref="fl-135"/>
      </object_component>
      <object_component id="oc-1f">
         <name>.debug_info</name>
         <load_address>0xa921</load_address>
         <run_address>0xa921</run_address>
         <size>0x18b</size>
         <input_file_ref idref="fl-135"/>
      </object_component>
      <object_component id="oc-58">
         <name>.debug_info</name>
         <load_address>0xaaac</load_address>
         <run_address>0xaaac</run_address>
         <size>0x46</size>
         <input_file_ref idref="fl-135"/>
      </object_component>
      <object_component id="oc-e2">
         <name>.debug_info</name>
         <load_address>0xaaf2</load_address>
         <run_address>0xaaf2</run_address>
         <size>0x172</size>
         <input_file_ref idref="fl-136"/>
      </object_component>
      <object_component id="oc-df">
         <name>.debug_info</name>
         <load_address>0xac64</load_address>
         <run_address>0xac64</run_address>
         <size>0x117</size>
         <input_file_ref idref="fl-136"/>
      </object_component>
      <object_component id="oc-73">
         <name>.debug_info</name>
         <load_address>0xad7b</load_address>
         <run_address>0xad7b</run_address>
         <size>0x1ee</size>
         <input_file_ref idref="fl-136"/>
      </object_component>
      <object_component id="oc-87">
         <name>.debug_info</name>
         <load_address>0xaf69</load_address>
         <run_address>0xaf69</run_address>
         <size>0x129</size>
         <input_file_ref idref="fl-137"/>
      </object_component>
      <object_component id="oc-8d">
         <name>.debug_info</name>
         <load_address>0xb092</load_address>
         <run_address>0xb092</run_address>
         <size>0x10b</size>
         <input_file_ref idref="fl-138"/>
      </object_component>
      <object_component id="oc-84">
         <name>.debug_info</name>
         <load_address>0xb19d</load_address>
         <run_address>0xb19d</run_address>
         <size>0x109</size>
         <input_file_ref idref="fl-139"/>
      </object_component>
      <object_component id="oc-3a">
         <name>.debug_info</name>
         <load_address>0xb2a6</load_address>
         <run_address>0xb2a6</run_address>
         <size>0xf6</size>
         <input_file_ref idref="fl-13a"/>
      </object_component>
      <object_component id="oc-54">
         <name>.debug_info</name>
         <load_address>0xb39c</load_address>
         <run_address>0xb39c</run_address>
         <size>0x124</size>
         <input_file_ref idref="fl-13b"/>
      </object_component>
      <object_component id="oc-5f">
         <name>.debug_info</name>
         <load_address>0xb4c0</load_address>
         <run_address>0xb4c0</run_address>
         <size>0x129</size>
         <input_file_ref idref="fl-13c"/>
      </object_component>
      <object_component id="oc-77">
         <name>.debug_info</name>
         <load_address>0xb5e9</load_address>
         <run_address>0xb5e9</run_address>
         <size>0xea</size>
         <input_file_ref idref="fl-13d"/>
      </object_component>
      <object_component id="oc-236">
         <name>.debug_info</name>
         <load_address>0xb6d3</load_address>
         <run_address>0xb6d3</run_address>
         <size>0x1a2</size>
         <input_file_ref idref="fl-13e"/>
      </object_component>
      <object_component id="oc-18f">
         <name>.debug_info</name>
         <load_address>0xb875</load_address>
         <run_address>0xb875</run_address>
         <size>0x2f2</size>
         <input_file_ref idref="fl-13e"/>
      </object_component>
      <object_component id="oc-2b9">
         <name>.debug_info</name>
         <load_address>0xbb67</load_address>
         <run_address>0xbb67</run_address>
         <size>0x2c</size>
         <input_file_ref idref="fl-13e"/>
      </object_component>
      <object_component id="oc-1e5">
         <name>.debug_info</name>
         <load_address>0xbb93</load_address>
         <run_address>0xbb93</run_address>
         <size>0x105</size>
         <input_file_ref idref="fl-13f"/>
      </object_component>
      <object_component id="oc-dc">
         <name>.debug_info</name>
         <load_address>0xbc98</load_address>
         <run_address>0xbc98</run_address>
         <size>0xf4</size>
         <input_file_ref idref="fl-13f"/>
      </object_component>
      <object_component id="oc-1e0">
         <name>.debug_info</name>
         <load_address>0xbd8c</load_address>
         <run_address>0xbd8c</run_address>
         <size>0x200</size>
         <input_file_ref idref="fl-13f"/>
      </object_component>
      <object_component id="oc-2b3">
         <name>.debug_info</name>
         <load_address>0xbf8c</load_address>
         <run_address>0xbf8c</run_address>
         <size>0x338</size>
         <input_file_ref idref="fl-140"/>
      </object_component>
      <object_component id="oc-231">
         <name>.debug_info</name>
         <load_address>0xc2c4</load_address>
         <run_address>0xc2c4</run_address>
         <size>0x17ea</size>
         <input_file_ref idref="fl-140"/>
      </object_component>
      <object_component id="oc-2b4">
         <name>.debug_info</name>
         <load_address>0xdaae</load_address>
         <run_address>0xdaae</run_address>
         <size>0x86</size>
         <input_file_ref idref="fl-140"/>
      </object_component>
      <object_component id="oc-2f4">
         <name>.debug_info</name>
         <load_address>0xdb34</load_address>
         <run_address>0xdb34</run_address>
         <size>0x46</size>
         <input_file_ref idref="fl-140"/>
      </object_component>
      <object_component id="oc-2be">
         <name>.debug_info</name>
         <load_address>0xdb7a</load_address>
         <run_address>0xdb7a</run_address>
         <size>0x39</size>
         <input_file_ref idref="fl-140"/>
      </object_component>
      <object_component id="oc-da">
         <name>.debug_info</name>
         <load_address>0xdbb3</load_address>
         <run_address>0xdbb3</run_address>
         <size>0x147</size>
         <input_file_ref idref="fl-141"/>
      </object_component>
      <object_component id="oc-6e">
         <name>.debug_info</name>
         <load_address>0xdcfa</load_address>
         <run_address>0xdcfa</run_address>
         <size>0x148</size>
         <input_file_ref idref="fl-141"/>
      </object_component>
      <object_component id="oc-1d8">
         <name>.debug_info</name>
         <load_address>0xde42</load_address>
         <run_address>0xde42</run_address>
         <size>0x5e</size>
         <input_file_ref idref="fl-141"/>
      </object_component>
      <object_component id="oc-2f1">
         <name>.debug_info</name>
         <load_address>0xdea0</load_address>
         <run_address>0xdea0</run_address>
         <size>0xf5</size>
         <input_file_ref idref="fl-142"/>
      </object_component>
      <object_component id="oc-2ae">
         <name>.debug_info</name>
         <load_address>0xdf95</load_address>
         <run_address>0xdf95</run_address>
         <size>0x152</size>
         <input_file_ref idref="fl-142"/>
      </object_component>
      <object_component id="oc-d8">
         <name>.debug_info</name>
         <load_address>0xe0e7</load_address>
         <run_address>0xe0e7</run_address>
         <size>0x29e</size>
         <input_file_ref idref="fl-143"/>
      </object_component>
      <object_component id="oc-66">
         <name>.debug_info</name>
         <load_address>0xe385</load_address>
         <run_address>0xe385</run_address>
         <size>0x158</size>
         <input_file_ref idref="fl-143"/>
      </object_component>
      <object_component id="oc-1cc">
         <name>.debug_info</name>
         <load_address>0xe4dd</load_address>
         <run_address>0xe4dd</run_address>
         <size>0x39</size>
         <input_file_ref idref="fl-143"/>
      </object_component>
      <object_component id="oc-1d1">
         <name>.debug_info</name>
         <load_address>0xe516</load_address>
         <run_address>0xe516</run_address>
         <size>0xcd</size>
         <input_file_ref idref="fl-143"/>
      </object_component>
      <object_component id="oc-1c9">
         <name>.debug_info</name>
         <load_address>0xe5e3</load_address>
         <run_address>0xe5e3</run_address>
         <size>0x1c1</size>
         <input_file_ref idref="fl-144"/>
      </object_component>
      <object_component id="oc-d4">
         <name>.debug_info</name>
         <load_address>0xe7a4</load_address>
         <run_address>0xe7a4</run_address>
         <size>0x164</size>
         <input_file_ref idref="fl-144"/>
      </object_component>
      <object_component id="oc-244">
         <name>.debug_info</name>
         <load_address>0xe908</load_address>
         <run_address>0xe908</run_address>
         <size>0x2c</size>
         <input_file_ref idref="fl-144"/>
      </object_component>
      <object_component id="oc-320">
         <name>.debug_info</name>
         <load_address>0xe934</load_address>
         <run_address>0xe934</run_address>
         <size>0xcf</size>
         <input_file_ref idref="fl-145"/>
      </object_component>
      <object_component id="oc-2ee">
         <name>.debug_info</name>
         <load_address>0xea03</load_address>
         <run_address>0xea03</run_address>
         <size>0xdb</size>
         <input_file_ref idref="fl-145"/>
      </object_component>
      <object_component id="oc-270">
         <name>.debug_info</name>
         <load_address>0xeade</load_address>
         <run_address>0xeade</run_address>
         <size>0x105</size>
         <input_file_ref idref="fl-146"/>
      </object_component>
      <object_component id="oc-280">
         <name>.debug_info</name>
         <load_address>0xebe3</load_address>
         <run_address>0xebe3</run_address>
         <size>0x107</size>
         <input_file_ref idref="fl-146"/>
      </object_component>
      <object_component id="oc-27c">
         <name>.debug_info</name>
         <load_address>0xecea</load_address>
         <run_address>0xecea</run_address>
         <size>0x117</size>
         <input_file_ref idref="fl-147"/>
      </object_component>
      <object_component id="oc-275">
         <name>.debug_info</name>
         <load_address>0xee01</load_address>
         <run_address>0xee01</run_address>
         <size>0x117</size>
         <input_file_ref idref="fl-148"/>
      </object_component>
      <object_component id="oc-2d8">
         <name>.debug_info</name>
         <load_address>0xef18</load_address>
         <run_address>0xef18</run_address>
         <size>0xfe</size>
         <input_file_ref idref="fl-149"/>
      </object_component>
      <object_component id="oc-290">
         <name>.debug_info</name>
         <load_address>0xf016</load_address>
         <run_address>0xf016</run_address>
         <size>0x16e</size>
         <input_file_ref idref="fl-149"/>
      </object_component>
      <object_component id="oc-28b">
         <name>.debug_info</name>
         <load_address>0xf184</load_address>
         <run_address>0xf184</run_address>
         <size>0x109</size>
         <input_file_ref idref="fl-14a"/>
      </object_component>
      <object_component id="oc-2e6">
         <name>.debug_info</name>
         <load_address>0xf28d</load_address>
         <run_address>0xf28d</run_address>
         <size>0x142</size>
         <input_file_ref idref="fl-14b"/>
      </object_component>
      <object_component id="oc-298">
         <name>.debug_info</name>
         <load_address>0xf3cf</load_address>
         <run_address>0xf3cf</run_address>
         <size>0x165</size>
         <input_file_ref idref="fl-14b"/>
      </object_component>
      <object_component id="oc-2cf">
         <name>.debug_info</name>
         <load_address>0xf534</load_address>
         <run_address>0xf534</run_address>
         <size>0x12d</size>
         <input_file_ref idref="fl-14c"/>
      </object_component>
      <object_component id="oc-284">
         <name>.debug_info</name>
         <load_address>0xf661</load_address>
         <run_address>0xf661</run_address>
         <size>0x1a3</size>
         <input_file_ref idref="fl-14c"/>
      </object_component>
      <object_component id="oc-2ec">
         <name>.debug_info</name>
         <load_address>0xf804</load_address>
         <run_address>0xf804</run_address>
         <size>0xd2</size>
         <input_file_ref idref="fl-14d"/>
      </object_component>
      <object_component id="oc-2a9">
         <name>.debug_info</name>
         <load_address>0xf8d6</load_address>
         <run_address>0xf8d6</run_address>
         <size>0x18c</size>
         <input_file_ref idref="fl-14d"/>
      </object_component>
      <object_component id="oc-2e8">
         <name>.debug_info</name>
         <load_address>0xfa62</load_address>
         <run_address>0xfa62</run_address>
         <size>0xd6</size>
         <input_file_ref idref="fl-14e"/>
      </object_component>
      <object_component id="oc-29c">
         <name>.debug_info</name>
         <load_address>0xfb38</load_address>
         <run_address>0xfb38</run_address>
         <size>0x211</size>
         <input_file_ref idref="fl-14e"/>
      </object_component>
      <object_component id="oc-2c9">
         <name>.debug_info</name>
         <load_address>0xfd49</load_address>
         <run_address>0xfd49</run_address>
         <size>0xcb</size>
         <input_file_ref idref="fl-14f"/>
      </object_component>
      <object_component id="oc-26a">
         <name>.debug_info</name>
         <load_address>0xfe14</load_address>
         <run_address>0xfe14</run_address>
         <size>0x1f7</size>
         <input_file_ref idref="fl-14f"/>
      </object_component>
      <object_component id="oc-266">
         <name>.debug_info</name>
         <load_address>0x1000b</load_address>
         <run_address>0x1000b</run_address>
         <size>0x162</size>
         <input_file_ref idref="fl-150"/>
      </object_component>
      <object_component id="oc-2ea">
         <name>.debug_info</name>
         <load_address>0x1016d</load_address>
         <run_address>0x1016d</run_address>
         <size>0xf3</size>
         <input_file_ref idref="fl-151"/>
      </object_component>
      <object_component id="oc-2a3">
         <name>.debug_info</name>
         <load_address>0x10260</load_address>
         <run_address>0x10260</run_address>
         <size>0x13a</size>
         <input_file_ref idref="fl-151"/>
      </object_component>
      <object_component id="oc-30b">
         <name>.debug_info</name>
         <load_address>0x1039a</load_address>
         <run_address>0x1039a</run_address>
         <size>0x111</size>
         <input_file_ref idref="fl-152"/>
      </object_component>
      <object_component id="oc-2dd">
         <name>.debug_info</name>
         <load_address>0x104ab</load_address>
         <run_address>0x104ab</run_address>
         <size>0x192</size>
         <input_file_ref idref="fl-152"/>
      </object_component>
      <object_component id="oc-329">
         <name>.debug_info</name>
         <load_address>0x1063d</load_address>
         <run_address>0x1063d</run_address>
         <size>0x86</size>
         <input_file_ref idref="fl-152"/>
      </object_component>
      <object_component id="oc-304">
         <name>.debug_info</name>
         <load_address>0x106c3</load_address>
         <run_address>0x106c3</run_address>
         <size>0xfb</size>
         <input_file_ref idref="fl-153"/>
      </object_component>
      <object_component id="oc-2d2">
         <name>.debug_info</name>
         <load_address>0x107be</load_address>
         <run_address>0x107be</run_address>
         <size>0x173</size>
         <input_file_ref idref="fl-153"/>
      </object_component>
      <object_component id="oc-2e0">
         <name>.debug_info</name>
         <load_address>0x10931</load_address>
         <run_address>0x10931</run_address>
         <size>0x153</size>
         <input_file_ref idref="fl-154"/>
      </object_component>
      <object_component id="oc-308">
         <name>.debug_info</name>
         <load_address>0x10a84</load_address>
         <run_address>0x10a84</run_address>
         <size>0x1b5</size>
         <input_file_ref idref="fl-155"/>
      </object_component>
      <object_component id="oc-313">
         <name>.debug_info</name>
         <load_address>0x10c39</load_address>
         <run_address>0x10c39</run_address>
         <size>0xd6</size>
         <input_file_ref idref="fl-156"/>
      </object_component>
      <object_component id="oc-34f">
         <name>.debug_info</name>
         <load_address>0x10d0f</load_address>
         <run_address>0x10d0f</run_address>
         <size>0x13e</size>
         <input_file_ref idref="fl-157"/>
      </object_component>
      <object_component id="oc-337">
         <name>.debug_info</name>
         <load_address>0x10e4d</load_address>
         <run_address>0x10e4d</run_address>
         <size>0x10e</size>
         <input_file_ref idref="fl-157"/>
      </object_component>
      <object_component id="oc-30e">
         <name>.debug_info</name>
         <load_address>0x10f5b</load_address>
         <run_address>0x10f5b</run_address>
         <size>0x16f</size>
         <input_file_ref idref="fl-157"/>
      </object_component>
      <object_component id="oc-34a">
         <name>.debug_info</name>
         <load_address>0x110ca</load_address>
         <run_address>0x110ca</run_address>
         <size>0x6f</size>
         <input_file_ref idref="fl-157"/>
      </object_component>
      <object_component id="oc-347">
         <name>.debug_info</name>
         <load_address>0x11139</load_address>
         <run_address>0x11139</run_address>
         <size>0xfd</size>
         <input_file_ref idref="fl-158"/>
      </object_component>
      <object_component id="oc-331">
         <name>.debug_info</name>
         <load_address>0x11236</load_address>
         <run_address>0x11236</run_address>
         <size>0x154</size>
         <input_file_ref idref="fl-158"/>
      </object_component>
      <object_component id="oc-358">
         <name>.debug_info</name>
         <load_address>0x1138a</load_address>
         <run_address>0x1138a</run_address>
         <size>0x2c</size>
         <input_file_ref idref="fl-158"/>
      </object_component>
      <object_component id="oc-355">
         <name>.debug_info</name>
         <load_address>0x113b6</load_address>
         <run_address>0x113b6</run_address>
         <size>0x11d</size>
         <input_file_ref idref="fl-159"/>
      </object_component>
      <object_component id="oc-352">
         <name>.debug_info</name>
         <load_address>0x114d3</load_address>
         <run_address>0x114d3</run_address>
         <size>0xdb</size>
         <input_file_ref idref="fl-159"/>
      </object_component>
      <object_component id="oc-342">
         <name>.debug_info</name>
         <load_address>0x115ae</load_address>
         <run_address>0x115ae</run_address>
         <size>0x16a</size>
         <input_file_ref idref="fl-159"/>
      </object_component>
      <object_component id="oc-324">
         <name>.debug_info</name>
         <load_address>0x11718</load_address>
         <run_address>0x11718</run_address>
         <size>0xc6</size>
         <input_file_ref idref="fl-15a"/>
      </object_component>
      <object_component id="oc-2fe">
         <name>.debug_info</name>
         <load_address>0x117de</load_address>
         <run_address>0x117de</run_address>
         <size>0x14d</size>
         <input_file_ref idref="fl-15a"/>
      </object_component>
      <object_component id="oc-222">
         <name>.debug_info</name>
         <load_address>0x1192b</load_address>
         <run_address>0x1192b</run_address>
         <size>0x1a6</size>
         <input_file_ref idref="fl-15b"/>
      </object_component>
      <object_component id="oc-150">
         <name>.debug_info</name>
         <load_address>0x11ad1</load_address>
         <run_address>0x11ad1</run_address>
         <size>0x176</size>
         <input_file_ref idref="fl-15b"/>
      </object_component>
      <object_component id="oc-156">
         <name>.debug_info</name>
         <load_address>0x11c47</load_address>
         <run_address>0x11c47</run_address>
         <size>0x1d0</size>
         <input_file_ref idref="fl-15b"/>
      </object_component>
      <object_component id="oc-174">
         <name>.debug_info</name>
         <load_address>0x11e17</load_address>
         <run_address>0x11e17</run_address>
         <size>0x35e</size>
         <input_file_ref idref="fl-15b"/>
      </object_component>
      <object_component id="oc-181">
         <name>.debug_info</name>
         <load_address>0x12175</load_address>
         <run_address>0x12175</run_address>
         <size>0x1d3</size>
         <input_file_ref idref="fl-15b"/>
      </object_component>
      <object_component id="oc-17b">
         <name>.debug_info</name>
         <load_address>0x12348</load_address>
         <run_address>0x12348</run_address>
         <size>0x1ce</size>
         <input_file_ref idref="fl-15b"/>
      </object_component>
      <object_component id="oc-16e">
         <name>.debug_info</name>
         <load_address>0x12516</load_address>
         <run_address>0x12516</run_address>
         <size>0x24a</size>
         <input_file_ref idref="fl-15b"/>
      </object_component>
      <object_component id="oc-15c">
         <name>.debug_info</name>
         <load_address>0x12760</load_address>
         <run_address>0x12760</run_address>
         <size>0x217</size>
         <input_file_ref idref="fl-15b"/>
      </object_component>
      <object_component id="oc-25d">
         <name>.debug_info</name>
         <load_address>0x12977</load_address>
         <run_address>0x12977</run_address>
         <size>0x86</size>
         <input_file_ref idref="fl-15b"/>
      </object_component>
      <object_component id="oc-101">
         <name>.debug_info</name>
         <load_address>0x129fd</load_address>
         <run_address>0x129fd</run_address>
         <size>0x90</size>
         <input_file_ref idref="fl-15b"/>
      </object_component>
      <object_component id="oc-fc">
         <name>.debug_info</name>
         <load_address>0x12a8d</load_address>
         <run_address>0x12a8d</run_address>
         <size>0x18b</size>
         <input_file_ref idref="fl-15b"/>
      </object_component>
      <object_component id="oc-106">
         <name>.debug_info</name>
         <load_address>0x12c18</load_address>
         <run_address>0x12c18</run_address>
         <size>0x226</size>
         <input_file_ref idref="fl-15c"/>
      </object_component>
      <object_component id="oc-f3">
         <name>.debug_info</name>
         <load_address>0x12e3e</load_address>
         <run_address>0x12e3e</run_address>
         <size>0xff</size>
         <input_file_ref idref="fl-15c"/>
      </object_component>
      <object_component id="oc-f6">
         <name>.debug_info</name>
         <load_address>0x12f3d</load_address>
         <run_address>0x12f3d</run_address>
         <size>0x10b</size>
         <input_file_ref idref="fl-15c"/>
      </object_component>
      <object_component id="oc-1ec">
         <name>.debug_info</name>
         <load_address>0x13048</load_address>
         <run_address>0x13048</run_address>
         <size>0x105</size>
         <input_file_ref idref="fl-15c"/>
      </object_component>
      <object_component id="oc-f9">
         <name>.debug_info</name>
         <load_address>0x1314d</load_address>
         <run_address>0x1314d</run_address>
         <size>0x112</size>
         <input_file_ref idref="fl-15c"/>
      </object_component>
      <object_component id="oc-162">
         <name>.debug_info</name>
         <load_address>0x1325f</load_address>
         <run_address>0x1325f</run_address>
         <size>0x281</size>
         <input_file_ref idref="fl-15c"/>
      </object_component>
      <object_component id="oc-111">
         <name>.debug_info</name>
         <load_address>0x134e0</load_address>
         <run_address>0x134e0</run_address>
         <size>0x1e1</size>
         <input_file_ref idref="fl-15c"/>
      </object_component>
      <object_component id="oc-e7">
         <name>.debug_info</name>
         <load_address>0x136c1</load_address>
         <run_address>0x136c1</run_address>
         <size>0x264</size>
         <input_file_ref idref="fl-15c"/>
      </object_component>
      <object_component id="oc-ed">
         <name>.debug_info</name>
         <load_address>0x13925</load_address>
         <run_address>0x13925</run_address>
         <size>0x21e</size>
         <input_file_ref idref="fl-15c"/>
      </object_component>
      <object_component id="oc-7c">
         <name>.debug_info</name>
         <load_address>0x13b43</load_address>
         <run_address>0x13b43</run_address>
         <size>0x4c5</size>
         <input_file_ref idref="fl-15c"/>
      </object_component>
      <object_component id="oc-1f8">
         <name>.debug_info</name>
         <load_address>0x14008</load_address>
         <run_address>0x14008</run_address>
         <size>0x5f</size>
         <input_file_ref idref="fl-15c"/>
      </object_component>
      <object_component id="oc-20c">
         <name>.debug_info</name>
         <load_address>0x14067</load_address>
         <run_address>0x14067</run_address>
         <size>0x1f8</size>
         <input_file_ref idref="fl-15d"/>
      </object_component>
      <object_component id="oc-118">
         <name>.debug_info</name>
         <load_address>0x1425f</load_address>
         <run_address>0x1425f</run_address>
         <size>0x24b</size>
         <input_file_ref idref="fl-15d"/>
      </object_component>
      <object_component id="oc-12a">
         <name>.debug_info</name>
         <load_address>0x144aa</load_address>
         <run_address>0x144aa</run_address>
         <size>0x221</size>
         <input_file_ref idref="fl-15d"/>
      </object_component>
      <object_component id="oc-217">
         <name>.debug_info</name>
         <load_address>0x146cb</load_address>
         <run_address>0x146cb</run_address>
         <size>0x225</size>
         <input_file_ref idref="fl-15d"/>
      </object_component>
      <object_component id="oc-124">
         <name>.debug_info</name>
         <load_address>0x148f0</load_address>
         <run_address>0x148f0</run_address>
         <size>0x1ec</size>
         <input_file_ref idref="fl-15d"/>
      </object_component>
      <object_component id="oc-211">
         <name>.debug_info</name>
         <load_address>0x14adc</load_address>
         <run_address>0x14adc</run_address>
         <size>0x227</size>
         <input_file_ref idref="fl-15d"/>
      </object_component>
      <object_component id="oc-11e">
         <name>.debug_info</name>
         <load_address>0x14d03</load_address>
         <run_address>0x14d03</run_address>
         <size>0x1ec</size>
         <input_file_ref idref="fl-15d"/>
      </object_component>
      <object_component id="oc-252">
         <name>.debug_info</name>
         <load_address>0x14eef</load_address>
         <run_address>0x14eef</run_address>
         <size>0x1a4</size>
         <input_file_ref idref="fl-15d"/>
      </object_component>
      <object_component id="oc-21e">
         <name>.debug_info</name>
         <load_address>0x15093</load_address>
         <run_address>0x15093</run_address>
         <size>0x1d7</size>
         <input_file_ref idref="fl-15f"/>
      </object_component>
      <object_component id="oc-14b">
         <name>.debug_info</name>
         <load_address>0x1526a</load_address>
         <run_address>0x1526a</run_address>
         <size>0x217</size>
         <input_file_ref idref="fl-15f"/>
      </object_component>
      <object_component id="oc-145">
         <name>.debug_info</name>
         <load_address>0x15481</load_address>
         <run_address>0x15481</run_address>
         <size>0x312</size>
         <input_file_ref idref="fl-15f"/>
      </object_component>
      <object_component id="oc-204">
         <name>.debug_info</name>
         <load_address>0x15793</load_address>
         <run_address>0x15793</run_address>
         <size>0x1dd</size>
         <input_file_ref idref="fl-15f"/>
      </object_component>
      <object_component id="oc-13e">
         <name>.debug_info</name>
         <load_address>0x15970</load_address>
         <run_address>0x15970</run_address>
         <size>0x1eb</size>
         <input_file_ref idref="fl-15f"/>
      </object_component>
      <object_component id="oc-1fe">
         <name>.debug_info</name>
         <load_address>0x15b5b</load_address>
         <run_address>0x15b5b</run_address>
         <size>0x1ed</size>
         <input_file_ref idref="fl-15f"/>
      </object_component>
      <object_component id="oc-389">
         <name>.debug_info</name>
         <load_address>0x15d48</load_address>
         <run_address>0x15d48</run_address>
         <size>0xb3</size>
      </object_component>
[...]
         <value>0xc6f</value>
         <object_component_ref idref="oc-90"/>
      </symbol>
      <symbol id="sm-2d4">
         <name>MoveCircle</name>
         <value>0x2427</value>
         <object_component_ref idref="oc-90"/>
      </symbol>
      <symbol id="sm-2d5">
         <name>WRITE_FND_DOT</name>
         <value>0x2991</value>
         <object_component_ref idref="oc-90"/>
      </symbol>
      <symbol id="sm-2d6">
         <name>RestoreBackground</name>
         <value>0xb2d</value>
         <object_component_ref idref="oc-90"/>
      </symbol>
      <symbol id="sm-2d7">
         <name>Scroll_up</name>
         <value>0x1e9d</value>
         <object_component_ref idref="oc-90"/>
      </symbol>
      <symbol id="sm-2d8">
         <name>Interrupt_init</name>
         <value>0x209</value>
         <object_component_ref idref="oc-90"/>
      </symbol>
      <symbol id="sm-2d9">
         <name>LED_clear</name>
         <value>0x2a95</value>
         <object_component_ref idref="oc-90"/>
      </symbol>
      <symbol id="sm-2da">
         <name>Scroll_down</name>
         <value>0x1a45</value>
         <object_component_ref idref="oc-90"/>
      </symbol>
      <symbol id="sm-2db">
         <name>LED_init</name>
         <value>0x2b05</value>
         <object_component_ref idref="oc-90"/>
      </symbol>
      <symbol id="sm-2dc">
         <name>Play</name>
         <value>0x2651</value>
         <object_component_ref idref="oc-90"/>
      </symbol>
      <symbol id="sm-2dd">
         <name>WriteCommand</name>
         <value>0x68b5</value>
         <object_component_ref idref="oc-12f"/>
      </symbol>
      <symbol id="sm-2de">
         <name>FND_init</name>
         <value>0x26ed</value>
         <object_component_ref idref="oc-90"/>
      </symbol>
      <symbol id="sm-2df">
         <name>BarDraw</name>
         <value>0xed9</value>
         <object_component_ref idref="oc-90"/>
      </symbol>
      <symbol id="sm-2e0">
         <name>FND_clear</name>
         <value>0x2a05</value>
         <object_component_ref idref="oc-90"/>
      </symbol>
      <symbol id="sm-2e1">
         <name>Interrupt_init_dip</name>
         <value>0x45d</value>
         <object_component_ref idref="oc-90"/>
      </symbol>
      <symbol id="sm-339">
         <name>PinoutSet</name>
         <value>0x404d</value>
         <object_component_ref idref="oc-10a"/>
      </symbol>
      <symbol id="sm-389">
         <name>BarView</name>
         <value>0x48b3</value>
         <object_component_ref idref="oc-96"/>
      </symbol>
      <symbol id="sm-38a">
         <name>noteView</name>
         <value>0x47e7</value>
         <object_component_ref idref="oc-96"/>
      </symbol>
      <symbol id="sm-38b">
         <name>ScoreProcessing</name>
         <value>0x4995</value>
         <object_component_ref idref="oc-96"/>
      </symbol>
      <symbol id="sm-38c">
         <name>imageMove</name>
         <value>0x4635</value>
         <object_component_ref idref="oc-96"/>
      </symbol>
      <symbol id="sm-38d">
         <name>KeyboardProcessing</name>
         <value>0x4b77</value>
         <object_component_ref idref="oc-96"/>
      </symbol>
      <symbol id="sm-38e">
         <name>StayWithMe</name>
         <value>0x490d</value>
         <object_component_ref idref="oc-96"/>
      </symbol>
      <symbol id="sm-3af">
         <name>ResetISR</name>
         <value>0x69cf</value>
         <object_component_ref idref="oc-2a"/>
      </symbol>
      <symbol id="sm-3b0">
         <name>g_pfnVectors</name>
         <value>0x0</value>
         <object_component_ref idref="oc-f"/>
      </symbol>
      <symbol id="sm-3e0">
         <name>MX66L51235FSectorErase</name>
         <value>0x51fd</value>
         <object_component_ref idref="oc-167"/>
      </symbol>
      <symbol id="sm-3e1">
         <name>MX66L51235FRead</name>
         <value>0x5397</value>
         <object_component_ref idref="oc-167"/>
      </symbol>
      <symbol id="sm-3e2">
         <name>MX66L51235FInit</name>
         <value>0x50d1</value>
         <object_component_ref idref="oc-167"/>
      </symbol>
      <symbol id="sm-3e3">
         <name>MX66L51235FPageProgram</name>
         <value>0x533b</value>
         <object_component_ref idref="oc-167"/>
      </symbol>
      <symbol id="sm-3e4">
         <name>MX66L51235FBlockErase32</name>
         <value>0x524f</value>
         <object_component_ref idref="oc-167"/>
      </symbol>
      <symbol id="sm-3e5">
         <name>MX66L51235FBlockErase64</name>
         <value>0x52a1</value>
         <object_component_ref idref="oc-167"/>
      </symbol>
      <symbol id="sm-3e6">
         <name>MX66L51235FChipErase</name>
         <value>0x52f3</value>
         <object_component_ref idref="oc-167"/>
      </symbol>
      <symbol id="sm-3f8">
         <name>_c_int00</name>
         <value>0x63a9</value>
         <object_component_ref idref="oc-24"/>
      </symbol>
      <symbol id="sm-3f9">
         <name>__stack</name>
         <value>0x20027788</value>
         <object_component_ref idref="oc-29"/>
      </symbol>
      <symbol id="sm-410">
         <name>__TI_decompress_none</name>
         <value>0x699d</value>
         <object_component_ref idref="oc-12"/>
      </symbol>
      <symbol id="sm-438">
         <name>__TI_decompress_rle24</name>
         <value>0x69ef</value>
         <object_component_ref idref="oc-18"/>
      </symbol>
      <symbol id="sm-44a">
         <name>__TI_zero_init</name>
         <value>0x69c3</value>
         <object_component_ref idref="oc-1e"/>
      </symbol>
      <symbol id="sm-469">
         <name>C$$EXIT</name>
         <value>0x65b1</value>
         <object_component_ref idref="oc-70"/>
      </symbol>
      <symbol id="sm-46a">
         <name>abort</name>
         <value>0x65b5</value>
         <object_component_ref idref="oc-70"/>
      </symbol>
      <symbol id="sm-46b">
         <name>exit</name>
         <value>0x65bd</value>
         <object_component_ref idref="oc-70"/>
      </symbol>
      <symbol id="sm-46c">
         <name>__TI_dtors_ptr</name>
         <value>0x200288e8</value>
         <object_component_ref idref="oc-de"/>
      </symbol>
      <symbol id="sm-46d">
         <name>__TI_cleanup_ptr</name>
         <value>0x200288e4</value>
         <object_component_ref idref="oc-de"/>
      </symbol>
      <symbol id="sm-491">
         <name>__aeabi_dsub</name>
         <value>0x57e9</value>
         <object_component_ref idref="oc-86"/>
      </symbol>
      <symbol id="sm-492">
         <name>__aeabi_dadd</name>
         <value>0x57f3</value>
         <object_component_ref idref="oc-86"/>
      </symbol>
      <symbol id="sm-4a0">
         <name>__aeabi_d2iz</name>
         <value>0x64d9</value>
         <object_component_ref idref="oc-8b"/>
      </symbol>
      <symbol id="sm-4ae">
         <name>__aeabi_f2d</name>
         <value>0x6635</value>
         <object_component_ref idref="oc-81"/>
      </symbol>
      <symbol id="sm-4c9">
         <name>memcpy</name>
         <value>0x5ecf</value>
         <object_component_ref idref="oc-39"/>
      </symbol>
      <symbol id="sm-4ca">
         <name>__aeabi_memcpy</name>
         <value>0x5ecf</value>
         <object_component_ref idref="oc-39"/>
      </symbol>
      <symbol id="sm-4cb">
         <name>__aeabi_memcpy8</name>
         <value>0x5ecf</value>
         <object_component_ref idref="oc-39"/>
      </symbol>
      <symbol id="sm-4cc">
         <name>__aeabi_memcpy4</name>
         <value>0x5ecf</value>
         <object_component_ref idref="oc-39"/>
      </symbol>
      <symbol id="sm-4db">
         <name>__aeabi_memset</name>
         <value>0x60fb</value>
         <object_component_ref idref="oc-52"/>
      </symbol>
      <symbol id="sm-4dc">
         <name>memset</name>
         <value>0x6101</value>
         <object_component_ref idref="oc-52"/>
      </symbol>
      <symbol id="sm-4dd">
         <name>__aeabi_memset8</name>
         <value>0x60fb</value>
         <object_component_ref idref="oc-52"/>
      </symbol>
      <symbol id="sm-4de">
         <name>__aeabi_memset4</name>
         <value>0x60fb</value>
         <object_component_ref idref="oc-52"/>
      </symbol>
      <symbol id="sm-4df">
         <name>__aeabi_memclr8</name>
         <value>0x60f9</value>
         <object_component_ref idref="oc-52"/>
      </symbol>
      <symbol id="sm-4e0">
         <name>__aeabi_memclr4</name>
         <value>0x60f9</value>
         <object_component_ref idref="oc-52"/>
      </symbol>
      <symbol id="sm-4e1">
         <name>__aeabi_memclr</name>
         <value>0x60f9</value>
         <object_component_ref idref="oc-52"/>
      </symbol>
      <symbol id="sm-4eb">
         <name>_system_pre_init</name>
         <value>0x69fd</value>
         <object_component_ref idref="oc-5e"/>
      </symbol>
      <symbol id="sm-4f3">
         <name>main_func_sp</name>
         <value>0x200288fc</value>
         <object_component_ref idref="oc-76"/>
      </symbol>
      <symbol id="sm-50c">
         <name>vsprintf</name>
         <value>0x6521</value>
         <object_component_ref idref="oc-18d"/>
      </symbol>
      <symbol id="sm-525">
         <name>_nop</name>
         <value>0x693b</value>
         <object_component_ref idref="oc-1dd"/>
      </symbol>
      <symbol id="sm-526">
         <name>_lock</name>
         <value>0x200288dc</value>
         <object_component_ref idref="oc-db"/>
      </symbol>
      <symbol id="sm-527">
         <name>_unlock</name>
         <value>0x200288e0</value>
         <object_component_ref idref="oc-db"/>
      </symbol>
      <symbol id="sm-528">
         <name>_register_lock</name>
         <value>0x6933</value>
         <object_component_ref idref="oc-1dd"/>
      </symbol>
      <symbol id="sm-529">
         <name>_register_unlock</name>
         <value>0x692d</value>
         <object_component_ref idref="oc-1dd"/>
      </symbol>
      <symbol id="sm-62e">
         <name>__TI_printfi</name>
         <value>0x3d45</value>
         <object_component_ref idref="oc-22f"/>
      </symbol>
      <symbol id="sm-643">
         <name>_args_main</name>
         <value>0x68e5</value>
         <object_component_ref idref="oc-6a"/>
      </symbol>
      <symbol id="sm-659">
         <name>atoi</name>
         <value>0x63f9</value>
         <object_component_ref idref="oc-2ac"/>
      </symbol>
      <symbol id="sm-67f">
         <name>__TI_auto_init</name>
         <value>0x6175</value>
         <object_component_ref idref="oc-64"/>
      </symbol>
      <symbol id="sm-699">
         <name>copy_in</name>
         <value>0x6445</value>
         <object_component_ref idref="oc-d1"/>
      </symbol>
      <symbol id="sm-6a4">
         <name>_ctypes_</name>
         <value>0x6ccc</value>
         <object_component_ref idref="oc-2ed"/>
      </symbol>
      <symbol id="sm-6cb">
         <name>__aeabi_cdcmpeq</name>
         <value>0x5f6b</value>
         <object_component_ref idref="oc-26f"/>
      </symbol>
      <symbol id="sm-6cc">
         <name>__aeabi_cdcmple</name>
         <value>0x5f6b</value>
         <object_component_ref idref="oc-26f"/>
      </symbol>
      <symbol id="sm-6cd">
         <name>__aeabi_cdrcmple</name>
         <value>0x5ff1</value>
         <object_component_ref idref="oc-27e"/>
      </symbol>
      <symbol id="sm-6ed">
         <name>__aeabi_ddiv</name>
         <value>0x599f</value>
         <object_component_ref idref="oc-279"/>
      </symbol>
      <symbol id="sm-704">
         <name>__aeabi_dmul</name>
         <value>0x5d15</value>
         <object_component_ref idref="oc-274"/>
      </symbol>
      <symbol id="sm-711">
         <name>frexp</name>
         <value>0x67f3</value>
         <object_component_ref idref="oc-28e"/>
      </symbol>
      <symbol id="sm-71d">
         <name>__aeabi_i2d</name>
         <value>0x676d</value>
         <object_component_ref idref="oc-289"/>
      </symbol>
      <symbol id="sm-72e">
         <name>ldexp</name>
         <value>0x6307</value>
         <object_component_ref idref="oc-294"/>
      </symbol>
      <symbol id="sm-73d">
         <name>ltoa</name>
         <value>0x62b1</value>
         <object_component_ref idref="oc-283"/>
      </symbol>
      <symbol id="sm-74d">
         <name>memccpy</name>
         <value>0x6881</value>
         <object_component_ref idref="oc-2a6"/>
      </symbol>
      <symbol id="sm-75d">
         <name>strchr</name>
         <value>0x6915</value>
         <object_component_ref idref="oc-29a"/>
      </symbol>
      <symbol id="sm-76b">
         <name>strlen</name>
         <value>0x6941</value>
         <object_component_ref idref="oc-269"/>
      </symbol>
      <symbol id="sm-795">
         <name>__aeabi_uldivmod</name>
         <value>0x55f5</value>
         <object_component_ref idref="oc-264"/>
      </symbol>
      <symbol id="sm-7a3">
         <name>_Dclass</name>
         <value>0x670d</value>
         <object_component_ref idref="oc-2a0"/>
      </symbol>
      <symbol id="sm-7c4">
         <name>_Dscale</name>
         <value>0x5c05</value>
         <object_component_ref idref="oc-2d9"/>
      </symbol>
      <symbol id="sm-7d8">
         <name>_Dunscale</name>
         <value>0x624b</value>
         <object_component_ref idref="oc-2d1"/>
      </symbol>
      <symbol id="sm-7e7">
         <name>_Feraise</name>
         <value>0x673d</value>
         <object_component_ref idref="oc-2df"/>
      </symbol>
      <symbol id="sm-7f7">
         <name>_Rteps</name>
         <value>0x20028898</value>
         <object_component_ref idref="oc-307"/>
      </symbol>
      <symbol id="sm-7f8">
         <name>_Zero</name>
         <value>0x200288b0</value>
         <object_component_ref idref="oc-307"/>
      </symbol>
      <symbol id="sm-7f9">
         <name>_Hugeval</name>
         <value>0x20028858</value>
         <object_component_ref idref="oc-307"/>
      </symbol>
      <symbol id="sm-7fa">
         <name>_Snan</name>
         <value>0x20028888</value>
         <object_component_ref idref="oc-307"/>
      </symbol>
      <symbol id="sm-7fb">
         <name>_Nan</name>
         <value>0x20028878</value>
         <object_component_ref idref="oc-307"/>
      </symbol>
      <symbol id="sm-7fc">
         <name>_Inf</name>
         <value>0x20028868</value>
         <object_component_ref idref="oc-307"/>
      </symbol>
      <symbol id="sm-7fd">
         <name>_Xbig</name>
         <value>0x200288a8</value>
         <object_component_ref idref="oc-307"/>
      </symbol>
      <symbol id="sm-7fe">
         <name>_Eps</name>
         <value>0x20028848</value>
         <object_component_ref idref="oc-307"/>
      </symbol>
      <symbol id="sm-7ff">
         <name>_Denorm</name>
         <value>0x20028838</value>
         <object_component_ref idref="oc-307"/>
      </symbol>
      <symbol id="sm-807">
         <name>_Errno</name>
         <value>0x200288f8</value>
         <object_component_ref idref="oc-312"/>
      </symbol>
      <symbol id="sm-825">
         <name>feraiseexcept</name>
         <value>0x66d9</value>
         <object_component_ref idref="oc-30c"/>
      </symbol>
      <symbol id="sm-826">
         <name>_Tls_setup__Fenv</name>
         <value>0x200288f0</value>
         <object_component_ref idref="oc-336"/>
      </symbol>
      <symbol id="sm-827">
         <name>_Fenv</name>
         <value>0x200288ec</value>
         <object_component_ref idref="oc-336"/>
      </symbol>
      <symbol id="sm-83b">
         <name>raise</name>
         <value>0x679b</value>
         <object_component_ref idref="oc-330"/>
      </symbol>
      <symbol id="sm-855">
         <name>signal</name>
         <value>0x65f5</value>
         <object_component_ref idref="oc-340"/>
      </symbol>
      <symbol id="sm-86a">
         <name>_Dnorm</name>
         <value>0x5e11</value>
         <object_component_ref idref="oc-2fd"/>
      </symbol>
      <symbol id="sm-8ce">
         <name>uDMAChannelControlSet</name>
         <value>0x681d</value>
         <object_component_ref idref="oc-16d"/>
      </symbol>
      <symbol id="sm-8cf">
         <name>uDMAChannelTransferSet</name>
         <value>0x6079</value>
         <object_component_ref idref="oc-173"/>
      </symbol>
      <symbol id="sm-8d0">
         <name>uDMAEnable</name>
         <value>0x698d</value>
         <object_component_ref idref="oc-14f"/>
      </symbol>
      <symbol id="sm-8d1">
         <name>uDMAControlBaseSet</name>
         <value>0x69dd</value>
         <object_component_ref idref="oc-155"/>
      </symbol>
      <symbol id="sm-8d2">
         <name>uDMAChannelAttributeDisable</name>
         <value>0x6569</value>
         <object_component_ref idref="oc-15b"/>
      </symbol>
      <symbol id="sm-8d3">
         <name>uDMAChannelEnable</name>
         <value>0x68fd</value>
         <object_component_ref idref="oc-179"/>
      </symbol>
      <symbol id="sm-8d4">
         <name>uDMAChannelRequest</name>
         <value>0x6955</value>
         <object_component_ref idref="oc-17f"/>
      </symbol>
      <symbol id="sm-95a">
         <name>SysCtlDelay</name>
         <value>0x69e9</value>
         <object_component_ref idref="oc-116"/>
      </symbol>
      <symbol id="sm-95b">
         <name>SysCtlPeripheralEnable</name>
         <value>0x66a5</value>
         <object_component_ref idref="oc-110"/>
      </symbol>
      <symbol id="sm-95c">
         <name>SysCtlClockFreqSet</name>
         <value>0x53f9</value>
         <object_component_ref idref="oc-7b"/>
      </symbol>
      <symbol id="sm-95d">
         <name>SysCtlPeripheralReset</name>
         <value>0x6359</value>
         <object_component_ref idref="oc-161"/>
      </symbol>
      <symbol id="sm-998">
         <name>LCDIDDConfigSet</name>
         <value>0x69f9</value>
         <object_component_ref idref="oc-123"/>
      </symbol>
      <symbol id="sm-999">
         <name>LCDDMAConfigSet</name>
         <value>0x69f5</value>
         <object_component_ref idref="oc-11d"/>
      </symbol>
      <symbol id="sm-99a">
         <name>LCDIDDDataWrite</name>
         <value>0x69b7</value>
         <object_component_ref idref="oc-216"/>
      </symbol>
      <symbol id="sm-99b">
         <name>LCDIDDCommandWrite</name>
         <value>0x69ab</value>
         <object_component_ref idref="oc-210"/>
      </symbol>
      <symbol id="sm-99c">
         <name>LCDIDDTimingSet</name>
         <value>0x666d</value>
         <object_component_ref idref="oc-129"/>
      </symbol>
      <symbol id="sm-99d">
         <name>LCDModeSet</name>
         <value>0x6841</value>
         <object_component_ref idref="oc-117"/>
      </symbol>
      <symbol id="sm-9d3">
         <name>GPIOPinTypeGPIOOutput</name>
         <value>0x689d</value>
         <object_component_ref idref="oc-13d"/>
      </symbol>
      <symbol id="sm-9d4">
         <name>GPIODirModeSet</name>
         <value>0x67c9</value>
         <object_component_ref idref="oc-149"/>
      </symbol>
      <symbol id="sm-9d5">
         <name>GPIOPadConfigSet</name>
         <value>0x5ad5</value>
         <object_component_ref idref="oc-143"/>
      </symbol>
      <symbol id="sm-9d6">
         <name>GPIOPinTypeLCD</name>
         <value>0x697b</value>
         <object_component_ref idref="oc-203"/>
      </symbol>
      <symbol id="sm-9d7">
         <name>GPIOPinTypeEthernetLED</name>
         <value>0x6969</value>
         <object_component_ref idref="oc-1fd"/>
      </symbol>
      <symbol id="sm-9d9">
         <name>__TI_static_base__</name>
         <value>0x0</value>
      </symbol>
      <symbol id="sm-9dc">
         <name>SHT$$INIT_ARRAY$$Limit</name>
         <value>0x0</value>
      </symbol>
      <symbol id="sm-9dd">
         <name>SHT$$INIT_ARRAY$$Base</name>
         <value>0x0</value>
      </symbol>
   </symbol_table>
   <title>Link successful</title>
</link_info>
