******************************************************************************
                  TI ARM Linker PC v5.2.5                      
******************************************************************************
>> Linked Fri Jun 01 15:59:06 2018

OUTPUT FILE NAME:   <Term_Project.out>
ENTRY POINT SYMBOL: "_c_int00"  address: 000063fd


MEMORY CONFIGURATION

         name            origin    length      used     unused   attr    fill
----------------------  --------  ---------  --------  --------  ----  --------
  FLASH                 00000000   00100000  00007004  000f8ffc  R  X
  SRAM                  20000000   00040000  0002842c  00017bd4  RW X


SEGMENT ALLOCATION MAP

run origin  load origin   length   init length attrs members
----------  ----------- ---------- ----------- ----- -------
00000000    00000000    00007008   00007008    r-x
  00000000    00000000    00000208   00000208    r-- .intvecs
  00000208    00000208    00006858   00006858    r-x .text
  00006a60    00006a60    0000050c   0000050c    r-- .const
  00006f70    00006f70    00000098   00000098    r-- .cinit
20000000    20000000    00028430   00000000    rw-
  20000000    20000000    00027aac   00000000    rw- .bss
  20027aac    20027aac    00000800   00000000    rw- .stack
  200282b0    200282b0    00000180   00000000    rw- .data


SECTION ALLOCATION MAP

 output                                  attributes/
section   page    origin      length       input sections
--------  ----  ----------  ----------   ----------------
.intvecs   0    00000000    00000208     
                  00000000    00000208     tm4c129xnczad_startup_ccs.obj (.intvecs)

.text      0    00000208    00006858     
                  00000208    00002b50     myLib.obj (.text)
                  00002d58    000010ba     rtsv7M4_T_le_v4SPD16_eabi.lib : _printfi.obj (.text)
                  00003e12    00000002     --HOLE-- [fill = 0]
                  00003e14    000005e8     pinout.obj (.text)
                  000043fc    000004a0     Note.obj (.text)
                  0000489c    000003a0     main.obj (.text)
                  00004c3c    00000328     mx66l51235f.obj (.text)
                  00004f64    000002f4     play.obj (.text)
                  00005258    000001fc     driverlib.lib : sysctl.obj (.text:SysCtlClockFreqSet)
                  00005454    000001f4     Bar.obj (.text)
                  00005648    000001f4     rtsv7M4_T_le_v4SPD16_eabi.lib : ull_div_t2.obj (.text)
                  0000583c    000001b6                                   : fd_add_t2.obj (.text)
                  000059f2    00000136                                   : fd_div_t2.obj (.text)
                  00005b28    00000130     driverlib.lib : gpio.obj (.text:GPIOPadConfigSet)
                  00005c58    00000110     rtsv7M4_T_le_v4SPD16_eabi.lib : xdscale.obj (.text)
                  00005d68    000000fc                                   : fd_mul_t2.obj (.text)
                  00005e64    000000be                                   : xdnorm.obj (.text)
                  00005f22    0000009c                                   : memcpy_t2.obj (.text)
                  00005fbe    00000086                                   : fd_cmp_t2.obj (.text:__aeabi_cdcmple)
                  00006044    00000086                                   : fd_cmp_t2.obj (.text:__aeabi_cdrcmple)
                  000060ca    00000002     --HOLE-- [fill = 0]
                  000060cc    00000080     driverlib.lib : udma.obj (.text:uDMAChannelTransferSet)
                  0000614c    0000007a     rtsv7M4_T_le_v4SPD16_eabi.lib : memset_t2.obj (.text)
                  000061c6    00000002     --HOLE-- [fill = 0]
                  000061c8    0000006c                                   : autoinit.obj (.text)
                  00006234    0000006a                                   : copy_decompress_rle.obj (.text)
                  0000629e    00000066                                   : xdunscal.obj (.text)
                  00006304    00000056                                   : ltoa.obj (.text)
                  0000635a    00000052                                   : ldexp.obj (.text)
                  000063ac    00000050     driverlib.lib : sysctl.obj (.text:SysCtlPeripheralReset)
                  000063fc    00000050     rtsv7M4_T_le_v4SPD16_eabi.lib : boot.obj (.text)
                  0000644c    0000004c                                   : atoi.obj (.text)
                  00006498    0000004c                                   : cpy_tbl.obj (.text)
                  000064e4    00000048     driverlib.lib : sysctl.obj (.text:_SysCtlFrequencyGet)
                  0000652c    00000048     rtsv7M4_T_le_v4SPD16_eabi.lib : fd_toi_t2.obj (.text)
                  00006574    00000048                                   : vsprintf.obj (.text)
                  000065bc    00000048     driverlib.lib : udma.obj (.text:uDMAChannelAttributeDisable)
                  00006604    00000044     rtsv7M4_T_le_v4SPD16_eabi.lib : exit.obj (.text)
                  00006648    00000040                                   : signal.obj (.text)
                  00006688    00000038                                   : fs_tod_t2.obj (.text)
                  000066c0    00000036     driverlib.lib : lcd.obj (.text:LCDIDDTimingSet)
                  000066f6    00000002     --HOLE-- [fill = 0]
                  000066f8    00000034                   : sysctl.obj (.text:SysCtlPeripheralEnable)
                  0000672c    00000034     rtsv7M4_T_le_v4SPD16_eabi.lib : feraiseexcept.obj (.text)
                  00006760    00000030                                   : xdclass.obj (.text)
                  00006790    00000030                                   : xferaise.obj (.text)
                  000067c0    0000002e                                   : i_tofd_t2.obj (.text)
                  000067ee    0000002e                                   : raise.obj (.text)
                  0000681c    0000002a     driverlib.lib : gpio.obj (.text:GPIODirModeSet)
                  00006846    0000002a     rtsv7M4_T_le_v4SPD16_eabi.lib : frexp.obj (.text)
                  00006870    00000024     driverlib.lib : udma.obj (.text:uDMAChannelControlSet)
                  00006894    00000022                   : lcd.obj (.text:LCDModeSet)
                  000068b6    00000002     --HOLE-- [fill = 0]
                  000068b8    0000001c                   : sysctl.obj (.text:_SysCtlMemTimingGet)
                  000068d4    0000001c     rtsv7M4_T_le_v4SPD16_eabi.lib : memccpy.obj (.text)
                  000068f0    00000018     driverlib.lib : gpio.obj (.text:GPIOPinTypeGPIOOutput)
                  00006908    00000018     myLib.obj (.text:WriteCommand)
                  00006920    00000018     myLib.obj (.text:WriteData)
                  00006938    00000018     rtsv7M4_T_le_v4SPD16_eabi.lib : args_main.obj (.text)
                  00006950    00000018     driverlib.lib : udma.obj (.text:uDMAChannelEnable)
                  00006968    00000016     rtsv7M4_T_le_v4SPD16_eabi.lib : strchr.obj (.text)
                  0000697e    00000002     --HOLE-- [fill = 0]
                  00006980    00000014                                   : _lock.obj (.text)
                  00006994    00000014                                   : strlen.obj (.text)
                  000069a8    00000014     driverlib.lib : udma.obj (.text:uDMAChannelRequest)
                  000069bc    00000012                   : gpio.obj (.text:GPIOPinTypeEthernetLED)
                  000069ce    00000012                   : gpio.obj (.text:GPIOPinTypeLCD)
                  000069e0    00000010                   : udma.obj (.text:uDMAEnable)
                  000069f0    0000000e     rtsv7M4_T_le_v4SPD16_eabi.lib : copy_decompress_none.obj (.text:decompress:none)
                  000069fe    0000000c     driverlib.lib : lcd.obj (.text:LCDIDDCommandWrite)
                  00006a0a    0000000c                   : lcd.obj (.text:LCDIDDDataWrite)
                  00006a16    0000000c     SingleTon.obj (.text)
                  00006a22    0000000c     rtsv7M4_T_le_v4SPD16_eabi.lib : copy_zero_init.obj (.text:decompress:ZI)
                  00006a2e    0000000c     tm4c129xnczad_startup_ccs.obj (.text)
                  00006a3a    00000002     --HOLE-- [fill = 0]
                  00006a3c    0000000c     driverlib.lib : udma.obj (.text:uDMAControlBaseSet)
                  00006a48    00000006                   : sysctl.obj (.text:SysCtlDelay)
                  00006a4e    00000006     rtsv7M4_T_le_v4SPD16_eabi.lib : copy_decompress_rle.obj (.text:decompress:rle24)
                  00006a54    00000004     driverlib.lib : lcd.obj (.text:LCDDMAConfigSet)
                  00006a58    00000004                   : lcd.obj (.text:LCDIDDConfigSet)
                  00006a5c    00000004     rtsv7M4_T_le_v4SPD16_eabi.lib : pre_init.obj (.text)

.const     0    00006a60    0000050c     
                  00006a60    000001ac     play.obj (.const:stay_with_me_delay)
                  00006c0c    00000120     driverlib.lib : sysctl.obj (.const:g_pppui32XTALtoVCO)
                  00006d2c    00000101     rtsv7M4_T_le_v4SPD16_eabi.lib : ctype.obj (.const:.string:_ctypes_)
                  00006e2d    00000003     --HOLE-- [fill = 0]
                  00006e30    0000006c     driverlib.lib : sysctl.obj (.const:g_pui32Xtals)
                  00006e9c    00000060     main.obj (.const:$P$T2$3)
                  00006efc    00000038     main.obj (.const)
                  00006f34    00000030     driverlib.lib : sysctl.obj (.const:g_sXTALtoMEMTIM)
                  00006f64    00000008                   : sysctl.obj (.const)

.cinit     0    00006f70    00000098     
                  00006f70    0000006d     (.cinit..data.load) [load image, compression = rle]
                  00006fdd    00000003     --HOLE-- [fill = 0]
                  00006fe0    0000000c     (__TI_handler_table)
                  00006fec    00000004     --HOLE-- [fill = 0]
                  00006ff0    00000008     (.cinit..bss.load) [load image, compression = zero_init]
                  00006ff8    00000010     (__TI_cinit_table)

.init_array 
*          0    00000000    00000000     UNINITIALIZED

.bss       0    20000000    00027aac     UNINITIALIZED
                  20000000    0001fe00     main.obj (.bss:buffer)
                  2001fe00    00002580     myLib.obj (.bss:temp_buffer$4)
                  20022380    00002580     myLib.obj (.bss:temp_buffer$5)
                  20024900    00001540     myLib.obj (.bss:temp_buffer$2)
                  20025e40    00001540     myLib.obj (.bss:temp_buffer$3)
                  20027380    00000400     myLib.obj (.bss:pui8DMAControlTable$1)
                  20027780    00000190     Bar.obj (.bss:st)
                  20027910    00000190     Note.obj (.bss:st)
                  20027aa0    00000004     (.common:cnt)
                  20027aa4    00000004     (.common:g_ui32MX66L51235FAddr)
                  20027aa8    00000004     (.common:g_ui32SysClock)

.TI.noinit 
*          0    20000000    00000000     UNINITIALIZED

.stack     0    20027aac    00000800     UNINITIALIZED
                  20027aac    00000800     --HOLE--

.data      0    200282b0    00000180     UNINITIALIZED
                  200282b0    000000b0     rtsv7M4_T_le_v4SPD16_eabi.lib : signal.obj (.data:sigtable)
                  20028360    00000080                                   : xvalues.obj (.data)
                  200283e0    00000017     myLib.obj (.data)
                  200283f7    00000001     --HOLE--
                  200283f8    00000010     Note.obj (.data)
                  20028408    00000008     play.obj (.data)
                  20028410    00000008     rtsv7M4_T_le_v4SPD16_eabi.lib : _lock.obj (.data)
                  20028418    00000008                                   : exit.obj (.data)
                  20028420    00000008                                   : feraiseexcept.obj (.data)
                  20028428    00000004                                   : errno.obj (.data)
                  2002842c    00000004                                   : stkdepth_vars.obj (.data)

.TI.persistent 
*          0    200282b0    00000000     UNINITIALIZED


LINKER GENERATED COPY TABLES

__TI_cinit_table @ 00006ff8 records: 2, size/record: 8, table size: 16
	.data: load addr=00006f70, load size=0000006d bytes, run addr=200282b0, run size=00000180 bytes, compression=rle
	.bss: load addr=00006ff0, load size=00000008 bytes, run addr=20000000, run size=00027aac bytes, compression=zero_init


LINKER GENERATED HANDLER TABLE

__TI_handler_table @ 00006fe0 records: 3, size/record: 4, table size: 12
	index: 0, handler: __TI_decompress_rle24
	index: 1, handler: __TI_decompress_none
	index: 2, handler: __TI_zero_init


GLOBAL SYMBOLS: SORTED ALPHABETICALLY BY Name 

address   name                       
-------   ----                       
0000445b  AddNote                    
0000240b  BUZZER_clear               
000021ff  BUZZER_init                
000054fd  BarDraw                    
00005455  BarInit                    
000054a7  BarUpdate                  
00004f6d  BarView                    
00006605  C$$EXIT                    
00000c6f  CharacterDraw              
000044ad  CheckCollision             
00002a85  DIP_init                   
00002435  DelayForPlay               
00002149  DrawCircle                 
00001101  DrawImage                  
00000e2d  DrawLine                   
000020e9  DrawRect                   
00002801  FND_Minor                  
000027d1  FND_clear                  
000024b5  FND_init                   
0000681d  GPIODirModeSet             
00005b29  GPIOPadConfigSet           
000069bd  GPIOPinTypeEthernetLED     
000068f1  GPIOPinTypeGPIOOutput      
000069cf  GPIOPinTypeLCD             
00006a17  Init                       
00000209  Interrupt_init             
0000045d  Interrupt_init_dip         
00005215  KeyboardProcessing         
00006a55  LCDDMAConfigSet            
000069ff  LCDIDDCommandWrite         
00006a59  LCDIDDConfigSet            
00006a0b  LCDIDDDataWrite            
000066c1  LCDIDDTimingSet            
00006895  LCDModeSet                 
000007e9  LCD_Init                   
0000285d  LED_clear                  
000028d1  LED_init                   
00004dbb  MX66L51235FBlockErase32    
00004e0d  MX66L51235FBlockErase64    
00004e5f  MX66L51235FChipErase       
00004c3d  MX66L51235FInit            
00004ea7  MX66L51235FPageProgram     
00004f03  MX66L51235FRead            
00004d69  MX66L51235FSectorErase     
000021ef  MoveCircle                 
00004515  NoteAction                 
000045c9  NoteDraw                   
000043fd  NoteInit                   
0000444f  NoteUpdate                 
000029d1  PUSH_init                  
00003e15  PinoutSet                  
00002419  Play                       
00000da9  PutPixel                   
00006a2f  ResetISR                   
00000b2d  RestoreBackground          
UNDEFED   SHT$$INIT_ARRAY$$Base      
UNDEFED   SHT$$INIT_ARRAY$$Limit     
00005033  ScoreProcessing            
00001809  Scroll_down                
00001243  Scroll_left                
00001525  Scroll_right               
00001c61  Scroll_up                  
000020a3  SetFullFrame               
00004fb5  StayWithMe                 
00005259  SysCtlClockFreqSet         
00006a49  SysCtlDelay                
000066f9  SysCtlPeripheralEnable     
000063ad  SysCtlPeripheralReset      
00002301  TIMER_init                 
000054db  TouchBar                   
00002bd7  UART_getch                 
00002be7  UART_getkey                
00002b25  UART_init                  
00002c45  UART_printf                
00002bfb  UART_putch                 
00002c25  UART_putstr                
00002473  WDTinitISR                 
000026c9  WRITE_FND                  
00002759  WRITE_FND_DOT              
00006909  WriteCommand               
00006921  WriteData                  
00006761  _Dclass                    
20028360  _Denorm                    
00005e65  _Dnorm                     
00005c59  _Dscale                    
0000629f  _Dunscale                  
20028370  _Eps                       
20028428  _Errno                     
20028420  _Fenv                      
00006791  _Feraise                   
20028380  _Hugeval                   
20028390  _Inf                       
200283a0  _Nan                       
200283c0  _Rteps                     
200283b0  _Snan                      
20028424  _Tls_setup__Fenv           
200283d0  _Xbig                      
200283d8  _Zero                      
200282ac  __STACK_END                
00000800  __STACK_SIZE               
20027cac  __STACK_TOP                
00006ff8  __TI_CINIT_Base            
00007008  __TI_CINIT_Limit           
00006fe0  __TI_Handler_Table_Base    
00006fec  __TI_Handler_Table_Limit   
000061c9  __TI_auto_init             
20028418  __TI_cleanup_ptr           
000069f1  __TI_decompress_none       
00006a4f  __TI_decompress_rle24      
2002841c  __TI_dtors_ptr             
00003b0d  __TI_printfi               
00000000  __TI_static_base__         
00006a23  __TI_zero_init             
00005fbf  __aeabi_cdcmpeq            
00005fbf  __aeabi_cdcmple            
00006045  __aeabi_cdrcmple           
0000652d  __aeabi_d2iz               
00005847  __aeabi_dadd               
000059f3  __aeabi_ddiv               
00005d69  __aeabi_dmul               
0000583d  __aeabi_dsub               
00006689  __aeabi_f2d                
000067c1  __aeabi_i2d                
0000614d  __aeabi_memclr             
0000614d  __aeabi_memclr4            
0000614d  __aeabi_memclr8            
00005f23  __aeabi_memcpy             
00005f23  __aeabi_memcpy4            
00005f23  __aeabi_memcpy8            
0000614f  __aeabi_memset             
0000614f  __aeabi_memset4            
0000614f  __aeabi_memset8            
00005649  __aeabi_uldivmod           
ffffffff  __binit__                  
ffffffff  __c_args__                 
20027aac  __stack                    
00006939  _args_main                 
000063fd  _c_int00                   
00006d2c  _ctypes_                   
20028410  _lock                      
0000698f  _nop                       
00006987  _register_lock             
00006981  _register_unlock           
00006a5d  _system_pre_init           
20028414  _unlock                    
00004a01  _user_interrupt_handler_1  
00004a29  _user_interrupt_handler_2  
00004a4b  _user_interrupt_handler_3  
00004a6d  _user_interrupt_handler_4  
00006609  abort                      
0000644d  atoi                       
ffffffff  binit                      
20000000  buffer                     
20027aa0  cnt                        
00006499  copy_in                    
000023f1  delay                      
00006611  exit                       
0000672d  feraiseexcept              
00006847  frexp                      
00000000  g_pfnVectors               
20027aa8  g_ui32SysClock             
0000635b  ldexp                      
00006305  ltoa                       
0000489d  main                       
2002842c  main_func_sp               
000068d5  memccpy                    
00005f23  memcpy                     
00006155  memset                     
00004f65  noteView                   
000067ef  raise                      
00006649  signal                     
00006969  strchr                     
00006995  strlen                     
000065bd  uDMAChannelAttributeDisable
00006871  uDMAChannelControlSet      
00006951  uDMAChannelEnable          
000069a9  uDMAChannelRequest         
000060cd  uDMAChannelTransferSet     
00006a3d  uDMAControlBaseSet         
000069e1  uDMAEnable                 
00006575  vsprintf                   


GLOBAL SYMBOLS: SORTED BY Symbol Address 

address   name                       
-------   ----                       
00000000  __TI_static_base__         
00000000  g_pfnVectors               
00000209  Interrupt_init             
0000045d  Interrupt_init_dip         
000007e9  LCD_Init                   
00000800  __STACK_SIZE               
00000b2d  RestoreBackground          
00000c6f  CharacterDraw              
00000da9  PutPixel                   
00000e2d  DrawLine                   
00001101  DrawImage                  
00001243  Scroll_left                
00001525  Scroll_right               
00001809  Scroll_down                
00001c61  Scroll_up                  
000020a3  SetFullFrame               
000020e9  DrawRect                   
00002149  DrawCircle                 
000021ef  MoveCircle                 
000021ff  BUZZER_init                
00002301  TIMER_init                 
000023f1  delay                      
0000240b  BUZZER_clear               
00002419  Play                       
00002435  DelayForPlay               
00002473  WDTinitISR                 
000024b5  FND_init                   
000026c9  WRITE_FND                  
00002759  WRITE_FND_DOT              
000027d1  FND_clear                  
00002801  FND_Minor                  
0000285d  LED_clear                  
000028d1  LED_init                   
000029d1  PUSH_init                  
00002a85  DIP_init                   
00002b25  UART_init                  
00002bd7  UART_getch                 
00002be7  UART_getkey                
00002bfb  UART_putch                 
00002c25  UART_putstr                
00002c45  UART_printf                
00003b0d  __TI_printfi               
00003e15  PinoutSet                  
000043fd  NoteInit                   
0000444f  NoteUpdate                 
0000445b  AddNote                    
000044ad  CheckCollision             
00004515  NoteAction                 
000045c9  NoteDraw                   
0000489d  main                       
00004a01  _user_interrupt_handler_1  
00004a29  _user_interrupt_handler_2  
00004a4b  _user_interrupt_handler_3  
00004a6d  _user_interrupt_handler_4  
00004c3d  MX66L51235FInit            
00004d69  MX66L51235FSectorErase     
00004dbb  MX66L51235FBlockErase32    
00004e0d  MX66L51235FBlockErase64    
00004e5f  MX66L51235FChipErase       
00004ea7  MX66L51235FPageProgram     
00004f03  MX66L51235FRead            
00004f65  noteView                   
00004f6d  BarView                    
00004fb5  StayWithMe                 
00005033  ScoreProcessing            
00005215  KeyboardProcessing         
00005259  SysCtlClockFreqSet         
00005455  BarInit                    
000054a7  BarUpdate                  
000054db  TouchBar                   
000054fd  BarDraw                    
00005649  __aeabi_uldivmod           
0000583d  __aeabi_dsub               
00005847  __aeabi_dadd               
000059f3  __aeabi_ddiv               
00005b29  GPIOPadConfigSet           
00005c59  _Dscale                    
00005d69  __aeabi_dmul               
00005e65  _Dnorm                     
00005f23  __aeabi_memcpy             
00005f23  __aeabi_memcpy4            
00005f23  __aeabi_memcpy8            
00005f23  memcpy                     
00005fbf  __aeabi_cdcmpeq            
00005fbf  __aeabi_cdcmple            
00006045  __aeabi_cdrcmple           
000060cd  uDMAChannelTransferSet     
0000614d  __aeabi_memclr             
0000614d  __aeabi_memclr4            
0000614d  __aeabi_memclr8            
0000614f  __aeabi_memset             
0000614f  __aeabi_memset4            
0000614f  __aeabi_memset8            
00006155  memset                     
000061c9  __TI_auto_init             
0000629f  _Dunscale                  
00006305  ltoa                       
0000635b  ldexp                      
000063ad  SysCtlPeripheralReset      
000063fd  _c_int00                   
0000644d  atoi                       
00006499  copy_in                    
0000652d  __aeabi_d2iz               
00006575  vsprintf                   
000065bd  uDMAChannelAttributeDisable
00006605  C$$EXIT                    
00006609  abort                      
00006611  exit                       
00006649  signal                     
00006689  __aeabi_f2d                
000066c1  LCDIDDTimingSet            
000066f9  SysCtlPeripheralEnable     
0000672d  feraiseexcept              
00006761  _Dclass                    
00006791  _Feraise                   
000067c1  __aeabi_i2d                
000067ef  raise                      
0000681d  GPIODirModeSet             
00006847  frexp                      
00006871  uDMAChannelControlSet      
00006895  LCDModeSet                 
000068d5  memccpy                    
000068f1  GPIOPinTypeGPIOOutput      
00006909  WriteCommand               
00006921  WriteData                  
00006939  _args_main                 
00006951  uDMAChannelEnable          
00006969  strchr                     
00006981  _register_unlock           
00006987  _register_lock             
0000698f  _nop                       
00006995  strlen                     
000069a9  uDMAChannelRequest         
000069bd  GPIOPinTypeEthernetLED     
000069cf  GPIOPinTypeLCD             
000069e1  uDMAEnable                 
000069f1  __TI_decompress_none       
000069ff  LCDIDDCommandWrite         
00006a0b  LCDIDDDataWrite            
00006a17  Init                       
00006a23  __TI_zero_init             
00006a2f  ResetISR                   
00006a3d  uDMAControlBaseSet         
00006a49  SysCtlDelay                
00006a4f  __TI_decompress_rle24      
00006a55  LCDDMAConfigSet            
00006a59  LCDIDDConfigSet            
00006a5d  _system_pre_init           
00006d2c  _ctypes_                   
00006fe0  __TI_Handler_Table_Base    
00006fec  __TI_Handler_Table_Limit   
00006ff8  __TI_CINIT_Base            
00007008  __TI_CINIT_Limit           
20000000  buffer                     
20027aa0  cnt                        
20027aa8  g_ui32SysClock             
20027aac  __stack                    
20027cac  __STACK_TOP                
200282ac  __STACK_END                
20028360  _Denorm                    
20028370  _Eps                       
20028380  _Hugeval                   
20028390  _Inf                       
200283a0  _Nan                       
200283b0  _Snan                      
200283c0  _Rteps                     
200283d0  _Xbig                      
200283d8  _Zero                      
20028410  _lock                      
20028414  _unlock                    
20028418  __TI_cleanup_ptr           
2002841c  __TI_dtors_ptr             
20028420  _Fenv                      
20028424  _Tls_setup__Fenv           
20028428  _Errno                     
2002842c  main_func_sp               
ffffffff  __binit__                  
ffffffff  __c_args__                 
ffffffff  binit                      
UNDEFED   SHT$$INIT_ARRAY$$Base      
UNDEFED   SHT$$INIT_ARRAY$$Limit     

[181 symbols]
