******************************************************************************
                  TI ARM Linker PC v5.2.5                      
******************************************************************************
>> Linked Tue Jun 12 13:29:04 2018

OUTPUT FILE NAME:   <Term_Project.out>
ENTRY POINT SYMBOL: "_c_int00"  address: 000081a5


MEMORY CONFIGURATION

         name            origin    length      used     unused   attr    fill
----------------------  --------  ---------  --------  --------  ----  --------
  FLASH                 00000000   00100000  00008c90  000f7370  R  X
  SRAM                  20000000   00040000  000284d8  00017b28  RW X


SEGMENT ALLOCATION MAP

run origin  load origin   length   init length attrs members
----------  ----------- ---------- ----------- ----- -------
00000000    00000000    00008c90   00008c90    r-x
  00000000    00000000    00000208   00000208    r-- .intvecs
  00000208    00000208    0000861c   0000861c    r-x .text
  00008824    00008824    000002e4   000002e4    r-- .const
  00008b08    00008b08    00000188   00000188    r-- .cinit
20000000    20000000    000284d8   00000000    rw-
  20000000    20000000    00027a58   00000000    rw- .bss
  20027a58    20027a58    00000800   00000000    rw- .stack
  20028258    20028258    00000280   00000000    rw- .data


SECTION ALLOCATION MAP

 output                                  attributes/
section   page    origin      length       input sections
--------  ----  ----------  ----------   ----------------
.intvecs   0    00000000    00000208     
                  00000000    00000208     tm4c129xnczad_startup_ccs.obj (.intvecs)

.text      0    00000208    0000861c     
                  00000208    00003554     myLib.obj (.text)
                  0000375c    000010ba     rtsv7M4_T_le_v4SPD16_eabi.lib : _printfi.obj (.text)
                  00004816    00000002     --HOLE-- [fill = 0]
                  00004818    000007e4     scene.obj (.text)
                  00004ffc    000007a4     main.obj (.text)
                  000057a0    000005e8     pinout.obj (.text)
                  00005d88    00000570     touch.obj (.text)
                  000062f8    0000049c     Note.obj (.text)
                  00006794    00000328     mx66l51235f.obj (.text)
                  00006abc    00000234     Bar.obj (.text)
                  00006cf0    000001fc     driverlib.lib : sysctl.obj (.text:SysCtlClockFreqSet)
                  00006eec    000001f4     rtsv7M4_T_le_v4SPD16_eabi.lib : ull_div_t2.obj (.text)
                  000070e0    000001b6                                   : fd_add_t2.obj (.text)
                  00007296    00000002     --HOLE-- [fill = 0]
                  00007298    0000018c     score.obj (.text)
                  00007424    00000160     input.obj (.text)
                  00007584    00000136     rtsv7M4_T_le_v4SPD16_eabi.lib : fd_div_t2.obj (.text)
                  000076ba    00000130     driverlib.lib : gpio.obj (.text:GPIOPadConfigSet)
                  000077ea    00000002     --HOLE-- [fill = 0]
                  000077ec    00000128     collision.obj (.text)
                  00007914    00000110     rtsv7M4_T_le_v4SPD16_eabi.lib : xdscale.obj (.text)
                  00007a24    000000fc                                   : fd_mul_t2.obj (.text)
                  00007b20    000000be                                   : xdnorm.obj (.text)
                  00007bde    0000009c                                   : memcpy_t2.obj (.text)
                  00007c7a    00000002     --HOLE-- [fill = 0]
                  00007c7c    00000094     music.obj (.text)
                  00007d10    00000086     rtsv7M4_T_le_v4SPD16_eabi.lib : fd_cmp_t2.obj (.text:__aeabi_cdcmple)
                  00007d96    00000086                                   : fd_cmp_t2.obj (.text:__aeabi_cdrcmple)
                  00007e1c    00000080     driverlib.lib : udma.obj (.text:uDMAChannelTransferSet)
                  00007e9c    0000007a     rtsv7M4_T_le_v4SPD16_eabi.lib : memset_t2.obj (.text)
                  00007f16    00000002     --HOLE-- [fill = 0]
                  00007f18    0000006c                                   : autoinit.obj (.text)
                  00007f84    0000006a                                   : copy_decompress_rle.obj (.text)
                  00007fee    00000066                                   : xdunscal.obj (.text)
                  00008054    00000058     driverlib.lib : timer.obj (.text:TimerControlTrigger)
                  000080ac    00000056     rtsv7M4_T_le_v4SPD16_eabi.lib : ltoa.obj (.text)
                  00008102    00000052                                   : ldexp.obj (.text)
                  00008154    00000050     driverlib.lib : sysctl.obj (.text:SysCtlPeripheralReset)
                  000081a4    00000050     rtsv7M4_T_le_v4SPD16_eabi.lib : boot.obj (.text)
                  000081f4    0000004c                                   : atoi.obj (.text)
                  00008240    0000004c                                   : cpy_tbl.obj (.text)
                  0000828c    00000048     driverlib.lib : sysctl.obj (.text:_SysCtlFrequencyGet)
                  000082d4    00000048     rtsv7M4_T_le_v4SPD16_eabi.lib : fd_toi_t2.obj (.text)
                  0000831c    00000048                                   : vsprintf.obj (.text)
                  00008364    00000048     driverlib.lib : udma.obj (.text:uDMAChannelAttributeDisable)
                  000083ac    00000044     rtsv7M4_T_le_v4SPD16_eabi.lib : exit.obj (.text)
                  000083f0    00000040                                   : signal.obj (.text)
                  00008430    00000038                                   : fs_tod_t2.obj (.text)
                  00008468    00000036     driverlib.lib : lcd.obj (.text:LCDIDDTimingSet)
                  0000849e    00000002     --HOLE-- [fill = 0]
                  000084a0    00000034                   : sysctl.obj (.text:SysCtlPeripheralEnable)
                  000084d4    00000034     rtsv7M4_T_le_v4SPD16_eabi.lib : feraiseexcept.obj (.text)
                  00008508    00000030                                   : xdclass.obj (.text)
                  00008538    00000030                                   : xferaise.obj (.text)
                  00008568    0000002e                                   : i_tofd_t2.obj (.text)
                  00008596    0000002e                                   : raise.obj (.text)
                  000085c4    0000002a     driverlib.lib : gpio.obj (.text:GPIODirModeSet)
                  000085ee    0000002a     rtsv7M4_T_le_v4SPD16_eabi.lib : frexp.obj (.text)
                  00008618    00000028     SingleTon.obj (.text)
                  00008640    00000024     driverlib.lib : udma.obj (.text:uDMAChannelControlSet)
                  00008664    00000022                   : lcd.obj (.text:LCDModeSet)
                  00008686    00000002     --HOLE-- [fill = 0]
                  00008688    0000001c                   : sysctl.obj (.text:_SysCtlMemTimingGet)
                  000086a4    0000001c     rtsv7M4_T_le_v4SPD16_eabi.lib : memccpy.obj (.text)
                  000086c0    00000018     driverlib.lib : gpio.obj (.text:GPIOPinTypeGPIOOutput)
                  000086d8    00000018     myLib.obj (.text:WriteCommand)
                  000086f0    00000018     myLib.obj (.text:WriteData)
                  00008708    00000018     rtsv7M4_T_le_v4SPD16_eabi.lib : args_main.obj (.text)
                  00008720    00000018     driverlib.lib : udma.obj (.text:uDMAChannelEnable)
                  00008738    00000016     rtsv7M4_T_le_v4SPD16_eabi.lib : strchr.obj (.text)
                  0000874e    00000002     --HOLE-- [fill = 0]
                  00008750    00000014                                   : _lock.obj (.text)
                  00008764    00000014                                   : strlen.obj (.text)
                  00008778    00000014     driverlib.lib : udma.obj (.text:uDMAChannelRequest)
                  0000878c    00000012                   : gpio.obj (.text:GPIOPinTypeEthernetLED)
                  0000879e    00000012                   : gpio.obj (.text:GPIOPinTypeLCD)
                  000087b0    00000010                   : udma.obj (.text:uDMAEnable)
                  000087c0    0000000e     rtsv7M4_T_le_v4SPD16_eabi.lib : copy_decompress_none.obj (.text:decompress:none)
                  000087ce    0000000c     driverlib.lib : lcd.obj (.text:LCDIDDCommandWrite)
                  000087da    0000000c                   : lcd.obj (.text:LCDIDDDataWrite)
                  000087e6    0000000c     rtsv7M4_T_le_v4SPD16_eabi.lib : copy_zero_init.obj (.text:decompress:ZI)
                  000087f2    0000000c     tm4c129xnczad_startup_ccs.obj (.text)
                  000087fe    00000002     --HOLE-- [fill = 0]
                  00008800    0000000c     driverlib.lib : udma.obj (.text:uDMAControlBaseSet)
                  0000880c    00000006                   : sysctl.obj (.text:SysCtlDelay)
                  00008812    00000006     rtsv7M4_T_le_v4SPD16_eabi.lib : copy_decompress_rle.obj (.text:decompress:rle24)
                  00008818    00000004     driverlib.lib : lcd.obj (.text:LCDDMAConfigSet)
                  0000881c    00000004                   : lcd.obj (.text:LCDIDDConfigSet)
                  00008820    00000004     rtsv7M4_T_le_v4SPD16_eabi.lib : pre_init.obj (.text)

.const     0    00008824    000002e4     
                  00008824    00000120     driverlib.lib : sysctl.obj (.const:g_pppui32XTALtoVCO)
                  00008944    00000101     rtsv7M4_T_le_v4SPD16_eabi.lib : ctype.obj (.const:.string:_ctypes_)
                  00008a45    00000003     --HOLE-- [fill = 0]
                  00008a48    0000006c     driverlib.lib : sysctl.obj (.const:g_pui32Xtals)
                  00008ab4    00000030                   : sysctl.obj (.const:g_sXTALtoMEMTIM)
                  00008ae4    0000001c     touch.obj (.const)
                  00008b00    00000008     driverlib.lib : sysctl.obj (.const)

.cinit     0    00008b08    00000188     
                  00008b08    00000163     (.cinit..data.load) [load image, compression = rle]
                  00008c6b    00000001     --HOLE-- [fill = 0]
                  00008c6c    0000000c     (__TI_handler_table)
                  00008c78    00000008     (.cinit..bss.load) [load image, compression = zero_init]
                  00008c80    00000010     (__TI_cinit_table)

.init_array 
*          0    00000000    00000000     UNINITIALIZED

.bss       0    20000000    00027a58     UNINITIALIZED
                  20000000    0001fe00     main.obj (.bss:buffer)
                  2001fe00    00002580     myLib.obj (.bss:temp_buffer$4)
                  20022380    00002580     myLib.obj (.bss:temp_buffer$5)
                  20024900    00001540     myLib.obj (.bss:temp_buffer$2)
                  20025e40    00001540     myLib.obj (.bss:temp_buffer$3)
                  20027380    00000400     myLib.obj (.bss:pui8DMAControlTable$1)
                  20027780    00000288     SingleTon.obj (.bss:st)
                  20027a08    00000010     (.common:g_pi16Samples)
                  20027a18    00000008     (.common:move)
                  20027a20    00000004     (.common:cnt)
                  20027a24    00000004     (.common:g_pfnTSHandler)
                  20027a28    00000004     (.common:g_ui32MX66L51235FAddr)
                  20027a2c    00000004     (.common:g_ui32SysClock)
                  20027a30    00000004     (.common:g_ui32TSState)
                  20027a34    00000004     (.common:stb)
                  20027a38    00000004     (.common:stc)
                  20027a3c    00000004     (.common:sti)
                  20027a40    00000004     (.common:stm)
                  20027a44    00000004     (.common:stn)
                  20027a48    00000004     (.common:sts)
                  20027a4c    00000004     (.common:user_X)
                  20027a50    00000004     (.common:user_Y)
                  20027a54    00000002     (.common:g_i16TouchX)
                  20027a56    00000002     (.common:g_i16TouchY)

.TI.noinit 
*          0    20000000    00000000     UNINITIALIZED

.stack     0    20027a58    00000800     UNINITIALIZED
                  20027a58    00000800     --HOLE--

.data      0    20028258    00000280     UNINITIALIZED
                  20028258    000000b0     rtsv7M4_T_le_v4SPD16_eabi.lib : signal.obj (.data:sigtable)
                  20028308    00000080                                   : xvalues.obj (.data)
                  20028388    00000060     music.obj (.data:schoolBell_Codes)
                  200283e8    00000060     music.obj (.data:schoolBell_Delays)
                  20028448    00000034     main.obj (.data)
                  2002847c    00000017     myLib.obj (.data)
                  20028493    00000001     --HOLE--
                  20028494    00000010     Note.obj (.data)
                  200284a4    00000010     collision.obj (.data)
                  200284b4    00000008     rtsv7M4_T_le_v4SPD16_eabi.lib : _lock.obj (.data)
                  200284bc    00000008                                   : exit.obj (.data)
                  200284c4    00000008                                   : feraiseexcept.obj (.data)
                  200284cc    00000004                                   : errno.obj (.data)
                  200284d0    00000004                                   : stkdepth_vars.obj (.data)
                  200284d4    00000004     touch.obj (.data)

.TI.persistent 
*          0    20028258    00000000     UNINITIALIZED


LINKER GENERATED COPY TABLES

__TI_cinit_table @ 00008c80 records: 2, size/record: 8, table size: 16
	.data: load addr=00008b08, load size=00000163 bytes, run addr=20028258, run size=00000280 bytes, compression=rle
	.bss: load addr=00008c78, load size=00000008 bytes, run addr=20000000, run size=00027a58 bytes, compression=zero_init


LINKER GENERATED HANDLER TABLE

__TI_handler_table @ 00008c6c records: 3, size/record: 4, table size: 12
	index: 0, handler: __TI_decompress_rle24
	index: 1, handler: __TI_decompress_none
	index: 2, handler: __TI_zero_init


GLOBAL SYMBOLS: SORTED ALPHABETICALLY BY Name 

address   name                             
-------   ----                             
0000635f  AddNote                          
00004eb9  AlphaDraw                        
00002653  BUZZER_clear                     
00002439  BUZZER_init                      
00006b23  BarAction                        
00006b5b  BarDraw                          
00006abd  BarInit                          
00006b17  BarUpdate                        
000030d5  Bluetooth_GetCh                  
000030f5  Bluetooth_GetKey                 
00003175  Bluetooth_Printf                 
0000310d  Bluetooth_PutCh                  
00003135  Bluetooth_PutStr                 
00002f55  Bluetooth_init                   
000083ad  C$$EXIT                          
00000c6f  CharacterDraw                    
000077ed  CollisionInit                    
00007821  CollisionUpdate                  
00007829  CollisionUrteil                  
00004bbd  ComboDraw                        
00002cd5  DIP_init                         
0000267d  DelayForPlay                     
00002245  DrawCheck                        
00002149  DrawCircle                       
00001101  DrawImage                        
00000e2d  DrawLine                         
000020e9  DrawRect                         
000021ef  DrawTriangle                     
00002a51  FND_Minor                        
00002a21  FND_clear                        
00002711  FND_init                         
000085c5  GPIODirModeSet                   
000076bb  GPIOPadConfigSet                 
0000878d  GPIOPinTypeEthernetLED           
000086c1  GPIOPinTypeGPIOOutput            
0000879f  GPIOPinTypeLCD                   
00004d79  GradeDraw                        
00008619  Init                             
00007471  InputAction                      
00007425  InputInit                        
00007469  InputUpdate                      
00000209  Interrupt_init                   
0000045d  Interrupt_init_dip               
00008819  LCDDMAConfigSet                  
000087cf  LCDIDDCommandWrite               
0000881d  LCDIDDConfigSet                  
000087db  LCDIDDDataWrite                  
00008469  LCDIDDTimingSet                  
00008665  LCDModeSet                       
000007e9  LCD_Init                         
00002aa9  LED_clear                        
00002b19  LED_init                         
0000495b  LoadingScene                     
00006913  MX66L51235FBlockErase32          
00006965  MX66L51235FBlockErase64          
000069b7  MX66L51235FChipErase             
00006795  MX66L51235FInit                  
000069ff  MX66L51235FPageProgram           
00006a5b  MX66L51235FRead                  
000068c1  MX66L51235FSectorErase           
000049d7  MenuScene                        
000022df  MoveCircle                       
000022f5  MoveRect                         
00007c7d  MusicInit                        
000026c3  MyWDTinitISR                     
000063c5  NoteAction                       
00006485  NoteDraw                         
000062f9  NoteInit                         
00006353  NoteUpdate                       
00002c1d  PUSH_init                        
000057a1  PinoutSet                        
00002661  Play                             
0000550d  PointerMessage                   
00003345  Port_Init                        
00000da9  PutPixel                         
000031a5  RTC_Init                         
000087f3  ResetISR                         
00000b2d  RestoreBackground                
UNDEFED   SHT$$INIT_ARRAY$$Base            
UNDEFED   SHT$$INIT_ARRAY$$Limit           
00004819  SceneInit                        
00007c9d  ScollBell                        
000072d9  ScoreAction                      
000049f5  ScoreDraw                        
00007299  ScoreInit                        
000073d9  ScoreProcess                     
000072cd  ScoreUpdate                      
00001809  Scroll_down                      
00001243  Scroll_left                      
00001525  Scroll_right                     
00001c61  Scroll_up                        
000020a3  SetFullFrame                     
00006cf1  SysCtlClockFreqSet               
0000880d  SysCtlDelay                      
000084a1  SysCtlPeripheralEnable           
00008155  SysCtlPeripheralReset            
00002537  TIMER_init                       
00008055  TimerControlTrigger              
00006283  TouchScreenCallbackSet           
0000619d  TouchScreenInit                  
00006035  TouchScreenIntHandler            
00002e27  UART_getch                       
00002e37  UART_getkey                      
00002d75  UART_init                        
00002e95  UART_printf                      
00002e4b  UART_putch                       
00002e75  UART_putstr                      
000026bb  WDTinitISR                       
00002925  WRITE_FND                        
000029a9  WRITE_FND_DOT                    
000086d9  WriteCommand                     
000086f1  WriteData                        
00008509  _Dclass                          
20028308  _Denorm                          
00007b21  _Dnorm                           
00007915  _Dscale                          
00007fef  _Dunscale                        
20028318  _Eps                             
200284cc  _Errno                           
200284c4  _Fenv                            
00008539  _Feraise                         
20028328  _Hugeval                         
20028338  _Inf                             
20028348  _Nan                             
20028368  _Rteps                           
20028358  _Snan                            
200284c8  _Tls_setup__Fenv                 
20028378  _Xbig                            
20028380  _Zero                            
20028258  __STACK_END                      
00000800  __STACK_SIZE                     
20027c58  __STACK_TOP                      
00008c80  __TI_CINIT_Base                  
00008c90  __TI_CINIT_Limit                 
00008c6c  __TI_Handler_Table_Base          
00008c78  __TI_Handler_Table_Limit         
00007f19  __TI_auto_init                   
200284bc  __TI_cleanup_ptr                 
000087c1  __TI_decompress_none             
00008813  __TI_decompress_rle24            
200284c0  __TI_dtors_ptr                   
00004511  __TI_printfi                     
00000000  __TI_static_base__               
000087e7  __TI_zero_init                   
00007d11  __aeabi_cdcmpeq                  
00007d11  __aeabi_cdcmple                  
00007d97  __aeabi_cdrcmple                 
000082d5  __aeabi_d2iz                     
000070eb  __aeabi_dadd                     
00007585  __aeabi_ddiv                     
00007a25  __aeabi_dmul                     
000070e1  __aeabi_dsub                     
00008431  __aeabi_f2d                      
00008569  __aeabi_i2d                      
00007e9d  __aeabi_memclr                   
00007e9d  __aeabi_memclr4                  
00007e9d  __aeabi_memclr8                  
00007bdf  __aeabi_memcpy                   
00007bdf  __aeabi_memcpy4                  
00007bdf  __aeabi_memcpy8                  
00007e9f  __aeabi_memset                   
00007e9f  __aeabi_memset4                  
00007e9f  __aeabi_memset8                  
00006eed  __aeabi_uldivmod                 
ffffffff  __binit__                        
ffffffff  __c_args__                       
20027a58  __stack                          
00008709  _args_main                       
000081a5  _c_int00                         
00008944  _ctypes_                         
200284b4  _lock                            
0000875f  _nop                             
00008757  _register_lock                   
00008751  _register_unlock                 
00008821  _system_pre_init                 
200284b8  _unlock                          
00005615  _user_Bluetooth_Interrupt_Handler
000053d1  _user_interrupt_handler_1        
000053fd  _user_interrupt_handler_2        
0000541f  _user_interrupt_handler_3        
0000544d  _user_interrupt_handler_4        
000083b1  abort                            
000081f5  atoi                             
ffffffff  binit                            
20000000  buffer                           
20027a20  cnt                              
20028448  colors                           
2002846c  colors2                          
00008241  copy_in                          
00002639  delay                            
000083b9  exit                             
000084d5  feraiseexcept                    
20028464  flag                             
000085ef  frexp                            
200284d4  g_i16TouchMin                    
20027a54  g_i16TouchX                      
20027a56  g_i16TouchY                      
00000000  g_pfnVectors                     
00008ae4  g_pi32TouchParameters            
20027a2c  g_ui32SysClock                   
00008639  getSingleTon                     
20028458  i                                
00008103  ldexp                            
2002845c  loX                              
20028460  loY                              
000080ad  ltoa                             
000051e5  main                             
200284d0  main_func_sp                     
000086a5  memccpy                          
00007bdf  memcpy                           
00007ea5  memset                           
20027a18  move                             
00004ffd  prob_1                           
0000509d  prob_2                           
0000513d  prob_3                           
00008597  raise                            
20028388  schoolBell_Codes                 
200283e8  schoolBell_Delays                
000083f1  signal                           
20027a34  stb                              
20027a38  stc                              
20027a3c  sti                              
20027a40  stm                              
20027a44  stn                              
00008739  strchr                           
00008765  strlen                           
20027a48  sts                              
00008365  uDMAChannelAttributeDisable      
00008641  uDMAChannelControlSet            
00008721  uDMAChannelEnable                
00008779  uDMAChannelRequest               
00007e1d  uDMAChannelTransferSet           
00008801  uDMAControlBaseSet               
000087b1  uDMAEnable                       
20027a4c  user_X                           
20027a50  user_Y                           
20028468  variable0                        
0000831d  vsprintf                         


GLOBAL SYMBOLS: SORTED BY Symbol Address 

address   name                             
-------   ----                             
00000000  __TI_static_base__               
00000000  g_pfnVectors                     
00000209  Interrupt_init                   
0000045d  Interrupt_init_dip               
000007e9  LCD_Init                         
00000800  __STACK_SIZE                     
00000b2d  RestoreBackground                
00000c6f  CharacterDraw                    
00000da9  PutPixel                         
00000e2d  DrawLine                         
00001101  DrawImage                        
00001243  Scroll_left                      
00001525  Scroll_right                     
00001809  Scroll_down                      
00001c61  Scroll_up                        
000020a3  SetFullFrame                     
000020e9  DrawRect                         
00002149  DrawCircle                       
000021ef  DrawTriangle                     
00002245  DrawCheck                        
000022df  MoveCircle                       
000022f5  MoveRect                         
00002439  BUZZER_init                      
00002537  TIMER_init                       
00002639  delay                            
00002653  BUZZER_clear                     
00002661  Play                             
0000267d  DelayForPlay                     
000026bb  WDTinitISR                       
000026c3  MyWDTinitISR                     
00002711  FND_init                         
00002925  WRITE_FND                        
000029a9  WRITE_FND_DOT                    
00002a21  FND_clear                        
00002a51  FND_Minor                        
00002aa9  LED_clear                        
00002b19  LED_init                         
00002c1d  PUSH_init                        
00002cd5  DIP_init                         
00002d75  UART_init                        
00002e27  UART_getch                       
00002e37  UART_getkey                      
00002e4b  UART_putch                       
00002e75  UART_putstr                      
00002e95  UART_printf                      
00002f55  Bluetooth_init                   
000030d5  Bluetooth_GetCh                  
000030f5  Bluetooth_GetKey                 
0000310d  Bluetooth_PutCh                  
00003135  Bluetooth_PutStr                 
00003175  Bluetooth_Printf                 
000031a5  RTC_Init                         
00003345  Port_Init                        
00004511  __TI_printfi                     
00004819  SceneInit                        
0000495b  LoadingScene                     
000049d7  MenuScene                        
000049f5  ScoreDraw                        
00004bbd  ComboDraw                        
00004d79  GradeDraw                        
00004eb9  AlphaDraw                        
00004ffd  prob_1                           
0000509d  prob_2                           
0000513d  prob_3                           
000051e5  main                             
000053d1  _user_interrupt_handler_1        
000053fd  _user_interrupt_handler_2        
0000541f  _user_interrupt_handler_3        
0000544d  _user_interrupt_handler_4        
0000550d  PointerMessage                   
00005615  _user_Bluetooth_Interrupt_Handler
000057a1  PinoutSet                        
00006035  TouchScreenIntHandler            
0000619d  TouchScreenInit                  
00006283  TouchScreenCallbackSet           
000062f9  NoteInit                         
00006353  NoteUpdate                       
0000635f  AddNote                          
000063c5  NoteAction                       
00006485  NoteDraw                         
00006795  MX66L51235FInit                  
000068c1  MX66L51235FSectorErase           
00006913  MX66L51235FBlockErase32          
00006965  MX66L51235FBlockErase64          
000069b7  MX66L51235FChipErase             
000069ff  MX66L51235FPageProgram           
00006a5b  MX66L51235FRead                  
00006abd  BarInit                          
00006b17  BarUpdate                        
00006b23  BarAction                        
00006b5b  BarDraw                          
00006cf1  SysCtlClockFreqSet               
00006eed  __aeabi_uldivmod                 
000070e1  __aeabi_dsub                     
000070eb  __aeabi_dadd                     
00007299  ScoreInit                        
000072cd  ScoreUpdate                      
000072d9  ScoreAction                      
000073d9  ScoreProcess                     
00007425  InputInit                        
00007469  InputUpdate                      
00007471  InputAction                      
00007585  __aeabi_ddiv                     
000076bb  GPIOPadConfigSet                 
000077ed  CollisionInit                    
00007821  CollisionUpdate                  
00007829  CollisionUrteil                  
00007915  _Dscale                          
00007a25  __aeabi_dmul                     
00007b21  _Dnorm                           
00007bdf  __aeabi_memcpy                   
00007bdf  __aeabi_memcpy4                  
00007bdf  __aeabi_memcpy8                  
00007bdf  memcpy                           
00007c7d  MusicInit                        
00007c9d  ScollBell                        
00007d11  __aeabi_cdcmpeq                  
00007d11  __aeabi_cdcmple                  
00007d97  __aeabi_cdrcmple                 
00007e1d  uDMAChannelTransferSet           
00007e9d  __aeabi_memclr                   
00007e9d  __aeabi_memclr4                  
00007e9d  __aeabi_memclr8                  
00007e9f  __aeabi_memset                   
00007e9f  __aeabi_memset4                  
00007e9f  __aeabi_memset8                  
00007ea5  memset                           
00007f19  __TI_auto_init                   
00007fef  _Dunscale                        
00008055  TimerControlTrigger              
000080ad  ltoa                             
00008103  ldexp                            
00008155  SysCtlPeripheralReset            
000081a5  _c_int00                         
000081f5  atoi                             
00008241  copy_in                          
000082d5  __aeabi_d2iz                     
0000831d  vsprintf                         
00008365  uDMAChannelAttributeDisable      
000083ad  C$$EXIT                          
000083b1  abort                            
000083b9  exit                             
000083f1  signal                           
00008431  __aeabi_f2d                      
00008469  LCDIDDTimingSet                  
000084a1  SysCtlPeripheralEnable           
000084d5  feraiseexcept                    
00008509  _Dclass                          
00008539  _Feraise                         
00008569  __aeabi_i2d                      
00008597  raise                            
000085c5  GPIODirModeSet                   
000085ef  frexp                            
00008619  Init                             
00008639  getSingleTon                     
00008641  uDMAChannelControlSet            
00008665  LCDModeSet                       
000086a5  memccpy                          
000086c1  GPIOPinTypeGPIOOutput            
000086d9  WriteCommand                     
000086f1  WriteData                        
00008709  _args_main                       
00008721  uDMAChannelEnable                
00008739  strchr                           
00008751  _register_unlock                 
00008757  _register_lock                   
0000875f  _nop                             
00008765  strlen                           
00008779  uDMAChannelRequest               
0000878d  GPIOPinTypeEthernetLED           
0000879f  GPIOPinTypeLCD                   
000087b1  uDMAEnable                       
000087c1  __TI_decompress_none             
000087cf  LCDIDDCommandWrite               
000087db  LCDIDDDataWrite                  
000087e7  __TI_zero_init                   
000087f3  ResetISR                         
00008801  uDMAControlBaseSet               
0000880d  SysCtlDelay                      
00008813  __TI_decompress_rle24            
00008819  LCDDMAConfigSet                  
0000881d  LCDIDDConfigSet                  
00008821  _system_pre_init                 
00008944  _ctypes_                         
00008ae4  g_pi32TouchParameters            
00008c6c  __TI_Handler_Table_Base          
00008c78  __TI_Handler_Table_Limit         
00008c80  __TI_CINIT_Base                  
00008c90  __TI_CINIT_Limit                 
20000000  buffer                           
20027a18  move                             
20027a20  cnt                              
20027a2c  g_ui32SysClock                   
20027a34  stb                              
20027a38  stc                              
20027a3c  sti                              
20027a40  stm                              
20027a44  stn                              
20027a48  sts                              
20027a4c  user_X                           
20027a50  user_Y                           
20027a54  g_i16TouchX                      
20027a56  g_i16TouchY                      
20027a58  __stack                          
20027c58  __STACK_TOP                      
20028258  __STACK_END                      
20028308  _Denorm                          
20028318  _Eps                             
20028328  _Hugeval                         
20028338  _Inf                             
20028348  _Nan                             
20028358  _Snan                            
20028368  _Rteps                           
20028378  _Xbig                            
20028380  _Zero                            
20028388  schoolBell_Codes                 
200283e8  schoolBell_Delays                
20028448  colors                           
20028458  i                                
2002845c  loX                              
20028460  loY                              
20028464  flag                             
20028468  variable0                        
2002846c  colors2                          
200284b4  _lock                            
200284b8  _unlock                          
200284bc  __TI_cleanup_ptr                 
200284c0  __TI_dtors_ptr                   
200284c4  _Fenv                            
200284c8  _Tls_setup__Fenv                 
200284cc  _Errno                           
200284d0  main_func_sp                     
200284d4  g_i16TouchMin                    
ffffffff  __binit__                        
ffffffff  __c_args__                       
ffffffff  binit                            
UNDEFED   SHT$$INIT_ARRAY$$Base            
UNDEFED   SHT$$INIT_ARRAY$$Limit           

[238 symbols]
