******************************************************************************
                  TI ARM Linker PC v5.2.5                      
******************************************************************************
>> Linked Thu Mar 08 23:13:38 2018

OUTPUT FILE NAME:   <LCD_Draw_exam2.out>
ENTRY POINT SYMBOL: "_c_int00"  address: 000028a1


MEMORY CONFIGURATION

         name            origin    length      used     unused   attr    fill
----------------------  --------  ---------  --------  --------  ----  --------
  FLASH                 00000000   00100000  00002e40  000fd1c0  R  X
  SRAM                  20000000   00040000  0000819c  00037e64  RW X


SEGMENT ALLOCATION MAP

run origin  load origin   length   init length attrs members
----------  ----------- ---------- ----------- ----- -------
00000000    00000000    00002e40   00002e40    r-x
  00000000    00000000    00000208   00000208    r-- .intvecs
  00000208    00000208    00002a3c   00002a3c    r-x .text
  00002c44    00002c44    000001c4   000001c4    r-- .const
  00002e08    00002e08    00000038   00000038    r-- .cinit
20000000    20000000    0000819c   00000000    rw-
  20000000    20000000    00007988   00000000    rw- .bss
  20007988    20007988    00000800   00000000    rw- .stack
  20008188    20008188    00000014   00000000    rw- .data


SECTION ALLOCATION MAP

 output                                  attributes/
section   page    origin      length       input sections
--------  ----  ----------  ----------   ----------------
.intvecs   0    00000000    00000208     
                  00000000    00000208     tm4c129xnczad_startup_ccs.obj (.intvecs)

.text      0    00000208    00002a3c     
                  00000208    000016e8     myLib.obj (.text)
                  000018f0    000005e8     pinout.obj (.text)
                  00001ed8    00000328     mx66l51235f.obj (.text)
                  00002200    000001fc     driverlib.lib : sysctl.obj (.text:SysCtlClockFreqSet)
                  000023fc    00000130                   : gpio.obj (.text:GPIOPadConfigSet)
                  0000252c    000000b4     main.obj (.text)
                  000025e0    0000009c     rtsv7M4_T_le_v4SPD16_eabi.lib : memcpy_t2.obj (.text)
                  0000267c    00000080     driverlib.lib : udma.obj (.text:uDMAChannelTransferSet)
                  000026fc    0000007a     rtsv7M4_T_le_v4SPD16_eabi.lib : memset_t2.obj (.text)
                  00002776    00000002     --HOLE-- [fill = 0]
                  00002778    0000006c                                   : autoinit.obj (.text)
                  000027e4    0000006a                                   : copy_decompress_rle.obj (.text)
                  0000284e    00000002     --HOLE-- [fill = 0]
                  00002850    00000050     driverlib.lib : sysctl.obj (.text:SysCtlPeripheralReset)
                  000028a0    00000050     rtsv7M4_T_le_v4SPD16_eabi.lib : boot.obj (.text)
                  000028f0    0000004c                                   : cpy_tbl.obj (.text)
                  0000293c    00000048     driverlib.lib : sysctl.obj (.text:_SysCtlFrequencyGet)
                  00002984    00000048                   : udma.obj (.text:uDMAChannelAttributeDisable)
                  000029cc    00000044     rtsv7M4_T_le_v4SPD16_eabi.lib : exit.obj (.text)
                  00002a10    00000036     driverlib.lib : lcd.obj (.text:LCDIDDTimingSet)
                  00002a46    00000002     --HOLE-- [fill = 0]
                  00002a48    00000034                   : sysctl.obj (.text:SysCtlPeripheralEnable)
                  00002a7c    0000002a                   : gpio.obj (.text:GPIODirModeSet)
                  00002aa6    00000002     --HOLE-- [fill = 0]
                  00002aa8    00000024                   : udma.obj (.text:uDMAChannelControlSet)
                  00002acc    00000022                   : lcd.obj (.text:LCDModeSet)
                  00002aee    00000002     --HOLE-- [fill = 0]
                  00002af0    0000001c                   : sysctl.obj (.text:_SysCtlMemTimingGet)
                  00002b0c    00000018                   : gpio.obj (.text:GPIOPinTypeGPIOOutput)
                  00002b24    00000018     myLib.obj (.text:WriteCommand)
                  00002b3c    00000018     myLib.obj (.text:WriteData)
                  00002b54    00000018     rtsv7M4_T_le_v4SPD16_eabi.lib : args_main.obj (.text)
                  00002b6c    00000018     driverlib.lib : udma.obj (.text:uDMAChannelEnable)
                  00002b84    00000014     rtsv7M4_T_le_v4SPD16_eabi.lib : _lock.obj (.text)
                  00002b98    00000014     driverlib.lib : udma.obj (.text:uDMAChannelRequest)
                  00002bac    00000012                   : gpio.obj (.text:GPIOPinTypeEthernetLED)
                  00002bbe    00000012                   : gpio.obj (.text:GPIOPinTypeLCD)
                  00002bd0    00000010                   : udma.obj (.text:uDMAEnable)
                  00002be0    0000000e     rtsv7M4_T_le_v4SPD16_eabi.lib : copy_decompress_none.obj (.text:decompress:none)
                  00002bee    0000000c     driverlib.lib : lcd.obj (.text:LCDIDDCommandWrite)
                  00002bfa    0000000c                   : lcd.obj (.text:LCDIDDDataWrite)
                  00002c06    0000000c     rtsv7M4_T_le_v4SPD16_eabi.lib : copy_zero_init.obj (.text:decompress:ZI)
                  00002c12    0000000c     tm4c129xnczad_startup_ccs.obj (.text)
                  00002c1e    00000002     --HOLE-- [fill = 0]
                  00002c20    0000000c     driverlib.lib : udma.obj (.text:uDMAControlBaseSet)
                  00002c2c    00000006                   : sysctl.obj (.text:SysCtlDelay)
                  00002c32    00000006     rtsv7M4_T_le_v4SPD16_eabi.lib : copy_decompress_rle.obj (.text:decompress:rle24)
                  00002c38    00000004     driverlib.lib : lcd.obj (.text:LCDDMAConfigSet)
                  00002c3c    00000004                   : lcd.obj (.text:LCDIDDConfigSet)
                  00002c40    00000004     rtsv7M4_T_le_v4SPD16_eabi.lib : pre_init.obj (.text)

.const     0    00002c44    000001c4     
                  00002c44    00000120     driverlib.lib : sysctl.obj (.const:g_pppui32XTALtoVCO)
                  00002d64    0000006c                   : sysctl.obj (.const:g_pui32Xtals)
                  00002dd0    00000030                   : sysctl.obj (.const:g_sXTALtoMEMTIM)
                  00002e00    00000008                   : sysctl.obj (.const)

.cinit     0    00002e08    00000038     
                  00002e08    0000000f     (.cinit..data.load) [load image, compression = rle]
                  00002e17    00000001     --HOLE-- [fill = 0]
                  00002e18    0000000c     (__TI_handler_table)
                  00002e24    00000004     --HOLE-- [fill = 0]
                  00002e28    00000008     (.cinit..bss.load) [load image, compression = zero_init]
                  00002e30    00000010     (__TI_cinit_table)

.init_array 
*          0    00000000    00000000     UNINITIALIZED

.bss       0    20000000    00007988     UNINITIALIZED
                  20000000    00002580     myLib.obj (.bss:temp_buffer$4)
                  20002580    00002580     myLib.obj (.bss:temp_buffer$5)
                  20004b00    00001540     myLib.obj (.bss:temp_buffer$2)
                  20006040    00001540     myLib.obj (.bss:temp_buffer$3)
                  20007580    00000400     myLib.obj (.bss:pui8DMAControlTable$1)
                  20007980    00000004     (.common:g_ui32MX66L51235FAddr)
                  20007984    00000004     (.common:g_ui32SysClock)

.TI.noinit 
*          0    20000000    00000000     UNINITIALIZED

.stack     0    20007988    00000800     UNINITIALIZED
                  20007988    00000800     --HOLE--

.data      0    20008188    00000014     UNINITIALIZED
                  20008188    00000008     rtsv7M4_T_le_v4SPD16_eabi.lib : _lock.obj (.data)
                  20008190    00000008                                   : exit.obj (.data)
                  20008198    00000004                                   : stkdepth_vars.obj (.data)

.TI.persistent 
*          0    20008188    00000000     UNINITIALIZED


LINKER GENERATED COPY TABLES

__TI_cinit_table @ 00002e30 records: 2, size/record: 8, table size: 16
	.data: load addr=00002e08, load size=0000000f bytes, run addr=20008188, run size=00000014 bytes, compression=rle
	.bss: load addr=00002e28, load size=00000008 bytes, run addr=20000000, run size=00007988 bytes, compression=zero_init


LINKER GENERATED HANDLER TABLE

__TI_handler_table @ 00002e18 records: 3, size/record: 4, table size: 12
	index: 0, handler: __TI_decompress_rle24
	index: 1, handler: __TI_decompress_none
	index: 2, handler: __TI_zero_init


GLOBAL SYMBOLS: SORTED ALPHABETICALLY BY Name 

address   name                       
-------   ----                       
000029cd  C$$EXIT                    
00000715  DrawLine                   
000009e9  DrawRect                   
00002a7d  GPIODirModeSet             
000023fd  GPIOPadConfigSet           
00002bad  GPIOPinTypeEthernetLED     
00002b0d  GPIOPinTypeGPIOOutput      
00002bbf  GPIOPinTypeLCD             
00002c39  LCDDMAConfigSet            
00002bef  LCDIDDCommandWrite         
00002c3d  LCDIDDConfigSet            
00002bfb  LCDIDDDataWrite            
00002a11  LCDIDDTimingSet            
00002acd  LCDModeSet                 
00000209  LCD_Init                   
00002057  MX66L51235FBlockErase32    
000020a9  MX66L51235FBlockErase64    
000020fb  MX66L51235FChipErase       
00001ed9  MX66L51235FInit            
00002143  MX66L51235FPageProgram     
0000219f  MX66L51235FRead            
00002005  MX66L51235FSectorErase     
000018f1  PinoutSet                  
0000068f  PutPixel                   
00002c13  ResetISR                   
0000054d  RestoreBackground          
UNDEFED   SHT$$INIT_ARRAY$$Base      
UNDEFED   SHT$$INIT_ARRAY$$Limit     
00001001  Scroll_down                
00000a39  Scroll_left                
00000d11  Scroll_right               
00001455  Scroll_up                  
000018a3  SetFullFrame               
00002201  SysCtlClockFreqSet         
00002c2d  SysCtlDelay                
00002a49  SysCtlPeripheralEnable     
00002851  SysCtlPeripheralReset      
00002b25  WriteCommand               
00002b3d  WriteData                  
20008188  __STACK_END                
00000800  __STACK_SIZE               
20007b88  __STACK_TOP                
00002e30  __TI_CINIT_Base            
00002e40  __TI_CINIT_Limit           
00002e18  __TI_Handler_Table_Base    
00002e24  __TI_Handler_Table_Limit   
00002779  __TI_auto_init             
20008190  __TI_cleanup_ptr           
00002be1  __TI_decompress_none       
00002c33  __TI_decompress_rle24      
20008194  __TI_dtors_ptr             
00000000  __TI_static_base__         
00002c07  __TI_zero_init             
000026fd  __aeabi_memclr             
000026fd  __aeabi_memclr4            
000026fd  __aeabi_memclr8            
000025e1  __aeabi_memcpy             
000025e1  __aeabi_memcpy4            
000025e1  __aeabi_memcpy8            
000026ff  __aeabi_memset             
000026ff  __aeabi_memset4            
000026ff  __aeabi_memset8            
ffffffff  __binit__                  
ffffffff  __c_args__                 
20007988  __stack                    
00002b55  _args_main                 
000028a1  _c_int00                   
20008188  _lock                      
00002b93  _nop                       
00002b8b  _register_lock             
00002b85  _register_unlock           
00002c41  _system_pre_init           
2000818c  _unlock                    
000029d1  abort                      
ffffffff  binit                      
000028f1  copy_in                    
000029d9  exit                       
00000000  g_pfnVectors               
20007984  g_ui32SysClock             
0000252d  main                       
20008198  main_func_sp               
000025e1  memcpy                     
00002705  memset                     
00002985  uDMAChannelAttributeDisable
00002aa9  uDMAChannelControlSet      
00002b6d  uDMAChannelEnable          
00002b99  uDMAChannelRequest         
0000267d  uDMAChannelTransferSet     
00002c21  uDMAControlBaseSet         
00002bd1  uDMAEnable                 


GLOBAL SYMBOLS: SORTED BY Symbol Address 

address   name                       
-------   ----                       
00000000  __TI_static_base__         
00000000  g_pfnVectors               
00000209  LCD_Init                   
0000054d  RestoreBackground          
0000068f  PutPixel                   
00000715  DrawLine                   
00000800  __STACK_SIZE               
000009e9  DrawRect                   
00000a39  Scroll_left                
00000d11  Scroll_right               
00001001  Scroll_down                
00001455  Scroll_up                  
000018a3  SetFullFrame               
000018f1  PinoutSet                  
00001ed9  MX66L51235FInit            
00002005  MX66L51235FSectorErase     
00002057  MX66L51235FBlockErase32    
000020a9  MX66L51235FBlockErase64    
000020fb  MX66L51235FChipErase       
00002143  MX66L51235FPageProgram     
0000219f  MX66L51235FRead            
00002201  SysCtlClockFreqSet         
000023fd  GPIOPadConfigSet           
0000252d  main                       
000025e1  __aeabi_memcpy             
000025e1  __aeabi_memcpy4            
000025e1  __aeabi_memcpy8            
000025e1  memcpy                     
0000267d  uDMAChannelTransferSet     
000026fd  __aeabi_memclr             
000026fd  __aeabi_memclr4            
000026fd  __aeabi_memclr8            
000026ff  __aeabi_memset             
000026ff  __aeabi_memset4            
000026ff  __aeabi_memset8            
00002705  memset                     
00002779  __TI_auto_init             
00002851  SysCtlPeripheralReset      
000028a1  _c_int00                   
000028f1  copy_in                    
00002985  uDMAChannelAttributeDisable
000029cd  C$$EXIT                    
000029d1  abort                      
000029d9  exit                       
00002a11  LCDIDDTimingSet            
00002a49  SysCtlPeripheralEnable     
00002a7d  GPIODirModeSet             
00002aa9  uDMAChannelControlSet      
00002acd  LCDModeSet                 
00002b0d  GPIOPinTypeGPIOOutput      
00002b25  WriteCommand               
00002b3d  WriteData                  
00002b55  _args_main                 
00002b6d  uDMAChannelEnable          
00002b85  _register_unlock           
00002b8b  _register_lock             
00002b93  _nop                       
00002b99  uDMAChannelRequest         
00002bad  GPIOPinTypeEthernetLED     
00002bbf  GPIOPinTypeLCD             
00002bd1  uDMAEnable                 
00002be1  __TI_decompress_none       
00002bef  LCDIDDCommandWrite         
00002bfb  LCDIDDDataWrite            
00002c07  __TI_zero_init             
00002c13  ResetISR                   
00002c21  uDMAControlBaseSet         
00002c2d  SysCtlDelay                
00002c33  __TI_decompress_rle24      
00002c39  LCDDMAConfigSet            
00002c3d  LCDIDDConfigSet            
00002c41  _system_pre_init           
00002e18  __TI_Handler_Table_Base    
00002e24  __TI_Handler_Table_Limit   
00002e30  __TI_CINIT_Base            
00002e40  __TI_CINIT_Limit           
20007984  g_ui32SysClock             
20007988  __stack                    
20007b88  __STACK_TOP                
20008188  __STACK_END                
20008188  _lock                      
2000818c  _unlock                    
20008190  __TI_cleanup_ptr           
20008194  __TI_dtors_ptr             
20008198  main_func_sp               
ffffffff  __binit__                  
ffffffff  __c_args__                 
ffffffff  binit                      
UNDEFED   SHT$$INIT_ARRAY$$Base      
UNDEFED   SHT$$INIT_ARRAY$$Limit     

[90 symbols]
