******************************************************************************
                  TI ARM Linker PC v5.2.5                      
******************************************************************************
>> Linked Thu May 17 23:29:30 2018

OUTPUT FILE NAME:   <LCD_Student.out>
ENTRY POINT SYMBOL: "_c_int00"  address: 00005c55


MEMORY CONFIGURATION

         name            origin    length      used     unused   attr    fill
----------------------  --------  ---------  --------  --------  ----  --------
  FLASH                 00000000   00100000  00006794  000f986c  R  X
  SRAM                  20000000   00040000  000280f4  00017f0c  RW X


SEGMENT ALLOCATION MAP

run origin  load origin   length   init length attrs members
----------  ----------- ---------- ----------- ----- -------
00000000    00000000    00006798   00006798    r-x
  00000000    00000000    00000208   00000208    r-- .intvecs
  00000208    00000208    0000606c   0000606c    r-x .text
  00006274    00006274    000004a0   000004a0    r-- .const
  00006718    00006718    00000080   00000080    r-- .cinit
20000000    20000000    000280f4   00000000    rw-
  20000000    20000000    00027788   00000000    rw- .bss
  20027788    20027788    00000800   00000000    rw- .stack
  20027f88    20027f88    0000016c   00000000    rw- .data


SECTION ALLOCATION MAP

 output                                  attributes/
section   page    origin      length       input sections
--------  ----  ----------  ----------   ----------------
.intvecs   0    00000000    00000208     
                  00000000    00000208     tm4c129xnczad_startup_ccs.obj (.intvecs)

.text      0    00000208    0000606c     
                  00000208    00002654     myLib.obj (.text)
                  0000285c    000010ba     rtsv7M4_T_le_v4SPD16_eabi.lib : _printfi.obj (.text)
                  00003916    00000002     --HOLE-- [fill = 0]
                  00003918    000006e0     Module.obj (.text)
                  00003ff8    000005e8     pinout.obj (.text)
                  000045e0    0000039c     main.obj (.text)
                  0000497c    00000328     mx66l51235f.obj (.text)
                  00004ca4    000001fc     driverlib.lib : sysctl.obj (.text:SysCtlClockFreqSet)
                  00004ea0    000001f4     rtsv7M4_T_le_v4SPD16_eabi.lib : ull_div_t2.obj (.text)
                  00005094    000001b6                                   : fd_add_t2.obj (.text)
                  0000524a    00000136                                   : fd_div_t2.obj (.text)
                  00005380    00000130     driverlib.lib : gpio.obj (.text:GPIOPadConfigSet)
                  000054b0    00000110     rtsv7M4_T_le_v4SPD16_eabi.lib : xdscale.obj (.text)
                  000055c0    000000fc                                   : fd_mul_t2.obj (.text)
                  000056bc    000000be                                   : xdnorm.obj (.text)
                  0000577a    0000009c                                   : memcpy_t2.obj (.text)
                  00005816    00000086                                   : fd_cmp_t2.obj (.text:__aeabi_cdcmple)
                  0000589c    00000086                                   : fd_cmp_t2.obj (.text:__aeabi_cdrcmple)
                  00005922    00000002     --HOLE-- [fill = 0]
                  00005924    00000080     driverlib.lib : udma.obj (.text:uDMAChannelTransferSet)
                  000059a4    0000007a     rtsv7M4_T_le_v4SPD16_eabi.lib : memset_t2.obj (.text)
                  00005a1e    00000002     --HOLE-- [fill = 0]
                  00005a20    0000006c                                   : autoinit.obj (.text)
                  00005a8c    0000006a                                   : copy_decompress_rle.obj (.text)
                  00005af6    00000066                                   : xdunscal.obj (.text)
                  00005b5c    00000056                                   : ltoa.obj (.text)
                  00005bb2    00000052                                   : ldexp.obj (.text)
                  00005c04    00000050     driverlib.lib : sysctl.obj (.text:SysCtlPeripheralReset)
                  00005c54    00000050     rtsv7M4_T_le_v4SPD16_eabi.lib : boot.obj (.text)
                  00005ca4    0000004c                                   : atoi.obj (.text)
                  00005cf0    0000004c                                   : cpy_tbl.obj (.text)
                  00005d3c    00000048     driverlib.lib : sysctl.obj (.text:_SysCtlFrequencyGet)
                  00005d84    00000048     rtsv7M4_T_le_v4SPD16_eabi.lib : fd_toi_t2.obj (.text)
                  00005dcc    00000048                                   : vsprintf.obj (.text)
                  00005e14    00000048     driverlib.lib : udma.obj (.text:uDMAChannelAttributeDisable)
                  00005e5c    00000044     rtsv7M4_T_le_v4SPD16_eabi.lib : exit.obj (.text)
                  00005ea0    00000040                                   : signal.obj (.text)
                  00005ee0    00000036     driverlib.lib : lcd.obj (.text:LCDIDDTimingSet)
                  00005f16    00000002     --HOLE-- [fill = 0]
                  00005f18    00000034                   : sysctl.obj (.text:SysCtlPeripheralEnable)
                  00005f4c    00000034     rtsv7M4_T_le_v4SPD16_eabi.lib : feraiseexcept.obj (.text)
                  00005f80    00000030                                   : xdclass.obj (.text)
                  00005fb0    00000030                                   : xferaise.obj (.text)
                  00005fe0    0000002e                                   : i_tofd_t2.obj (.text)
                  0000600e    0000002e                                   : raise.obj (.text)
                  0000603c    0000002a     driverlib.lib : gpio.obj (.text:GPIODirModeSet)
                  00006066    0000002a     rtsv7M4_T_le_v4SPD16_eabi.lib : frexp.obj (.text)
                  00006090    00000024     driverlib.lib : udma.obj (.text:uDMAChannelControlSet)
                  000060b4    00000022                   : lcd.obj (.text:LCDModeSet)
                  000060d6    00000002     --HOLE-- [fill = 0]
                  000060d8    0000001c                   : sysctl.obj (.text:_SysCtlMemTimingGet)
                  000060f4    0000001c     rtsv7M4_T_le_v4SPD16_eabi.lib : memccpy.obj (.text)
                  00006110    00000018     driverlib.lib : gpio.obj (.text:GPIOPinTypeGPIOOutput)
                  00006128    00000018     myLib.obj (.text:WriteCommand)
                  00006140    00000018     myLib.obj (.text:WriteData)
                  00006158    00000018     rtsv7M4_T_le_v4SPD16_eabi.lib : args_main.obj (.text)
                  00006170    00000018     driverlib.lib : udma.obj (.text:uDMAChannelEnable)
                  00006188    00000016     rtsv7M4_T_le_v4SPD16_eabi.lib : strchr.obj (.text)
                  0000619e    00000002     --HOLE-- [fill = 0]
                  000061a0    00000014                                   : _lock.obj (.text)
                  000061b4    00000014                                   : strlen.obj (.text)
                  000061c8    00000014     driverlib.lib : udma.obj (.text:uDMAChannelRequest)
                  000061dc    00000012                   : gpio.obj (.text:GPIOPinTypeEthernetLED)
                  000061ee    00000012                   : gpio.obj (.text:GPIOPinTypeLCD)
                  00006200    00000010                   : udma.obj (.text:uDMAEnable)
                  00006210    0000000e     rtsv7M4_T_le_v4SPD16_eabi.lib : copy_decompress_none.obj (.text:decompress:none)
                  0000621e    0000000c     driverlib.lib : lcd.obj (.text:LCDIDDCommandWrite)
                  0000622a    0000000c                   : lcd.obj (.text:LCDIDDDataWrite)
                  00006236    0000000c     rtsv7M4_T_le_v4SPD16_eabi.lib : copy_zero_init.obj (.text:decompress:ZI)
                  00006242    0000000c     tm4c129xnczad_startup_ccs.obj (.text)
                  0000624e    00000002     --HOLE-- [fill = 0]
                  00006250    0000000c     driverlib.lib : udma.obj (.text:uDMAControlBaseSet)
                  0000625c    00000006                   : sysctl.obj (.text:SysCtlDelay)
                  00006262    00000006     rtsv7M4_T_le_v4SPD16_eabi.lib : copy_decompress_rle.obj (.text:decompress:rle24)
                  00006268    00000004     driverlib.lib : lcd.obj (.text:LCDDMAConfigSet)
                  0000626c    00000004                   : lcd.obj (.text:LCDIDDConfigSet)
                  00006270    00000004     rtsv7M4_T_le_v4SPD16_eabi.lib : pre_init.obj (.text)

.const     0    00006274    000004a0     
                  00006274    00000120     driverlib.lib : sysctl.obj (.const:g_pppui32XTALtoVCO)
                  00006394    00000101     rtsv7M4_T_le_v4SPD16_eabi.lib : ctype.obj (.const:.string:_ctypes_)
                  00006495    00000003     --HOLE-- [fill = 0]
                  00006498    0000006c     driverlib.lib : sysctl.obj (.const:g_pui32Xtals)
                  00006504    00000060     main.obj (.const:$P$T0$1)
                  00006564    00000060     Module.obj (.const:$P$T1$2)
                  000065c4    00000060     main.obj (.const:$P$T1$2)
                  00006624    00000060     Module.obj (.const:$P$T2$3)
                  00006684    00000038     main.obj (.const)
                  000066bc    00000030     driverlib.lib : sysctl.obj (.const:g_sXTALtoMEMTIM)
                  000066ec    00000020     Module.obj (.const)
                  0000670c    00000008     driverlib.lib : sysctl.obj (.const)

.cinit     0    00006718    00000080     
                  00006718    00000059     (.cinit..data.load) [load image, compression = rle]
                  00006771    00000003     --HOLE-- [fill = 0]
                  00006774    0000000c     (__TI_handler_table)
                  00006780    00000008     (.cinit..bss.load) [load image, compression = zero_init]
                  00006788    00000010     (__TI_cinit_table)

.init_array 
*          0    00000000    00000000     UNINITIALIZED

.bss       0    20000000    00027788     UNINITIALIZED
                  20000000    0001fe00     main.obj (.bss:buffer)
                  2001fe00    00002580     myLib.obj (.bss:temp_buffer$4)
                  20022380    00002580     myLib.obj (.bss:temp_buffer$5)
                  20024900    00001540     myLib.obj (.bss:temp_buffer$2)
                  20025e40    00001540     myLib.obj (.bss:temp_buffer$3)
                  20027380    00000400     myLib.obj (.bss:pui8DMAControlTable$1)
                  20027780    00000004     (.common:g_ui32MX66L51235FAddr)
                  20027784    00000004     (.common:g_ui32SysClock)

.TI.noinit 
*          0    20000000    00000000     UNINITIALIZED

.stack     0    20027788    00000800     UNINITIALIZED
                  20027788    00000800     --HOLE--

.data      0    20027f88    0000016c     UNINITIALIZED
                  20027f88    000000b0     rtsv7M4_T_le_v4SPD16_eabi.lib : signal.obj (.data:sigtable)
                  20028038    00000080                                   : xvalues.obj (.data)
                  200280b8    00000017     myLib.obj (.data)
                  200280cf    00000001     --HOLE--
                  200280d0    00000008     rtsv7M4_T_le_v4SPD16_eabi.lib : _lock.obj (.data)
                  200280d8    00000008                                   : exit.obj (.data)
                  200280e0    00000008                                   : feraiseexcept.obj (.data)
                  200280e8    00000004     main.obj (.data)
                  200280ec    00000004     rtsv7M4_T_le_v4SPD16_eabi.lib : errno.obj (.data)
                  200280f0    00000004                                   : stkdepth_vars.obj (.data)

.TI.persistent 
*          0    20027f88    00000000     UNINITIALIZED


LINKER GENERATED COPY TABLES

__TI_cinit_table @ 00006788 records: 2, size/record: 8, table size: 16
	.data: load addr=00006718, load size=00000059 bytes, run addr=20027f88, run size=0000016c bytes, compression=rle
	.bss: load addr=00006780, load size=00000008 bytes, run addr=20000000, run size=00027788 bytes, compression=zero_init


LINKER GENERATED HANDLER TABLE

__TI_handler_table @ 00006774 records: 3, size/record: 4, table size: 12
	index: 0, handler: __TI_decompress_rle24
	index: 1, handler: __TI_decompress_none
	index: 2, handler: __TI_zero_init


GLOBAL SYMBOLS: SORTED ALPHABETICALLY BY Name 

address   name                       
-------   ----                       
00001f09  BUZZER_clear               
00001d01  BUZZER_init                
00003af7  Buzzer_play                
00005e5d  C$$EXIT                    
00003f25  Chattering_Flag            
00003ea5  Chattering_NoFlag          
00002589  DIP_init                   
00001f39  DelayForPlay               
00001ced  DrawCircle                 
00000ca9  DrawImage                  
000009d5  DrawLine                   
00001c91  DrawRect                   
000039cd  FND_CLOCK                  
00003bbd  FND_Calcurator             
00002305  FND_Minor                  
000022d1  FND_clear                  
00001fb9  FND_init                   
0000603d  GPIODirModeSet             
00005381  GPIOPadConfigSet           
000061dd  GPIOPinTypeEthernetLED     
00006111  GPIOPinTypeGPIOOutput      
000061ef  GPIOPinTypeLCD             
00000209  Interrupt_init             
00006269  LCDDMAConfigSet            
0000621f  LCDIDDCommandWrite         
0000626d  LCDIDDConfigSet            
0000622b  LCDIDDDataWrite            
00005ee1  LCDIDDTimingSet            
000060b5  LCDModeSet                 
000004c9  LCD_Init                   
00002361  LED_clear                  
000023d1  LED_init                   
00003e25  LED_swap                   
00004afb  MX66L51235FBlockErase32    
00004b4d  MX66L51235FBlockErase64    
00004b9f  MX66L51235FChipErase       
0000497d  MX66L51235FInit            
00004be7  MX66L51235FPageProgram     
00004c43  MX66L51235FRead            
00004aa9  MX66L51235FSectorErase     
000024d5  PUSH_init                  
00003ff9  PinoutSet                  
00001f17  Play                       
0000094f  PutPixel                   
00006243  ResetISR                   
0000080d  RestoreBackground          
UNDEFED   SHT$$INIT_ARRAY$$Base      
UNDEFED   SHT$$INIT_ARRAY$$Limit     
000013b1  Scroll_down                
00000deb  Scroll_left                
000010cd  Scroll_right               
00001809  Scroll_up                  
00001c4b  SetFullFrame               
00003985  Siren                      
00004ca5  SysCtlClockFreqSet         
0000625d  SysCtlDelay                
00005f19  SysCtlPeripheralEnable     
00005c05  SysCtlPeripheralReset      
00001dff  TIMER_init                 
000026db  UART_getch                 
000026eb  UART_getkey                
00002629  UART_init                  
00002749  UART_printf                
000026ff  UART_putch                 
00002729  UART_putstr                
00001f77  WDTinitISR                 
000021d1  WRITE_FND                  
0000225d  WRITE_FND_DOT              
00003919  WhatNote                   
00006129  WriteCommand               
00006141  WriteData                  
00005f81  _Dclass                    
20028038  _Denorm                    
000056bd  _Dnorm                     
000054b1  _Dscale                    
00005af7  _Dunscale                  
20028048  _Eps                       
200280ec  _Errno                     
200280e0  _Fenv                      
00005fb1  _Feraise                   
20028058  _Hugeval                   
20028068  _Inf                       
20028078  _Nan                       
20028098  _Rteps                     
20028088  _Snan                      
200280e4  _Tls_setup__Fenv           
200280a8  _Xbig                      
200280b0  _Zero                      
20027f88  __STACK_END                
00000800  __STACK_SIZE               
20027988  __STACK_TOP                
00006788  __TI_CINIT_Base            
00006798  __TI_CINIT_Limit           
00006774  __TI_Handler_Table_Base    
00006780  __TI_Handler_Table_Limit   
00005a21  __TI_auto_init             
200280d8  __TI_cleanup_ptr           
00006211  __TI_decompress_none       
00006263  __TI_decompress_rle24      
200280dc  __TI_dtors_ptr             
00003611  __TI_printfi               
00000000  __TI_static_base__         
00006237  __TI_zero_init             
00005817  __aeabi_cdcmpeq            
00005817  __aeabi_cdcmple            
0000589d  __aeabi_cdrcmple           
00005d85  __aeabi_d2iz               
0000509f  __aeabi_dadd               
0000524b  __aeabi_ddiv               
000055c1  __aeabi_dmul               
00005095  __aeabi_dsub               
00005fe1  __aeabi_i2d                
000059a5  __aeabi_memclr             
000059a5  __aeabi_memclr4            
000059a5  __aeabi_memclr8            
0000577b  __aeabi_memcpy             
0000577b  __aeabi_memcpy4            
0000577b  __aeabi_memcpy8            
000059a7  __aeabi_memset             
000059a7  __aeabi_memset4            
000059a7  __aeabi_memset8            
00004ea1  __aeabi_uldivmod           
ffffffff  __binit__                  
ffffffff  __c_args__                 
20027788  __stack                    
00006159  _args_main                 
00005c55  _c_int00                   
00006394  _ctypes_                   
200280d0  _lock                      
000061af  _nop                       
000061a7  _register_lock             
000061a1  _register_unlock           
00006271  _system_pre_init           
200280d4  _unlock                    
0000487f  _user_interrupt_handler_1  
000048a7  _user_interrupt_handler_2  
000048d5  _user_interrupt_handler_3  
00004911  _user_interrupt_handler_4  
00005e61  abort                      
00005ca5  atoi                       
ffffffff  binit                      
20000000  buffer                     
200280e8  cnt                        
00005cf1  copy_in                    
00001eef  delay                      
00005e69  exit                       
00005f4d  feraiseexcept              
00006067  frexp                      
00000000  g_pfnVectors               
20027784  g_ui32SysClock             
00005bb3  ldexp                      
00005b5d  ltoa                       
000045e1  main                       
200280f0  main_func_sp               
000060f5  memccpy                    
0000577b  memcpy                     
000059ad  memset                     
0000600f  raise                      
00005ea1  signal                     
00006189  strchr                     
000061b5  strlen                     
00005e15  uDMAChannelAttributeDisable
00006091  uDMAChannelControlSet      
00006171  uDMAChannelEnable          
000061c9  uDMAChannelRequest         
00005925  uDMAChannelTransferSet     
00006251  uDMAControlBaseSet         
00006201  uDMAEnable                 
00005dcd  vsprintf                   


GLOBAL SYMBOLS: SORTED BY Symbol Address 

address   name                       
-------   ----                       
00000000  __TI_static_base__         
00000000  g_pfnVectors               
00000209  Interrupt_init             
000004c9  LCD_Init                   
00000800  __STACK_SIZE               
0000080d  RestoreBackground          
0000094f  PutPixel                   
000009d5  DrawLine                   
00000ca9  DrawImage                  
00000deb  Scroll_left                
000010cd  Scroll_right               
000013b1  Scroll_down                
00001809  Scroll_up                  
00001c4b  SetFullFrame               
00001c91  DrawRect                   
00001ced  DrawCircle                 
00001d01  BUZZER_init                
00001dff  TIMER_init                 
00001eef  delay                      
00001f09  BUZZER_clear               
00001f17  Play                       
00001f39  DelayForPlay               
00001f77  WDTinitISR                 
00001fb9  FND_init                   
000021d1  WRITE_FND                  
0000225d  WRITE_FND_DOT              
000022d1  FND_clear                  
00002305  FND_Minor                  
00002361  LED_clear                  
000023d1  LED_init                   
000024d5  PUSH_init                  
00002589  DIP_init                   
00002629  UART_init                  
000026db  UART_getch                 
000026eb  UART_getkey                
000026ff  UART_putch                 
00002729  UART_putstr                
00002749  UART_printf                
00003611  __TI_printfi               
00003919  WhatNote                   
00003985  Siren                      
000039cd  FND_CLOCK                  
00003af7  Buzzer_play                
00003bbd  FND_Calcurator             
00003e25  LED_swap                   
00003ea5  Chattering_NoFlag          
00003f25  Chattering_Flag            
00003ff9  PinoutSet                  
000045e1  main                       
0000487f  _user_interrupt_handler_1  
000048a7  _user_interrupt_handler_2  
000048d5  _user_interrupt_handler_3  
00004911  _user_interrupt_handler_4  
0000497d  MX66L51235FInit            
00004aa9  MX66L51235FSectorErase     
00004afb  MX66L51235FBlockErase32    
00004b4d  MX66L51235FBlockErase64    
00004b9f  MX66L51235FChipErase       
00004be7  MX66L51235FPageProgram     
00004c43  MX66L51235FRead            
00004ca5  SysCtlClockFreqSet         
00004ea1  __aeabi_uldivmod           
00005095  __aeabi_dsub               
0000509f  __aeabi_dadd               
0000524b  __aeabi_ddiv               
00005381  GPIOPadConfigSet           
000054b1  _Dscale                    
000055c1  __aeabi_dmul               
000056bd  _Dnorm                     
0000577b  __aeabi_memcpy             
0000577b  __aeabi_memcpy4            
0000577b  __aeabi_memcpy8            
0000577b  memcpy                     
00005817  __aeabi_cdcmpeq            
00005817  __aeabi_cdcmple            
0000589d  __aeabi_cdrcmple           
00005925  uDMAChannelTransferSet     
000059a5  __aeabi_memclr             
000059a5  __aeabi_memclr4            
000059a5  __aeabi_memclr8            
000059a7  __aeabi_memset             
000059a7  __aeabi_memset4            
000059a7  __aeabi_memset8            
000059ad  memset                     
00005a21  __TI_auto_init             
00005af7  _Dunscale                  
00005b5d  ltoa                       
00005bb3  ldexp                      
00005c05  SysCtlPeripheralReset      
00005c55  _c_int00                   
00005ca5  atoi                       
00005cf1  copy_in                    
00005d85  __aeabi_d2iz               
00005dcd  vsprintf                   
00005e15  uDMAChannelAttributeDisable
00005e5d  C$$EXIT                    
00005e61  abort                      
00005e69  exit                       
00005ea1  signal                     
00005ee1  LCDIDDTimingSet            
00005f19  SysCtlPeripheralEnable     
00005f4d  feraiseexcept              
00005f81  _Dclass                    
00005fb1  _Feraise                   
00005fe1  __aeabi_i2d                
0000600f  raise                      
0000603d  GPIODirModeSet             
00006067  frexp                      
00006091  uDMAChannelControlSet      
000060b5  LCDModeSet                 
000060f5  memccpy                    
00006111  GPIOPinTypeGPIOOutput      
00006129  WriteCommand               
00006141  WriteData                  
00006159  _args_main                 
00006171  uDMAChannelEnable          
00006189  strchr                     
000061a1  _register_unlock           
000061a7  _register_lock             
000061af  _nop                       
000061b5  strlen                     
000061c9  uDMAChannelRequest         
000061dd  GPIOPinTypeEthernetLED     
000061ef  GPIOPinTypeLCD             
00006201  uDMAEnable                 
00006211  __TI_decompress_none       
0000621f  LCDIDDCommandWrite         
0000622b  LCDIDDDataWrite            
00006237  __TI_zero_init             
00006243  ResetISR                   
00006251  uDMAControlBaseSet         
0000625d  SysCtlDelay                
00006263  __TI_decompress_rle24      
00006269  LCDDMAConfigSet            
0000626d  LCDIDDConfigSet            
00006271  _system_pre_init           
00006394  _ctypes_                   
00006774  __TI_Handler_Table_Base    
00006780  __TI_Handler_Table_Limit   
00006788  __TI_CINIT_Base            
00006798  __TI_CINIT_Limit           
20000000  buffer                     
20027784  g_ui32SysClock             
20027788  __stack                    
20027988  __STACK_TOP                
20027f88  __STACK_END                
20028038  _Denorm                    
20028048  _Eps                       
20028058  _Hugeval                   
20028068  _Inf                       
20028078  _Nan                       
20028088  _Snan                      
20028098  _Rteps                     
200280a8  _Xbig                      
200280b0  _Zero                      
200280d0  _lock                      
200280d4  _unlock                    
200280d8  __TI_cleanup_ptr           
200280dc  __TI_dtors_ptr             
200280e0  _Fenv                      
200280e4  _Tls_setup__Fenv           
200280e8  cnt                        
200280ec  _Errno                     
200280f0  main_func_sp               
ffffffff  __binit__                  
ffffffff  __c_args__                 
ffffffff  binit                      
UNDEFED   SHT$$INIT_ARRAY$$Base      
UNDEFED   SHT$$INIT_ARRAY$$Limit     

[169 symbols]
