******************************************************************************
                  TI ARM Linker PC v5.1.6                      
******************************************************************************
>> Linked Thu May 28 19:10:23 2015

OUTPUT FILE NAME:   <LCD_Image_Overwrite.out>
ENTRY POINT SYMBOL: "_c_int00"  address: 000038d5


MEMORY CONFIGURATION

         name            origin    length      used     unused   attr    fill
----------------------  --------  ---------  --------  --------  ----  --------
  FLASH                 00000000   00100000  00004088  000fbf78  R  X
  SRAM                  20000000   00040000  00020a5c  0001f5a4  RW X


SEGMENT ALLOCATION MAP

run origin  load origin   length   init length attrs members
----------  ----------- ---------- ----------- ----- -------
00000000    00000000    00004088   00004088    r-x
  00000000    00000000    00000208   00000208    r-- .intvecs
  00000208    00000208    00003b5c   00003b5c    r-x .text
  00003d64    00003d64    000002e4   000002e4    r-- .const
  00004048    00004048    00000040   00000040    r-- .cinit
20000000    20000000    00020a5c   00000000    rw-
  20000000    20000000    0002023c   00000000    rw- .bss
  2002023c    2002023c    00000800   00000000    rw- .stack
  20020a3c    20020a3c    00000020   00000000    rw- .data


SECTION ALLOCATION MAP

 output                                  attributes/
section   page    origin      length       input sections
--------  ----  ----------  ----------   ----------------
.intvecs   0    00000000    00000208     
                  00000000    00000208     tm4c129xnczad_startup_ccs.obj (.intvecs)

.init_array 
*          0    00000000    00000000     UNINITIALIZED

.text      0    00000208    00003b5c     
                  00000208    00000ec0     rtsv7M4_T_le_v4SPD16_eabi.lib : _printfi.obj (.text)
                  000010c8    00000874     myLib.obj (.text)
                  0000193c    000005e8     pinout.obj (.text)
                  00001f24    00000574     touch.obj (.text)
                  00002498    00000364     main.obj (.text)
                  000027fc    00000328     mx66l51235f.obj (.text)
                  00002b24    000001fc     driverlib.lib : sysctl.obj (.text:SysCtlClockFreqSet)
                  00002d20    000001f4     rtsv7M4_T_le_v4SPD16_eabi.lib : ull_div_t2.obj (.text)
                  00002f14    000001b6                                   : fd_add_t2.obj (.text)
                  000030ca    00000136                                   : fd_div_t2.obj (.text)
                  00003200    00000130     driverlib.lib : gpio.obj (.text:GPIOPadConfigSet)
                  00003330    000000fc     rtsv7M4_T_le_v4SPD16_eabi.lib : fd_mul_t2.obj (.text)
                  0000342c    0000009c                                   : memcpy_t2.obj (.text)
                  000034c8    00000094                                   : auto_init.obj (.text)
                  0000355c    00000086                                   : fd_cmp_t2.obj (.text:__aeabi_cdcmple)
                  000035e2    00000086                                   : fd_cmp_t2.obj (.text:__aeabi_cdrcmple)
                  00003668    00000078                                   : memset_t2.obj (.text)
                  000036e0    0000005e                                   : copy_decompress_rle.obj (.text)
                  0000373e    0000005a                                   : ltoa.obj (.text)
                  00003798    00000058     driverlib.lib : timer.obj (.text:TimerControlTrigger)
                  000037f0    00000050                   : sysctl.obj (.text:SysCtlPeripheralReset)
                  00003840    0000004c     rtsv7M4_T_le_v4SPD16_eabi.lib : atoi.obj (.text)
                  0000388c    00000048     driverlib.lib : sysctl.obj (.text:_SysCtlFrequencyGet)
                  000038d4    00000048     rtsv7M4_T_le_v4SPD16_eabi.lib : boot.obj (.text)
                  0000391c    00000048                                   : fd_toi_t2.obj (.text)
                  00003964    00000048                                   : vsprintf.obj (.text)
                  000039ac    00000048     driverlib.lib : udma.obj (.text:uDMAChannelAttributeDisable)
                  000039f4    00000044     rtsv7M4_T_le_v4SPD16_eabi.lib : cpy_tbl.obj (.text)
                  00003a38    00000044                                   : exit.obj (.text)
                  00003a7c    00000044                                   : xdtest.obj (.text)
                  00003ac0    00000038                                   : fs_tod_t2.obj (.text)
                  00003af8    00000036     driverlib.lib : lcd.obj (.text:LCDIDDTimingSet)
                  00003b2e    00000002     --HOLE-- [fill = 0]
                  00003b30    00000034                   : sysctl.obj (.text:SysCtlPeripheralEnable)
                  00003b64    0000002e     rtsv7M4_T_le_v4SPD16_eabi.lib : i_tofd_t2.obj (.text)
                  00003b92    0000002a     driverlib.lib : gpio.obj (.text:GPIODirModeSet)
                  00003bbc    00000022                   : lcd.obj (.text:LCDModeSet)
                  00003bde    00000002     --HOLE-- [fill = 0]
                  00003be0    0000001c                   : sysctl.obj (.text:_SysCtlMemTimingGet)
                  00003bfc    0000001c     rtsv7M4_T_le_v4SPD16_eabi.lib : memccpy.obj (.text)
                  00003c18    00000018     driverlib.lib : gpio.obj (.text:GPIOPinTypeGPIOOutput)
                  00003c30    00000018     myLib.obj (.text:WriteCommand)
                  00003c48    00000018     myLib.obj (.text:WriteData)
                  00003c60    00000018     rtsv7M4_T_le_v4SPD16_eabi.lib : args_main.obj (.text)
                  00003c78    00000018                                   : ll_mul_t2.obj (.text)
                  00003c90    00000014                                   : _lock.obj (.text)
                  00003ca4    00000014                                   : strlen.obj (.text)
                  00003cb8    00000012     driverlib.lib : gpio.obj (.text:GPIOPinTypeEthernetLED)
                  00003cca    00000012                   : gpio.obj (.text:GPIOPinTypeLCD)
                  00003cdc    00000012     rtsv7M4_T_le_v4SPD16_eabi.lib : copy_zero_init.obj (.text:decompress:ZI)
                  00003cee    00000012                                   : xdclass.obj (.text)
                  00003d00    00000010     driverlib.lib : udma.obj (.text:uDMAEnable)
                  00003d10    0000000e     rtsv7M4_T_le_v4SPD16_eabi.lib : copy_decompress_none.obj (.text:decompress:none)
                  00003d1e    0000000c     driverlib.lib : lcd.obj (.text:LCDIDDCommandWrite)
                  00003d2a    0000000c                   : lcd.obj (.text:LCDIDDDataWrite)
                  00003d36    0000000c     tm4c129xnczad_startup_ccs.obj (.text)
                  00003d42    00000002     --HOLE-- [fill = 0]
                  00003d44    0000000c     driverlib.lib : udma.obj (.text:uDMAControlBaseSet)
                  00003d50    00000006                   : sysctl.obj (.text:SysCtlDelay)
                  00003d56    00000006     rtsv7M4_T_le_v4SPD16_eabi.lib : copy_decompress_rle.obj (.text:decompress:rle24)
                  00003d5c    00000004     driverlib.lib : lcd.obj (.text:LCDDMAConfigSet)
                  00003d60    00000004                   : lcd.obj (.text:LCDIDDConfigSet)

.const     0    00003d64    000002e4     
                  00003d64    00000120     driverlib.lib : sysctl.obj (.const:g_pppui32XTALtoVCO)
                  00003e84    00000102     rtsv7M4_T_le_v4SPD16_eabi.lib : ctype.obj (.const:.string:_ctypes_)
                  00003f86    00000002     --HOLE-- [fill = 0]
                  00003f88    0000006c     driverlib.lib : sysctl.obj (.const:g_pui32Xtals)
                  00003ff4    00000030                   : sysctl.obj (.const:g_sXTALtoMEMTIM)
                  00004024    0000001c     touch.obj (.const)
                  00004040    00000008     driverlib.lib : sysctl.obj (.const)

.cinit     0    00004048    00000040     
                  00004048    00000019     (.cinit..data.load) [load image, compression = rle]
                  00004061    00000003     --HOLE-- [fill = 0]
                  00004064    0000000c     (__TI_handler_table)
                  00004070    00000008     (.cinit..bss.load) [load image, compression = zero_init]
                  00004078    00000010     (__TI_cinit_table)

.bss       0    20000000    0002023c     UNINITIALIZED
                  20000000    0001fe00     main.obj (.bss:buffer$1)
                  2001fe00    00000400     myLib.obj (.bss:pui8DMAControlTable$1)
                  20020200    00000010     (.common:g_pi16Samples)
                  20020210    00000004     (.common:g_pfnTSHandler)
                  20020214    00000004     (.common:g_ui32MX66L51235FAddr)
                  20020218    00000004     (.common:g_ui32SysClock)
                  2002021c    00000004     (.common:g_ui32TSState)
                  20020220    00000004     (.common:user_X)
                  20020224    00000004     (.common:user_Y)
                  20020228    00000004     (.common:x1)
                  2002022c    00000004     (.common:x2)
                  20020230    00000004     (.common:y1)
                  20020234    00000004     (.common:y2)
                  20020238    00000002     (.common:g_i16TouchX)
                  2002023a    00000002     (.common:g_i16TouchY)

.stack     0    2002023c    00000800     UNINITIALIZED
                  2002023c    00000800     --HOLE--

.data      0    20020a3c    00000020     UNINITIALIZED
                  20020a3c    00000008     main.obj (.data)
                  20020a44    00000008     rtsv7M4_T_le_v4SPD16_eabi.lib : _lock.obj (.data)
                  20020a4c    00000008                                   : exit.obj (.data)
                  20020a54    00000004                                   : stkdepth_vars.obj (.data)
                  20020a58    00000004     touch.obj (.data)


LINKER GENERATED COPY TABLES

__TI_cinit_table @ 00004078 records: 2, size/record: 8, table size: 16
	.data: load addr=00004048, load size=00000019 bytes, run addr=20020a3c, run size=00000020 bytes, compression=rle
	.bss: load addr=00004070, load size=00000008 bytes, run addr=20000000, run size=0002023c bytes, compression=zero_init


LINKER GENERATED HANDLER TABLE

__TI_handler_table @ 00004064 records: 3, size/record: 4, table size: 12
	index: 0, handler: __TI_decompress_rle24
	index: 1, handler: __TI_decompress_none
	index: 2, handler: __TI_zero_init


GLOBAL SYMBOLS: SORTED ALPHABETICALLY BY Name 

address    name
--------   ----
00003a39   C$$EXIT
000025f1   DrawImage
00002573   DrawRect
00003b93   GPIODirModeSet
00003201   GPIOPadConfigSet
00003cb9   GPIOPinTypeEthernetLED
00003c19   GPIOPinTypeGPIOOutput
00003ccb   GPIOPinTypeLCD
00003d5d   LCDDMAConfigSet
00003d1f   LCDIDDCommandWrite
00003d61   LCDIDDConfigSet
00003d2b   LCDIDDDataWrite
00003af9   LCDIDDTimingSet
00003bbd   LCDModeSet
000010c9   LCD_Init
0000297b   MX66L51235FBlockErase32
000029cd   MX66L51235FBlockErase64
00002a1f   MX66L51235FChipErase
000027fd   MX66L51235FInit
00002a67   MX66L51235FPageProgram
00002ac3   MX66L51235FRead
00002929   MX66L51235FSectorErase
0000193d   PinoutSet
00002725   PointerMessage
0000140d   Port_Init
00003d37   ResetISR
UNDEFED    SHT$$INIT_ARRAY$$Base
UNDEFED    SHT$$INIT_ARRAY$$Limit
00002b25   SysCtlClockFreqSet
00003d51   SysCtlDelay
00003b31   SysCtlPeripheralEnable
000037f1   SysCtlPeripheralReset
00003799   TimerControlTrigger
00002423   TouchScreenCallbackSet
0000233d   TouchScreenInit
000021d5   TouchScreenIntHandler
00001765   Uart_GetCh
00001775   Uart_GetKey
000016b3   Uart_Init
000017f1   Uart_Printf
0000178d   Uart_PutCh
000017b1   Uart_PutStr
00003c31   WriteCommand
00003c49   WriteData
00003cef   _Dclass
00003a7d   _Dtest
20020a3c   __STACK_END
00000800   __STACK_SIZE
2002043c   __STACK_TOP
00004078   __TI_CINIT_Base
00004088   __TI_CINIT_Limit
00004064   __TI_Handler_Table_Base
00004070   __TI_Handler_Table_Limit
00000001   __TI_args_main
000034c9   __TI_auto_init
20020a4c   __TI_cleanup_ptr
00003d11   __TI_decompress_none
00003d57   __TI_decompress_rle24
20020a50   __TI_dtors_ptr
00000dbf   __TI_printfi
00000000   __TI_static_base__
00003cdd   __TI_zero_init
0000355d   __aeabi_cdcmpeq
0000355d   __aeabi_cdcmple
000035e3   __aeabi_cdrcmple
0000391d   __aeabi_d2iz
00002f1f   __aeabi_dadd
000030cb   __aeabi_ddiv
00003331   __aeabi_dmul
00002f15   __aeabi_dsub
00003ac1   __aeabi_f2d
00003b65   __aeabi_i2d
00003c79   __aeabi_lmul
00003669   __aeabi_memclr
00003669   __aeabi_memclr4
00003669   __aeabi_memclr8
0000342d   __aeabi_memcpy
0000342d   __aeabi_memcpy4
0000342d   __aeabi_memcpy8
0000366b   __aeabi_memset
0000366b   __aeabi_memset4
0000366b   __aeabi_memset8
00002d21   __aeabi_uldivmod
ffffffff   __binit__
ffffffff   __c_args__
2002023c   __stack
00003c61   _args_main
000038d5   _c_int00
00003e84   _ctypes_
20020a44   _lock
00003c9f   _nop
00003c97   _register_lock
00003c91   _register_unlock
20020a48   _unlock
00003a3d   abort
00003841   atoi
ffffffff   binit
20020a40   color
000039f5   copy_in
00003a45   exit
20020a3c   flag
20020a58   g_i16TouchMin
20020238   g_i16TouchX
2002023a   g_i16TouchY
00000000   g_pfnVectors
00004024   g_pi32TouchParameters
20020218   g_ui32SysClock
0000373f   ltoa
00002499   main
20020a54   main_func_sp
00003bfd   memccpy
0000342d   memcpy
00003671   memset
00003ca5   strlen
000039ad   uDMAChannelAttributeDisable
00003d45   uDMAControlBaseSet
00003d01   uDMAEnable
20020220   user_X
20020224   user_Y
00003965   vsprintf
20020228   x1
2002022c   x2
20020230   y1
20020234   y2


GLOBAL SYMBOLS: SORTED BY Symbol Address 

address    name
--------   ----
00000000   __TI_static_base__
00000000   g_pfnVectors
00000001   __TI_args_main
00000800   __STACK_SIZE
00000dbf   __TI_printfi
000010c9   LCD_Init
0000140d   Port_Init
000016b3   Uart_Init
00001765   Uart_GetCh
00001775   Uart_GetKey
0000178d   Uart_PutCh
000017b1   Uart_PutStr
000017f1   Uart_Printf
0000193d   PinoutSet
000021d5   TouchScreenIntHandler
0000233d   TouchScreenInit
00002423   TouchScreenCallbackSet
00002499   main
00002573   DrawRect
000025f1   DrawImage
00002725   PointerMessage
000027fd   MX66L51235FInit
00002929   MX66L51235FSectorErase
0000297b   MX66L51235FBlockErase32
000029cd   MX66L51235FBlockErase64
00002a1f   MX66L51235FChipErase
00002a67   MX66L51235FPageProgram
00002ac3   MX66L51235FRead
00002b25   SysCtlClockFreqSet
00002d21   __aeabi_uldivmod
00002f15   __aeabi_dsub
00002f1f   __aeabi_dadd
000030cb   __aeabi_ddiv
00003201   GPIOPadConfigSet
00003331   __aeabi_dmul
0000342d   __aeabi_memcpy
0000342d   __aeabi_memcpy4
0000342d   __aeabi_memcpy8
0000342d   memcpy
000034c9   __TI_auto_init
0000355d   __aeabi_cdcmpeq
0000355d   __aeabi_cdcmple
000035e3   __aeabi_cdrcmple
00003669   __aeabi_memclr
00003669   __aeabi_memclr4
00003669   __aeabi_memclr8
0000366b   __aeabi_memset
0000366b   __aeabi_memset4
0000366b   __aeabi_memset8
00003671   memset
0000373f   ltoa
00003799   TimerControlTrigger
000037f1   SysCtlPeripheralReset
00003841   atoi
000038d5   _c_int00
0000391d   __aeabi_d2iz
00003965   vsprintf
000039ad   uDMAChannelAttributeDisable
000039f5   copy_in
00003a39   C$$EXIT
00003a3d   abort
00003a45   exit
00003a7d   _Dtest
00003ac1   __aeabi_f2d
00003af9   LCDIDDTimingSet
00003b31   SysCtlPeripheralEnable
00003b65   __aeabi_i2d
00003b93   GPIODirModeSet
00003bbd   LCDModeSet
00003bfd   memccpy
00003c19   GPIOPinTypeGPIOOutput
00003c31   WriteCommand
00003c49   WriteData
00003c61   _args_main
00003c79   __aeabi_lmul
00003c91   _register_unlock
00003c97   _register_lock
00003c9f   _nop
00003ca5   strlen
00003cb9   GPIOPinTypeEthernetLED
00003ccb   GPIOPinTypeLCD
00003cdd   __TI_zero_init
00003cef   _Dclass
00003d01   uDMAEnable
00003d11   __TI_decompress_none
00003d1f   LCDIDDCommandWrite
00003d2b   LCDIDDDataWrite
00003d37   ResetISR
00003d45   uDMAControlBaseSet
00003d51   SysCtlDelay
00003d57   __TI_decompress_rle24
00003d5d   LCDDMAConfigSet
00003d61   LCDIDDConfigSet
00003e84   _ctypes_
00004024   g_pi32TouchParameters
00004064   __TI_Handler_Table_Base
00004070   __TI_Handler_Table_Limit
00004078   __TI_CINIT_Base
00004088   __TI_CINIT_Limit
20020218   g_ui32SysClock
20020220   user_X
20020224   user_Y
20020228   x1
2002022c   x2
20020230   y1
20020234   y2
20020238   g_i16TouchX
2002023a   g_i16TouchY
2002023c   __stack
2002043c   __STACK_TOP
20020a3c   __STACK_END
20020a3c   flag
20020a40   color
20020a44   _lock
20020a48   _unlock
20020a4c   __TI_cleanup_ptr
20020a50   __TI_dtors_ptr
20020a54   main_func_sp
20020a58   g_i16TouchMin
ffffffff   __binit__
ffffffff   __c_args__
ffffffff   binit
UNDEFED    SHT$$INIT_ARRAY$$Base
UNDEFED    SHT$$INIT_ARRAY$$Limit

[124 symbols]
