******************************************************************************
                  TI ARM Linker PC v5.1.6                      
******************************************************************************
>> Linked Tue May 26 05:32:22 2015

OUTPUT FILE NAME:   <LCD_Touch_New.out>
ENTRY POINT SYMBOL: "_c_int00"  address: 000038a5


MEMORY CONFIGURATION

         name            origin    length      used     unused   attr    fill
----------------------  --------  ---------  --------  --------  ----  --------
  FLASH                 00000000   00100000  00004050  000fbfb0  R  X
  SRAM                  20000000   00040000  00020a48  0001f5b8  RW X


SEGMENT ALLOCATION MAP

run origin  load origin   length   init length attrs members
----------  ----------- ---------- ----------- ----- -------
00000000    00000000    00004050   00004050    r-x
  00000000    00000000    00000208   00000208    r-- .intvecs
  00000208    00000208    00003b2c   00003b2c    r-x .text
  00003d34    00003d34    000002e4   000002e4    r-- .const
  00004018    00004018    00000038   00000038    r-- .cinit
20000000    20000000    00020a48   00000000    rw-
  20000000    20000000    00020230   00000000    rw- .bss
  20020230    20020230    00000800   00000000    rw- .stack
  20020a30    20020a30    00000018   00000000    rw- .data


SECTION ALLOCATION MAP

 output                                  attributes/
section   page    origin      length       input sections
--------  ----  ----------  ----------   ----------------
.intvecs   0    00000000    00000208     
                  00000000    00000208     tm4c129xnczad_startup_ccs.obj (.intvecs)

.init_array 
*          0    00000000    00000000     UNINITIALIZED

.text      0    00000208    00003b2c     
                  00000208    00000ec0     rtsv7M4_T_le_v4SPD16_eabi.lib : _printfi.obj (.text)
                  000010c8    00000874     myLib.obj (.text)
                  0000193c    00000574     touch.obj (.text)
                  00001eb0    00000570     pinout.obj (.text)
                  00002420    000003ac     main.obj (.text)
                  000027cc    00000328     mx66l51235f.obj (.text)
                  00002af4    000001fc     driverlib.lib : sysctl.obj (.text:SysCtlClockFreqSet)
                  00002cf0    000001f4     rtsv7M4_T_le_v4SPD16_eabi.lib : ull_div_t2.obj (.text)
                  00002ee4    000001b6                                   : fd_add_t2.obj (.text)
                  0000309a    00000136                                   : fd_div_t2.obj (.text)
                  000031d0    00000130     driverlib.lib : gpio.obj (.text:GPIOPadConfigSet)
                  00003300    000000fc     rtsv7M4_T_le_v4SPD16_eabi.lib : fd_mul_t2.obj (.text)
                  000033fc    0000009c                                   : memcpy_t2.obj (.text)
                  00003498    00000094                                   : auto_init.obj (.text)
                  0000352c    00000086                                   : fd_cmp_t2.obj (.text:__aeabi_cdcmple)
                  000035b2    00000086                                   : fd_cmp_t2.obj (.text:__aeabi_cdrcmple)
                  00003638    00000078                                   : memset_t2.obj (.text)
                  000036b0    0000005e                                   : copy_decompress_rle.obj (.text)
                  0000370e    0000005a                                   : ltoa.obj (.text)
                  00003768    00000058     driverlib.lib : timer.obj (.text:TimerControlTrigger)
                  000037c0    00000050                   : sysctl.obj (.text:SysCtlPeripheralReset)
                  00003810    0000004c     rtsv7M4_T_le_v4SPD16_eabi.lib : atoi.obj (.text)
                  0000385c    00000048     driverlib.lib : sysctl.obj (.text:_SysCtlFrequencyGet)
                  000038a4    00000048     rtsv7M4_T_le_v4SPD16_eabi.lib : boot.obj (.text)
                  000038ec    00000048                                   : fd_toi_t2.obj (.text)
                  00003934    00000048                                   : vsprintf.obj (.text)
                  0000397c    00000048     driverlib.lib : udma.obj (.text:uDMAChannelAttributeDisable)
                  000039c4    00000044     rtsv7M4_T_le_v4SPD16_eabi.lib : cpy_tbl.obj (.text)
                  00003a08    00000044                                   : exit.obj (.text)
                  00003a4c    00000044                                   : xdtest.obj (.text)
                  00003a90    00000038                                   : fs_tod_t2.obj (.text)
                  00003ac8    00000036     driverlib.lib : lcd.obj (.text:LCDIDDTimingSet)
                  00003afe    00000002     --HOLE-- [fill = 0]
                  00003b00    00000034                   : sysctl.obj (.text:SysCtlPeripheralEnable)
                  00003b34    0000002e     rtsv7M4_T_le_v4SPD16_eabi.lib : i_tofd_t2.obj (.text)
                  00003b62    0000002a     driverlib.lib : gpio.obj (.text:GPIODirModeSet)
                  00003b8c    00000022                   : lcd.obj (.text:LCDModeSet)
                  00003bae    00000002     --HOLE-- [fill = 0]
                  00003bb0    0000001c                   : sysctl.obj (.text:_SysCtlMemTimingGet)
                  00003bcc    0000001c     rtsv7M4_T_le_v4SPD16_eabi.lib : memccpy.obj (.text)
                  00003be8    00000018     driverlib.lib : gpio.obj (.text:GPIOPinTypeGPIOOutput)
                  00003c00    00000018     myLib.obj (.text:WriteCommand)
                  00003c18    00000018     myLib.obj (.text:WriteData)
                  00003c30    00000018     rtsv7M4_T_le_v4SPD16_eabi.lib : args_main.obj (.text)
                  00003c48    00000018                                   : ll_mul_t2.obj (.text)
                  00003c60    00000014                                   : _lock.obj (.text)
                  00003c74    00000014                                   : strlen.obj (.text)
                  00003c88    00000012     driverlib.lib : gpio.obj (.text:GPIOPinTypeEthernetLED)
                  00003c9a    00000012                   : gpio.obj (.text:GPIOPinTypeLCD)
                  00003cac    00000012     rtsv7M4_T_le_v4SPD16_eabi.lib : copy_zero_init.obj (.text:decompress:ZI)
                  00003cbe    00000012                                   : xdclass.obj (.text)
                  00003cd0    00000010     driverlib.lib : udma.obj (.text:uDMAEnable)
                  00003ce0    0000000e     rtsv7M4_T_le_v4SPD16_eabi.lib : copy_decompress_none.obj (.text:decompress:none)
                  00003cee    0000000c     driverlib.lib : lcd.obj (.text:LCDIDDCommandWrite)
                  00003cfa    0000000c                   : lcd.obj (.text:LCDIDDDataWrite)
                  00003d06    0000000c     tm4c129xnczad_startup_ccs.obj (.text)
                  00003d12    00000002     --HOLE-- [fill = 0]
                  00003d14    0000000c     driverlib.lib : udma.obj (.text:uDMAControlBaseSet)
                  00003d20    00000006                   : sysctl.obj (.text:SysCtlDelay)
                  00003d26    00000006     rtsv7M4_T_le_v4SPD16_eabi.lib : copy_decompress_rle.obj (.text:decompress:rle24)
                  00003d2c    00000004     driverlib.lib : lcd.obj (.text:LCDDMAConfigSet)
                  00003d30    00000004                   : lcd.obj (.text:LCDIDDConfigSet)

.const     0    00003d34    000002e4     
                  00003d34    00000120     driverlib.lib : sysctl.obj (.const:g_pppui32XTALtoVCO)
                  00003e54    00000102     rtsv7M4_T_le_v4SPD16_eabi.lib : ctype.obj (.const:.string:_ctypes_)
                  00003f56    00000002     --HOLE-- [fill = 0]
                  00003f58    0000006c     driverlib.lib : sysctl.obj (.const:g_pui32Xtals)
                  00003fc4    00000030                   : sysctl.obj (.const:g_sXTALtoMEMTIM)
                  00003ff4    0000001c     touch.obj (.const)
                  00004010    00000008     driverlib.lib : sysctl.obj (.const)

.cinit     0    00004018    00000038     
                  00004018    00000013     (.cinit..data.load) [load image, compression = rle]
                  0000402b    00000001     --HOLE-- [fill = 0]
                  0000402c    0000000c     (__TI_handler_table)
                  00004038    00000008     (.cinit..bss.load) [load image, compression = zero_init]
                  00004040    00000010     (__TI_cinit_table)

.bss       0    20000000    00020230     UNINITIALIZED
                  20000000    0001fe00     main.obj (.bss:buffer$1)
                  2001fe00    00000400     myLib.obj (.bss:pui8DMAControlTable$1)
                  20020200    00000010     (.common:g_pi16Samples)
                  20020210    00000004     (.common:g_pfnTSHandler)
                  20020214    00000004     (.common:g_ui32MX66L51235FAddr)
                  20020218    00000004     (.common:g_ui32TSState)
                  2002021c    00000004     (.common:user_X)
                  20020220    00000004     (.common:user_Y)
                  20020224    00000004     (.common:x)
                  20020228    00000004     (.common:y)
                  2002022c    00000002     (.common:g_i16TouchX)
                  2002022e    00000002     (.common:g_i16TouchY)

.stack     0    20020230    00000800     UNINITIALIZED
                  20020230    00000800     --HOLE--

.data      0    20020a30    00000018     UNINITIALIZED
                  20020a30    00000008     rtsv7M4_T_le_v4SPD16_eabi.lib : _lock.obj (.data)
                  20020a38    00000008                                   : exit.obj (.data)
                  20020a40    00000004                                   : stkdepth_vars.obj (.data)
                  20020a44    00000004     touch.obj (.data)


LINKER GENERATED COPY TABLES

__TI_cinit_table @ 00004040 records: 2, size/record: 8, table size: 16
	.data: load addr=00004018, load size=00000013 bytes, run addr=20020a30, run size=00000018 bytes, compression=rle
	.bss: load addr=00004038, load size=00000008 bytes, run addr=20000000, run size=00020230 bytes, compression=zero_init


LINKER GENERATED HANDLER TABLE

__TI_handler_table @ 0000402c records: 3, size/record: 4, table size: 12
	index: 0, handler: __TI_decompress_rle24
	index: 1, handler: __TI_decompress_none
	index: 2, handler: __TI_zero_init


GLOBAL SYMBOLS: SORTED ALPHABETICALLY BY Name 

address    name
--------   ----
00003a09   C$$EXIT
0000265d   DrawImage
000025d1   DrawRect
00003b63   GPIODirModeSet
000031d1   GPIOPadConfigSet
00003c89   GPIOPinTypeEthernetLED
00003be9   GPIOPinTypeGPIOOutput
00003c9b   GPIOPinTypeLCD
00003d2d   LCDDMAConfigSet
00003cef   LCDIDDCommandWrite
00003d31   LCDIDDConfigSet
00003cfb   LCDIDDDataWrite
00003ac9   LCDIDDTimingSet
00003b8d   LCDModeSet
000010c9   LCD_Init
0000294b   MX66L51235FBlockErase32
0000299d   MX66L51235FBlockErase64
000029ef   MX66L51235FChipErase
000027cd   MX66L51235FInit
00002a37   MX66L51235FPageProgram
00002a93   MX66L51235FRead
000028f9   MX66L51235FSectorErase
00001eb1   PinoutSet
0000272d   PointerMessage
0000140d   Port_Init
00003d07   ResetISR
UNDEFED    SHT$$INIT_ARRAY$$Base
UNDEFED    SHT$$INIT_ARRAY$$Limit
00002af5   SysCtlClockFreqSet
00003d21   SysCtlDelay
00003b01   SysCtlPeripheralEnable
000037c1   SysCtlPeripheralReset
00003769   TimerControlTrigger
00001e3b   TouchScreenCallbackSet
00001d55   TouchScreenInit
00001bed   TouchScreenIntHandler
00001765   Uart_GetCh
00001775   Uart_GetKey
000016b3   Uart_Init
000017f1   Uart_Printf
0000178d   Uart_PutCh
000017b1   Uart_PutStr
00003c01   WriteCommand
00003c19   WriteData
00003cbf   _Dclass
00003a4d   _Dtest
20020a30   __STACK_END
00000800   __STACK_SIZE
20020430   __STACK_TOP
00004040   __TI_CINIT_Base
00004050   __TI_CINIT_Limit
0000402c   __TI_Handler_Table_Base
00004038   __TI_Handler_Table_Limit
00000001   __TI_args_main
00003499   __TI_auto_init
20020a38   __TI_cleanup_ptr
00003ce1   __TI_decompress_none
00003d27   __TI_decompress_rle24
20020a3c   __TI_dtors_ptr
00000dbf   __TI_printfi
00000000   __TI_static_base__
00003cad   __TI_zero_init
0000352d   __aeabi_cdcmpeq
0000352d   __aeabi_cdcmple
000035b3   __aeabi_cdrcmple
000038ed   __aeabi_d2iz
00002eef   __aeabi_dadd
0000309b   __aeabi_ddiv
00003301   __aeabi_dmul
00002ee5   __aeabi_dsub
00003a91   __aeabi_f2d
00003b35   __aeabi_i2d
00003c49   __aeabi_lmul
00003639   __aeabi_memclr
00003639   __aeabi_memclr4
00003639   __aeabi_memclr8
000033fd   __aeabi_memcpy
000033fd   __aeabi_memcpy4
000033fd   __aeabi_memcpy8
0000363b   __aeabi_memset
0000363b   __aeabi_memset4
0000363b   __aeabi_memset8
00002cf1   __aeabi_uldivmod
ffffffff   __binit__
ffffffff   __c_args__
20020230   __stack
00003c31   _args_main
000038a5   _c_int00
00003e54   _ctypes_
20020a30   _lock
00003c6f   _nop
00003c67   _register_lock
00003c61   _register_unlock
20020a34   _unlock
00003a0d   abort
00003811   atoi
ffffffff   binit
000039c5   copy_in
00003a15   exit
20020a44   g_i16TouchMin
2002022c   g_i16TouchX
2002022e   g_i16TouchY
00000000   g_pfnVectors
00003ff4   g_pi32TouchParameters
0000370f   ltoa
00002421   main
20020a40   main_func_sp
00003bcd   memccpy
000033fd   memcpy
00003641   memset
00003c75   strlen
0000397d   uDMAChannelAttributeDisable
00003d15   uDMAControlBaseSet
00003cd1   uDMAEnable
2002021c   user_X
20020220   user_Y
00003935   vsprintf
20020224   x
20020228   y


GLOBAL SYMBOLS: SORTED BY Symbol Address 

address    name
--------   ----
00000000   __TI_static_base__
00000000   g_pfnVectors
00000001   __TI_args_main
00000800   __STACK_SIZE
00000dbf   __TI_printfi
000010c9   LCD_Init
0000140d   Port_Init
000016b3   Uart_Init
00001765   Uart_GetCh
00001775   Uart_GetKey
0000178d   Uart_PutCh
000017b1   Uart_PutStr
000017f1   Uart_Printf
00001bed   TouchScreenIntHandler
00001d55   TouchScreenInit
00001e3b   TouchScreenCallbackSet
00001eb1   PinoutSet
00002421   main
000025d1   DrawRect
0000265d   DrawImage
0000272d   PointerMessage
000027cd   MX66L51235FInit
000028f9   MX66L51235FSectorErase
0000294b   MX66L51235FBlockErase32
0000299d   MX66L51235FBlockErase64
000029ef   MX66L51235FChipErase
00002a37   MX66L51235FPageProgram
00002a93   MX66L51235FRead
00002af5   SysCtlClockFreqSet
00002cf1   __aeabi_uldivmod
00002ee5   __aeabi_dsub
00002eef   __aeabi_dadd
0000309b   __aeabi_ddiv
000031d1   GPIOPadConfigSet
00003301   __aeabi_dmul
000033fd   __aeabi_memcpy
000033fd   __aeabi_memcpy4
000033fd   __aeabi_memcpy8
000033fd   memcpy
00003499   __TI_auto_init
0000352d   __aeabi_cdcmpeq
0000352d   __aeabi_cdcmple
000035b3   __aeabi_cdrcmple
00003639   __aeabi_memclr
00003639   __aeabi_memclr4
00003639   __aeabi_memclr8
0000363b   __aeabi_memset
0000363b   __aeabi_memset4
0000363b   __aeabi_memset8
00003641   memset
0000370f   ltoa
00003769   TimerControlTrigger
000037c1   SysCtlPeripheralReset
00003811   atoi
000038a5   _c_int00
000038ed   __aeabi_d2iz
00003935   vsprintf
0000397d   uDMAChannelAttributeDisable
000039c5   copy_in
00003a09   C$$EXIT
00003a0d   abort
00003a15   exit
00003a4d   _Dtest
00003a91   __aeabi_f2d
00003ac9   LCDIDDTimingSet
00003b01   SysCtlPeripheralEnable
00003b35   __aeabi_i2d
00003b63   GPIODirModeSet
00003b8d   LCDModeSet
00003bcd   memccpy
00003be9   GPIOPinTypeGPIOOutput
00003c01   WriteCommand
00003c19   WriteData
00003c31   _args_main
00003c49   __aeabi_lmul
00003c61   _register_unlock
00003c67   _register_lock
00003c6f   _nop
00003c75   strlen
00003c89   GPIOPinTypeEthernetLED
00003c9b   GPIOPinTypeLCD
00003cad   __TI_zero_init
00003cbf   _Dclass
00003cd1   uDMAEnable
00003ce1   __TI_decompress_none
00003cef   LCDIDDCommandWrite
00003cfb   LCDIDDDataWrite
00003d07   ResetISR
00003d15   uDMAControlBaseSet
00003d21   SysCtlDelay
00003d27   __TI_decompress_rle24
00003d2d   LCDDMAConfigSet
00003d31   LCDIDDConfigSet
00003e54   _ctypes_
00003ff4   g_pi32TouchParameters
0000402c   __TI_Handler_Table_Base
00004038   __TI_Handler_Table_Limit
00004040   __TI_CINIT_Base
00004050   __TI_CINIT_Limit
2002021c   user_X
20020220   user_Y
20020224   x
20020228   y
2002022c   g_i16TouchX
2002022e   g_i16TouchY
20020230   __stack
20020430   __STACK_TOP
20020a30   __STACK_END
20020a30   _lock
20020a34   _unlock
20020a38   __TI_cleanup_ptr
20020a3c   __TI_dtors_ptr
20020a40   main_func_sp
20020a44   g_i16TouchMin
ffffffff   __binit__
ffffffff   __c_args__
ffffffff   binit
UNDEFED    SHT$$INIT_ARRAY$$Base
UNDEFED    SHT$$INIT_ARRAY$$Limit

[119 symbols]
