<?xml version="1.0"?>
<link_info>
   <banner>TI ARM Linker PC v5.1.6</banner>
   <copyright>Copyright (c) 1996-2014 Texas Instruments Incorporated</copyright>
   <link_time>0x5567280e</link_time>
   <link_errors>0x0</link_errors>
   <output_file>LCD_Move_Rect_Double_Bufferring.out</output_file>
   <entry_point>
      <name>_c_int00</name>
      <address>0x3f91</address>
   </entry_point>
   <input_file_list>
      <input_file id="fl-2">
         <path>.\</path>
         <kind>object</kind>
         <file>main.obj</file>
         <name>main.obj</name>
      </input_file>
      <input_file id="fl-3">
         <path>.\</path>
         <kind>object</kind>
         <file>myLib.obj</file>
         <name>myLib.obj</name>
      </input_file>
      <input_file id="fl-4">
         <path>.\</path>
         <kind>object</kind>
         <file>pinout.obj</file>
         <name>pinout.obj</name>
      </input_file>
      <input_file id="fl-5">
         <path>.\</path>
         <kind>object</kind>
         <file>tm4c129xnczad_startup_ccs.obj</file>
         <name>tm4c129xnczad_startup_ccs.obj</name>
      </input_file>
      <input_file id="fl-6">
         <path>.\</path>
         <kind>object</kind>
         <file>touch.obj</file>
         <name>touch.obj</name>
      </input_file>
      <input_file id="fl-7">
         <path>.\third_party\fatfs\src\option\</path>
         <kind>object</kind>
         <file>cc932.obj</file>
         <name>cc932.obj</name>
      </input_file>
      <input_file id="fl-8">
         <path>.\third_party\fatfs\src\</path>
         <kind>object</kind>
         <file>ff.obj</file>
         <name>ff.obj</name>
      </input_file>
      <input_file id="fl-9">
         <path>.\third_party\fatfs\port\</path>
         <kind>object</kind>
         <file>mmc-dk-tm4c129x.obj</file>
         <name>mmc-dk-tm4c129x.obj</name>
      </input_file>
      <input_file id="fl-a">
         <path>.\drivers\</path>
         <kind>object</kind>
         <file>mx66l51235f.obj</file>
         <name>mx66l51235f.obj</name>
      </input_file>
      <input_file id="fl-138">
         <path>c:\ti\ccsv6\tools\compiler\arm_5.1.6\lib\</path>
         <kind>archive</kind>
         <file>rtsv7M4_T_le_v4SPD16_eabi.lib</file>
         <name>boot.obj</name>
      </input_file>
      <input_file id="fl-139">
         <path>c:\ti\ccsv6\tools\compiler\arm_5.1.6\lib\</path>
         <kind>archive</kind>
         <file>rtsv7M4_T_le_v4SPD16_eabi.lib</file>
         <name>copy_decompress_none.obj</name>
      </input_file>
      <input_file id="fl-13a">
         <path>c:\ti\ccsv6\tools\compiler\arm_5.1.6\lib\</path>
         <kind>archive</kind>
         <file>rtsv7M4_T_le_v4SPD16_eabi.lib</file>
         <name>copy_decompress_rle.obj</name>
      </input_file>
      <input_file id="fl-13b">
         <path>c:\ti\ccsv6\tools\compiler\arm_5.1.6\lib\</path>
         <kind>archive</kind>
         <file>rtsv7M4_T_le_v4SPD16_eabi.lib</file>
         <name>copy_zero_init.obj</name>
      </input_file>
      <input_file id="fl-13c">
         <path>c:\ti\ccsv6\tools\compiler\arm_5.1.6\lib\</path>
         <kind>archive</kind>
         <file>rtsv7M4_T_le_v4SPD16_eabi.lib</file>
         <name>exit.obj</name>
      </input_file>
      <input_file id="fl-13d">
         <path>c:\ti\ccsv6\tools\compiler\arm_5.1.6\lib\</path>
         <kind>archive</kind>
         <file>rtsv7M4_T_le_v4SPD16_eabi.lib</file>
         <name>fd_add_t2.obj</name>
      </input_file>
      <input_file id="fl-13e">
         <path>c:\ti\ccsv6\tools\compiler\arm_5.1.6\lib\</path>
         <kind>archive</kind>
         <file>rtsv7M4_T_le_v4SPD16_eabi.lib</file>
         <name>fd_toi_t2.obj</name>
      </input_file>
      <input_file id="fl-13f">
         <path>c:\ti\ccsv6\tools\compiler\arm_5.1.6\lib\</path>
         <kind>archive</kind>
         <file>rtsv7M4_T_le_v4SPD16_eabi.lib</file>
         <name>fs_tod_t2.obj</name>
      </input_file>
      <input_file id="fl-140">
         <path>c:\ti\ccsv6\tools\compiler\arm_5.1.6\lib\</path>
         <kind>archive</kind>
         <file>rtsv7M4_T_le_v4SPD16_eabi.lib</file>
         <name>memcpy_t2.obj</name>
      </input_file>
      <input_file id="fl-141">
         <path>c:\ti\ccsv6\tools\compiler\arm_5.1.6\lib\</path>
         <kind>archive</kind>
         <file>rtsv7M4_T_le_v4SPD16_eabi.lib</file>
         <name>stkdepth_vars.obj</name>
      </input_file>
      <input_file id="fl-142">
         <path>c:\ti\ccsv6\tools\compiler\arm_5.1.6\lib\</path>
         <kind>archive</kind>
         <file>rtsv7M4_T_le_v4SPD16_eabi.lib</file>
         <name>vsprintf.obj</name>
      </input_file>
      <input_file id="fl-143">
         <path>c:\ti\ccsv6\tools\compiler\arm_5.1.6\lib\</path>
         <kind>archive</kind>
         <file>rtsv7M4_T_le_v4SPD16_eabi.lib</file>
         <name>_lock.obj</name>
      </input_file>
      <input_file id="fl-144">
         <path>c:\ti\ccsv6\tools\compiler\arm_5.1.6\lib\</path>
         <kind>archive</kind>
         <file>rtsv7M4_T_le_v4SPD16_eabi.lib</file>
         <name>_printfi.obj</name>
      </input_file>
      <input_file id="fl-145">
         <path>c:\ti\ccsv6\tools\compiler\arm_5.1.6\lib\</path>
         <kind>archive</kind>
         <file>rtsv7M4_T_le_v4SPD16_eabi.lib</file>
         <name>args_main.obj</name>
      </input_file>
      <input_file id="fl-146">
         <path>c:\ti\ccsv6\tools\compiler\arm_5.1.6\lib\</path>
         <kind>archive</kind>
         <file>rtsv7M4_T_le_v4SPD16_eabi.lib</file>
         <name>atoi.obj</name>
      </input_file>
      <input_file id="fl-147">
         <path>c:\ti\ccsv6\tools\compiler\arm_5.1.6\lib\</path>
         <kind>archive</kind>
         <file>rtsv7M4_T_le_v4SPD16_eabi.lib</file>
         <name>auto_init.obj</name>
      </input_file>
      <input_file id="fl-148">
         <path>c:\ti\ccsv6\tools\compiler\arm_5.1.6\lib\</path>
         <kind>archive</kind>
         <file>rtsv7M4_T_le_v4SPD16_eabi.lib</file>
         <name>cpy_tbl.obj</name>
      </input_file>
      <input_file id="fl-149">
         <path>c:\ti\ccsv6\tools\compiler\arm_5.1.6\lib\</path>
         <kind>archive</kind>
         <file>rtsv7M4_T_le_v4SPD16_eabi.lib</file>
         <name>ctype.obj</name>
      </input_file>
      <input_file id="fl-14a">
         <path>c:\ti\ccsv6\tools\compiler\arm_5.1.6\lib\</path>
         <kind>archive</kind>
         <file>rtsv7M4_T_le_v4SPD16_eabi.lib</file>
         <name>fd_cmp_t2.obj</name>
      </input_file>
      <input_file id="fl-14b">
         <path>c:\ti\ccsv6\tools\compiler\arm_5.1.6\lib\</path>
         <kind>archive</kind>
         <file>rtsv7M4_T_le_v4SPD16_eabi.lib</file>
         <name>fd_div_t2.obj</name>
      </input_file>
      <input_file id="fl-14c">
         <path>c:\ti\ccsv6\tools\compiler\arm_5.1.6\lib\</path>
         <kind>archive</kind>
         <file>rtsv7M4_T_le_v4SPD16_eabi.lib</file>
         <name>fd_mul_t2.obj</name>
      </input_file>
      <input_file id="fl-14d">
         <path>c:\ti\ccsv6\tools\compiler\arm_5.1.6\lib\</path>
         <kind>archive</kind>
         <file>rtsv7M4_T_le_v4SPD16_eabi.lib</file>
         <name>i_tofd_t2.obj</name>
      </input_file>
      <input_file id="fl-14e">
         <path>c:\ti\ccsv6\tools\compiler\arm_5.1.6\lib\</path>
         <kind>archive</kind>
         <file>rtsv7M4_T_le_v4SPD16_eabi.lib</file>
         <name>ll_mul_t2.obj</name>
      </input_file>
      <input_file id="fl-14f">
         <path>c:\ti\ccsv6\tools\compiler\arm_5.1.6\lib\</path>
         <kind>archive</kind>
         <file>rtsv7M4_T_le_v4SPD16_eabi.lib</file>
         <name>ltoa.obj</name>
      </input_file>
      <input_file id="fl-150">
         <path>c:\ti\ccsv6\tools\compiler\arm_5.1.6\lib\</path>
         <kind>archive</kind>
         <file>rtsv7M4_T_le_v4SPD16_eabi.lib</file>
         <name>memccpy.obj</name>
      </input_file>
      <input_file id="fl-151">
         <path>c:\ti\ccsv6\tools\compiler\arm_5.1.6\lib\</path>
         <kind>archive</kind>
         <file>rtsv7M4_T_le_v4SPD16_eabi.lib</file>
         <name>memset_t2.obj</name>
      </input_file>
      <input_file id="fl-152">
         <path>c:\ti\ccsv6\tools\compiler\arm_5.1.6\lib\</path>
         <kind>archive</kind>
         <file>rtsv7M4_T_le_v4SPD16_eabi.lib</file>
         <name>strlen.obj</name>
      </input_file>
      <input_file id="fl-153">
         <path>c:\ti\ccsv6\tools\compiler\arm_5.1.6\lib\</path>
         <kind>archive</kind>
         <file>rtsv7M4_T_le_v4SPD16_eabi.lib</file>
         <name>ull_div_t2.obj</name>
      </input_file>
      <input_file id="fl-154">
         <path>c:\ti\ccsv6\tools\compiler\arm_5.1.6\lib\</path>
         <kind>archive</kind>
         <file>rtsv7M4_T_le_v4SPD16_eabi.lib</file>
         <name>xdclass.obj</name>
      </input_file>
      <input_file id="fl-155">
         <path>c:\ti\ccsv6\tools\compiler\arm_5.1.6\lib\</path>
         <kind>archive</kind>
         <file>rtsv7M4_T_le_v4SPD16_eabi.lib</file>
         <name>xdtest.obj</name>
      </input_file>
      <input_file id="fl-156">
         <path>C:\ti\TivaWare_C_Series-2.1.0.12573\driverlib\ccs\Debug\</path>
         <kind>archive</kind>
         <file>driverlib.lib</file>
         <name>udma.obj</name>
      </input_file>
      <input_file id="fl-157">
         <path>C:\ti\TivaWare_C_Series-2.1.0.12573\driverlib\ccs\Debug\</path>
         <kind>archive</kind>
         <file>driverlib.lib</file>
         <name>timer.obj</name>
      </input_file>
      <input_file id="fl-158">
         <path>C:\ti\TivaWare_C_Series-2.1.0.12573\driverlib\ccs\Debug\</path>
         <kind>archive</kind>
         <file>driverlib.lib</file>
         <name>sysctl.obj</name>
      </input_file>
      <input_file id="fl-159">
         <path>C:\ti\TivaWare_C_Series-2.1.0.12573\driverlib\ccs\Debug\</path>
         <kind>archive</kind>
         <file>driverlib.lib</file>
         <name>lcd.obj</name>
      </input_file>
      <input_file id="fl-15a">
         <path>C:\ti\TivaWare_C_Series-2.1.0.12573\driverlib\ccs\Debug\</path>
         <kind>archive</kind>
         <file>driverlib.lib</file>
         <name>interrupt.obj</name>
      </input_file>
      <input_file id="fl-15b">
         <path>C:\ti\TivaWare_C_Series-2.1.0.12573\driverlib\ccs\Debug\</path>
         <kind>archive</kind>
         <file>driverlib.lib</file>
         <name>gpio.obj</name>
      </input_file>
      <input_file id="fl-15c">
         <path>C:\ti\TivaWare_C_Series-2.1.0.12573\driverlib\ccs\Debug\</path>
         <kind>archive</kind>
         <file>driverlib.lib</file>
         <name>cpu.obj</name>
      </input_file>
   </input_file_list>
   <object_component_list>
      <object_component id="oc-e">
         <name>.intvecs</name>
         <load_address>0x0</load_address>
         <run_address>0x0</run_address>
         <size>0x208</size>
         <input_file_ref idref="fl-5"/>
      </object_component>
      <object_component id="oc-22e">
         <name>.text</name>
         <load_address>0x208</load_address>
         <run_address>0x208</run_address>
         <size>0xec0</size>
         <input_file_ref idref="fl-144"/>
      </object_component>
      <object_component id="oc-101">
         <name>.text</name>
         <load_address>0x10c8</load_address>
         <run_address>0x10c8</run_address>
         <size>0x94c</size>
         <input_file_ref idref="fl-3"/>
      </object_component>
      <object_component id="oc-9a">
         <name>.text</name>
         <load_address>0x1a14</load_address>
         <run_address>0x1a14</run_address>
         <size>0x8c8</size>
         <input_file_ref idref="fl-2"/>
      </object_component>
      <object_component id="oc-184">
         <name>.text</name>
         <load_address>0x22dc</load_address>
         <run_address>0x22dc</run_address>
         <size>0x5e8</size>
         <input_file_ref idref="fl-4"/>
      </object_component>
      <object_component id="oc-2f">
         <name>.text</name>
         <load_address>0x28c4</load_address>
         <run_address>0x28c4</run_address>
         <size>0x574</size>
         <input_file_ref idref="fl-6"/>
      </object_component>
      <object_component id="oc-120">
         <name>.text</name>
         <load_address>0x2e38</load_address>
         <run_address>0x2e38</run_address>
         <size>0x328</size>
         <input_file_ref idref="fl-a"/>
      </object_component>
      <object_component id="oc-ec">
         <name>.text:SysCtlClockFreqSet</name>
         <load_address>0x3160</load_address>
         <run_address>0x3160</run_address>
         <size>0x1fc</size>
         <input_file_ref idref="fl-158"/>
      </object_component>
      <object_component id="oc-250">
         <name>.text</name>
         <load_address>0x335c</load_address>
         <run_address>0x335c</run_address>
         <size>0x1f4</size>
         <input_file_ref idref="fl-153"/>
      </object_component>
      <object_component id="oc-f7">
         <name>.text</name>
         <load_address>0x3550</load_address>
         <run_address>0x3550</run_address>
         <size>0x1b6</size>
         <input_file_ref idref="fl-13d"/>
      </object_component>
      <object_component id="oc-26a">
         <name>.text</name>
         <load_address>0x3706</load_address>
         <run_address>0x3706</run_address>
         <size>0x136</size>
         <input_file_ref idref="fl-14b"/>
      </object_component>
      <object_component id="oc-1ae">
         <name>.text:GPIOPadConfigSet</name>
         <load_address>0x383c</load_address>
         <run_address>0x383c</run_address>
         <size>0x130</size>
         <input_file_ref idref="fl-15b"/>
      </object_component>
      <object_component id="oc-265">
         <name>.text</name>
         <load_address>0x396c</load_address>
         <run_address>0x396c</run_address>
         <size>0xfc</size>
         <input_file_ref idref="fl-14c"/>
      </object_component>
      <object_component id="oc-4d">
         <name>.text</name>
         <load_address>0x3a68</load_address>
         <run_address>0x3a68</run_address>
         <size>0x9c</size>
         <input_file_ref idref="fl-140"/>
      </object_component>
      <object_component id="oc-38">
         <name>.text</name>
         <load_address>0x3b04</load_address>
         <run_address>0x3b04</run_address>
         <size>0x94</size>
         <input_file_ref idref="fl-147"/>
      </object_component>
      <object_component id="oc-260">
         <name>.text:__aeabi_cdcmple</name>
         <load_address>0x3b98</load_address>
         <run_address>0x3b98</run_address>
         <size>0x86</size>
         <input_file_ref idref="fl-14a"/>
      </object_component>
      <object_component id="oc-26f">
         <name>.text:__aeabi_cdrcmple</name>
         <load_address>0x3c1e</load_address>
         <run_address>0x3c1e</run_address>
         <size>0x86</size>
         <input_file_ref idref="fl-14a"/>
      </object_component>
      <object_component id="oc-12c">
         <name>.text:uDMAChannelTransferSet</name>
         <load_address>0x3ca4</load_address>
         <run_address>0x3ca4</run_address>
         <size>0x80</size>
         <input_file_ref idref="fl-156"/>
      </object_component>
      <object_component id="oc-27f">
         <name>.text</name>
         <load_address>0x3d24</load_address>
         <run_address>0x3d24</run_address>
         <size>0x78</size>
         <input_file_ref idref="fl-151"/>
      </object_component>
      <object_component id="oc-60">
         <name>.text</name>
         <load_address>0x3d9c</load_address>
         <run_address>0x3d9c</run_address>
         <size>0x5e</size>
         <input_file_ref idref="fl-13a"/>
      </object_component>
      <object_component id="oc-274">
         <name>.text</name>
         <load_address>0x3dfa</load_address>
         <run_address>0x3dfa</run_address>
         <size>0x5a</size>
         <input_file_ref idref="fl-14f"/>
      </object_component>
      <object_component id="oc-7d">
         <name>.text:TimerControlTrigger</name>
         <load_address>0x3e54</load_address>
         <run_address>0x3e54</run_address>
         <size>0x58</size>
         <input_file_ref idref="fl-157"/>
      </object_component>
      <object_component id="oc-1cc">
         <name>.text:SysCtlPeripheralReset</name>
         <load_address>0x3eac</load_address>
         <run_address>0x3eac</run_address>
         <size>0x50</size>
         <input_file_ref idref="fl-158"/>
      </object_component>
      <object_component id="oc-290">
         <name>.text</name>
         <load_address>0x3efc</load_address>
         <run_address>0x3efc</run_address>
         <size>0x4c</size>
         <input_file_ref idref="fl-146"/>
      </object_component>
      <object_component id="oc-170">
         <name>.text:_SysCtlFrequencyGet</name>
         <load_address>0x3f48</load_address>
         <run_address>0x3f48</run_address>
         <size>0x48</size>
         <input_file_ref idref="fl-158"/>
      </object_component>
      <object_component id="oc-11">
         <name>.text</name>
         <load_address>0x3f90</load_address>
         <run_address>0x3f90</run_address>
         <size>0x48</size>
         <input_file_ref idref="fl-138"/>
      </object_component>
      <object_component id="oc-fc">
         <name>.text</name>
         <load_address>0x3fd8</load_address>
         <run_address>0x3fd8</run_address>
         <size>0x48</size>
         <input_file_ref idref="fl-13e"/>
      </object_component>
      <object_component id="oc-1d3">
         <name>.text</name>
         <load_address>0x4020</load_address>
         <run_address>0x4020</run_address>
         <size>0x48</size>
         <input_file_ref idref="fl-142"/>
      </object_component>
      <object_component id="oc-1c6">
         <name>.text:uDMAChannelAttributeDisable</name>
         <load_address>0x4068</load_address>
         <run_address>0x4068</run_address>
         <size>0x48</size>
         <input_file_ref idref="fl-156"/>
      </object_component>
      <object_component id="oc-93">
         <name>.text</name>
         <load_address>0x40b0</load_address>
         <run_address>0x40b0</run_address>
         <size>0x44</size>
         <input_file_ref idref="fl-148"/>
      </object_component>
      <object_component id="oc-43">
         <name>.text</name>
         <load_address>0x40f4</load_address>
         <run_address>0x40f4</run_address>
         <size>0x44</size>
         <input_file_ref idref="fl-13c"/>
      </object_component>
      <object_component id="oc-2b5">
         <name>.text</name>
         <load_address>0x4138</load_address>
         <run_address>0x4138</run_address>
         <size>0x44</size>
         <input_file_ref idref="fl-155"/>
      </object_component>
      <object_component id="oc-f2">
         <name>.text</name>
         <load_address>0x417c</load_address>
         <run_address>0x417c</run_address>
         <size>0x38</size>
         <input_file_ref idref="fl-13f"/>
      </object_component>
      <object_component id="oc-1a2">
         <name>.text:LCDIDDTimingSet</name>
         <load_address>0x41b4</load_address>
         <run_address>0x41b4</run_address>
         <size>0x36</size>
         <input_file_ref idref="fl-159"/>
      </object_component>
      <object_component id="oc-18a">
         <name>.text:SysCtlPeripheralEnable</name>
         <load_address>0x41ec</load_address>
         <run_address>0x41ec</run_address>
         <size>0x34</size>
         <input_file_ref idref="fl-158"/>
      </object_component>
      <object_component id="oc-27a">
         <name>.text</name>
         <load_address>0x4220</load_address>
         <run_address>0x4220</run_address>
         <size>0x2e</size>
         <input_file_ref idref="fl-14d"/>
      </object_component>
      <object_component id="oc-1b4">
         <name>.text:GPIODirModeSet</name>
         <load_address>0x424e</load_address>
         <run_address>0x424e</run_address>
         <size>0x2a</size>
         <input_file_ref idref="fl-15b"/>
      </object_component>
      <object_component id="oc-126">
         <name>.text:uDMAChannelControlSet</name>
         <load_address>0x4278</load_address>
         <run_address>0x4278</run_address>
         <size>0x24</size>
         <input_file_ref idref="fl-156"/>
      </object_component>
      <object_component id="oc-190">
         <name>.text:LCDModeSet</name>
         <load_address>0x429c</load_address>
         <run_address>0x429c</run_address>
         <size>0x22</size>
         <input_file_ref idref="fl-159"/>
      </object_component>
      <object_component id="oc-16a">
         <name>.text:_SysCtlMemTimingGet</name>
         <load_address>0x42c0</load_address>
         <run_address>0x42c0</run_address>
         <size>0x1c</size>
         <input_file_ref idref="fl-158"/>
      </object_component>
      <object_component id="oc-28a">
         <name>.text</name>
         <load_address>0x42dc</load_address>
         <run_address>0x42dc</run_address>
         <size>0x1c</size>
         <input_file_ref idref="fl-150"/>
      </object_component>
      <object_component id="oc-1a8">
         <name>.text:GPIOPinTypeGPIOOutput</name>
         <load_address>0x42f8</load_address>
         <run_address>0x42f8</run_address>
         <size>0x18</size>
         <input_file_ref idref="fl-15b"/>
      </object_component>
      <object_component id="oc-112">
         <name>.text:WriteCommand</name>
         <load_address>0x4310</load_address>
         <run_address>0x4310</run_address>
         <size>0x18</size>
         <input_file_ref idref="fl-3"/>
      </object_component>
      <object_component id="oc-119">
         <name>.text:WriteData</name>
         <load_address>0x4328</load_address>
         <run_address>0x4328</run_address>
         <size>0x18</size>
         <input_file_ref idref="fl-3"/>
      </object_component>
      <object_component id="oc-3d">
         <name>.text</name>
         <load_address>0x4340</load_address>
         <run_address>0x4340</run_address>
         <size>0x18</size>
         <input_file_ref idref="fl-145"/>
      </object_component>
      <object_component id="oc-255">
         <name>.text</name>
         <load_address>0x4358</load_address>
         <run_address>0x4358</run_address>
         <size>0x18</size>
         <input_file_ref idref="fl-14e"/>
      </object_component>
      <object_component id="oc-132">
         <name>.text:uDMAChannelEnable</name>
         <load_address>0x4370</load_address>
         <run_address>0x4370</run_address>
         <size>0x18</size>
         <input_file_ref idref="fl-156"/>
      </object_component>
      <object_component id="oc-153">
         <name>.text</name>
         <load_address>0x4388</load_address>
         <run_address>0x4388</run_address>
         <size>0x14</size>
         <input_file_ref idref="fl-143"/>
      </object_component>
      <object_component id="oc-25a">
         <name>.text</name>
         <load_address>0x439c</load_address>
         <run_address>0x439c</run_address>
         <size>0x14</size>
         <input_file_ref idref="fl-152"/>
      </object_component>
      <object_component id="oc-138">
         <name>.text:uDMAChannelRequest</name>
         <load_address>0x43b0</load_address>
         <run_address>0x43b0</run_address>
         <size>0x14</size>
         <input_file_ref idref="fl-156"/>
      </object_component>
      <object_component id="oc-213">
         <name>.text:GPIOPinTypeEthernetLED</name>
         <load_address>0x43c4</load_address>
         <run_address>0x43c4</run_address>
         <size>0x12</size>
         <input_file_ref idref="fl-15b"/>
      </object_component>
      <object_component id="oc-219">
         <name>.text:GPIOPinTypeLCD</name>
         <load_address>0x43d6</load_address>
         <run_address>0x43d6</run_address>
         <size>0x12</size>
         <input_file_ref idref="fl-15b"/>
      </object_component>
      <object_component id="oc-1c">
         <name>.text:decompress:ZI</name>
         <load_address>0x43e8</load_address>
         <run_address>0x43e8</run_address>
         <size>0x12</size>
         <input_file_ref idref="fl-13b"/>
      </object_component>
      <object_component id="oc-284">
         <name>.text</name>
         <load_address>0x43fa</load_address>
         <run_address>0x43fa</run_address>
         <size>0x12</size>
         <input_file_ref idref="fl-154"/>
      </object_component>
      <object_component id="oc-1ba">
         <name>.text:uDMAEnable</name>
         <load_address>0x440c</load_address>
         <run_address>0x440c</run_address>
         <size>0x10</size>
         <input_file_ref idref="fl-156"/>
      </object_component>
      <object_component id="oc-16">
         <name>.text:decompress:none</name>
         <load_address>0x441c</load_address>
         <run_address>0x441c</run_address>
         <size>0xe</size>
         <input_file_ref idref="fl-139"/>
      </object_component>
      <object_component id="oc-1e9">
         <name>.text:LCDIDDCommandWrite</name>
         <load_address>0x442a</load_address>
         <run_address>0x442a</run_address>
         <size>0xc</size>
         <input_file_ref idref="fl-159"/>
      </object_component>
      <object_component id="oc-1ef">
         <name>.text:LCDIDDDataWrite</name>
         <load_address>0x4436</load_address>
         <run_address>0x4436</run_address>
         <size>0xc</size>
         <input_file_ref idref="fl-159"/>
      </object_component>
      <object_component id="oc-29">
         <name>.text</name>
         <load_address>0x4442</load_address>
         <run_address>0x4442</run_address>
         <size>0xc</size>
         <input_file_ref idref="fl-5"/>
      </object_component>
      <object_component id="oc-1c0">
         <name>.text:uDMAControlBaseSet</name>
         <load_address>0x4450</load_address>
         <run_address>0x4450</run_address>
         <size>0xc</size>
         <input_file_ref idref="fl-156"/>
      </object_component>
      <object_component id="oc-13e">
         <name>.text:SysCtlDelay</name>
         <load_address>0x445c</load_address>
         <run_address>0x445c</run_address>
         <size>0x6</size>
         <input_file_ref idref="fl-158"/>
      </object_component>
      <object_component id="oc-22">
         <name>.text:decompress:rle24</name>
         <load_address>0x4462</load_address>
         <run_address>0x4462</run_address>
         <size>0x6</size>
         <input_file_ref idref="fl-13a"/>
      </object_component>
      <object_component id="oc-196">
         <name>.text:LCDDMAConfigSet</name>
         <load_address>0x4468</load_address>
         <run_address>0x4468</run_address>
         <size>0x4</size>
         <input_file_ref idref="fl-159"/>
      </object_component>
      <object_component id="oc-19c">
         <name>.text:LCDIDDConfigSet</name>
         <load_address>0x446c</load_address>
         <run_address>0x446c</run_address>
         <size>0x4</size>
         <input_file_ref idref="fl-159"/>
      </object_component>
      <object_component id="oc-179">
         <name>.const:g_pppui32XTALtoVCO</name>
         <load_address>0x4470</load_address>
         <run_address>0x4470</run_address>
         <size>0x120</size>
         <input_file_ref idref="fl-158"/>
      </object_component>
      <object_component id="oc-2be">
         <name>.const:.string:_ctypes_</name>
         <load_address>0x4590</load_address>
         <run_address>0x4590</run_address>
         <size>0x102</size>
         <input_file_ref idref="fl-149"/>
      </object_component>
      <object_component id="oc-176">
         <name>.const:g_pui32Xtals</name>
         <load_address>0x4694</load_address>
         <run_address>0x4694</run_address>
         <size>0x6c</size>
         <input_file_ref idref="fl-158"/>
      </object_component>
      <object_component id="oc-201">
         <name>.const:g_sXTALtoMEMTIM</name>
         <load_address>0x4700</load_address>
         <run_address>0x4700</run_address>
         <size>0x30</size>
         <input_file_ref idref="fl-158"/>
      </object_component>
      <object_component id="oc-73">
         <name>.const</name>
         <load_address>0x4730</load_address>
         <run_address>0x4730</run_address>
         <size>0x1c</size>
         <input_file_ref idref="fl-6"/>
      </object_component>
      <object_component id="oc-17c">
         <name>.const</name>
         <load_address>0x474c</load_address>
         <run_address>0x474c</run_address>
         <size>0x8</size>
         <input_file_ref idref="fl-158"/>
      </object_component>
      <object_component id="oc-2f9">
         <name>.cinit..data.load</name>
         <load_address>0x4758</load_address>
         <run_address>0x4758</run_address>
         <size>0x1d</size>
      </object_component>
      <object_component id="oc-2f7">
         <name>__TI_handler_table</name>
         <load_address>0x4778</load_address>
         <run_address>0x4778</run_address>
         <size>0xc</size>
      </object_component>
      <object_component id="oc-2fa">
         <name>.cinit..bss.load</name>
         <load_address>0x4788</load_address>
         <run_address>0x4788</run_address>
         <size>0x8</size>
      </object_component>
      <object_component id="oc-2f8">
         <name>__TI_cinit_table</name>
         <load_address>0x4790</load_address>
         <run_address>0x4790</run_address>
         <size>0x10</size>
      </object_component>
      <object_component id="oc-49">
         <name>.data</name>
         <load_address>0x20020e1c</load_address>
         <run_address>0x20020e1c</run_address>
         <size>0x4</size>
         <input_file_ref idref="fl-141"/>
      </object_component>
      <object_component id="oc-76">
         <name>.data</name>
         <load_address>0x20020e20</load_address>
         <run_address>0x20020e20</run_address>
         <size>0x4</size>
         <input_file_ref idref="fl-6"/>
      </object_component>
      <object_component id="oc-a2">
         <name>.data</name>
         <load_address>0x20020e0c</load_address>
         <run_address>0x20020e0c</run_address>
         <size>0x8</size>
         <input_file_ref idref="fl-143"/>
      </object_component>
      <object_component id="oc-a5">
         <name>.data</name>
         <load_address>0x20020e14</load_address>
         <run_address>0x20020e14</run_address>
         <size>0x8</size>
         <input_file_ref idref="fl-13c"/>
      </object_component>
      <object_component id="oc-10f">
         <name>.data</name>
         <load_address>0x20020dfc</load_address>
         <run_address>0x20020dfc</run_address>
         <size>0x10</size>
         <input_file_ref idref="fl-2"/>
      </object_component>
      <object_component id="oc-10e">
         <name>.bss:buffer$1</name>
         <uninitialized>true</uninitialized>
         <run_address>0x20000000</run_address>
         <size>0x1fe00</size>
         <input_file_ref idref="fl-2"/>
      </object_component>
      <object_component id="oc-146">
         <name>.bss:buffer$2</name>
         <uninitialized>true</uninitialized>
         <run_address>0x20020200</run_address>
         <size>0x3c0</size>
         <input_file_ref idref="fl-2"/>
      </object_component>
      <object_component id="oc-1d2">
         <name>.bss:pui8DMAControlTable$1</name>
         <uninitialized>true</uninitialized>
         <run_address>0x2001fe00</run_address>
         <size>0x400</size>
         <input_file_ref idref="fl-3"/>
      </object_component>
      <object_component id="oc-143">
         <name>.common:g_ui32SysClock</name>
         <uninitialized>true</uninitialized>
         <run_address>0x200205d8</run_address>
         <size>0x4</size>
      </object_component>
      <object_component id="oc-147">
         <name>.common:t_x1</name>
         <uninitialized>true</uninitialized>
         <run_address>0x200205e0</run_address>
         <size>0x4</size>
      </object_component>
      <object_component id="oc-149">
         <name>.common:t_y1</name>
         <uninitialized>true</uninitialized>
         <run_address>0x200205e8</run_address>
         <size>0x4</size>
      </object_component>
      <object_component id="oc-148">
         <name>.common:t_x2</name>
         <uninitialized>true</uninitialized>
         <run_address>0x200205e4</run_address>
         <size>0x4</size>
      </object_component>
      <object_component id="oc-14a">
         <name>.common:t_y2</name>
         <uninitialized>true</uninitialized>
         <run_address>0x200205ec</run_address>
         <size>0x4</size>
      </object_component>
      <object_component id="oc-83">
         <name>.common:g_ui32TSState</name>
         <uninitialized>true</uninitialized>
         <run_address>0x200205dc</run_address>
         <size>0x4</size>
      </object_component>
      <object_component id="oc-85">
         <name>.common:g_pfnTSHandler</name>
         <uninitialized>true</uninitialized>
         <run_address>0x200205d0</run_address>
         <size>0x4</size>
      </object_component>
      <object_component id="oc-7c">
         <name>.common:g_pi16Samples</name>
         <uninitialized>true</uninitialized>
         <run_address>0x200205c0</run_address>
         <size>0x10</size>
      </object_component>
      <object_component id="oc-144">
         <name>.common:user_X</name>
         <uninitialized>true</uninitialized>
         <run_address>0x200205f0</run_address>
         <size>0x4</size>
      </object_component>
      <object_component id="oc-145">
         <name>.common:user_Y</name>
         <uninitialized>true</uninitialized>
         <run_address>0x200205f4</run_address>
         <size>0x4</size>
      </object_component>
      <object_component id="oc-79">
         <name>.common:g_i16TouchX</name>
         <uninitialized>true</uninitialized>
         <run_address>0x200205f8</run_address>
         <size>0x2</size>
      </object_component>
      <object_component id="oc-84">
         <name>.common:g_i16TouchY</name>
         <uninitialized>true</uninitialized>
         <run_address>0x200205fa</run_address>
         <size>0x2</size>
      </object_component>
      <object_component id="oc-1f5">
         <name>.common:g_ui32MX66L51235FAddr</name>
         <uninitialized>true</uninitialized>
         <run_address>0x200205d4</run_address>
         <size>0x4</size>
      </object_component>
      <object_component id="oc-28">
         <name>.stack</name>
         <uninitialized>true</uninitialized>
         <run_address>0x200205fc</run_address>
         <size>0x0</size>
         <input_file_ref idref="fl-138"/>
      </object_component>
      <object_component id="oc-2fb">
         <name>.stack</name>
         <uninitialized>true</uninitialized>
         <run_address>0x200205fc</run_address>
         <size>0x0</size>
      </object_component>
      <object_component id="oc-f">
         <name>.debug_info</name>
         <load_address>0x0</load_address>
         <run_address>0x0</run_address>
         <size>0x100</size>
         <input_file_ref idref="fl-5"/>
      </object_component>
      <object_component id="oc-14">
         <name>.debug_info</name>
         <load_address>0x100</load_address>
         <run_address>0x100</run_address>
         <size>0xf3</size>
         <input_file_ref idref="fl-138"/>
      </object_component>
      <object_component id="oc-17">
         <name>.debug_info</name>
         <load_address>0x1f3</load_address>
         <run_address>0x1f3</run_address>
         <size>0x194</size>
         <input_file_ref idref="fl-139"/>
      </object_component>
      <object_component id="oc-20">
         <name>.debug_info</name>
         <load_address>0x387</load_address>
         <run_address>0x387</run_address>
         <size>0x16a</size>
         <input_file_ref idref="fl-13b"/>
      </object_component>
      <object_component id="oc-23">
         <name>.debug_info</name>
         <load_address>0x4f1</load_address>
         <run_address>0x4f1</run_address>
         <size>0x18e</size>
         <input_file_ref idref="fl-13a"/>
      </object_component>
      <object_component id="oc-2a">
         <name>.debug_info</name>
         <load_address>0x67f</load_address>
         <run_address>0x67f</run_address>
         <size>0x27f</size>
         <input_file_ref idref="fl-5"/>
      </object_component>
      <object_component id="oc-30">
         <name>.debug_info</name>
         <load_address>0x8fe</load_address>
         <run_address>0x8fe</run_address>
         <size>0x3a7</size>
         <input_file_ref idref="fl-6"/>
      </object_component>
      <object_component id="oc-37">
         <name>.debug_info</name>
         <load_address>0xca5</load_address>
         <run_address>0xca5</run_address>
         <size>0x14d</size>
         <input_file_ref idref="fl-5"/>
      </object_component>
      <object_component id="oc-39">
         <name>.debug_info</name>
         <load_address>0xdf2</load_address>
         <run_address>0xdf2</run_address>
         <size>0x13d</size>
         <input_file_ref idref="fl-147"/>
      </object_component>
      <object_component id="oc-41">
         <name>.debug_info</name>
         <load_address>0xf2f</load_address>
         <run_address>0xf2f</run_address>
         <size>0x11c</size>
         <input_file_ref idref="fl-145"/>
      </object_component>
      <object_component id="oc-47">
         <name>.debug_info</name>
         <load_address>0x104b</load_address>
         <run_address>0x104b</run_address>
         <size>0x1c2</size>
         <input_file_ref idref="fl-13c"/>
      </object_component>
      <object_component id="oc-4a">
         <name>.debug_info</name>
         <load_address>0x120d</load_address>
         <run_address>0x120d</run_address>
         <size>0xbe</size>
         <input_file_ref idref="fl-141"/>
      </object_component>
      <object_component id="oc-4f">
         <name>.debug_info</name>
         <load_address>0x12cb</load_address>
         <run_address>0x12cb</run_address>
         <size>0xcc</size>
         <input_file_ref idref="fl-140"/>
      </object_component>
      <object_component id="oc-53">
         <name>.debug_info</name>
         <load_address>0x1397</load_address>
         <run_address>0x1397</run_address>
         <size>0x46</size>
         <input_file_ref idref="fl-139"/>
      </object_component>
      <object_component id="oc-58">
         <name>.debug_info</name>
         <load_address>0x13dd</load_address>
         <run_address>0x13dd</run_address>
         <size>0xf2</size>
         <input_file_ref idref="fl-139"/>
      </object_component>
      <object_component id="oc-5a">
         <name>.debug_info</name>
         <load_address>0x14cf</load_address>
         <run_address>0x14cf</run_address>
         <size>0x46</size>
         <input_file_ref idref="fl-13b"/>
      </object_component>
      <object_component id="oc-5f">
         <name>.debug_info</name>
         <load_address>0x1515</load_address>
         <run_address>0x1515</run_address>
         <size>0xad</size>
         <input_file_ref idref="fl-13b"/>
      </object_component>
      <object_component id="oc-61">
         <name>.debug_info</name>
         <load_address>0x15c2</load_address>
         <run_address>0x15c2</run_address>
         <size>0x1ef</size>
         <input_file_ref idref="fl-13a"/>
      </object_component>
      <object_component id="oc-67">
         <name>.debug_info</name>
         <load_address>0x17b1</load_address>
         <run_address>0x17b1</run_address>
         <size>0xb7</size>
         <input_file_ref idref="fl-13a"/>
      </object_component>
      <object_component id="oc-68">
         <name>.debug_info</name>
         <load_address>0x1868</load_address>
         <run_address>0x1868</run_address>
         <size>0x39</size>
         <input_file_ref idref="fl-13a"/>
      </object_component>
      <object_component id="oc-6f">
         <name>.debug_info</name>
         <load_address>0x18a1</load_address>
         <run_address>0x18a1</run_address>
         <size>0x521</size>
         <input_file_ref idref="fl-6"/>
      </object_component>
      <object_component id="oc-74">
         <name>.debug_info</name>
         <load_address>0x1dc2</load_address>
         <run_address>0x1dc2</run_address>
         <size>0xfe</size>
         <input_file_ref idref="fl-6"/>
      </object_component>
      <object_component id="oc-77">
         <name>.debug_info</name>
         <load_address>0x1ec0</load_address>
         <run_address>0x1ec0</run_address>
         <size>0x134</size>
         <input_file_ref idref="fl-6"/>
      </object_component>
      <object_component id="oc-7e">
         <name>.debug_info</name>
         <load_address>0x1ff4</load_address>
         <run_address>0x1ff4</run_address>
         <size>0x23b</size>
         <input_file_ref idref="fl-157"/>
      </object_component>
      <object_component id="oc-87">
         <name>.debug_info</name>
         <load_address>0x222f</load_address>
         <run_address>0x222f</run_address>
         <size>0x18b</size>
         <input_file_ref idref="fl-2"/>
      </object_component>
      <object_component id="oc-8e">
         <name>.debug_info</name>
         <load_address>0x23ba</load_address>
         <run_address>0x23ba</run_address>
         <size>0x84</size>
         <input_file_ref idref="fl-5"/>
      </object_component>
      <object_component id="oc-94">
         <name>.debug_info</name>
         <load_address>0x243e</load_address>
         <run_address>0x243e</run_address>
         <size>0x14b</size>
         <input_file_ref idref="fl-148"/>
      </object_component>
      <object_component id="oc-9b">
         <name>.debug_info</name>
         <load_address>0x2589</load_address>
         <run_address>0x2589</run_address>
         <size>0xdc4</size>
         <input_file_ref idref="fl-2"/>
      </object_component>
      <object_component id="oc-a1">
         <name>.debug_info</name>
         <load_address>0x334d</load_address>
         <run_address>0x334d</run_address>
         <size>0x11b</size>
         <input_file_ref idref="fl-145"/>
      </object_component>
      <object_component id="oc-a3">
         <name>.debug_info</name>
         <load_address>0x3468</load_address>
         <run_address>0x3468</run_address>
         <size>0xc8</size>
         <input_file_ref idref="fl-143"/>
      </object_component>
      <object_component id="oc-a6">
         <name>.debug_info</name>
         <load_address>0x3530</load_address>
         <run_address>0x3530</run_address>
         <size>0xeb</size>
         <input_file_ref idref="fl-13c"/>
      </object_component>
      <object_component id="oc-a9">
         <name>.debug_info</name>
         <load_address>0x361b</load_address>
         <run_address>0x361b</run_address>
         <size>0x146</size>
         <input_file_ref idref="fl-13c"/>
      </object_component>
      <object_component id="oc-ae">
         <name>.debug_info</name>
         <load_address>0x3761</load_address>
         <run_address>0x3761</run_address>
         <size>0x2c</size>
         <input_file_ref idref="fl-139"/>
      </object_component>
      <object_component id="oc-b5">
         <name>.debug_info</name>
         <load_address>0x378d</load_address>
         <run_address>0x378d</run_address>
         <size>0x2c</size>
         <input_file_ref idref="fl-13b"/>
      </object_component>
      <object_component id="oc-c1">
         <name>.debug_info</name>
         <load_address>0x37b9</load_address>
         <run_address>0x37b9</run_address>
         <size>0x515</size>
         <input_file_ref idref="fl-2"/>
      </object_component>
      <object_component id="oc-c6">
         <name>.debug_info</name>
         <load_address>0x3cce</load_address>
         <run_address>0x3cce</run_address>
         <size>0x6bd</size>
         <input_file_ref idref="fl-2"/>
      </object_component>
      <object_component id="oc-cb">
         <name>.debug_info</name>
         <load_address>0x438b</load_address>
         <run_address>0x438b</run_address>
         <size>0xc6</size>
         <input_file_ref idref="fl-2"/>
      </object_component>
      <object_component id="oc-d0">
         <name>.debug_info</name>
         <load_address>0x4451</load_address>
         <run_address>0x4451</run_address>
         <size>0x8b</size>
         <input_file_ref idref="fl-2"/>
      </object_component>
      <object_component id="oc-d5">
         <name>.debug_info</name>
         <load_address>0x44dc</load_address>
         <run_address>0x44dc</run_address>
         <size>0xe4</size>
         <input_file_ref idref="fl-2"/>
      </object_component>
      <object_component id="oc-df">
         <name>.debug_info</name>
         <load_address>0x45c0</load_address>
         <run_address>0x45c0</run_address>
         <size>0x18b</size>
         <input_file_ref idref="fl-156"/>
      </object_component>
      <object_component id="oc-e4">
         <name>.debug_info</name>
         <load_address>0x474b</load_address>
         <run_address>0x474b</run_address>
         <size>0x90</size>
         <input_file_ref idref="fl-156"/>
      </object_component>
      <object_component id="oc-e9">
         <name>.debug_info</name>
         <load_address>0x47db</load_address>
         <run_address>0x47db</run_address>
         <size>0x1cf</size>
         <input_file_ref idref="fl-157"/>
      </object_component>
      <object_component id="oc-eb">
         <name>.debug_info</name>
         <load_address>0x49aa</load_address>
         <run_address>0x49aa</run_address>
         <size>0x148</size>
         <input_file_ref idref="fl-148"/>
      </object_component>
      <object_component id="oc-ed">
         <name>.debug_info</name>
         <load_address>0x4af2</load_address>
         <run_address>0x4af2</run_address>
         <size>0x4c5</size>
         <input_file_ref idref="fl-158"/>
      </object_component>
      <object_component id="oc-f5">
         <name>.debug_info</name>
         <load_address>0x4fb7</load_address>
         <run_address>0x4fb7</run_address>
         <size>0xdf</size>
         <input_file_ref idref="fl-13f"/>
      </object_component>
      <object_component id="oc-fa">
         <name>.debug_info</name>
         <load_address>0x5096</load_address>
         <run_address>0x5096</run_address>
         <size>0xff</size>
         <input_file_ref idref="fl-13d"/>
      </object_component>
      <object_component id="oc-fd">
         <name>.debug_info</name>
         <load_address>0x5195</load_address>
         <run_address>0x5195</run_address>
         <size>0xe1</size>
         <input_file_ref idref="fl-13e"/>
      </object_component>
      <object_component id="oc-102">
         <name>.debug_info</name>
         <load_address>0x5276</load_address>
         <run_address>0x5276</run_address>
         <size>0xc3f</size>
         <input_file_ref idref="fl-3"/>
      </object_component>
      <object_component id="oc-108">
         <name>.debug_info</name>
         <load_address>0x5eb5</load_address>
         <run_address>0x5eb5</run_address>
         <size>0x75d</size>
         <input_file_ref idref="fl-2"/>
      </object_component>
      <object_component id="oc-110">
         <name>.debug_info</name>
         <load_address>0x6612</load_address>
         <run_address>0x6612</run_address>
         <size>0x12a</size>
         <input_file_ref idref="fl-2"/>
      </object_component>
      <object_component id="oc-113">
         <name>.debug_info</name>
         <load_address>0x673c</load_address>
         <run_address>0x673c</run_address>
         <size>0x160</size>
         <input_file_ref idref="fl-3"/>
      </object_component>
      <object_component id="oc-11a">
         <name>.debug_info</name>
         <load_address>0x689c</load_address>
         <run_address>0x689c</run_address>
         <size>0x15b</size>
         <input_file_ref idref="fl-3"/>
      </object_component>
      <object_component id="oc-121">
         <name>.debug_info</name>
         <load_address>0x69f7</load_address>
         <run_address>0x69f7</run_address>
         <size>0xac0</size>
         <input_file_ref idref="fl-a"/>
      </object_component>
      <object_component id="oc-127">
         <name>.debug_info</name>
         <load_address>0x74b7</load_address>
         <run_address>0x74b7</run_address>
         <size>0x24a</size>
         <input_file_ref idref="fl-156"/>
      </object_component>
      <object_component id="oc-12d">
         <name>.debug_info</name>
         <load_address>0x7701</load_address>
         <run_address>0x7701</run_address>
         <size>0x35e</size>
         <input_file_ref idref="fl-156"/>
      </object_component>
      <object_component id="oc-133">
         <name>.debug_info</name>
         <load_address>0x7a5f</load_address>
         <run_address>0x7a5f</run_address>
         <size>0x1ce</size>
         <input_file_ref idref="fl-156"/>
      </object_component>
      <object_component id="oc-139">
         <name>.debug_info</name>
         <load_address>0x7c2d</load_address>
         <run_address>0x7c2d</run_address>
         <size>0x1d3</size>
         <input_file_ref idref="fl-156"/>
      </object_component>
      <object_component id="oc-14e">
         <name>.debug_info</name>
         <load_address>0x7e00</load_address>
         <run_address>0x7e00</run_address>
         <size>0x5e</size>
         <input_file_ref idref="fl-145"/>
      </object_component>
      <object_component id="oc-157">
         <name>.debug_info</name>
         <load_address>0x7e5e</load_address>
         <run_address>0x7e5e</run_address>
         <size>0x1d4</size>
         <input_file_ref idref="fl-143"/>
      </object_component>
      <object_component id="oc-15b">
         <name>.debug_info</name>
         <load_address>0x8032</load_address>
         <run_address>0x8032</run_address>
         <size>0xd9</size>
         <input_file_ref idref="fl-143"/>
      </object_component>
      <object_component id="oc-165">
         <name>.debug_info</name>
         <load_address>0x810b</load_address>
         <run_address>0x810b</run_address>
         <size>0xcd</size>
         <input_file_ref idref="fl-148"/>
      </object_component>
      <object_component id="oc-16b">
         <name>.debug_info</name>
         <load_address>0x81d8</load_address>
         <run_address>0x81d8</run_address>
         <size>0x264</size>
         <input_file_ref idref="fl-158"/>
      </object_component>
      <object_component id="oc-171">
         <name>.debug_info</name>
         <load_address>0x843c</load_address>
         <run_address>0x843c</run_address>
         <size>0x21e</size>
         <input_file_ref idref="fl-158"/>
      </object_component>
      <object_component id="oc-177">
         <name>.debug_info</name>
         <load_address>0x865a</load_address>
         <run_address>0x865a</run_address>
         <size>0xff</size>
         <input_file_ref idref="fl-158"/>
      </object_component>
      <object_component id="oc-17a">
         <name>.debug_info</name>
         <load_address>0x8759</load_address>
         <run_address>0x8759</run_address>
         <size>0x10b</size>
         <input_file_ref idref="fl-158"/>
      </object_component>
      <object_component id="oc-17d">
         <name>.debug_info</name>
         <load_address>0x8864</load_address>
         <run_address>0x8864</run_address>
         <size>0x112</size>
         <input_file_ref idref="fl-158"/>
      </object_component>
      <object_component id="oc-180">
         <name>.debug_info</name>
         <load_address>0x8976</load_address>
         <run_address>0x8976</run_address>
         <size>0x226</size>
         <input_file_ref idref="fl-158"/>
      </object_component>
      <object_component id="oc-185">
         <name>.debug_info</name>
         <load_address>0x8b9c</load_address>
         <run_address>0x8b9c</run_address>
         <size>0x444</size>
         <input_file_ref idref="fl-4"/>
      </object_component>
      <object_component id="oc-18b">
         <name>.debug_info</name>
         <load_address>0x8fe0</load_address>
         <run_address>0x8fe0</run_address>
         <size>0x1e1</size>
         <input_file_ref idref="fl-158"/>
      </object_component>
      <object_component id="oc-192">
         <name>.debug_info</name>
         <load_address>0x91c1</load_address>
         <run_address>0x91c1</run_address>
         <size>0x24b</size>
         <input_file_ref idref="fl-159"/>
      </object_component>
      <object_component id="oc-197">
         <name>.debug_info</name>
         <load_address>0x940c</load_address>
         <run_address>0x940c</run_address>
         <size>0x1ec</size>
         <input_file_ref idref="fl-159"/>
      </object_component>
      <object_component id="oc-19d">
         <name>.debug_info</name>
         <load_address>0x95f8</load_address>
         <run_address>0x95f8</run_address>
         <size>0x1ec</size>
         <input_file_ref idref="fl-159"/>
      </object_component>
      <object_component id="oc-1a4">
         <name>.debug_info</name>
         <load_address>0x97e4</load_address>
         <run_address>0x97e4</run_address>
         <size>0x221</size>
         <input_file_ref idref="fl-159"/>
      </object_component>
      <object_component id="oc-1a9">
         <name>.debug_info</name>
         <load_address>0x9a05</load_address>
         <run_address>0x9a05</run_address>
         <size>0x1eb</size>
         <input_file_ref idref="fl-15b"/>
      </object_component>
      <object_component id="oc-1af">
         <name>.debug_info</name>
         <load_address>0x9bf0</load_address>
         <run_address>0x9bf0</run_address>
         <size>0x312</size>
         <input_file_ref idref="fl-15b"/>
      </object_component>
      <object_component id="oc-1b5">
         <name>.debug_info</name>
         <load_address>0x9f02</load_address>
         <run_address>0x9f02</run_address>
         <size>0x217</size>
         <input_file_ref idref="fl-15b"/>
      </object_component>
      <object_component id="oc-1bb">
         <name>.debug_info</name>
         <load_address>0xa119</load_address>
         <run_address>0xa119</run_address>
         <size>0x176</size>
         <input_file_ref idref="fl-156"/>
      </object_component>
      <object_component id="oc-1c1">
         <name>.debug_info</name>
         <load_address>0xa28f</load_address>
         <run_address>0xa28f</run_address>
         <size>0x1d0</size>
         <input_file_ref idref="fl-156"/>
      </object_component>
      <object_component id="oc-1c7">
         <name>.debug_info</name>
         <load_address>0xa45f</load_address>
         <run_address>0xa45f</run_address>
         <size>0x217</size>
         <input_file_ref idref="fl-156"/>
      </object_component>
      <object_component id="oc-1cd">
         <name>.debug_info</name>
         <load_address>0xa676</load_address>
         <run_address>0xa676</run_address>
         <size>0x281</size>
         <input_file_ref idref="fl-158"/>
      </object_component>
      <object_component id="oc-1d7">
         <name>.debug_info</name>
         <load_address>0xa8f7</load_address>
         <run_address>0xa8f7</run_address>
         <size>0x2e2</size>
         <input_file_ref idref="fl-142"/>
      </object_component>
      <object_component id="oc-1da">
         <name>.debug_info</name>
         <load_address>0xabd9</load_address>
         <run_address>0xabd9</run_address>
         <size>0x7cc</size>
         <input_file_ref idref="fl-3"/>
      </object_component>
      <object_component id="oc-1db">
         <name>.debug_info</name>
         <load_address>0xb3a5</load_address>
         <run_address>0xb3a5</run_address>
         <size>0x1a4</size>
         <input_file_ref idref="fl-2"/>
      </object_component>
      <object_component id="oc-1e0">
         <name>.debug_info</name>
         <load_address>0xb549</load_address>
         <run_address>0xb549</run_address>
         <size>0x4e</size>
         <input_file_ref idref="fl-2"/>
      </object_component>
      <object_component id="oc-1ea">
         <name>.debug_info</name>
         <load_address>0xb597</load_address>
         <run_address>0xb597</run_address>
         <size>0x227</size>
         <input_file_ref idref="fl-159"/>
      </object_component>
      <object_component id="oc-1f1">
         <name>.debug_info</name>
         <load_address>0xb7be</load_address>
         <run_address>0xb7be</run_address>
         <size>0x225</size>
         <input_file_ref idref="fl-159"/>
      </object_component>
      <object_component id="oc-1f6">
         <name>.debug_info</name>
         <load_address>0xb9e3</load_address>
         <run_address>0xb9e3</run_address>
         <size>0x128</size>
         <input_file_ref idref="fl-a"/>
      </object_component>
      <object_component id="oc-1fa">
         <name>.debug_info</name>
         <load_address>0xbb0b</load_address>
         <run_address>0xbb0b</run_address>
         <size>0x1a6</size>
         <input_file_ref idref="fl-156"/>
      </object_component>
      <object_component id="oc-202">
         <name>.debug_info</name>
         <load_address>0xbcb1</load_address>
         <run_address>0xbcb1</run_address>
         <size>0x105</size>
         <input_file_ref idref="fl-158"/>
      </object_component>
      <object_component id="oc-20e">
         <name>.debug_info</name>
         <load_address>0xbdb6</load_address>
         <run_address>0xbdb6</run_address>
         <size>0x5f</size>
         <input_file_ref idref="fl-158"/>
      </object_component>
      <object_component id="oc-214">
         <name>.debug_info</name>
         <load_address>0xbe15</load_address>
         <run_address>0xbe15</run_address>
         <size>0x1ed</size>
         <input_file_ref idref="fl-15b"/>
      </object_component>
      <object_component id="oc-21a">
         <name>.debug_info</name>
         <load_address>0xc002</load_address>
         <run_address>0xc002</run_address>
         <size>0x1dd</size>
         <input_file_ref idref="fl-15b"/>
      </object_component>
      <object_component id="oc-222">
         <name>.debug_info</name>
         <load_address>0xc1df</load_address>
         <run_address>0xc1df</run_address>
         <size>0x1f8</size>
         <input_file_ref idref="fl-159"/>
      </object_component>
      <object_component id="oc-228">
         <name>.debug_info</name>
         <load_address>0xc3d7</load_address>
         <run_address>0xc3d7</run_address>
         <size>0x1d7</size>
         <input_file_ref idref="fl-15b"/>
      </object_component>
      <object_component id="oc-22f">
         <name>.debug_info</name>
         <load_address>0xc5ae</load_address>
         <run_address>0xc5ae</run_address>
         <size>0x12c3</size>
         <input_file_ref idref="fl-144"/>
      </object_component>
      <object_component id="oc-235">
         <name>.debug_info</name>
         <load_address>0xd871</load_address>
         <run_address>0xd871</run_address>
         <size>0x176</size>
         <input_file_ref idref="fl-142"/>
      </object_component>
      <object_component id="oc-23e">
         <name>.debug_info</name>
         <load_address>0xd9e7</load_address>
         <run_address>0xd9e7</run_address>
         <size>0x86</size>
         <input_file_ref idref="fl-156"/>
      </object_component>
      <object_component id="oc-249">
         <name>.debug_info</name>
         <load_address>0xda6d</load_address>
         <run_address>0xda6d</run_address>
         <size>0x1a4</size>
         <input_file_ref idref="fl-159"/>
      </object_component>
      <object_component id="oc-252">
         <name>.debug_info</name>
         <load_address>0xdc11</load_address>
         <run_address>0xdc11</run_address>
         <size>0x13a</size>
         <input_file_ref idref="fl-153"/>
      </object_component>
      <object_component id="oc-256">
         <name>.debug_info</name>
         <load_address>0xdd4b</load_address>
         <run_address>0xdd4b</run_address>
         <size>0xd5</size>
         <input_file_ref idref="fl-14e"/>
      </object_component>
      <object_component id="oc-25b">
         <name>.debug_info</name>
         <load_address>0xde20</load_address>
         <run_address>0xde20</run_address>
         <size>0x153</size>
         <input_file_ref idref="fl-152"/>
      </object_component>
      <object_component id="oc-262">
         <name>.debug_info</name>
         <load_address>0xdf73</load_address>
         <run_address>0xdf73</run_address>
         <size>0xdb</size>
         <input_file_ref idref="fl-14a"/>
      </object_component>
      <object_component id="oc-266">
         <name>.debug_info</name>
         <load_address>0xe04e</load_address>
         <run_address>0xe04e</run_address>
         <size>0xed</size>
         <input_file_ref idref="fl-14c"/>
      </object_component>
      <object_component id="oc-26b">
         <name>.debug_info</name>
         <load_address>0xe13b</load_address>
         <run_address>0xe13b</run_address>
         <size>0xed</size>
         <input_file_ref idref="fl-14b"/>
      </object_component>
      <object_component id="oc-271">
         <name>.debug_info</name>
         <load_address>0xe228</load_address>
         <run_address>0xe228</run_address>
         <size>0xdd</size>
         <input_file_ref idref="fl-14a"/>
      </object_component>
      <object_component id="oc-275">
         <name>.debug_info</name>
         <load_address>0xe305</load_address>
         <run_address>0xe305</run_address>
         <size>0x177</size>
         <input_file_ref idref="fl-14f"/>
      </object_component>
      <object_component id="oc-27b">
         <name>.debug_info</name>
         <load_address>0xe47c</load_address>
         <run_address>0xe47c</run_address>
         <size>0xdf</size>
         <input_file_ref idref="fl-14d"/>
      </object_component>
      <object_component id="oc-281">
         <name>.debug_info</name>
         <load_address>0xe55b</load_address>
         <run_address>0xe55b</run_address>
         <size>0xfc</size>
         <input_file_ref idref="fl-151"/>
      </object_component>
      <object_component id="oc-285">
         <name>.debug_info</name>
         <load_address>0xe657</load_address>
         <run_address>0xe657</run_address>
         <size>0x111</size>
         <input_file_ref idref="fl-154"/>
      </object_component>
      <object_component id="oc-28c">
         <name>.debug_info</name>
         <load_address>0xe768</load_address>
         <run_address>0xe768</run_address>
         <size>0x160</size>
         <input_file_ref idref="fl-150"/>
      </object_component>
      <object_component id="oc-291">
         <name>.debug_info</name>
         <load_address>0xe8c8</load_address>
         <run_address>0xe8c8</run_address>
         <size>0x126</size>
         <input_file_ref idref="fl-146"/>
      </object_component>
      <object_component id="oc-297">
         <name>.debug_info</name>
         <load_address>0xe9ee</load_address>
         <run_address>0xe9ee</run_address>
         <size>0x26b</size>
         <input_file_ref idref="fl-144"/>
      </object_component>
      <object_component id="oc-298">
         <name>.debug_info</name>
         <load_address>0xec59</load_address>
         <run_address>0xec59</run_address>
         <size>0x86</size>
         <input_file_ref idref="fl-144"/>
      </object_component>
      <object_component id="oc-29d">
         <name>.debug_info</name>
         <load_address>0xecdf</load_address>
         <run_address>0xecdf</run_address>
         <size>0x39</size>
         <input_file_ref idref="fl-144"/>
      </object_component>
      <object_component id="oc-2a4">
         <name>.debug_info</name>
         <load_address>0xed18</load_address>
         <run_address>0xed18</run_address>
         <size>0x2c</size>
         <input_file_ref idref="fl-142"/>
      </object_component>
      <object_component id="oc-2ac">
         <name>.debug_info</name>
         <load_address>0xed44</load_address>
         <run_address>0xed44</run_address>
         <size>0x9f</size>
         <input_file_ref idref="fl-152"/>
      </object_component>
      <object_component id="oc-2b2">
         <name>.debug_info</name>
         <load_address>0xede3</load_address>
         <run_address>0xede3</run_address>
         <size>0x101</size>
         <input_file_ref idref="fl-14f"/>
      </object_component>
      <object_component id="oc-2b6">
         <name>.debug_info</name>
         <load_address>0xeee4</load_address>
         <run_address>0xeee4</run_address>
         <size>0x10f</size>
         <input_file_ref idref="fl-155"/>
      </object_component>
      <object_component id="oc-2bd">
         <name>.debug_info</name>
         <load_address>0xeff3</load_address>
         <run_address>0xeff3</run_address>
         <size>0xa6</size>
         <input_file_ref idref="fl-150"/>
      </object_component>
      <object_component id="oc-2bf">
         <name>.debug_info</name>
         <load_address>0xf099</load_address>
         <run_address>0xf099</run_address>
         <size>0xaf</size>
         <input_file_ref idref="fl-149"/>
      </object_component>
      <object_component id="oc-2c2">
         <name>.debug_info</name>
         <load_address>0xf148</load_address>
         <run_address>0xf148</run_address>
         <size>0xc5</size>
         <input_file_ref idref="fl-146"/>
      </object_component>
      <object_component id="oc-2c5">
         <name>.debug_info</name>
         <load_address>0xf20d</load_address>
         <run_address>0xf20d</run_address>
         <size>0x46</size>
         <input_file_ref idref="fl-144"/>
      </object_component>
      <object_component id="oc-2cf">
         <name>.debug_info</name>
         <load_address>0xf253</load_address>
         <run_address>0xf253</run_address>
         <size>0x9a</size>
         <input_file_ref idref="fl-155"/>
      </object_component>
      <object_component id="oc-2d4">
         <name>.debug_info</name>
         <load_address>0xf2ed</load_address>
         <run_address>0xf2ed</run_address>
         <size>0xa3</size>
         <input_file_ref idref="fl-149"/>
      </object_component>
      <object_component id="oc-2fc">
         <name>.debug_info</name>
         <load_address>0xf390</load_address>
         <run_address>0xf390</run_address>
         <size>0xb9</size>
      </object_component>
      <object_component id="oc-10">
         <name>.debug_pubnames</name>
         <load_address>0x0</load_address>
         <run_address>0x0</run_address>
         <size>0x23</size>
         <input_file_ref idref="fl-5"/>
      </object_component>
      <object_component id="oc-15">
         <name>.debug_pubnames</name>
         <load_address>0x23</load_address>
         <run_address>0x23</run_address>
         <size>0x1f</size>
         <input_file_ref idref="fl-138"/>
      </object_component>
      <object_component id="oc-19">
         <name>.debug_pubnames</name>
         <load_address>0x42</load_address>
         <run_address>0x42</run_address>
         <size>0x2b</size>
         <input_file_ref idref="fl-139"/>
      </object_component>
      <object_component id="oc-21">
         <name>.debug_pubnames</name>
         <load_address>0x6d</load_address>
         <run_address>0x6d</run_address>
         <size>0x25</size>
         <input_file_ref idref="fl-13b"/>
      </object_component>
      <object_component id="oc-25">
         <name>.debug_pubnames</name>
         <load_address>0x92</load_address>
         <run_address>0x92</run_address>
         <size>0x2c</size>
         <input_file_ref idref="fl-13a"/>
      </object_component>
      <object_component id="oc-2c">
         <name>.debug_pubnames</name>
         <load_address>0xbe</load_address>
         <run_address>0xbe</run_address>
         <size>0x4c</size>
         <input_file_ref idref="fl-5"/>
      </object_component>
      <object_component id="oc-32">
         <name>.debug_pubnames</name>
         <load_address>0x10a</load_address>
         <run_address>0x10a</run_address>
         <size>0x74</size>
         <input_file_ref idref="fl-6"/>
      </object_component>
      <object_component id="oc-3b">
         <name>.debug_pubnames</name>
         <load_address>0x17e</load_address>
         <run_address>0x17e</run_address>
         <size>0x37</size>
         <input_file_ref idref="fl-147"/>
      </object_component>
      <object_component id="oc-42">
         <name>.debug_pubnames</name>
         <load_address>0x1b5</load_address>
         <run_address>0x1b5</run_address>
         <size>0x21</size>
         <input_file_ref idref="fl-145"/>
      </object_component>
      <object_component id="oc-48">
         <name>.debug_pubnames</name>
         <load_address>0x1d6</load_address>
         <run_address>0x1d6</run_address>
         <size>0x35</size>
         <input_file_ref idref="fl-13c"/>
      </object_component>
      <object_component id="oc-4b">
         <name>.debug_pubnames</name>
         <load_address>0x20b</load_address>
         <run_address>0x20b</run_address>
         <size>0x23</size>
         <input_file_ref idref="fl-141"/>
      </object_component>
      <object_component id="oc-50">
         <name>.debug_pubnames</name>
         <load_address>0x22e</load_address>
         <run_address>0x22e</run_address>
         <size>0x1d</size>
         <input_file_ref idref="fl-140"/>
      </object_component>
      <object_component id="oc-63">
         <name>.debug_pubnames</name>
         <load_address>0x24b</load_address>
         <run_address>0x24b</run_address>
         <size>0x2f</size>
         <input_file_ref idref="fl-13a"/>
      </object_component>
      <object_component id="oc-70">
         <name>.debug_pubnames</name>
         <load_address>0x27a</load_address>
         <run_address>0x27a</run_address>
         <size>0x7f</size>
         <input_file_ref idref="fl-6"/>
      </object_component>
      <object_component id="oc-75">
         <name>.debug_pubnames</name>
         <load_address>0x2f9</load_address>
         <run_address>0x2f9</run_address>
         <size>0x2c</size>
         <input_file_ref idref="fl-6"/>
      </object_component>
      <object_component id="oc-78">
         <name>.debug_pubnames</name>
         <load_address>0x325</load_address>
         <run_address>0x325</run_address>
         <size>0x41</size>
         <input_file_ref idref="fl-6"/>
      </object_component>
      <object_component id="oc-80">
         <name>.debug_pubnames</name>
         <load_address>0x366</load_address>
         <run_address>0x366</run_address>
         <size>0x2a</size>
         <input_file_ref idref="fl-157"/>
      </object_component>
      <object_component id="oc-96">
         <name>.debug_pubnames</name>
         <load_address>0x390</load_address>
         <run_address>0x390</run_address>
         <size>0x1e</size>
         <input_file_ref idref="fl-148"/>
      </object_component>
      <object_component id="oc-9d">
         <name>.debug_pubnames</name>
         <load_address>0x3ae</load_address>
         <run_address>0x3ae</run_address>
         <size>0x5f</size>
         <input_file_ref idref="fl-2"/>
      </object_component>
      <object_component id="oc-a4">
         <name>.debug_pubnames</name>
         <load_address>0x40d</load_address>
         <run_address>0x40d</run_address>
         <size>0x28</size>
         <input_file_ref idref="fl-143"/>
      </object_component>
      <object_component id="oc-a7">
         <name>.debug_pubnames</name>
         <load_address>0x435</load_address>
         <run_address>0x435</run_address>
         <size>0x3a</size>
         <input_file_ref idref="fl-13c"/>
      </object_component>
      <object_component id="oc-ef">
         <name>.debug_pubnames</name>
         <load_address>0x46f</load_address>
         <run_address>0x46f</run_address>
         <size>0x29</size>
         <input_file_ref idref="fl-158"/>
      </object_component>
      <object_component id="oc-f6">
         <name>.debug_pubnames</name>
         <load_address>0x498</load_address>
         <run_address>0x498</run_address>
         <size>0x22</size>
         <input_file_ref idref="fl-13f"/>
      </object_component>
      <object_component id="oc-fb">
         <name>.debug_pubnames</name>
         <load_address>0x4ba</load_address>
         <run_address>0x4ba</run_address>
         <size>0x23</size>
         <input_file_ref idref="fl-13d"/>
      </object_component>
      <object_component id="oc-fe">
         <name>.debug_pubnames</name>
         <load_address>0x4dd</load_address>
         <run_address>0x4dd</run_address>
         <size>0x23</size>
         <input_file_ref idref="fl-13e"/>
      </object_component>
      <object_component id="oc-104">
         <name>.debug_pubnames</name>
         <load_address>0x500</load_address>
         <run_address>0x500</run_address>
         <size>0x97</size>
         <input_file_ref idref="fl-3"/>
      </object_component>
      <object_component id="oc-109">
         <name>.debug_pubnames</name>
         <load_address>0x597</load_address>
         <run_address>0x597</run_address>
         <size>0x49</size>
         <input_file_ref idref="fl-2"/>
      </object_component>
      <object_component id="oc-111">
         <name>.debug_pubnames</name>
         <load_address>0x5e0</load_address>
         <run_address>0x5e0</run_address>
         <size>0x38</size>
         <input_file_ref idref="fl-2"/>
      </object_component>
      <object_component id="oc-118">
         <name>.debug_pubnames</name>
         <load_address>0x618</load_address>
         <run_address>0x618</run_address>
         <size>0x23</size>
         <input_file_ref idref="fl-3"/>
      </object_component>
      <object_component id="oc-11f">
         <name>.debug_pubnames</name>
         <load_address>0x63b</load_address>
         <run_address>0x63b</run_address>
         <size>0x20</size>
         <input_file_ref idref="fl-3"/>
      </object_component>
      <object_component id="oc-123">
         <name>.debug_pubnames</name>
         <load_address>0x65b</load_address>
         <run_address>0x65b</run_address>
         <size>0x108</size>
         <input_file_ref idref="fl-a"/>
      </object_component>
      <object_component id="oc-129">
         <name>.debug_pubnames</name>
         <load_address>0x763</load_address>
         <run_address>0x763</run_address>
         <size>0x2c</size>
         <input_file_ref idref="fl-156"/>
      </object_component>
      <object_component id="oc-12f">
         <name>.debug_pubnames</name>
         <load_address>0x78f</load_address>
         <run_address>0x78f</run_address>
         <size>0x2d</size>
         <input_file_ref idref="fl-156"/>
      </object_component>
      <object_component id="oc-135">
         <name>.debug_pubnames</name>
         <load_address>0x7bc</load_address>
         <run_address>0x7bc</run_address>
         <size>0x28</size>
         <input_file_ref idref="fl-156"/>
      </object_component>
      <object_component id="oc-13b">
         <name>.debug_pubnames</name>
         <load_address>0x7e4</load_address>
         <run_address>0x7e4</run_address>
         <size>0x29</size>
         <input_file_ref idref="fl-156"/>
      </object_component>
      <object_component id="oc-158">
         <name>.debug_pubnames</name>
         <load_address>0x80d</load_address>
         <run_address>0x80d</run_address>
         <size>0x43</size>
         <input_file_ref idref="fl-143"/>
      </object_component>
      <object_component id="oc-16d">
         <name>.debug_pubnames</name>
         <load_address>0x850</load_address>
         <run_address>0x850</run_address>
         <size>0x2a</size>
         <input_file_ref idref="fl-158"/>
      </object_component>
      <object_component id="oc-173">
         <name>.debug_pubnames</name>
         <load_address>0x87a</load_address>
         <run_address>0x87a</run_address>
         <size>0x2a</size>
         <input_file_ref idref="fl-158"/>
      </object_component>
      <object_component id="oc-178">
         <name>.debug_pubnames</name>
         <load_address>0x8a4</load_address>
         <run_address>0x8a4</run_address>
         <size>0x23</size>
         <input_file_ref idref="fl-158"/>
      </object_component>
      <object_component id="oc-17b">
         <name>.debug_pubnames</name>
         <load_address>0x8c7</load_address>
         <run_address>0x8c7</run_address>
         <size>0x29</size>
         <input_file_ref idref="fl-158"/>
      </object_component>
      <object_component id="oc-17e">
         <name>.debug_pubnames</name>
         <load_address>0x8f0</load_address>
         <run_address>0x8f0</run_address>
         <size>0x2c</size>
         <input_file_ref idref="fl-158"/>
      </object_component>
      <object_component id="oc-187">
         <name>.debug_pubnames</name>
         <load_address>0x91c</load_address>
         <run_address>0x91c</run_address>
         <size>0x20</size>
         <input_file_ref idref="fl-4"/>
      </object_component>
      <object_component id="oc-18d">
         <name>.debug_pubnames</name>
         <load_address>0x93c</load_address>
         <run_address>0x93c</run_address>
         <size>0x2d</size>
         <input_file_ref idref="fl-158"/>
      </object_component>
      <object_component id="oc-194">
         <name>.debug_pubnames</name>
         <load_address>0x969</load_address>
         <run_address>0x969</run_address>
         <size>0x21</size>
         <input_file_ref idref="fl-159"/>
      </object_component>
      <object_component id="oc-199">
         <name>.debug_pubnames</name>
         <load_address>0x98a</load_address>
         <run_address>0x98a</run_address>
         <size>0x26</size>
         <input_file_ref idref="fl-159"/>
      </object_component>
      <object_component id="oc-19f">
         <name>.debug_pubnames</name>
         <load_address>0x9b0</load_address>
         <run_address>0x9b0</run_address>
         <size>0x26</size>
         <input_file_ref idref="fl-159"/>
      </object_component>
      <object_component id="oc-1a6">
         <name>.debug_pubnames</name>
         <load_address>0x9d6</load_address>
         <run_address>0x9d6</run_address>
         <size>0x26</size>
         <input_file_ref idref="fl-159"/>
      </object_component>
      <object_component id="oc-1ab">
         <name>.debug_pubnames</name>
         <load_address>0x9fc</load_address>
         <run_address>0x9fc</run_address>
         <size>0x2c</size>
         <input_file_ref idref="fl-15b"/>
      </object_component>
      <object_component id="oc-1b1">
         <name>.debug_pubnames</name>
         <load_address>0xa28</load_address>
         <run_address>0xa28</run_address>
         <size>0x27</size>
         <input_file_ref idref="fl-15b"/>
      </object_component>
      <object_component id="oc-1b7">
         <name>.debug_pubnames</name>
         <load_address>0xa4f</load_address>
         <run_address>0xa4f</run_address>
         <size>0x25</size>
         <input_file_ref idref="fl-15b"/>
      </object_component>
      <object_component id="oc-1bd">
         <name>.debug_pubnames</name>
         <load_address>0xa74</load_address>
         <run_address>0xa74</run_address>
         <size>0x21</size>
         <input_file_ref idref="fl-156"/>
      </object_component>
      <object_component id="oc-1c3">
         <name>.debug_pubnames</name>
         <load_address>0xa95</load_address>
         <run_address>0xa95</run_address>
         <size>0x29</size>
         <input_file_ref idref="fl-156"/>
      </object_component>
      <object_component id="oc-1c9">
         <name>.debug_pubnames</name>
         <load_address>0xabe</load_address>
         <run_address>0xabe</run_address>
[...]
         <name>__TI_decompress_none</name>
      </handler>
      <handler>
         <index>0x2</index>
         <name>__TI_zero_init</name>
      </handler>
   </handler_table>
   <symbol_table>
      <symbol id="sm-1">
         <name>__STACK_TOP</name>
         <value>0x200207fc</value>
      </symbol>
      <symbol id="sm-2">
         <name>__TI_CINIT_Base</name>
         <value>0x4790</value>
      </symbol>
      <symbol id="sm-3">
         <name>__TI_CINIT_Limit</name>
         <value>0x47a0</value>
      </symbol>
      <symbol id="sm-4">
         <name>__TI_Handler_Table_Base</name>
         <value>0x4778</value>
      </symbol>
      <symbol id="sm-5">
         <name>__TI_Handler_Table_Limit</name>
         <value>0x4784</value>
      </symbol>
      <symbol id="sm-6">
         <name>binit</name>
         <value>0xffffffff</value>
      </symbol>
      <symbol id="sm-7">
         <name>__binit__</name>
         <value>0xffffffff</value>
      </symbol>
      <symbol id="sm-8">
         <name>__STACK_SIZE</name>
         <value>0x800</value>
      </symbol>
      <symbol id="sm-9">
         <name>__STACK_END</name>
         <value>0x20020dfc</value>
      </symbol>
      <symbol id="sm-a">
         <name>__c_args__</name>
         <value>0xffffffff</value>
      </symbol>
      <symbol id="sm-b9">
         <name>g_ui32SysClock</name>
         <value>0x200205d8</value>
      </symbol>
      <symbol id="sm-ba">
         <name>t_x1</name>
         <value>0x200205e0</value>
      </symbol>
      <symbol id="sm-bb">
         <name>t_y1</name>
         <value>0x200205e8</value>
      </symbol>
      <symbol id="sm-bc">
         <name>t_x2</name>
         <value>0x200205e4</value>
      </symbol>
      <symbol id="sm-bd">
         <name>t_y2</name>
         <value>0x200205ec</value>
      </symbol>
      <symbol id="sm-be">
         <name>PointerMessage</name>
         <value>0x21dd</value>
         <object_component_ref idref="oc-9a"/>
      </symbol>
      <symbol id="sm-bf">
         <name>DrawImage</name>
         <value>0x1ebd</value>
         <object_component_ref idref="oc-9a"/>
      </symbol>
      <symbol id="sm-c0">
         <name>color</name>
         <value>0x20020e08</value>
         <object_component_ref idref="oc-10f"/>
      </symbol>
      <symbol id="sm-c1">
         <name>t_flag</name>
         <value>0x20020dfc</value>
         <object_component_ref idref="oc-10f"/>
      </symbol>
      <symbol id="sm-c2">
         <name>main</name>
         <value>0x1a15</value>
         <object_component_ref idref="oc-9a"/>
      </symbol>
      <symbol id="sm-c3">
         <name>DrawRect</name>
         <value>0x1dc9</value>
         <object_component_ref idref="oc-9a"/>
      </symbol>
      <symbol id="sm-c4">
         <name>rect</name>
         <value>0x20020e00</value>
         <object_component_ref idref="oc-10f"/>
      </symbol>
      <symbol id="sm-c5">
         <name>RestoreBackground</name>
         <value>0x2051</value>
         <object_component_ref idref="oc-9a"/>
      </symbol>
      <symbol id="sm-c6">
         <name>pic</name>
         <value>0x20020e04</value>
         <object_component_ref idref="oc-10f"/>
      </symbol>
      <symbol id="sm-166">
         <name>Uart_Init</name>
         <value>0x178d</value>
         <object_component_ref idref="oc-101"/>
      </symbol>
      <symbol id="sm-167">
         <name>Uart_GetKey</name>
         <value>0x1865</value>
         <object_component_ref idref="oc-101"/>
      </symbol>
      <symbol id="sm-168">
         <name>WriteData</name>
         <value>0x4329</value>
         <object_component_ref idref="oc-119"/>
      </symbol>
      <symbol id="sm-169">
         <name>Uart_PutCh</name>
         <value>0x1879</value>
         <object_component_ref idref="oc-101"/>
      </symbol>
      <symbol id="sm-16a">
         <name>Port_Init</name>
         <value>0x14e1</value>
         <object_component_ref idref="oc-101"/>
      </symbol>
      <symbol id="sm-16b">
         <name>Uart_PutStr</name>
         <value>0x1895</value>
         <object_component_ref idref="oc-101"/>
      </symbol>
      <symbol id="sm-16c">
         <name>LCD_Init</name>
         <value>0x116d</value>
         <object_component_ref idref="oc-101"/>
      </symbol>
      <symbol id="sm-16d">
         <name>Uart_GetCh</name>
         <value>0x184d</value>
         <object_component_ref idref="oc-101"/>
      </symbol>
      <symbol id="sm-16e">
         <name>Uart_Printf</name>
         <value>0x18d1</value>
         <object_component_ref idref="oc-101"/>
      </symbol>
      <symbol id="sm-16f">
         <name>Push_init</name>
         <value>0x10c9</value>
         <object_component_ref idref="oc-101"/>
      </symbol>
      <symbol id="sm-170">
         <name>WriteCommand</name>
         <value>0x4311</value>
         <object_component_ref idref="oc-112"/>
      </symbol>
      <symbol id="sm-1c8">
         <name>PinoutSet</name>
         <value>0x22dd</value>
         <object_component_ref idref="oc-184"/>
      </symbol>
      <symbol id="sm-1e9">
         <name>ResetISR</name>
         <value>0x4443</value>
         <object_component_ref idref="oc-29"/>
      </symbol>
      <symbol id="sm-1ea">
         <name>g_pfnVectors</name>
         <value>0x0</value>
         <object_component_ref idref="oc-e"/>
      </symbol>
      <symbol id="sm-255">
         <name>user_X</name>
         <value>0x200205f0</value>
      </symbol>
      <symbol id="sm-256">
         <name>user_Y</name>
         <value>0x200205f4</value>
      </symbol>
      <symbol id="sm-257">
         <name>g_i16TouchX</name>
         <value>0x200205f8</value>
      </symbol>
      <symbol id="sm-258">
         <name>g_i16TouchY</name>
         <value>0x200205fa</value>
      </symbol>
      <symbol id="sm-259">
         <name>TouchScreenInit</name>
         <value>0x2cdd</value>
         <object_component_ref idref="oc-2f"/>
      </symbol>
      <symbol id="sm-25a">
         <name>TouchScreenCallbackSet</name>
         <value>0x2dc3</value>
         <object_component_ref idref="oc-2f"/>
      </symbol>
      <symbol id="sm-25b">
         <name>g_pi32TouchParameters</name>
         <value>0x4730</value>
         <object_component_ref idref="oc-73"/>
      </symbol>
      <symbol id="sm-25c">
         <name>g_i16TouchMin</name>
         <value>0x20020e20</value>
         <object_component_ref idref="oc-76"/>
      </symbol>
      <symbol id="sm-25d">
         <name>TouchScreenIntHandler</name>
         <value>0x2b75</value>
         <object_component_ref idref="oc-2f"/>
      </symbol>
      <symbol id="sm-28d">
         <name>MX66L51235FSectorErase</name>
         <value>0x2f65</value>
         <object_component_ref idref="oc-120"/>
      </symbol>
      <symbol id="sm-28e">
         <name>MX66L51235FRead</name>
         <value>0x30ff</value>
         <object_component_ref idref="oc-120"/>
      </symbol>
      <symbol id="sm-28f">
         <name>MX66L51235FInit</name>
         <value>0x2e39</value>
         <object_component_ref idref="oc-120"/>
      </symbol>
      <symbol id="sm-290">
         <name>MX66L51235FPageProgram</name>
         <value>0x30a3</value>
         <object_component_ref idref="oc-120"/>
      </symbol>
      <symbol id="sm-291">
         <name>MX66L51235FBlockErase32</name>
         <value>0x2fb7</value>
         <object_component_ref idref="oc-120"/>
      </symbol>
      <symbol id="sm-292">
         <name>MX66L51235FBlockErase64</name>
         <value>0x3009</value>
         <object_component_ref idref="oc-120"/>
      </symbol>
      <symbol id="sm-293">
         <name>MX66L51235FChipErase</name>
         <value>0x305b</value>
         <object_component_ref idref="oc-120"/>
      </symbol>
      <symbol id="sm-2a3">
         <name>_c_int00</name>
         <value>0x3f91</value>
         <object_component_ref idref="oc-11"/>
      </symbol>
      <symbol id="sm-2a4">
         <name>__stack</name>
         <value>0x200205fc</value>
         <object_component_ref idref="oc-28"/>
      </symbol>
      <symbol id="sm-2bb">
         <name>__TI_decompress_none</name>
         <value>0x441d</value>
         <object_component_ref idref="oc-16"/>
      </symbol>
      <symbol id="sm-2df">
         <name>__TI_decompress_rle24</name>
         <value>0x4463</value>
         <object_component_ref idref="oc-22"/>
      </symbol>
      <symbol id="sm-2f8">
         <name>__TI_zero_init</name>
         <value>0x43e9</value>
         <object_component_ref idref="oc-1c"/>
      </symbol>
      <symbol id="sm-317">
         <name>C$$EXIT</name>
         <value>0x40f5</value>
         <object_component_ref idref="oc-43"/>
      </symbol>
      <symbol id="sm-318">
         <name>abort</name>
         <value>0x40f9</value>
         <object_component_ref idref="oc-43"/>
      </symbol>
      <symbol id="sm-319">
         <name>exit</name>
         <value>0x4101</value>
         <object_component_ref idref="oc-43"/>
      </symbol>
      <symbol id="sm-31a">
         <name>__TI_dtors_ptr</name>
         <value>0x20020e18</value>
         <object_component_ref idref="oc-a5"/>
      </symbol>
      <symbol id="sm-31b">
         <name>__TI_cleanup_ptr</name>
         <value>0x20020e14</value>
         <object_component_ref idref="oc-a5"/>
      </symbol>
      <symbol id="sm-332">
         <name>__aeabi_dsub</name>
         <value>0x3551</value>
         <object_component_ref idref="oc-f7"/>
      </symbol>
      <symbol id="sm-333">
         <name>__aeabi_dadd</name>
         <value>0x355b</value>
         <object_component_ref idref="oc-f7"/>
      </symbol>
      <symbol id="sm-33d">
         <name>__aeabi_d2iz</name>
         <value>0x3fd9</value>
         <object_component_ref idref="oc-fc"/>
      </symbol>
      <symbol id="sm-348">
         <name>__aeabi_f2d</name>
         <value>0x417d</value>
         <object_component_ref idref="oc-f2"/>
      </symbol>
      <symbol id="sm-363">
         <name>memcpy</name>
         <value>0x3a69</value>
         <object_component_ref idref="oc-4d"/>
      </symbol>
      <symbol id="sm-364">
         <name>__aeabi_memcpy</name>
         <value>0x3a69</value>
         <object_component_ref idref="oc-4d"/>
      </symbol>
      <symbol id="sm-365">
         <name>__aeabi_memcpy8</name>
         <value>0x3a69</value>
         <object_component_ref idref="oc-4d"/>
      </symbol>
      <symbol id="sm-366">
         <name>__aeabi_memcpy4</name>
         <value>0x3a69</value>
         <object_component_ref idref="oc-4d"/>
      </symbol>
      <symbol id="sm-36e">
         <name>main_func_sp</name>
         <value>0x20020e1c</value>
         <object_component_ref idref="oc-49"/>
      </symbol>
      <symbol id="sm-387">
         <name>vsprintf</name>
         <value>0x4021</value>
         <object_component_ref idref="oc-1d3"/>
      </symbol>
      <symbol id="sm-3a0">
         <name>_nop</name>
         <value>0x4397</value>
         <object_component_ref idref="oc-153"/>
      </symbol>
      <symbol id="sm-3a1">
         <name>_lock</name>
         <value>0x20020e0c</value>
         <object_component_ref idref="oc-a2"/>
      </symbol>
      <symbol id="sm-3a2">
         <name>_unlock</name>
         <value>0x20020e10</value>
         <object_component_ref idref="oc-a2"/>
      </symbol>
      <symbol id="sm-3a3">
         <name>_register_lock</name>
         <value>0x438f</value>
         <object_component_ref idref="oc-153"/>
      </symbol>
      <symbol id="sm-3a4">
         <name>_register_unlock</name>
         <value>0x4389</value>
         <object_component_ref idref="oc-153"/>
      </symbol>
      <symbol id="sm-490">
         <name>__TI_printfi</name>
         <value>0xdbf</value>
         <object_component_ref idref="oc-22e"/>
      </symbol>
      <symbol id="sm-4a4">
         <name>_args_main</name>
         <value>0x4341</value>
         <object_component_ref idref="oc-3d"/>
      </symbol>
      <symbol id="sm-4ba">
         <name>atoi</name>
         <value>0x3efd</value>
         <object_component_ref idref="oc-290"/>
      </symbol>
      <symbol id="sm-4d7">
         <name>__TI_auto_init</name>
         <value>0x3b05</value>
         <object_component_ref idref="oc-38"/>
      </symbol>
      <symbol id="sm-4f0">
         <name>copy_in</name>
         <value>0x40b1</value>
         <object_component_ref idref="oc-93"/>
      </symbol>
      <symbol id="sm-4fb">
         <name>_ctypes_</name>
         <value>0x4590</value>
         <object_component_ref idref="oc-2be"/>
      </symbol>
      <symbol id="sm-51d">
         <name>__aeabi_cdcmpeq</name>
         <value>0x3b99</value>
         <object_component_ref idref="oc-260"/>
      </symbol>
      <symbol id="sm-51e">
         <name>__aeabi_cdcmple</name>
         <value>0x3b99</value>
         <object_component_ref idref="oc-260"/>
      </symbol>
      <symbol id="sm-51f">
         <name>__aeabi_cdrcmple</name>
         <value>0x3c1f</value>
         <object_component_ref idref="oc-26f"/>
      </symbol>
      <symbol id="sm-533">
         <name>__aeabi_ddiv</name>
         <value>0x3707</value>
         <object_component_ref idref="oc-26a"/>
      </symbol>
      <symbol id="sm-53e">
         <name>__aeabi_dmul</name>
         <value>0x396d</value>
         <object_component_ref idref="oc-265"/>
      </symbol>
      <symbol id="sm-548">
         <name>__aeabi_i2d</name>
         <value>0x4221</value>
         <object_component_ref idref="oc-27a"/>
      </symbol>
      <symbol id="sm-551">
         <name>__aeabi_lmul</name>
         <value>0x4359</value>
         <object_component_ref idref="oc-255"/>
      </symbol>
      <symbol id="sm-560">
         <name>ltoa</name>
         <value>0x3dfb</value>
         <object_component_ref idref="oc-274"/>
      </symbol>
      <symbol id="sm-570">
         <name>memccpy</name>
         <value>0x42dd</value>
         <object_component_ref idref="oc-28a"/>
      </symbol>
      <symbol id="sm-57f">
         <name>__aeabi_memset</name>
         <value>0x3d27</value>
         <object_component_ref idref="oc-27f"/>
      </symbol>
      <symbol id="sm-580">
         <name>memset</name>
         <value>0x3d2d</value>
         <object_component_ref idref="oc-27f"/>
      </symbol>
      <symbol id="sm-581">
         <name>__aeabi_memset8</name>
         <value>0x3d27</value>
         <object_component_ref idref="oc-27f"/>
      </symbol>
      <symbol id="sm-582">
         <name>__aeabi_memset4</name>
         <value>0x3d27</value>
         <object_component_ref idref="oc-27f"/>
      </symbol>
      <symbol id="sm-583">
         <name>__aeabi_memclr8</name>
         <value>0x3d25</value>
         <object_component_ref idref="oc-27f"/>
      </symbol>
      <symbol id="sm-584">
         <name>__aeabi_memclr4</name>
         <value>0x3d25</value>
         <object_component_ref idref="oc-27f"/>
      </symbol>
      <symbol id="sm-585">
         <name>__aeabi_memclr</name>
         <value>0x3d25</value>
         <object_component_ref idref="oc-27f"/>
      </symbol>
      <symbol id="sm-593">
         <name>strlen</name>
         <value>0x439d</value>
         <object_component_ref idref="oc-25a"/>
      </symbol>
      <symbol id="sm-5af">
         <name>__aeabi_uldivmod</name>
         <value>0x335d</value>
         <object_component_ref idref="oc-250"/>
      </symbol>
      <symbol id="sm-5b9">
         <name>_Dclass</name>
         <value>0x43fb</value>
         <object_component_ref idref="oc-284"/>
      </symbol>
      <symbol id="sm-5cb">
         <name>_Dtest</name>
         <value>0x4139</value>
         <object_component_ref idref="oc-2b5"/>
      </symbol>
      <symbol id="sm-62f">
         <name>uDMAChannelControlSet</name>
         <value>0x4279</value>
         <object_component_ref idref="oc-126"/>
      </symbol>
      <symbol id="sm-630">
         <name>uDMAChannelTransferSet</name>
         <value>0x3ca5</value>
         <object_component_ref idref="oc-12c"/>
      </symbol>
      <symbol id="sm-631">
         <name>uDMAEnable</name>
         <value>0x440d</value>
         <object_component_ref idref="oc-1ba"/>
      </symbol>
      <symbol id="sm-632">
         <name>uDMAControlBaseSet</name>
         <value>0x4451</value>
         <object_component_ref idref="oc-1c0"/>
      </symbol>
      <symbol id="sm-633">
         <name>uDMAChannelAttributeDisable</name>
         <value>0x4069</value>
         <object_component_ref idref="oc-1c6"/>
      </symbol>
      <symbol id="sm-634">
         <name>uDMAChannelEnable</name>
         <value>0x4371</value>
         <object_component_ref idref="oc-132"/>
      </symbol>
      <symbol id="sm-635">
         <name>uDMAChannelRequest</name>
         <value>0x43b1</value>
         <object_component_ref idref="oc-138"/>
      </symbol>
      <symbol id="sm-649">
         <name>TimerControlTrigger</name>
         <value>0x3e55</value>
         <object_component_ref idref="oc-7d"/>
      </symbol>
      <symbol id="sm-6cf">
         <name>SysCtlDelay</name>
         <value>0x445d</value>
         <object_component_ref idref="oc-13e"/>
      </symbol>
      <symbol id="sm-6d0">
         <name>SysCtlPeripheralEnable</name>
         <value>0x41ed</value>
         <object_component_ref idref="oc-18a"/>
      </symbol>
      <symbol id="sm-6d1">
         <name>SysCtlClockFreqSet</name>
         <value>0x3161</value>
         <object_component_ref idref="oc-ec"/>
      </symbol>
      <symbol id="sm-6d2">
         <name>SysCtlPeripheralReset</name>
         <value>0x3ead</value>
         <object_component_ref idref="oc-1cc"/>
      </symbol>
      <symbol id="sm-70d">
         <name>LCDIDDConfigSet</name>
         <value>0x446d</value>
         <object_component_ref idref="oc-19c"/>
      </symbol>
      <symbol id="sm-70e">
         <name>LCDDMAConfigSet</name>
         <value>0x4469</value>
         <object_component_ref idref="oc-196"/>
      </symbol>
      <symbol id="sm-70f">
         <name>LCDIDDDataWrite</name>
         <value>0x4437</value>
         <object_component_ref idref="oc-1ef"/>
      </symbol>
      <symbol id="sm-710">
         <name>LCDIDDCommandWrite</name>
         <value>0x442b</value>
         <object_component_ref idref="oc-1e9"/>
      </symbol>
      <symbol id="sm-711">
         <name>LCDIDDTimingSet</name>
         <value>0x41b5</value>
         <object_component_ref idref="oc-1a2"/>
      </symbol>
      <symbol id="sm-712">
         <name>LCDModeSet</name>
         <value>0x429d</value>
         <object_component_ref idref="oc-190"/>
      </symbol>
      <symbol id="sm-748">
         <name>GPIOPinTypeGPIOOutput</name>
         <value>0x42f9</value>
         <object_component_ref idref="oc-1a8"/>
      </symbol>
      <symbol id="sm-749">
         <name>GPIODirModeSet</name>
         <value>0x424f</value>
         <object_component_ref idref="oc-1b4"/>
      </symbol>
      <symbol id="sm-74a">
         <name>GPIOPadConfigSet</name>
         <value>0x383d</value>
         <object_component_ref idref="oc-1ae"/>
      </symbol>
      <symbol id="sm-74b">
         <name>GPIOPinTypeLCD</name>
         <value>0x43d7</value>
         <object_component_ref idref="oc-219"/>
      </symbol>
      <symbol id="sm-74c">
         <name>GPIOPinTypeEthernetLED</name>
         <value>0x43c5</value>
         <object_component_ref idref="oc-213"/>
      </symbol>
      <symbol id="sm-74e">
         <name>__TI_static_base__</name>
         <value>0x0</value>
      </symbol>
      <symbol id="sm-74f">
         <name>__TI_args_main</name>
         <value>0x1</value>
      </symbol>
      <symbol id="sm-750">
         <name>SHT$$INIT_ARRAY$$Limit</name>
         <value>0x0</value>
      </symbol>
      <symbol id="sm-751">
         <name>SHT$$INIT_ARRAY$$Base</name>
         <value>0x0</value>
      </symbol>
   </symbol_table>
   <title>Link successful</title>
</link_info>
