******************************************************************************
                  TI ARM Linker PC v5.2.5                      
******************************************************************************
>> Linked Sat May 26 23:10:04 2018

OUTPUT FILE NAME:   <Term_Project.out>
ENTRY POINT SYMBOL: "_c_int00"  address: 000060b1


MEMORY CONFIGURATION

         name            origin    length      used     unused   attr    fill
----------------------  --------  ---------  --------  --------  ----  --------
  FLASH                 00000000   00100000  00006cfc  000f9304  R  X
  SRAM                  20000000   00040000  00028900  00017700  RW X


SEGMENT ALLOCATION MAP

run origin  load origin   length   init length attrs members
----------  ----------- ---------- ----------- ----- -------
00000000    00000000    00006d00   00006d00    r-x
  00000000    00000000    00000208   00000208    r-- .intvecs
  00000208    00000208    00006500   00006500    r-x .text
  00006708    00006708    0000056c   0000056c    r-- .const
  00006c78    00006c78    00000088   00000088    r-- .cinit
20000000    20000000    00028900   00000000    rw-
  20000000    20000000    00027788   00000000    rw- .bss
  20027788    20027788    00001000   00000000    rw- .stack
  20028788    20028788    00000178   00000000    rw- .data


SECTION ALLOCATION MAP

 output                                  attributes/
section   page    origin      length       input sections
--------  ----  ----------  ----------   ----------------
.intvecs   0    00000000    00000208     
                  00000000    00000208     tm4c129xnczad_startup_ccs.obj (.intvecs)

.text      0    00000208    00006500     
                  00000208    00002a94     myLib.obj (.text)
                  00002c9c    000010ba     rtsv7M4_T_le_v4SPD16_eabi.lib : _printfi.obj (.text)
                  00003d56    00000002     --HOLE-- [fill = 0]
                  00003d58    000005e8     pinout.obj (.text)
                  00004340    00000584     rhythm.obj (.text)
                  000048c4    00000514     main.obj (.text)
                  00004dd8    00000328     mx66l51235f.obj (.text)
                  00005100    000001fc     driverlib.lib : sysctl.obj (.text:SysCtlClockFreqSet)
                  000052fc    000001f4     rtsv7M4_T_le_v4SPD16_eabi.lib : ull_div_t2.obj (.text)
                  000054f0    000001b6                                   : fd_add_t2.obj (.text)
                  000056a6    00000136                                   : fd_div_t2.obj (.text)
                  000057dc    00000130     driverlib.lib : gpio.obj (.text:GPIOPadConfigSet)
                  0000590c    00000110     rtsv7M4_T_le_v4SPD16_eabi.lib : xdscale.obj (.text)
                  00005a1c    000000fc                                   : fd_mul_t2.obj (.text)
                  00005b18    000000be                                   : xdnorm.obj (.text)
                  00005bd6    0000009c                                   : memcpy_t2.obj (.text)
                  00005c72    00000086                                   : fd_cmp_t2.obj (.text:__aeabi_cdcmple)
                  00005cf8    00000086                                   : fd_cmp_t2.obj (.text:__aeabi_cdrcmple)
                  00005d7e    00000002     --HOLE-- [fill = 0]
                  00005d80    00000080     driverlib.lib : udma.obj (.text:uDMAChannelTransferSet)
                  00005e00    0000007a     rtsv7M4_T_le_v4SPD16_eabi.lib : memset_t2.obj (.text)
                  00005e7a    00000002     --HOLE-- [fill = 0]
                  00005e7c    0000006c                                   : autoinit.obj (.text)
                  00005ee8    0000006a                                   : copy_decompress_rle.obj (.text)
                  00005f52    00000066                                   : xdunscal.obj (.text)
                  00005fb8    00000056                                   : ltoa.obj (.text)
                  0000600e    00000052                                   : ldexp.obj (.text)
                  00006060    00000050     driverlib.lib : sysctl.obj (.text:SysCtlPeripheralReset)
                  000060b0    00000050     rtsv7M4_T_le_v4SPD16_eabi.lib : boot.obj (.text)
                  00006100    0000004c                                   : atoi.obj (.text)
                  0000614c    0000004c                                   : cpy_tbl.obj (.text)
                  00006198    00000048     driverlib.lib : sysctl.obj (.text:_SysCtlFrequencyGet)
                  000061e0    00000048     rtsv7M4_T_le_v4SPD16_eabi.lib : fd_toi_t2.obj (.text)
                  00006228    00000048                                   : vsprintf.obj (.text)
                  00006270    00000048     driverlib.lib : udma.obj (.text:uDMAChannelAttributeDisable)
                  000062b8    00000044     rtsv7M4_T_le_v4SPD16_eabi.lib : exit.obj (.text)
                  000062fc    00000040                                   : signal.obj (.text)
                  0000633c    00000038                                   : fs_tod_t2.obj (.text)
                  00006374    00000036     driverlib.lib : lcd.obj (.text:LCDIDDTimingSet)
                  000063aa    00000002     --HOLE-- [fill = 0]
                  000063ac    00000034                   : sysctl.obj (.text:SysCtlPeripheralEnable)
                  000063e0    00000034     rtsv7M4_T_le_v4SPD16_eabi.lib : feraiseexcept.obj (.text)
                  00006414    00000030                                   : xdclass.obj (.text)
                  00006444    00000030                                   : xferaise.obj (.text)
                  00006474    0000002e                                   : i_tofd_t2.obj (.text)
                  000064a2    0000002e                                   : raise.obj (.text)
                  000064d0    0000002a     driverlib.lib : gpio.obj (.text:GPIODirModeSet)
                  000064fa    0000002a     rtsv7M4_T_le_v4SPD16_eabi.lib : frexp.obj (.text)
                  00006524    00000024     driverlib.lib : udma.obj (.text:uDMAChannelControlSet)
                  00006548    00000022                   : lcd.obj (.text:LCDModeSet)
                  0000656a    00000002     --HOLE-- [fill = 0]
                  0000656c    0000001c                   : sysctl.obj (.text:_SysCtlMemTimingGet)
                  00006588    0000001c     rtsv7M4_T_le_v4SPD16_eabi.lib : memccpy.obj (.text)
                  000065a4    00000018     driverlib.lib : gpio.obj (.text:GPIOPinTypeGPIOOutput)
                  000065bc    00000018     myLib.obj (.text:WriteCommand)
                  000065d4    00000018     myLib.obj (.text:WriteData)
                  000065ec    00000018     rtsv7M4_T_le_v4SPD16_eabi.lib : args_main.obj (.text)
                  00006604    00000018     driverlib.lib : udma.obj (.text:uDMAChannelEnable)
                  0000661c    00000016     rtsv7M4_T_le_v4SPD16_eabi.lib : strchr.obj (.text)
                  00006632    00000002     --HOLE-- [fill = 0]
                  00006634    00000014                                   : _lock.obj (.text)
                  00006648    00000014                                   : strlen.obj (.text)
                  0000665c    00000014     driverlib.lib : udma.obj (.text:uDMAChannelRequest)
                  00006670    00000012                   : gpio.obj (.text:GPIOPinTypeEthernetLED)
                  00006682    00000012                   : gpio.obj (.text:GPIOPinTypeLCD)
                  00006694    00000010                   : udma.obj (.text:uDMAEnable)
                  000066a4    0000000e     rtsv7M4_T_le_v4SPD16_eabi.lib : copy_decompress_none.obj (.text:decompress:none)
                  000066b2    0000000c     driverlib.lib : lcd.obj (.text:LCDIDDCommandWrite)
                  000066be    0000000c                   : lcd.obj (.text:LCDIDDDataWrite)
                  000066ca    0000000c     rtsv7M4_T_le_v4SPD16_eabi.lib : copy_zero_init.obj (.text:decompress:ZI)
                  000066d6    0000000c     tm4c129xnczad_startup_ccs.obj (.text)
                  000066e2    00000002     --HOLE-- [fill = 0]
                  000066e4    0000000c     driverlib.lib : udma.obj (.text:uDMAControlBaseSet)
                  000066f0    00000006                   : sysctl.obj (.text:SysCtlDelay)
                  000066f6    00000006     rtsv7M4_T_le_v4SPD16_eabi.lib : copy_decompress_rle.obj (.text:decompress:rle24)
                  000066fc    00000004     driverlib.lib : lcd.obj (.text:LCDDMAConfigSet)
                  00006700    00000004                   : lcd.obj (.text:LCDIDDConfigSet)
                  00006704    00000004     rtsv7M4_T_le_v4SPD16_eabi.lib : pre_init.obj (.text)

.const     0    00006708    0000056c     
                  00006708    000001ac     rhythm.obj (.const:stay_with_me_delay)
                  000068b4    00000120     driverlib.lib : sysctl.obj (.const:g_pppui32XTALtoVCO)
                  000069d4    00000101     rtsv7M4_T_le_v4SPD16_eabi.lib : ctype.obj (.const:.string:_ctypes_)
                  00006ad5    00000003     --HOLE-- [fill = 0]
                  00006ad8    00000088     main.obj (.const)
                  00006b60    0000006c     driverlib.lib : sysctl.obj (.const:g_pui32Xtals)
                  00006bcc    00000060     main.obj (.const:$P$T2$3)
                  00006c2c    00000030     driverlib.lib : sysctl.obj (.const:g_sXTALtoMEMTIM)
                  00006c5c    00000010     rhythm.obj (.const)
                  00006c6c    00000008     driverlib.lib : sysctl.obj (.const)

.cinit     0    00006c78    00000088     
                  00006c78    00000063     (.cinit..data.load) [load image, compression = rle]
                  00006cdb    00000001     --HOLE-- [fill = 0]
                  00006cdc    0000000c     (__TI_handler_table)
                  00006ce8    00000008     (.cinit..bss.load) [load image, compression = zero_init]
                  00006cf0    00000010     (__TI_cinit_table)

.init_array 
*          0    00000000    00000000     UNINITIALIZED

.bss       0    20000000    00027788     UNINITIALIZED
                  20000000    0001fe00     main.obj (.bss:buffer)
                  2001fe00    00002580     myLib.obj (.bss:temp_buffer$4)
                  20022380    00002580     myLib.obj (.bss:temp_buffer$5)
                  20024900    00001540     myLib.obj (.bss:temp_buffer$2)
                  20025e40    00001540     myLib.obj (.bss:temp_buffer$3)
                  20027380    00000400     myLib.obj (.bss:pui8DMAControlTable$1)
                  20027780    00000004     (.common:g_ui32MX66L51235FAddr)
                  20027784    00000004     (.common:g_ui32SysClock)

.TI.noinit 
*          0    20000000    00000000     UNINITIALIZED

.stack     0    20027788    00001000     UNINITIALIZED
                  20027788    00001000     --HOLE--

.data      0    20028788    00000178     UNINITIALIZED
                  20028788    000000b0     rtsv7M4_T_le_v4SPD16_eabi.lib : signal.obj (.data:sigtable)
                  20028838    00000080                                   : xvalues.obj (.data)
                  200288b8    00000017     myLib.obj (.data)
                  200288cf    00000001     --HOLE--
                  200288d0    0000000c     rhythm.obj (.data)
                  200288dc    00000008     rtsv7M4_T_le_v4SPD16_eabi.lib : _lock.obj (.data)
                  200288e4    00000008                                   : exit.obj (.data)
                  200288ec    00000008                                   : feraiseexcept.obj (.data)
                  200288f4    00000004     main.obj (.data)
                  200288f8    00000004     rtsv7M4_T_le_v4SPD16_eabi.lib : errno.obj (.data)
                  200288fc    00000004                                   : stkdepth_vars.obj (.data)

.TI.persistent 
*          0    20028788    00000000     UNINITIALIZED


LINKER GENERATED COPY TABLES

__TI_cinit_table @ 00006cf0 records: 2, size/record: 8, table size: 16
	.data: load addr=00006c78, load size=00000063 bytes, run addr=20028788, run size=00000178 bytes, compression=rle
	.bss: load addr=00006ce8, load size=00000008 bytes, run addr=20000000, run size=00027788 bytes, compression=zero_init


LINKER GENERATED HANDLER TABLE

__TI_handler_table @ 00006cdc records: 3, size/record: 4, table size: 12
	index: 0, handler: __TI_decompress_rle24
	index: 1, handler: __TI_decompress_none
	index: 2, handler: __TI_zero_init


GLOBAL SYMBOLS: SORTED ALPHABETICALLY BY Name 

address   name                          
-------   ----                          
00002349  BUZZER_clear                  
00002141  BUZZER_init                   
00000c85  BarDraw                       
000045bf  BarView                       
000062b9  C$$EXIT                       
00000a1b  CharacterDraw                 
000029c9  DIP_init                      
00002379  DelayForPlay                  
0000212d  DrawCircle                    
000010e9  DrawImage                     
00000e15  DrawLine                      
000020d1  DrawRect                      
00002739  FND_Minor                     
00002715  FND_clear                     
000023fd  FND_init                      
000064d1  GPIODirModeSet                
000057dd  GPIOPadConfigSet              
00006671  GPIOPinTypeEthernetLED        
000065a5  GPIOPinTypeGPIOOutput         
00006683  GPIOPinTypeLCD                
00000209  Interrupt_init                
00004883  KeyboardProcessing            
000066fd  LCDDMAConfigSet               
000066b3  LCDIDDCommandWrite            
00006701  LCDIDDConfigSet               
000066bf  LCDIDDDataWrite               
00006375  LCDIDDTimingSet               
00006549  LCDModeSet                    
00000595  LCD_Init                      
00002795  LED_clear                     
00002811  LED_init                      
00004f57  MX66L51235FBlockErase32       
00004fa9  MX66L51235FBlockErase64       
00004ffb  MX66L51235FChipErase          
00004dd9  MX66L51235FInit               
00005043  MX66L51235FPageProgram        
0000509f  MX66L51235FRead               
00004f05  MX66L51235FSectorErase        
00000b61  NoteDraw                      
00002915  PUSH_init                     
00003d59  PinoutSet                     
00002357  Play                          
00000d9d  PutPixel                      
000066d7  ResetISR                      
000008d9  RestoreBackground             
UNDEFED   SHT$$INIT_ARRAY$$Base         
UNDEFED   SHT$$INIT_ARRAY$$Limit        
000046a1  ScoreProcessing               
000017f1  Scroll_down                   
0000122b  Scroll_left                   
0000150d  Scroll_right                  
00001c49  Scroll_up                     
0000208b  SetFullFrame                  
00004619  StayWithMe                    
00005101  SysCtlClockFreqSet            
000066f1  SysCtlDelay                   
000063ad  SysCtlPeripheralEnable        
00006061  SysCtlPeripheralReset         
0000223f  TIMER_init                    
00002b1b  UART_getch                    
00002b2b  UART_getkey                   
00002a69  UART_init                     
00002b89  UART_printf                   
00002b3f  UART_putch                    
00002b69  UART_putstr                   
000023b7  WDTinitISR                    
00002611  WRITE_FND                     
0000269d  WRITE_FND_DOT                 
000065bd  WriteCommand                  
000065d5  WriteData                     
00006415  _Dclass                       
20028838  _Denorm                       
00005b19  _Dnorm                        
0000590d  _Dscale                       
00005f53  _Dunscale                     
20028848  _Eps                          
200288f8  _Errno                        
200288ec  _Fenv                         
00006445  _Feraise                      
20028858  _Hugeval                      
20028868  _Inf                          
20028878  _Nan                          
20028898  _Rteps                        
20028888  _Snan                         
200288f0  _Tls_setup__Fenv              
200288a8  _Xbig                         
200288b0  _Zero                         
20028788  __STACK_END                   
00001000  __STACK_SIZE                  
20027988  __STACK_TOP                   
00006cf0  __TI_CINIT_Base               
00006d00  __TI_CINIT_Limit              
00006cdc  __TI_Handler_Table_Base       
00006ce8  __TI_Handler_Table_Limit      
00005e7d  __TI_auto_init                
200288e4  __TI_cleanup_ptr              
000066a5  __TI_decompress_none          
000066f7  __TI_decompress_rle24         
200288e8  __TI_dtors_ptr                
00003a51  __TI_printfi                  
00000000  __TI_static_base__            
000066cb  __TI_zero_init                
00005c73  __aeabi_cdcmpeq               
00005c73  __aeabi_cdcmple               
00005cf9  __aeabi_cdrcmple              
000061e1  __aeabi_d2iz                  
000054fb  __aeabi_dadd                  
000056a7  __aeabi_ddiv                  
00005a1d  __aeabi_dmul                  
000054f1  __aeabi_dsub                  
0000633d  __aeabi_f2d                   
00006475  __aeabi_i2d                   
00005e01  __aeabi_memclr                
00005e01  __aeabi_memclr4               
00005e01  __aeabi_memclr8               
00005bd7  __aeabi_memcpy                
00005bd7  __aeabi_memcpy4               
00005bd7  __aeabi_memcpy8               
00005e03  __aeabi_memset                
00005e03  __aeabi_memset4               
00005e03  __aeabi_memset8               
000052fd  __aeabi_uldivmod              
ffffffff  __binit__                     
ffffffff  __c_args__                    
20027788  __stack                       
000065ed  _args_main                    
000060b1  _c_int00                      
000069d4  _ctypes_                      
200288dc  _lock                         
00006643  _nop                          
0000663b  _register_lock                
00006635  _register_unlock              
00006705  _system_pre_init              
200288e0  _unlock                       
00004a4f  _user_interrupt_handler_1     
00004a77  _user_interrupt_handler_2     
00004a99  _user_interrupt_handler_3     
00004abb  _user_interrupt_handler_4     
00004b91  _user_interrupt_handler_dip_a 
00004c65  _user_interrupt_handler_dip_b 
00004cd9  _user_interrupt_handler_dip_g 
00004cdf  _user_interrupt_handler_dip_q4
00004cdd  _user_interrupt_handler_dip_q5
00004cdb  _user_interrupt_handler_dip_q6
000062bd  abort                         
00006101  atoi                          
ffffffff  binit                         
20000000  buffer                        
200288f4  cnt                           
0000614d  copy_in                       
0000232f  delay                         
000062c5  exit                          
000063e1  feraiseexcept                 
000064fb  frexp                         
00000000  g_pfnVectors                  
20027784  g_ui32SysClock                
00004341  imageMove                     
0000600f  ldexp                         
00005fb9  ltoa                          
000048c5  main                          
200288fc  main_func_sp                  
00006589  memccpy                       
00005bd7  memcpy                        
00005e09  memset                        
000044f3  noteView                      
000064a3  raise                         
000062fd  signal                        
0000661d  strchr                        
00006649  strlen                        
00006271  uDMAChannelAttributeDisable   
00006525  uDMAChannelControlSet         
00006605  uDMAChannelEnable             
0000665d  uDMAChannelRequest            
00005d81  uDMAChannelTransferSet        
000066e5  uDMAControlBaseSet            
00006695  uDMAEnable                    
00006229  vsprintf                      


GLOBAL SYMBOLS: SORTED BY Symbol Address 

address   name                          
-------   ----                          
00000000  __TI_static_base__            
00000000  g_pfnVectors                  
00000209  Interrupt_init                
00000595  LCD_Init                      
000008d9  RestoreBackground             
00000a1b  CharacterDraw                 
00000b61  NoteDraw                      
00000c85  BarDraw                       
00000d9d  PutPixel                      
00000e15  DrawLine                      
00001000  __STACK_SIZE                  
000010e9  DrawImage                     
0000122b  Scroll_left                   
0000150d  Scroll_right                  
000017f1  Scroll_down                   
00001c49  Scroll_up                     
0000208b  SetFullFrame                  
000020d1  DrawRect                      
0000212d  DrawCircle                    
00002141  BUZZER_init                   
0000223f  TIMER_init                    
0000232f  delay                         
00002349  BUZZER_clear                  
00002357  Play                          
00002379  DelayForPlay                  
000023b7  WDTinitISR                    
000023fd  FND_init                      
00002611  WRITE_FND                     
0000269d  WRITE_FND_DOT                 
00002715  FND_clear                     
00002739  FND_Minor                     
00002795  LED_clear                     
00002811  LED_init                      
00002915  PUSH_init                     
000029c9  DIP_init                      
00002a69  UART_init                     
00002b1b  UART_getch                    
00002b2b  UART_getkey                   
00002b3f  UART_putch                    
00002b69  UART_putstr                   
00002b89  UART_printf                   
00003a51  __TI_printfi                  
00003d59  PinoutSet                     
00004341  imageMove                     
000044f3  noteView                      
000045bf  BarView                       
00004619  StayWithMe                    
000046a1  ScoreProcessing               
00004883  KeyboardProcessing            
000048c5  main                          
00004a4f  _user_interrupt_handler_1     
00004a77  _user_interrupt_handler_2     
00004a99  _user_interrupt_handler_3     
00004abb  _user_interrupt_handler_4     
00004b91  _user_interrupt_handler_dip_a 
00004c65  _user_interrupt_handler_dip_b 
00004cd9  _user_interrupt_handler_dip_g 
00004cdb  _user_interrupt_handler_dip_q6
00004cdd  _user_interrupt_handler_dip_q5
00004cdf  _user_interrupt_handler_dip_q4
00004dd9  MX66L51235FInit               
00004f05  MX66L51235FSectorErase        
00004f57  MX66L51235FBlockErase32       
00004fa9  MX66L51235FBlockErase64       
00004ffb  MX66L51235FChipErase          
00005043  MX66L51235FPageProgram        
0000509f  MX66L51235FRead               
00005101  SysCtlClockFreqSet            
000052fd  __aeabi_uldivmod              
000054f1  __aeabi_dsub                  
000054fb  __aeabi_dadd                  
000056a7  __aeabi_ddiv                  
000057dd  GPIOPadConfigSet              
0000590d  _Dscale                       
00005a1d  __aeabi_dmul                  
00005b19  _Dnorm                        
00005bd7  __aeabi_memcpy                
00005bd7  __aeabi_memcpy4               
00005bd7  __aeabi_memcpy8               
00005bd7  memcpy                        
00005c73  __aeabi_cdcmpeq               
00005c73  __aeabi_cdcmple               
00005cf9  __aeabi_cdrcmple              
00005d81  uDMAChannelTransferSet        
00005e01  __aeabi_memclr                
00005e01  __aeabi_memclr4               
00005e01  __aeabi_memclr8               
00005e03  __aeabi_memset                
00005e03  __aeabi_memset4               
00005e03  __aeabi_memset8               
00005e09  memset                        
00005e7d  __TI_auto_init                
00005f53  _Dunscale                     
00005fb9  ltoa                          
0000600f  ldexp                         
00006061  SysCtlPeripheralReset         
000060b1  _c_int00                      
00006101  atoi                          
0000614d  copy_in                       
000061e1  __aeabi_d2iz                  
00006229  vsprintf                      
00006271  uDMAChannelAttributeDisable   
000062b9  C$$EXIT                       
000062bd  abort                         
000062c5  exit                          
000062fd  signal                        
0000633d  __aeabi_f2d                   
00006375  LCDIDDTimingSet               
000063ad  SysCtlPeripheralEnable        
000063e1  feraiseexcept                 
00006415  _Dclass                       
00006445  _Feraise                      
00006475  __aeabi_i2d                   
000064a3  raise                         
000064d1  GPIODirModeSet                
000064fb  frexp                         
00006525  uDMAChannelControlSet         
00006549  LCDModeSet                    
00006589  memccpy                       
000065a5  GPIOPinTypeGPIOOutput         
000065bd  WriteCommand                  
000065d5  WriteData                     
000065ed  _args_main                    
00006605  uDMAChannelEnable             
0000661d  strchr                        
00006635  _register_unlock              
0000663b  _register_lock                
00006643  _nop                          
00006649  strlen                        
0000665d  uDMAChannelRequest            
00006671  GPIOPinTypeEthernetLED        
00006683  GPIOPinTypeLCD                
00006695  uDMAEnable                    
000066a5  __TI_decompress_none          
000066b3  LCDIDDCommandWrite            
000066bf  LCDIDDDataWrite               
000066cb  __TI_zero_init                
000066d7  ResetISR                      
000066e5  uDMAControlBaseSet            
000066f1  SysCtlDelay                   
000066f7  __TI_decompress_rle24         
000066fd  LCDDMAConfigSet               
00006701  LCDIDDConfigSet               
00006705  _system_pre_init              
000069d4  _ctypes_                      
00006cdc  __TI_Handler_Table_Base       
00006ce8  __TI_Handler_Table_Limit      
00006cf0  __TI_CINIT_Base               
00006d00  __TI_CINIT_Limit              
20000000  buffer                        
20027784  g_ui32SysClock                
20027788  __stack                       
20027988  __STACK_TOP                   
20028788  __STACK_END                   
20028838  _Denorm                       
20028848  _Eps                          
20028858  _Hugeval                      
20028868  _Inf                          
20028878  _Nan                          
20028888  _Snan                         
20028898  _Rteps                        
200288a8  _Xbig                         
200288b0  _Zero                         
200288dc  _lock                         
200288e0  _unlock                       
200288e4  __TI_cleanup_ptr              
200288e8  __TI_dtors_ptr                
200288ec  _Fenv                         
200288f0  _Tls_setup__Fenv              
200288f4  cnt                           
200288f8  _Errno                        
200288fc  main_func_sp                  
ffffffff  __binit__                     
ffffffff  __c_args__                    
ffffffff  binit                         
UNDEFED   SHT$$INIT_ARRAY$$Base         
UNDEFED   SHT$$INIT_ARRAY$$Limit        

[177 symbols]
