******************************************************************************
                  TI ARM Linker PC v5.2.5                      
******************************************************************************
>> Linked Tue May 22 18:38:36 2018

OUTPUT FILE NAME:   <Term_Project.out>
ENTRY POINT SYMBOL: "_c_int00"  address: 00005d1d


MEMORY CONFIGURATION

         name            origin    length      used     unused   attr    fill
----------------------  --------  ---------  --------  --------  ----  --------
  FLASH                 00000000   00100000  00006af0  000f9510  R  X
  SRAM                  20000000   00040000  000282a8  00017d58  RW X


SEGMENT ALLOCATION MAP

run origin  load origin   length   init length attrs members
----------  ----------- ---------- ----------- ----- -------
00000000    00000000    00006af0   00006af0    r-x
  00000000    00000000    00000208   00000208    r-- .intvecs
  00000208    00000208    0000616c   0000616c    r-x .text
  00006374    00006374    0000054c   0000054c    r-- .const
  000068c0    000068c0    00000230   00000230    r-- .cinit
20000000    20000000    000282a8   00000000    rw-
  20000000    20000000    00027788   00000000    rw- .bss
  20027788    20027788    00000800   00000000    rw- .stack
  20027f88    20027f88    00000320   00000000    rw- .data


SECTION ALLOCATION MAP

 output                                  attributes/
section   page    origin      length       input sections
--------  ----  ----------  ----------   ----------------
.intvecs   0    00000000    00000208     
                  00000000    00000208     tm4c129xnczad_startup_ccs.obj (.intvecs)

.text      0    00000208    0000616c     
                  00000208    000028a4     myLib.obj (.text)
                  00002aac    000010ba     rtsv7M4_T_le_v4SPD16_eabi.lib : _printfi.obj (.text)
                  00003b66    00000002     --HOLE-- [fill = 0]
                  00003b68    000005e8     pinout.obj (.text)
                  00004150    000005dc     rhythm.obj (.text)
                  0000472c    00000328     mx66l51235f.obj (.text)
                  00004a54    00000318     main.obj (.text)
                  00004d6c    000001fc     driverlib.lib : sysctl.obj (.text:SysCtlClockFreqSet)
                  00004f68    000001f4     rtsv7M4_T_le_v4SPD16_eabi.lib : ull_div_t2.obj (.text)
                  0000515c    000001b6                                   : fd_add_t2.obj (.text)
                  00005312    00000136                                   : fd_div_t2.obj (.text)
                  00005448    00000130     driverlib.lib : gpio.obj (.text:GPIOPadConfigSet)
                  00005578    00000110     rtsv7M4_T_le_v4SPD16_eabi.lib : xdscale.obj (.text)
                  00005688    000000fc                                   : fd_mul_t2.obj (.text)
                  00005784    000000be                                   : xdnorm.obj (.text)
                  00005842    0000009c                                   : memcpy_t2.obj (.text)
                  000058de    00000086                                   : fd_cmp_t2.obj (.text:__aeabi_cdcmple)
                  00005964    00000086                                   : fd_cmp_t2.obj (.text:__aeabi_cdrcmple)
                  000059ea    00000002     --HOLE-- [fill = 0]
                  000059ec    00000080     driverlib.lib : udma.obj (.text:uDMAChannelTransferSet)
                  00005a6c    0000007a     rtsv7M4_T_le_v4SPD16_eabi.lib : memset_t2.obj (.text)
                  00005ae6    00000002     --HOLE-- [fill = 0]
                  00005ae8    0000006c                                   : autoinit.obj (.text)
                  00005b54    0000006a                                   : copy_decompress_rle.obj (.text)
                  00005bbe    00000066                                   : xdunscal.obj (.text)
                  00005c24    00000056                                   : ltoa.obj (.text)
                  00005c7a    00000052                                   : ldexp.obj (.text)
                  00005ccc    00000050     driverlib.lib : sysctl.obj (.text:SysCtlPeripheralReset)
                  00005d1c    00000050     rtsv7M4_T_le_v4SPD16_eabi.lib : boot.obj (.text)
                  00005d6c    0000004c                                   : atoi.obj (.text)
                  00005db8    0000004c                                   : cpy_tbl.obj (.text)
                  00005e04    00000048     driverlib.lib : sysctl.obj (.text:_SysCtlFrequencyGet)
                  00005e4c    00000048     rtsv7M4_T_le_v4SPD16_eabi.lib : fd_toi_t2.obj (.text)
                  00005e94    00000048                                   : vsprintf.obj (.text)
                  00005edc    00000048     driverlib.lib : udma.obj (.text:uDMAChannelAttributeDisable)
                  00005f24    00000044     rtsv7M4_T_le_v4SPD16_eabi.lib : exit.obj (.text)
                  00005f68    00000040                                   : signal.obj (.text)
                  00005fa8    00000038                                   : fs_tod_t2.obj (.text)
                  00005fe0    00000036     driverlib.lib : lcd.obj (.text:LCDIDDTimingSet)
                  00006016    00000002     --HOLE-- [fill = 0]
                  00006018    00000034                   : sysctl.obj (.text:SysCtlPeripheralEnable)
                  0000604c    00000034     rtsv7M4_T_le_v4SPD16_eabi.lib : feraiseexcept.obj (.text)
                  00006080    00000030                                   : xdclass.obj (.text)
                  000060b0    00000030                                   : xferaise.obj (.text)
                  000060e0    0000002e                                   : i_tofd_t2.obj (.text)
                  0000610e    0000002e                                   : raise.obj (.text)
                  0000613c    0000002a     driverlib.lib : gpio.obj (.text:GPIODirModeSet)
                  00006166    0000002a     rtsv7M4_T_le_v4SPD16_eabi.lib : frexp.obj (.text)
                  00006190    00000024     driverlib.lib : udma.obj (.text:uDMAChannelControlSet)
                  000061b4    00000022                   : lcd.obj (.text:LCDModeSet)
                  000061d6    00000002     --HOLE-- [fill = 0]
                  000061d8    0000001c                   : sysctl.obj (.text:_SysCtlMemTimingGet)
                  000061f4    0000001c     rtsv7M4_T_le_v4SPD16_eabi.lib : memccpy.obj (.text)
                  00006210    00000018     driverlib.lib : gpio.obj (.text:GPIOPinTypeGPIOOutput)
                  00006228    00000018     myLib.obj (.text:WriteCommand)
                  00006240    00000018     myLib.obj (.text:WriteData)
                  00006258    00000018     rtsv7M4_T_le_v4SPD16_eabi.lib : args_main.obj (.text)
                  00006270    00000018     driverlib.lib : udma.obj (.text:uDMAChannelEnable)
                  00006288    00000016     rtsv7M4_T_le_v4SPD16_eabi.lib : strchr.obj (.text)
                  0000629e    00000002     --HOLE-- [fill = 0]
                  000062a0    00000014                                   : _lock.obj (.text)
                  000062b4    00000014                                   : strlen.obj (.text)
                  000062c8    00000014     driverlib.lib : udma.obj (.text:uDMAChannelRequest)
                  000062dc    00000012                   : gpio.obj (.text:GPIOPinTypeEthernetLED)
                  000062ee    00000012                   : gpio.obj (.text:GPIOPinTypeLCD)
                  00006300    00000010                   : udma.obj (.text:uDMAEnable)
                  00006310    0000000e     rtsv7M4_T_le_v4SPD16_eabi.lib : copy_decompress_none.obj (.text:decompress:none)
                  0000631e    0000000c     driverlib.lib : lcd.obj (.text:LCDIDDCommandWrite)
                  0000632a    0000000c                   : lcd.obj (.text:LCDIDDDataWrite)
                  00006336    0000000c     rtsv7M4_T_le_v4SPD16_eabi.lib : copy_zero_init.obj (.text:decompress:ZI)
                  00006342    0000000c     tm4c129xnczad_startup_ccs.obj (.text)
                  0000634e    00000002     --HOLE-- [fill = 0]
                  00006350    0000000c     driverlib.lib : udma.obj (.text:uDMAControlBaseSet)
                  0000635c    00000006                   : sysctl.obj (.text:SysCtlDelay)
                  00006362    00000006     rtsv7M4_T_le_v4SPD16_eabi.lib : copy_decompress_rle.obj (.text:decompress:rle24)
                  00006368    00000004     driverlib.lib : lcd.obj (.text:LCDDMAConfigSet)
                  0000636c    00000004                   : lcd.obj (.text:LCDIDDConfigSet)
                  00006370    00000004     rtsv7M4_T_le_v4SPD16_eabi.lib : pre_init.obj (.text)

.const     0    00006374    0000054c     
                  00006374    000001ac     rhythm.obj (.const:stay_with_me_delay)
                  00006520    00000120     driverlib.lib : sysctl.obj (.const:g_pppui32XTALtoVCO)
                  00006640    00000101     rtsv7M4_T_le_v4SPD16_eabi.lib : ctype.obj (.const:.string:_ctypes_)
                  00006741    00000003     --HOLE-- [fill = 0]
                  00006744    00000078     main.obj (.const)
                  000067bc    0000006c     driverlib.lib : sysctl.obj (.const:g_pui32Xtals)
                  00006828    00000060     main.obj (.const:$P$T2$3)
                  00006888    00000030     driverlib.lib : sysctl.obj (.const:g_sXTALtoMEMTIM)
                  000068b8    00000008                   : sysctl.obj (.const)

.cinit     0    000068c0    00000230     
                  000068c0    00000208     (.cinit..data.load) [load image, compression = rle]
                  00006ac8    0000000c     (__TI_handler_table)
                  00006ad4    00000004     --HOLE-- [fill = 0]
                  00006ad8    00000008     (.cinit..bss.load) [load image, compression = zero_init]
                  00006ae0    00000010     (__TI_cinit_table)

.init_array 
*          0    00000000    00000000     UNINITIALIZED

.bss       0    20000000    00027788     UNINITIALIZED
                  20000000    0001fe00     main.obj (.bss:buffer)
                  2001fe00    00002580     myLib.obj (.bss:temp_buffer$4)
                  20022380    00002580     myLib.obj (.bss:temp_buffer$5)
                  20024900    00001540     myLib.obj (.bss:temp_buffer$2)
                  20025e40    00001540     myLib.obj (.bss:temp_buffer$3)
                  20027380    00000400     myLib.obj (.bss:pui8DMAControlTable$1)
                  20027780    00000004     (.common:g_ui32MX66L51235FAddr)
                  20027784    00000004     (.common:g_ui32SysClock)

.TI.noinit 
*          0    20000000    00000000     UNINITIALIZED

.stack     0    20027788    00000800     UNINITIALIZED
                  20027788    00000800     --HOLE--

.data      0    20027f88    00000320     UNINITIALIZED
                  20027f88    000001ac     rhythm.obj (.data:stay_with_me_velocity)
                  20028134    000000b0     rtsv7M4_T_le_v4SPD16_eabi.lib : signal.obj (.data:sigtable)
                  200281e4    00000004     main.obj (.data)
                  200281e8    00000080     rtsv7M4_T_le_v4SPD16_eabi.lib : xvalues.obj (.data)
                  20028268    00000017     myLib.obj (.data)
                  2002827f    00000001     --HOLE--
                  20028280    00000008     rhythm.obj (.data)
                  20028288    00000008     rtsv7M4_T_le_v4SPD16_eabi.lib : _lock.obj (.data)
                  20028290    00000008                                   : exit.obj (.data)
                  20028298    00000008                                   : feraiseexcept.obj (.data)
                  200282a0    00000004                                   : errno.obj (.data)
                  200282a4    00000004                                   : stkdepth_vars.obj (.data)

.TI.persistent 
*          0    20027f88    00000000     UNINITIALIZED


LINKER GENERATED COPY TABLES

__TI_cinit_table @ 00006ae0 records: 2, size/record: 8, table size: 16
	.data: load addr=000068c0, load size=00000208 bytes, run addr=20027f88, run size=00000320 bytes, compression=rle
	.bss: load addr=00006ad8, load size=00000008 bytes, run addr=20000000, run size=00027788 bytes, compression=zero_init


LINKER GENERATED HANDLER TABLE

__TI_handler_table @ 00006ac8 records: 3, size/record: 4, table size: 12
	index: 0, handler: __TI_decompress_rle24
	index: 1, handler: __TI_decompress_none
	index: 2, handler: __TI_zero_init


GLOBAL SYMBOLS: SORTED ALPHABETICALLY BY Name 

address   name                       
-------   ----                       
00002159  BUZZER_clear               
00001f51  BUZZER_init                
00005f25  C$$EXIT                    
0000094f  CharacterDraw              
000027d9  DIP_init                   
00002189  DelayForPlay               
00001f3d  DrawCircle                 
00000efd  DrawImage                  
00000c29  DrawLine                   
00001ee1  DrawRect                   
00002555  FND_Minor                  
00002525  FND_clear                  
00002209  FND_init                   
0000613d  GPIODirModeSet             
00005449  GPIOPadConfigSet           
000062dd  GPIOPinTypeEthernetLED     
00006211  GPIOPinTypeGPIOOutput      
000062ef  GPIOPinTypeLCD             
00000209  Interrupt_init             
000046f5  KeyboardProcessing         
00006369  LCDDMAConfigSet            
0000631f  LCDIDDCommandWrite         
0000636d  LCDIDDConfigSet            
0000632b  LCDIDDDataWrite            
00005fe1  LCDIDDTimingSet            
000061b5  LCDModeSet                 
000004c9  LCD_Init                   
000025b1  LED_clear                  
00002625  LED_init                   
000048ab  MX66L51235FBlockErase32    
000048fd  MX66L51235FBlockErase64    
0000494f  MX66L51235FChipErase       
0000472d  MX66L51235FInit            
00004997  MX66L51235FPageProgram     
000049f3  MX66L51235FRead            
00004859  MX66L51235FSectorErase     
00000a95  NoteDraw                   
00002725  PUSH_init                  
00003b69  PinoutSet                  
00002167  Play                       
00000bbd  PutPixel                   
00006343  ResetISR                   
0000080d  RestoreBackground          
UNDEFED   SHT$$INIT_ARRAY$$Base      
UNDEFED   SHT$$INIT_ARRAY$$Limit     
0000447d  ScoreProcessing            
00001605  Scroll_down                
0000103f  Scroll_left                
00001321  Scroll_right               
00001a5d  Scroll_up                  
00001e9d  SetFullFrame               
000043f5  StayWithMe                 
00004d6d  SysCtlClockFreqSet         
0000635d  SysCtlDelay                
00006019  SysCtlPeripheralEnable     
00005ccd  SysCtlPeripheralReset      
0000204f  TIMER_init                 
0000292b  UART_getch                 
0000293b  UART_getkey                
00002879  UART_init                  
00002999  UART_printf                
0000294f  UART_putch                 
00002979  UART_putstr                
000021c7  WDTinitISR                 
0000241d  WRITE_FND                  
000024ad  WRITE_FND_DOT              
00006229  WriteCommand               
00006241  WriteData                  
00006081  _Dclass                    
200281e8  _Denorm                    
00005785  _Dnorm                     
00005579  _Dscale                    
00005bbf  _Dunscale                  
200281f8  _Eps                       
200282a0  _Errno                     
20028298  _Fenv                      
000060b1  _Feraise                   
20028208  _Hugeval                   
20028218  _Inf                       
20028228  _Nan                       
20028248  _Rteps                     
20028238  _Snan                      
2002829c  _Tls_setup__Fenv           
20028258  _Xbig                      
20028260  _Zero                      
20027f88  __STACK_END                
00000800  __STACK_SIZE               
20027988  __STACK_TOP                
00006ae0  __TI_CINIT_Base            
00006af0  __TI_CINIT_Limit           
00006ac8  __TI_Handler_Table_Base    
00006ad4  __TI_Handler_Table_Limit   
00005ae9  __TI_auto_init             
20028290  __TI_cleanup_ptr           
00006311  __TI_decompress_none       
00006363  __TI_decompress_rle24      
20028294  __TI_dtors_ptr             
00003861  __TI_printfi               
00000000  __TI_static_base__         
00006337  __TI_zero_init             
000058df  __aeabi_cdcmpeq            
000058df  __aeabi_cdcmple            
00005965  __aeabi_cdrcmple           
00005e4d  __aeabi_d2iz               
00005167  __aeabi_dadd               
00005313  __aeabi_ddiv               
00005689  __aeabi_dmul               
0000515d  __aeabi_dsub               
00005fa9  __aeabi_f2d                
000060e1  __aeabi_i2d                
00005a6d  __aeabi_memclr             
00005a6d  __aeabi_memclr4            
00005a6d  __aeabi_memclr8            
00005843  __aeabi_memcpy             
00005843  __aeabi_memcpy4            
00005843  __aeabi_memcpy8            
00005a6f  __aeabi_memset             
00005a6f  __aeabi_memset4            
00005a6f  __aeabi_memset8            
00004f69  __aeabi_uldivmod           
ffffffff  __binit__                  
ffffffff  __c_args__                 
20027788  __stack                    
00006259  _args_main                 
00005d1d  _c_int00                   
00006640  _ctypes_                   
20028288  _lock                      
000062af  _nop                       
000062a7  _register_lock             
000062a1  _register_unlock           
00006371  _system_pre_init           
2002828c  _unlock                    
00004bd1  _user_interrupt_handler_1  
00004bf9  _user_interrupt_handler_2  
00004c1b  _user_interrupt_handler_3  
00004c3d  _user_interrupt_handler_4  
00005f29  abort                      
00005d6d  atoi                       
ffffffff  binit                      
20000000  buffer                     
200281e4  cnt                        
00005db9  copy_in                    
0000213f  delay                      
00005f31  exit                       
0000604d  feraiseexcept              
00006167  frexp                      
00000000  g_pfnVectors               
20027784  g_ui32SysClock             
00004151  imageMove                  
00005c7b  ldexp                      
00005c25  ltoa                       
00004a55  main                       
200282a4  main_func_sp               
000061f5  memccpy                    
00005843  memcpy                     
00005a75  memset                     
00004303  noteView                   
0000610f  raise                      
00005f69  signal                     
00006289  strchr                     
000062b5  strlen                     
00005edd  uDMAChannelAttributeDisable
00006191  uDMAChannelControlSet      
00006271  uDMAChannelEnable          
000062c9  uDMAChannelRequest         
000059ed  uDMAChannelTransferSet     
00006351  uDMAControlBaseSet         
00006301  uDMAEnable                 
00005e95  vsprintf                   


GLOBAL SYMBOLS: SORTED BY Symbol Address 

address   name                       
-------   ----                       
00000000  __TI_static_base__         
00000000  g_pfnVectors               
00000209  Interrupt_init             
000004c9  LCD_Init                   
00000800  __STACK_SIZE               
0000080d  RestoreBackground          
0000094f  CharacterDraw              
00000a95  NoteDraw                   
00000bbd  PutPixel                   
00000c29  DrawLine                   
00000efd  DrawImage                  
0000103f  Scroll_left                
00001321  Scroll_right               
00001605  Scroll_down                
00001a5d  Scroll_up                  
00001e9d  SetFullFrame               
00001ee1  DrawRect                   
00001f3d  DrawCircle                 
00001f51  BUZZER_init                
0000204f  TIMER_init                 
0000213f  delay                      
00002159  BUZZER_clear               
00002167  Play                       
00002189  DelayForPlay               
000021c7  WDTinitISR                 
00002209  FND_init                   
0000241d  WRITE_FND                  
000024ad  WRITE_FND_DOT              
00002525  FND_clear                  
00002555  FND_Minor                  
000025b1  LED_clear                  
00002625  LED_init                   
00002725  PUSH_init                  
000027d9  DIP_init                   
00002879  UART_init                  
0000292b  UART_getch                 
0000293b  UART_getkey                
0000294f  UART_putch                 
00002979  UART_putstr                
00002999  UART_printf                
00003861  __TI_printfi               
00003b69  PinoutSet                  
00004151  imageMove                  
00004303  noteView                   
000043f5  StayWithMe                 
0000447d  ScoreProcessing            
000046f5  KeyboardProcessing         
0000472d  MX66L51235FInit            
00004859  MX66L51235FSectorErase     
000048ab  MX66L51235FBlockErase32    
000048fd  MX66L51235FBlockErase64    
0000494f  MX66L51235FChipErase       
00004997  MX66L51235FPageProgram     
000049f3  MX66L51235FRead            
00004a55  main                       
00004bd1  _user_interrupt_handler_1  
00004bf9  _user_interrupt_handler_2  
00004c1b  _user_interrupt_handler_3  
00004c3d  _user_interrupt_handler_4  
00004d6d  SysCtlClockFreqSet         
00004f69  __aeabi_uldivmod           
0000515d  __aeabi_dsub               
00005167  __aeabi_dadd               
00005313  __aeabi_ddiv               
00005449  GPIOPadConfigSet           
00005579  _Dscale                    
00005689  __aeabi_dmul               
00005785  _Dnorm                     
00005843  __aeabi_memcpy             
00005843  __aeabi_memcpy4            
00005843  __aeabi_memcpy8            
00005843  memcpy                     
000058df  __aeabi_cdcmpeq            
000058df  __aeabi_cdcmple            
00005965  __aeabi_cdrcmple           
000059ed  uDMAChannelTransferSet     
00005a6d  __aeabi_memclr             
00005a6d  __aeabi_memclr4            
00005a6d  __aeabi_memclr8            
00005a6f  __aeabi_memset             
00005a6f  __aeabi_memset4            
00005a6f  __aeabi_memset8            
00005a75  memset                     
00005ae9  __TI_auto_init             
00005bbf  _Dunscale                  
00005c25  ltoa                       
00005c7b  ldexp                      
00005ccd  SysCtlPeripheralReset      
00005d1d  _c_int00                   
00005d6d  atoi                       
00005db9  copy_in                    
00005e4d  __aeabi_d2iz               
00005e95  vsprintf                   
00005edd  uDMAChannelAttributeDisable
00005f25  C$$EXIT                    
00005f29  abort                      
00005f31  exit                       
00005f69  signal                     
00005fa9  __aeabi_f2d                
00005fe1  LCDIDDTimingSet            
00006019  SysCtlPeripheralEnable     
0000604d  feraiseexcept              
00006081  _Dclass                    
000060b1  _Feraise                   
000060e1  __aeabi_i2d                
0000610f  raise                      
0000613d  GPIODirModeSet             
00006167  frexp                      
00006191  uDMAChannelControlSet      
000061b5  LCDModeSet                 
000061f5  memccpy                    
00006211  GPIOPinTypeGPIOOutput      
00006229  WriteCommand               
00006241  WriteData                  
00006259  _args_main                 
00006271  uDMAChannelEnable          
00006289  strchr                     
000062a1  _register_unlock           
000062a7  _register_lock             
000062af  _nop                       
000062b5  strlen                     
000062c9  uDMAChannelRequest         
000062dd  GPIOPinTypeEthernetLED     
000062ef  GPIOPinTypeLCD             
00006301  uDMAEnable                 
00006311  __TI_decompress_none       
0000631f  LCDIDDCommandWrite         
0000632b  LCDIDDDataWrite            
00006337  __TI_zero_init             
00006343  ResetISR                   
00006351  uDMAControlBaseSet         
0000635d  SysCtlDelay                
00006363  __TI_decompress_rle24      
00006369  LCDDMAConfigSet            
0000636d  LCDIDDConfigSet            
00006371  _system_pre_init           
00006640  _ctypes_                   
00006ac8  __TI_Handler_Table_Base    
00006ad4  __TI_Handler_Table_Limit   
00006ae0  __TI_CINIT_Base            
00006af0  __TI_CINIT_Limit           
20000000  buffer                     
20027784  g_ui32SysClock             
20027788  __stack                    
20027988  __STACK_TOP                
20027f88  __STACK_END                
200281e4  cnt                        
200281e8  _Denorm                    
200281f8  _Eps                       
20028208  _Hugeval                   
20028218  _Inf                       
20028228  _Nan                       
20028238  _Snan                      
20028248  _Rteps                     
20028258  _Xbig                      
20028260  _Zero                      
20028288  _lock                      
2002828c  _unlock                    
20028290  __TI_cleanup_ptr           
20028294  __TI_dtors_ptr             
20028298  _Fenv                      
2002829c  _Tls_setup__Fenv           
200282a0  _Errno                     
200282a4  main_func_sp               
ffffffff  __binit__                  
ffffffff  __c_args__                 
ffffffff  binit                      
UNDEFED   SHT$$INIT_ARRAY$$Base      
UNDEFED   SHT$$INIT_ARRAY$$Limit     

[169 symbols]
