******************************************************************************
                  TI ARM Linker PC v5.2.5                      
******************************************************************************
>> Linked Sat May 26 00:32:36 2018

OUTPUT FILE NAME:   <Serial_Flash.out>
ENTRY POINT SYMBOL: "_c_int00"  address: 00001399


MEMORY CONFIGURATION

         name            origin    length      used     unused   attr    fill
----------------------  --------  ---------  --------  --------  ----  --------
  FLASH                 00000000   00100000  0000180e  000fe7f2  R  X
  SRAM                  20000000   00040000  00000424  0003fbdc  RW X


SEGMENT ALLOCATION MAP

run origin  load origin   length   init length attrs members
----------  ----------- ---------- ----------- ----- -------
00000000    00000000    00001810   00001810    r-x
  00000000    00000000    00000208   00000208    r-- .intvecs
  00000208    00000208    00001404   00001404    r-x .text
  0000160c    0000160c    000001ca   000001ca    r-- .const
  000017d8    000017d8    00000038   00000038    r-- .cinit
20000000    20000000    00000424   00000000    rw-
  20000000    20000000    00000400   00000000    rw- .stack
  20000400    20000400    00000014   00000000    rw- .data
  20000414    20000414    00000010   00000000    rw- .bss


SECTION ALLOCATION MAP

 output                                  attributes/
section   page    origin      length       input sections
--------  ----  ----------  ----------   ----------------
.intvecs   0    00000000    00000208     
                  00000000    00000208     tm4c129xnczad_startup_ccs.obj (.intvecs)

.text      0    00000208    00001404     
                  00000208    0000059c     pinout.obj (.text)
                  000007a4    00000328     mx66l51235f.obj (.text)
                  00000acc    000002cc     main.obj (.text)
                  00000d98    000001fc     driverlib.lib : sysctl.obj (.text:SysCtlClockFreqSet)
                  00000f94    00000130                   : gpio.obj (.text:GPIOPadConfigSet)
                  000010c4    0000009c     rtsv7M4_T_le_v4SPD16_eabi.lib : memcpy_t2.obj (.text)
                  00001160    00000094     uart_test.obj (.text)
                  000011f4    0000007a     rtsv7M4_T_le_v4SPD16_eabi.lib : memset_t2.obj (.text)
                  0000126e    00000002     --HOLE-- [fill = 0]
                  00001270    0000006c                                   : autoinit.obj (.text)
                  000012dc    0000006a                                   : copy_decompress_rle.obj (.text)
                  00001346    00000002     --HOLE-- [fill = 0]
                  00001348    00000050     driverlib.lib : sysctl.obj (.text:SysCtlPeripheralReset)
                  00001398    00000050     rtsv7M4_T_le_v4SPD16_eabi.lib : boot.obj (.text)
                  000013e8    0000004c                                   : cpy_tbl.obj (.text)
                  00001434    00000048     driverlib.lib : sysctl.obj (.text:_SysCtlFrequencyGet)
                  0000147c    00000044     rtsv7M4_T_le_v4SPD16_eabi.lib : exit.obj (.text)
                  000014c0    00000034     driverlib.lib : sysctl.obj (.text:SysCtlPeripheralEnable)
                  000014f4    0000002a                   : gpio.obj (.text:GPIODirModeSet)
                  0000151e    00000002     --HOLE-- [fill = 0]
                  00001520    0000001c                   : sysctl.obj (.text:_SysCtlMemTimingGet)
                  0000153c    00000018     rtsv7M4_T_le_v4SPD16_eabi.lib : args_main.obj (.text)
                  00001554    00000014                                   : _lock.obj (.text)
                  00001568    00000012     driverlib.lib : gpio.obj (.text:GPIOPinTypeI2C)
                  0000157a    00000012                   : gpio.obj (.text:GPIOPinTypeI2CSCL)
                  0000158c    00000012                   : gpio.obj (.text:GPIOPinTypeLCD)
                  0000159e    00000012                   : gpio.obj (.text:GPIOPinTypeTimer)
                  000015b0    0000000e                   : uart.obj (.text:UARTCharGetNonBlocking)
                  000015be    0000000e     rtsv7M4_T_le_v4SPD16_eabi.lib : copy_decompress_none.obj (.text:decompress:none)
                  000015cc    0000000c     driverlib.lib : uart.obj (.text:UARTCharsAvail)
                  000015d8    0000000c                   : uart.obj (.text:UARTSpaceAvail)
                  000015e4    0000000c     rtsv7M4_T_le_v4SPD16_eabi.lib : copy_zero_init.obj (.text:decompress:ZI)
                  000015f0    0000000c     tm4c129xnczad_startup_ccs.obj (.text)
                  000015fc    00000006     driverlib.lib : sysctl.obj (.text:SysCtlDelay)
                  00001602    00000006     rtsv7M4_T_le_v4SPD16_eabi.lib : copy_decompress_rle.obj (.text:decompress:rle24)
                  00001608    00000004                                   : pre_init.obj (.text)

.const     0    0000160c    000001ca     
                  0000160c    00000120     driverlib.lib : sysctl.obj (.const:g_pppui32XTALtoVCO)
                  0000172c    0000006c                   : sysctl.obj (.const:g_pui32Xtals)
                  00001798    00000030                   : sysctl.obj (.const:g_sXTALtoMEMTIM)
                  000017c8    00000008                   : sysctl.obj (.const)
                  000017d0    00000006     main.obj (.const:.string)

.cinit     0    000017d8    00000038     
                  000017d8    0000000f     (.cinit..data.load) [load image, compression = rle]
                  000017e7    00000001     --HOLE-- [fill = 0]
                  000017e8    0000000c     (__TI_handler_table)
                  000017f4    00000004     --HOLE-- [fill = 0]
                  000017f8    00000008     (.cinit..bss.load) [load image, compression = zero_init]
                  00001800    00000010     (__TI_cinit_table)

.init_array 
*          0    00000000    00000000     UNINITIALIZED

.stack     0    20000000    00000400     UNINITIALIZED
                  20000000    00000400     --HOLE--

.data      0    20000400    00000014     UNINITIALIZED
                  20000400    00000008     rtsv7M4_T_le_v4SPD16_eabi.lib : _lock.obj (.data)
                  20000408    00000008                                   : exit.obj (.data)
                  20000410    00000004                                   : stkdepth_vars.obj (.data)

.bss       0    20000414    00000010     UNINITIALIZED
                  20000414    00000004     (.common:g_ui32MX66L51235FAddr)
                  20000418    00000004     (.common:g_ui32SysClock)
                  2000041c    00000004     (.common:image_size)
                  20000420    00000004     (.common:save_addr)

.TI.persistent 
*          0    20000400    00000000     UNINITIALIZED

.TI.noinit 
*          0    20000414    00000000     UNINITIALIZED


LINKER GENERATED COPY TABLES

__TI_cinit_table @ 00001800 records: 2, size/record: 8, table size: 16
	.data: load addr=000017d8, load size=0000000f bytes, run addr=20000400, run size=00000014 bytes, compression=rle
	.bss: load addr=000017f8, load size=00000008 bytes, run addr=20000414, run size=00000010 bytes, compression=zero_init


LINKER GENERATED HANDLER TABLE

__TI_handler_table @ 000017e8 records: 3, size/record: 4, table size: 12
	index: 0, handler: __TI_decompress_rle24
	index: 1, handler: __TI_decompress_none
	index: 2, handler: __TI_zero_init


GLOBAL SYMBOLS: SORTED ALPHABETICALLY BY Name 

address   name                    
-------   ----                    
0000147d  C$$EXIT                 
000014f5  GPIODirModeSet          
00000f95  GPIOPadConfigSet        
00001569  GPIOPinTypeI2C          
0000157b  GPIOPinTypeI2CSCL       
0000158d  GPIOPinTypeLCD          
0000159f  GPIOPinTypeTimer        
00000923  MX66L51235FBlockErase32 
00000975  MX66L51235FBlockErase64 
000009c7  MX66L51235FChipErase    
000007a5  MX66L51235FInit         
00000a0f  MX66L51235FPageProgram  
00000a6b  MX66L51235FRead         
000008d1  MX66L51235FSectorErase  
00000209  PinoutSet               
000015f1  ResetISR                
UNDEFED   SHT$$INIT_ARRAY$$Base   
UNDEFED   SHT$$INIT_ARRAY$$Limit  
00000d99  SysCtlClockFreqSet      
000015fd  SysCtlDelay             
000014c1  SysCtlPeripheralEnable  
00001349  SysCtlPeripheralReset   
000015b1  UARTCharGetNonBlocking  
000015cd  UARTCharsAvail          
00001161  UARTSend                
000015d9  UARTSpaceAvail          
20000400  __STACK_END             
00000400  __STACK_SIZE            
20000200  __STACK_TOP             
00001800  __TI_CINIT_Base         
00001810  __TI_CINIT_Limit        
000017e8  __TI_Handler_Table_Base 
000017f4  __TI_Handler_Table_Limit
00001271  __TI_auto_init          
20000408  __TI_cleanup_ptr        
000015bf  __TI_decompress_none    
00001603  __TI_decompress_rle24   
2000040c  __TI_dtors_ptr          
00000000  __TI_static_base__      
000015e5  __TI_zero_init          
000011f5  __aeabi_memclr          
000011f5  __aeabi_memclr4         
000011f5  __aeabi_memclr8         
000010c5  __aeabi_memcpy          
000010c5  __aeabi_memcpy4         
000010c5  __aeabi_memcpy8         
000011f7  __aeabi_memset          
000011f7  __aeabi_memset4         
000011f7  __aeabi_memset8         
ffffffff  __binit__               
ffffffff  __c_args__              
20000000  __stack                 
0000153d  _args_main              
00001399  _c_int00                
20000400  _lock                   
00001563  _nop                    
0000155b  _register_lock          
00001555  _register_unlock        
00001609  _system_pre_init        
20000404  _unlock                 
00001481  abort                   
ffffffff  binit                   
000013e9  copy_in                 
00000c39  data_check              
00001489  exit                    
00000000  g_pfnVectors            
20000418  g_ui32SysClock          
2000041c  image_size              
00000acd  main                    
20000410  main_func_sp            
000010c5  memcpy                  
000011fd  memset                  
00000bef  res_func                
20000420  save_addr               
000011b1  uartget                 
000011bf  uartget_delay           
00001199  uartgetchar             


GLOBAL SYMBOLS: SORTED BY Symbol Address 

address   name                    
-------   ----                    
00000000  __TI_static_base__      
00000000  g_pfnVectors            
00000209  PinoutSet               
00000400  __STACK_SIZE            
000007a5  MX66L51235FInit         
000008d1  MX66L51235FSectorErase  
00000923  MX66L51235FBlockErase32 
00000975  MX66L51235FBlockErase64 
000009c7  MX66L51235FChipErase    
00000a0f  MX66L51235FPageProgram  
00000a6b  MX66L51235FRead         
00000acd  main                    
00000bef  res_func                
00000c39  data_check              
00000d99  SysCtlClockFreqSet      
00000f95  GPIOPadConfigSet        
000010c5  __aeabi_memcpy          
000010c5  __aeabi_memcpy4         
000010c5  __aeabi_memcpy8         
000010c5  memcpy                  
00001161  UARTSend                
00001199  uartgetchar             
000011b1  uartget                 
000011bf  uartget_delay           
000011f5  __aeabi_memclr          
000011f5  __aeabi_memclr4         
000011f5  __aeabi_memclr8         
000011f7  __aeabi_memset          
000011f7  __aeabi_memset4         
000011f7  __aeabi_memset8         
000011fd  memset                  
00001271  __TI_auto_init          
00001349  SysCtlPeripheralReset   
00001399  _c_int00                
000013e9  copy_in                 
0000147d  C$$EXIT                 
00001481  abort                   
00001489  exit                    
000014c1  SysCtlPeripheralEnable  
000014f5  GPIODirModeSet          
0000153d  _args_main              
00001555  _register_unlock        
0000155b  _register_lock          
00001563  _nop                    
00001569  GPIOPinTypeI2C          
0000157b  GPIOPinTypeI2CSCL       
0000158d  GPIOPinTypeLCD          
0000159f  GPIOPinTypeTimer        
000015b1  UARTCharGetNonBlocking  
000015bf  __TI_decompress_none    
000015cd  UARTCharsAvail          
000015d9  UARTSpaceAvail          
000015e5  __TI_zero_init          
000015f1  ResetISR                
000015fd  SysCtlDelay             
00001603  __TI_decompress_rle24   
00001609  _system_pre_init        
000017e8  __TI_Handler_Table_Base 
000017f4  __TI_Handler_Table_Limit
00001800  __TI_CINIT_Base         
00001810  __TI_CINIT_Limit        
20000000  __stack                 
20000200  __STACK_TOP             
20000400  __STACK_END             
20000400  _lock                   
20000404  _unlock                 
20000408  __TI_cleanup_ptr        
2000040c  __TI_dtors_ptr          
20000410  main_func_sp            
20000418  g_ui32SysClock          
2000041c  image_size              
20000420  save_addr               
ffffffff  __binit__               
ffffffff  __c_args__              
ffffffff  binit                   
UNDEFED   SHT$$INIT_ARRAY$$Base   
UNDEFED   SHT$$INIT_ARRAY$$Limit  

[77 symbols]
